This is pdfTeX, Version 3.141592653-2.6-1.40.27 (MiKTeX 25.4) (preloaded format=pdflatex 2025.11.30)  1 DEC 2025 23:12
entering extended mode
 restricted \write18 enabled.
 file:line:error style messages enabled.
 %&-line parsing enabled.
**c:/Users/Eduardo/OneDrive/AreaDeTrabalho/UFRGS/AvalDesempenho/CNNs-Performance-Analysis/reports/slides.tex
(c:/Users/Eduardo/OneDrive/AreaDeTrabalho/UFRGS/AvalDesempenho/CNNs-Performance-Analysis/reports/slides.tex
LaTeX2e <2025-11-01>
L3 programming layer <2025-11-06>
(C:\Users\Eduardo\AppData\Roaming\MiKTeX\tex/latex/beamer\beamer.cls
Document Class: beamer 2025/08/13 v3.76 A class for typesetting presentations
(C:\Users\Eduardo\AppData\Roaming\MiKTeX\tex/latex/beamer\beamerbasemodes.sty (C:\Program Files\MiKTeX\tex/latex/etoolbox\etoolbox.sty
Package: etoolbox 2025/10/02 v2.5m e-TeX tools for LaTeX (JAW)
\etb@tempcnta=\count275
)
\beamer@tempbox=\box53
\beamer@tempcount=\count276
\c@beamerpauses=\count277
 (C:\Users\Eduardo\AppData\Roaming\MiKTeX\tex/latex/beamer\beamerbasedecode.sty
\beamer@slideinframe=\count278
\beamer@minimum=\count279
\beamer@decode@box=\box54
)
\beamer@commentbox=\box55
\beamer@modecount=\count280
) (C:\Program Files\MiKTeX\tex/generic/iftex\iftex.sty
Package: iftex 2024/12/12 v1.0g TeX engine tests
)
\headdp=\dimen148
\footheight=\dimen149
\sidebarheight=\dimen150
\beamer@tempdim=\dimen151
\beamer@finalheight=\dimen152
\beamer@animht=\dimen153
\beamer@animdp=\dimen154
\beamer@animwd=\dimen155
\beamer@leftmargin=\dimen156
\beamer@rightmargin=\dimen157
\beamer@leftsidebar=\dimen158
\beamer@rightsidebar=\dimen159
\beamer@boxsize=\dimen160
\beamer@vboxoffset=\dimen161
\beamer@descdefault=\dimen162
\beamer@descriptionwidth=\dimen163
\beamer@lastskip=\skip49
\beamer@areabox=\box56
\beamer@animcurrent=\box57
\beamer@animshowbox=\box58
\beamer@sectionbox=\box59
\beamer@logobox=\box60
\beamer@linebox=\box61
\beamer@sectioncount=\count281
\beamer@subsubsectionmax=\count282
\beamer@subsectionmax=\count283
\beamer@sectionmax=\count284
\beamer@totalheads=\count285
\beamer@headcounter=\count286
\beamer@partstartpage=\count287
\beamer@sectionstartpage=\count288
\beamer@subsectionstartpage=\count289
\beamer@animationtempa=\count290
\beamer@animationtempb=\count291
\beamer@xpos=\count292
\beamer@ypos=\count293
\beamer@ypos@offset=\count294
\beamer@showpartnumber=\count295
\beamer@currentsubsection=\count296
\beamer@coveringdepth=\count297
\beamer@sectionadjust=\count298
\beamer@toclastsection=\count299
\beamer@tocsectionnumber=\count300
 (C:\Users\Eduardo\AppData\Roaming\MiKTeX\tex/latex/beamer\beamerbaseoptions.sty (C:\Program Files\MiKTeX\tex/latex/graphics\keyval.sty
Package: keyval 2022/05/29 v1.15 key=value parser (DPC)
\KV@toks@=\toks17
))
\beamer@paperwidth=\skip50
\beamer@paperheight=\skip51
 (C:\Users\Eduardo\AppData\Roaming\MiKTeX\tex/latex/geometry\geometry.sty
Package: geometry 2020/01/02 v5.9 Page Geometry
 (C:\Program Files\MiKTeX\tex/generic/iftex\ifvtex.sty
Package: ifvtex 2019/10/25 v1.7 ifvtex legacy package. Use iftex instead.
)
\Gm@cnth=\count301
\Gm@cntv=\count302
\c@Gm@tempcnt=\count303
\Gm@bindingoffset=\dimen164
\Gm@wd@mp=\dimen165
\Gm@odd@mp=\dimen166
\Gm@even@mp=\dimen167
\Gm@layoutwidth=\dimen168
\Gm@layoutheight=\dimen169
\Gm@layouthoffset=\dimen170
\Gm@layoutvoffset=\dimen171
\Gm@dimlist=\toks18
 (C:\Users\Eduardo\AppData\Roaming\MiKTeX\tex/latex/geometry\geometry.cfg)) (C:\Program Files\MiKTeX\tex/latex/pgf/math\pgfmath.sty (C:\Program Files\MiKTeX\tex/latex/pgf/utilities\pgfrcs.sty (C:\Program Files\MiKTeX\tex/generic/pgf/utilities\pgfutil-common.tex
\pgfutil@everybye=\toks19
\pgfutil@tempdima=\dimen172
\pgfutil@tempdimb=\dimen173
) (C:\Program Files\MiKTeX\tex/generic/pgf/utilities\pgfutil-latex.def
\pgfutil@abb=\box62
) (C:\Program Files\MiKTeX\tex/generic/pgf/utilities\pgfrcs.code.tex (C:\Program Files\MiKTeX\tex/generic/pgf\pgf.revision.tex)
Package: pgfrcs 2025-08-29 v3.1.11a (3.1.11a)
)) (C:\Program Files\MiKTeX\tex/latex/pgf/utilities\pgfkeys.sty (C:\Program Files\MiKTeX\tex/generic/pgf/utilities\pgfkeys.code.tex
\pgfkeys@pathtoks=\toks20
\pgfkeys@temptoks=\toks21
 (C:\Program Files\MiKTeX\tex/generic/pgf/utilities\pgfkeyslibraryfiltered.code.tex
\pgfkeys@tmptoks=\toks22
))) (C:\Program Files\MiKTeX\tex/generic/pgf/math\pgfmath.code.tex (C:\Program Files\MiKTeX\tex/generic/pgf/math\pgfmathutil.code.tex
\pgf@x=\dimen174
\pgf@xa=\dimen175
\pgf@xb=\dimen176
\pgf@xc=\dimen177
\pgf@y=\dimen178
\pgf@ya=\dimen179
\pgf@yb=\dimen180
\pgf@yc=\dimen181
\c@pgf@counta=\count304
\c@pgf@countb=\count305
\c@pgf@countc=\count306
\c@pgf@countd=\count307
) (C:\Program Files\MiKTeX\tex/generic/pgf/math\pgfmathparser.code.tex
\pgfmath@dimen=\dimen182
\pgfmath@count=\count308
\pgfmath@box=\box63
\pgfmath@toks=\toks23
\pgfmath@stack@operand=\toks24
\pgfmath@stack@operation=\toks25
) (C:\Program Files\MiKTeX\tex/generic/pgf/math\pgfmathfunctions.code.tex) (C:\Program Files\MiKTeX\tex/generic/pgf/math\pgfmathfunctions.basic.code.tex) (C:\Program Files\MiKTeX\tex/generic/pgf/math\pgfmathfunctions.trigonometric.code.tex) (C:\Program Files\MiKTeX\tex/generic/pgf/math\pgfmathfunctions.random.code.tex) (C:\Program Files\MiKTeX\tex/generic/pgf/math\pgfmathfunctions.comparison.code.tex) (C:\Program Files\MiKTeX\tex/generic/pgf/math\pgfmathfunctions.base.code.tex) (C:\Program Files\MiKTeX\tex/generic/pgf/math\pgfmathfunctions.round.code.tex) (C:\Program Files\MiKTeX\tex/generic/pgf/math\pgfmathfunctions.misc.code.tex) (C:\Program Files\MiKTeX\tex/generic/pgf/math\pgfmathfunctions.integerarithmetics.code.tex) (C:\Program Files\MiKTeX\tex/generic/pgf/math\pgfmathcalc.code.tex) (C:\Program Files\MiKTeX\tex/generic/pgf/math\pgfmathfloat.code.tex
\c@pgfmathroundto@lastzeros=\count309
))) (C:\Program Files\MiKTeX\tex/latex/base\size11.clo
File: size11.clo 2025/01/22 v1.4n Standard LaTeX file (size option)
) (C:\Program Files\MiKTeX\tex/latex/pgf/basiclayer\pgfcore.sty (C:\Program Files\MiKTeX\tex/latex/graphics\graphicx.sty
Package: graphicx 2024/12/31 v1.2e Enhanced LaTeX Graphics (DPC,SPQR)
 (C:\Program Files\MiKTeX\tex/latex/graphics\graphics.sty
Package: graphics 2024/08/06 v1.4g Standard LaTeX Graphics (DPC,SPQR)
 (C:\Program Files\MiKTeX\tex/latex/graphics\trig.sty
Package: trig 2023/12/02 v1.11 sin cos tan (DPC)
) (C:\Program Files\MiKTeX\tex/latex/graphics-cfg\graphics.cfg
File: graphics.cfg 2016/06/04 v1.11 sample graphics configuration
)
Package graphics Info: Driver file: pdftex.def on input line 106.
 (C:\Program Files\MiKTeX\tex/latex/graphics-def\pdftex.def
File: pdftex.def 2025/09/29 v1.2d Graphics/color driver for pdftex
))
\Gin@req@height=\dimen183
\Gin@req@width=\dimen184
) (C:\Program Files\MiKTeX\tex/latex/pgf/systemlayer\pgfsys.sty (C:\Program Files\MiKTeX\tex/generic/pgf/systemlayer\pgfsys.code.tex
Package: pgfsys 2025-08-29 v3.1.11a (3.1.11a)
\pgf@x=\dimen185
\pgf@y=\dimen186
\pgf@xa=\dimen187
\pgf@ya=\dimen188
\pgf@xb=\dimen189
\pgf@yb=\dimen190
\pgf@xc=\dimen191
\pgf@yc=\dimen192
\pgf@xd=\dimen193
\pgf@yd=\dimen194
\w@pgf@writea=\write3
\r@pgf@reada=\read2
\c@pgf@counta=\count310
\c@pgf@countb=\count311
\c@pgf@countc=\count312
\c@pgf@countd=\count313
\t@pgf@toka=\toks26
\t@pgf@tokb=\toks27
\t@pgf@tokc=\toks28
\pgf@sys@id@count=\count314
 (C:\Program Files\MiKTeX\tex/generic/pgf/systemlayer\pgf.cfg
File: pgf.cfg 2025-08-29 v3.1.11a (3.1.11a)
)
Driver file for pgf: pgfsys-pdftex.def
 (C:\Program Files\MiKTeX\tex/generic/pgf/systemlayer\pgfsys-pdftex.def
File: pgfsys-pdftex.def 2025-08-29 v3.1.11a (3.1.11a)
 (C:\Program Files\MiKTeX\tex/generic/pgf/systemlayer\pgfsys-common-pdf.def
File: pgfsys-common-pdf.def 2025-08-29 v3.1.11a (3.1.11a)
))) (C:\Program Files\MiKTeX\tex/generic/pgf/systemlayer\pgfsyssoftpath.code.tex
File: pgfsyssoftpath.code.tex 2025-08-29 v3.1.11a (3.1.11a)
\pgfsyssoftpath@smallbuffer@items=\count315
\pgfsyssoftpath@bigbuffer@items=\count316
) (C:\Program Files\MiKTeX\tex/generic/pgf/systemlayer\pgfsysprotocol.code.tex
File: pgfsysprotocol.code.tex 2025-08-29 v3.1.11a (3.1.11a)
)) (C:\Program Files\MiKTeX\tex/latex/xcolor\xcolor.sty
Package: xcolor 2024/09/29 v3.02 LaTeX color extensions (UK)
 (C:\Program Files\MiKTeX\tex/latex/graphics-cfg\color.cfg
File: color.cfg 2016/01/02 v1.6 sample color configuration
)
Package xcolor Info: Driver file: pdftex.def on input line 274.
 (C:\Program Files\MiKTeX\tex/latex/graphics\mathcolor.ltx)
Package xcolor Info: Model `cmy' substituted by `cmy0' on input line 1349.
Package xcolor Info: Model `hsb' substituted by `rgb' on input line 1353.
Package xcolor Info: Model `RGB' extended on input line 1365.
Package xcolor Info: Model `HTML' substituted by `rgb' on input line 1367.
Package xcolor Info: Model `Hsb' substituted by `hsb' on input line 1368.
Package xcolor Info: Model `tHsb' substituted by `hsb' on input line 1369.
Package xcolor Info: Model `HSB' substituted by `hsb' on input line 1370.
Package xcolor Info: Model `Gray' substituted by `gray' on input line 1371.
Package xcolor Info: Model `wave' substituted by `hsb' on input line 1372.
) (C:\Program Files\MiKTeX\tex/generic/pgf/basiclayer\pgfcore.code.tex
Package: pgfcore 2025-08-29 v3.1.11a (3.1.11a)
 (C:\Program Files\MiKTeX\tex/generic/pgf/math\pgfint.code.tex) (C:\Program Files\MiKTeX\tex/generic/pgf/basiclayer\pgfcorepoints.code.tex
File: pgfcorepoints.code.tex 2025-08-29 v3.1.11a (3.1.11a)
\pgf@picminx=\dimen195
\pgf@picmaxx=\dimen196
\pgf@picminy=\dimen197
\pgf@picmaxy=\dimen198
\pgf@pathminx=\dimen199
\pgf@pathmaxx=\dimen256
\pgf@pathminy=\dimen257
\pgf@pathmaxy=\dimen258
\pgf@xx=\dimen259
\pgf@xy=\dimen260
\pgf@yx=\dimen261
\pgf@yy=\dimen262
\pgf@zx=\dimen263
\pgf@zy=\dimen264
) (C:\Program Files\MiKTeX\tex/generic/pgf/basiclayer\pgfcorepathconstruct.code.tex
File: pgfcorepathconstruct.code.tex 2025-08-29 v3.1.11a (3.1.11a)
\pgf@path@lastx=\dimen265
\pgf@path@lasty=\dimen266
) (C:\Program Files\MiKTeX\tex/generic/pgf/basiclayer\pgfcorepathusage.code.tex
File: pgfcorepathusage.code.tex 2025-08-29 v3.1.11a (3.1.11a)
\pgf@shorten@end@additional=\dimen267
\pgf@shorten@start@additional=\dimen268
) (C:\Program Files\MiKTeX\tex/generic/pgf/basiclayer\pgfcorescopes.code.tex
File: pgfcorescopes.code.tex 2025-08-29 v3.1.11a (3.1.11a)
\pgfpic=\box64
\pgf@hbox=\box65
\pgf@layerbox@main=\box66
\pgf@picture@serial@count=\count317
) (C:\Program Files\MiKTeX\tex/generic/pgf/basiclayer\pgfcoregraphicstate.code.tex
File: pgfcoregraphicstate.code.tex 2025-08-29 v3.1.11a (3.1.11a)
\pgflinewidth=\dimen269
) (C:\Program Files\MiKTeX\tex/generic/pgf/basiclayer\pgfcoretransformations.code.tex
File: pgfcoretransformations.code.tex 2025-08-29 v3.1.11a (3.1.11a)
\pgf@pt@x=\dimen270
\pgf@pt@y=\dimen271
\pgf@pt@temp=\dimen272
) (C:\Program Files\MiKTeX\tex/generic/pgf/basiclayer\pgfcorequick.code.tex
File: pgfcorequick.code.tex 2025-08-29 v3.1.11a (3.1.11a)
) (C:\Program Files\MiKTeX\tex/generic/pgf/basiclayer\pgfcoreobjects.code.tex
File: pgfcoreobjects.code.tex 2025-08-29 v3.1.11a (3.1.11a)
) (C:\Program Files\MiKTeX\tex/generic/pgf/basiclayer\pgfcorepathprocessing.code.tex
File: pgfcorepathprocessing.code.tex 2025-08-29 v3.1.11a (3.1.11a)
) (C:\Program Files\MiKTeX\tex/generic/pgf/basiclayer\pgfcorearrows.code.tex
File: pgfcorearrows.code.tex 2025-08-29 v3.1.11a (3.1.11a)
\pgfarrowsep=\dimen273
) (C:\Program Files\MiKTeX\tex/generic/pgf/basiclayer\pgfcoreshade.code.tex
File: pgfcoreshade.code.tex 2025-08-29 v3.1.11a (3.1.11a)
\pgf@max=\dimen274
\pgf@sys@shading@range@num=\count318
\pgf@shadingcount=\count319
) (C:\Program Files\MiKTeX\tex/generic/pgf/basiclayer\pgfcoreimage.code.tex
File: pgfcoreimage.code.tex 2025-08-29 v3.1.11a (3.1.11a)
) (C:\Program Files\MiKTeX\tex/generic/pgf/basiclayer\pgfcoreexternal.code.tex
File: pgfcoreexternal.code.tex 2025-08-29 v3.1.11a (3.1.11a)
\pgfexternal@startupbox=\box67
) (C:\Program Files\MiKTeX\tex/generic/pgf/basiclayer\pgfcorelayers.code.tex
File: pgfcorelayers.code.tex 2025-08-29 v3.1.11a (3.1.11a)
) (C:\Program Files\MiKTeX\tex/generic/pgf/basiclayer\pgfcoretransparency.code.tex
File: pgfcoretransparency.code.tex 2025-08-29 v3.1.11a (3.1.11a)
) (C:\Program Files\MiKTeX\tex/generic/pgf/basiclayer\pgfcorepatterns.code.tex
File: pgfcorepatterns.code.tex 2025-08-29 v3.1.11a (3.1.11a)
) (C:\Program Files\MiKTeX\tex/generic/pgf/basiclayer\pgfcorerdf.code.tex
File: pgfcorerdf.code.tex 2025-08-29 v3.1.11a (3.1.11a)
))) (C:\Program Files\MiKTeX\tex/latex/pgf/utilities\xxcolor.sty
Package: xxcolor 2003/10/24 ver 0.1
\XC@nummixins=\count320
\XC@countmixins=\count321
) (C:\Program Files\MiKTeX\tex/latex/base\atbegshi-ltx.sty
Package: atbegshi-ltx 2021/01/10 v1.0c Emulation of the original atbegshi
package with kernel methods
) (C:\Program Files\MiKTeX\tex/latex/hyperref\hyperref.sty
Package: hyperref 2025-07-12 v7.01o Hypertext links for LaTeX
 (C:\Users\Eduardo\AppData\Roaming\MiKTeX\tex/latex/kvsetkeys\kvsetkeys.sty
Package: kvsetkeys 2022-10-05 v1.19 Key value parser (HO)
) (C:\Users\Eduardo\AppData\Roaming\MiKTeX\tex/generic/kvdefinekeys\kvdefinekeys.sty
Package: kvdefinekeys 2019-12-19 v1.6 Define keys (HO)
) (C:\Users\Eduardo\AppData\Roaming\MiKTeX\tex/generic/pdfescape\pdfescape.sty
Package: pdfescape 2019/12/09 v1.15 Implements pdfTeX's escape features (HO)
 (C:\Users\Eduardo\AppData\Roaming\MiKTeX\tex/generic/ltxcmds\ltxcmds.sty
Package: ltxcmds 2023-12-04 v1.26 LaTeX kernel commands for general use (HO)
) (C:\Program Files\MiKTeX\tex/generic/pdftexcmds\pdftexcmds.sty
Package: pdftexcmds 2020-06-27 v0.33 Utility functions of pdfTeX for LuaTeX (HO)
 (C:\Users\Eduardo\AppData\Roaming\MiKTeX\tex/generic/infwarerr\infwarerr.sty
Package: infwarerr 2019/12/03 v1.5 Providing info/warning/error messages (HO)
)
Package pdftexcmds Info: \pdf@primitive is available.
Package pdftexcmds Info: \pdf@ifprimitive is available.
Package pdftexcmds Info: \pdfdraftmode found.
)) (C:\Users\Eduardo\AppData\Roaming\MiKTeX\tex/latex/hycolor\hycolor.sty
Package: hycolor 2020-01-27 v1.10 Color options for hyperref/bookmark (HO)
) (C:\Program Files\MiKTeX\tex/latex/hyperref\nameref.sty
Package: nameref 2025-06-21 v2.57 Cross-referencing by name of section
 (C:\Users\Eduardo\AppData\Roaming\MiKTeX\tex/latex/refcount\refcount.sty
Package: refcount 2019/12/15 v3.6 Data extraction from label references (HO)
) (C:\Users\Eduardo\AppData\Roaming\MiKTeX\tex/generic/gettitlestring\gettitlestring.sty
Package: gettitlestring 2019/12/15 v1.6 Cleanup title references (HO)
 (C:\Users\Eduardo\AppData\Roaming\MiKTeX\tex/latex/kvoptions\kvoptions.sty
Package: kvoptions 2022-06-15 v3.15 Key value format for package options (HO)
))
\c@section@level=\count322
) (C:\Users\Eduardo\AppData\Roaming\MiKTeX\tex/generic/stringenc\stringenc.sty
Package: stringenc 2019/11/29 v1.12 Convert strings between diff. encodings (HO)
)
\@linkdim=\dimen275
\Hy@linkcounter=\count323
\Hy@pagecounter=\count324
 (C:\Program Files\MiKTeX\tex/latex/hyperref\pd1enc.def
File: pd1enc.def 2025-07-12 v7.01o Hyperref: PDFDocEncoding definition (HO)
Now handling font encoding PD1 ...
... no UTF-8 mapping file for font encoding PD1
) (C:\Users\Eduardo\AppData\Roaming\MiKTeX\tex/generic/intcalc\intcalc.sty
Package: intcalc 2019/12/15 v1.3 Expandable calculations with integers (HO)
)
\Hy@SavedSpaceFactor=\count325
 (C:\Program Files\MiKTeX\tex/latex/hyperref\puenc.def
File: puenc.def 2025-07-12 v7.01o Hyperref: PDF Unicode definition (HO)
Now handling font encoding PU ...
... no UTF-8 mapping file for font encoding PU
)
Package hyperref Info: Option `bookmarks' set `true' on input line 4066.
Package hyperref Info: Option `bookmarksopen' set `true' on input line 4066.
Package hyperref Info: Option `implicit' set `false' on input line 4066.
Package hyperref Info: Hyper figures OFF on input line 4195.
Package hyperref Info: Link nesting OFF on input line 4200.
Package hyperref Info: Hyper index ON on input line 4203.
Package hyperref Info: Plain pages OFF on input line 4210.
Package hyperref Info: Backreferencing OFF on input line 4215.
Package hyperref Info: Implicit mode OFF; no redefinition of LaTeX internals.
Package hyperref Info: Bookmarks ON on input line 4462.
\c@Hy@tempcnt=\count326
 (C:\Program Files\MiKTeX\tex/latex/url\url.sty
\Urlmuskip=\muskip17
Package: url 2013/09/16  ver 3.4  Verb mode for urls, etc.
)
LaTeX Info: Redefining \url on input line 4801.
\XeTeXLinkMargin=\dimen276
 (C:\Users\Eduardo\AppData\Roaming\MiKTeX\tex/generic/bitset\bitset.sty
Package: bitset 2019/12/09 v1.3 Handle bit-vector datatype (HO)
 (C:\Users\Eduardo\AppData\Roaming\MiKTeX\tex/generic/bigintcalc\bigintcalc.sty
Package: bigintcalc 2019/12/15 v1.5 Expandable calculations on big integers (HO)
))
\Fld@menulength=\count327
\Field@Width=\dimen277
\Fld@charsize=\dimen278
Package hyperref Info: Hyper figures OFF on input line 6078.
Package hyperref Info: Link nesting OFF on input line 6083.
Package hyperref Info: Hyper index ON on input line 6086.
Package hyperref Info: backreferencing OFF on input line 6093.
Package hyperref Info: Link coloring OFF on input line 6098.
Package hyperref Info: Link coloring with OCG OFF on input line 6103.
Package hyperref Info: PDF/A mode OFF on input line 6108.
\Hy@abspage=\count328


Package hyperref Message: Stopped early.

)
Package hyperref Info: Driver (autodetected): hpdftex.
 (C:\Program Files\MiKTeX\tex/latex/hyperref\hpdftex.def
File: hpdftex.def 2025-07-12 v7.01o Hyperref driver for pdfTeX
\Fld@listcount=\count329
\c@bookmark@seq@number=\count330
 (C:\Users\Eduardo\AppData\Roaming\MiKTeX\tex/latex/rerunfilecheck\rerunfilecheck.sty
Package: rerunfilecheck 2025-06-21 v1.11 Rerun checks for auxiliary files (HO)
 (C:\Users\Eduardo\AppData\Roaming\MiKTeX\tex/generic/uniquecounter\uniquecounter.sty
Package: uniquecounter 2019/12/15 v1.4 Provide unlimited unique counter (HO)
)
Package uniquecounter Info: New unique counter `rerunfilecheck' on input line 284.
)) (C:\Users\Eduardo\AppData\Roaming\MiKTeX\tex/latex/beamer\beamerbaserequires.sty (C:\Users\Eduardo\AppData\Roaming\MiKTeX\tex/latex/beamer\beamerbasecompatibility.sty) (C:\Users\Eduardo\AppData\Roaming\MiKTeX\tex/latex/beamer\beamerbasefont.sty (C:\Program Files\MiKTeX\tex/latex/amsfonts\amssymb.sty
Package: amssymb 2013/01/14 v3.01 AMS font symbols
 (C:\Program Files\MiKTeX\tex/latex/amsfonts\amsfonts.sty
Package: amsfonts 2013/01/14 v3.01 Basic AMSFonts support
\@emptytoks=\toks29
\symAMSa=\mathgroup4
\symAMSb=\mathgroup5
LaTeX Font Info:    Redeclaring math symbol \hbar on input line 98.
LaTeX Font Info:    Overwriting math alphabet `\mathfrak' in version `bold'
(Font)                  U/euf/m/n --> U/euf/b/n on input line 106.
)) (C:\Users\Eduardo\AppData\Roaming\MiKTeX\tex/latex/sansmathaccent\sansmathaccent.sty
Package: sansmathaccent 2020/01/31
 (C:\Users\Eduardo\AppData\Roaming\MiKTeX\tex/latex/koma-script\scrlfile.sty
Package: scrlfile 2025/09/09 v3.48 KOMA-Script package (file load hooks)
 (C:\Users\Eduardo\AppData\Roaming\MiKTeX\tex/latex/koma-script\scrlfile-hook.sty
Package: scrlfile-hook 2025/09/09 v3.48 KOMA-Script package (using LaTeX hooks)
 (C:\Users\Eduardo\AppData\Roaming\MiKTeX\tex/latex/koma-script\scrlogo.sty
Package: scrlogo 2025/09/09 v3.48 KOMA-Script package (logo)
))))) (C:\Users\Eduardo\AppData\Roaming\MiKTeX\tex/latex/beamer\beamerbasetranslator.sty (C:\Users\Eduardo\AppData\Roaming\MiKTeX\tex/latex/translator\translator.sty
Package: translator 2021-05-31 v1.12d Easy translation of strings in LaTeX
)) (C:\Users\Eduardo\AppData\Roaming\MiKTeX\tex/latex/beamer\beamerbasemisc.sty) (C:\Users\Eduardo\AppData\Roaming\MiKTeX\tex/latex/beamer\beamerbasetwoscreens.sty) (C:\Users\Eduardo\AppData\Roaming\MiKTeX\tex/latex/beamer\beamerbaseoverlay.sty
\beamer@argscount=\count331
\beamer@lastskipcover=\skip52
\beamer@trivlistdepth=\count332
) (C:\Users\Eduardo\AppData\Roaming\MiKTeX\tex/latex/beamer\beamerbasetitle.sty) (C:\Users\Eduardo\AppData\Roaming\MiKTeX\tex/latex/beamer\beamerbasesection.sty
\c@lecture=\count333
\c@part=\count334
\c@section=\count335
\c@subsection=\count336
\c@subsubsection=\count337
) (C:\Users\Eduardo\AppData\Roaming\MiKTeX\tex/latex/beamer\beamerbaseframe.sty
\beamer@framebox=\box68
\beamer@frametitlebox=\box69
\beamer@zoombox=\box70
\beamer@zoomcount=\count338
\beamer@zoomframecount=\count339
\beamer@frametextheight=\dimen279
\c@subsectionslide=\count340
\beamer@frametopskip=\skip53
\beamer@framebottomskip=\skip54
\beamer@frametopskipautobreak=\skip55
\beamer@framebottomskipautobreak=\skip56
\beamer@envbody=\toks30
\framewidth=\dimen280
\c@framenumber=\count341
) (C:\Users\Eduardo\AppData\Roaming\MiKTeX\tex/latex/beamer\beamerbaseverbatim.sty
\beamer@verbatimfileout=\write4
) (C:\Users\Eduardo\AppData\Roaming\MiKTeX\tex/latex/beamer\beamerbaseframesize.sty
\beamer@splitbox=\box71
\beamer@autobreakcount=\count342
\beamer@autobreaklastheight=\dimen281
\beamer@frametitletoks=\toks31
\beamer@framesubtitletoks=\toks32
) (C:\Users\Eduardo\AppData\Roaming\MiKTeX\tex/latex/beamer\beamerbaseframecomponents.sty
\beamer@colheight=\skip57
\beamer@footins=\box72
) (C:\Users\Eduardo\AppData\Roaming\MiKTeX\tex/latex/beamer\beamerbasecolor.sty) (C:\Users\Eduardo\AppData\Roaming\MiKTeX\tex/latex/beamer\beamerbasenotes.sty
\beamer@frameboxcopy=\box73
) (C:\Users\Eduardo\AppData\Roaming\MiKTeX\tex/latex/beamer\beamerbasetoc.sty) (C:\Users\Eduardo\AppData\Roaming\MiKTeX\tex/latex/beamer\beamerbasetemplates.sty
\beamer@sbttoks=\toks33
 (C:\Users\Eduardo\AppData\Roaming\MiKTeX\tex/latex/beamer\beamerbaseauxtemplates.sty (C:\Users\Eduardo\AppData\Roaming\MiKTeX\tex/latex/beamer\beamerbaseboxes.sty
\bmb@box=\box74
\bmb@colorbox=\box75
\bmb@boxwidth=\dimen282
\bmb@boxheight=\dimen283
\bmb@prevheight=\dimen284
\bmb@temp=\dimen285
\bmb@dima=\dimen286
\bmb@dimb=\dimen287
\bmb@prevheight=\dimen288
)
\beamer@blockheadheight=\dimen289
)) (C:\Users\Eduardo\AppData\Roaming\MiKTeX\tex/latex/beamer\beamerbaselocalstructure.sty (C:\Program Files\MiKTeX\tex/latex/tools\enumerate.sty
Package: enumerate 2023/07/04 v3.00 enumerate extensions (DPC)
\@enLab=\toks34
)
\beamer@bibiconwidth=\skip58
\c@figure=\count343
\c@table=\count344
\abovecaptionskip=\skip59
\belowcaptionskip=\skip60
) (C:\Users\Eduardo\AppData\Roaming\MiKTeX\tex/latex/beamer\beamerbasenavigation.sty (C:\Users\Eduardo\AppData\Roaming\MiKTeX\tex/latex/beamer\beamerbasenavigationsymbols.tex)
\beamer@section@min@dim=\dimen290
) (C:\Users\Eduardo\AppData\Roaming\MiKTeX\tex/latex/beamer\beamerbasetheorems.sty (C:\Program Files\MiKTeX\tex/latex/amsmath\amsmath.sty
Package: amsmath 2025/07/09 v2.17z AMS math features
\@mathmargin=\skip61

For additional information on amsmath, use the `?' option.
(C:\Program Files\MiKTeX\tex/latex/amsmath\amstext.sty
Package: amstext 2024/11/17 v2.01 AMS text
 (C:\Program Files\MiKTeX\tex/latex/amsmath\amsgen.sty
File: amsgen.sty 1999/11/30 v2.0 generic functions
\@emptytoks=\toks35
\ex@=\dimen291
)) (C:\Program Files\MiKTeX\tex/latex/amsmath\amsbsy.sty
Package: amsbsy 1999/11/29 v1.2d Bold Symbols
\pmbraise@=\dimen292
) (C:\Program Files\MiKTeX\tex/latex/amsmath\amsopn.sty
Package: amsopn 2022/04/08 v2.04 operator names
)
\inf@bad=\count345
LaTeX Info: Redefining \frac on input line 233.
\uproot@=\count346
\leftroot@=\count347
LaTeX Info: Redefining \overline on input line 398.
LaTeX Info: Redefining \colon on input line 409.
\classnum@=\count348
\DOTSCASE@=\count349
LaTeX Info: Redefining \ldots on input line 495.
LaTeX Info: Redefining \dots on input line 498.
LaTeX Info: Redefining \cdots on input line 619.
\Mathstrutbox@=\box76
\strutbox@=\box77
LaTeX Info: Redefining \big on input line 721.
LaTeX Info: Redefining \Big on input line 722.
LaTeX Info: Redefining \bigg on input line 723.
LaTeX Info: Redefining \Bigg on input line 724.
\big@size=\dimen293
LaTeX Font Info:    Redeclaring font encoding OML on input line 742.
LaTeX Font Info:    Redeclaring font encoding OMS on input line 743.
\macc@depth=\count350
LaTeX Info: Redefining \bmod on input line 904.
LaTeX Info: Redefining \pmod on input line 909.
LaTeX Info: Redefining \smash on input line 939.
LaTeX Info: Redefining \relbar on input line 969.
LaTeX Info: Redefining \Relbar on input line 970.
\c@MaxMatrixCols=\count351
\dotsspace@=\muskip18
\c@parentequation=\count352
\dspbrk@lvl=\count353
\tag@help=\toks36
\row@=\count354
\column@=\count355
\maxfields@=\count356
\andhelp@=\toks37
\eqnshift@=\dimen294
\alignsep@=\dimen295
\tagshift@=\dimen296
\tagwidth@=\dimen297
\totwidth@=\dimen298
\lineht@=\dimen299
\@envbody=\toks38
\multlinegap=\skip62
\multlinetaggap=\skip63
\mathdisplay@stack=\toks39
LaTeX Info: Redefining \[ on input line 2950.
LaTeX Info: Redefining \] on input line 2951.
) (C:\Users\Eduardo\AppData\Roaming\MiKTeX\tex/latex/amscls\amsthm.sty
Package: amsthm 2020/05/29 v2.20.6
\thm@style=\toks40
\thm@bodyfont=\toks41
\thm@headfont=\toks42
\thm@notefont=\toks43
\thm@headpunct=\toks44
\thm@preskip=\skip64
\thm@postskip=\skip65
\thm@headsep=\skip66
\dth@everypar=\toks45
)
\c@theorem=\count357
) (C:\Users\Eduardo\AppData\Roaming\MiKTeX\tex/latex/beamer\beamerbasethemes.sty)) (C:\Users\Eduardo\AppData\Roaming\MiKTeX\tex/latex/beamer\beamerthemedefault.sty (C:\Users\Eduardo\AppData\Roaming\MiKTeX\tex/latex/beamer\beamerfontthemedefault.sty) (C:\Users\Eduardo\AppData\Roaming\MiKTeX\tex/latex/beamer\beamercolorthemedefault.sty) (C:\Users\Eduardo\AppData\Roaming\MiKTeX\tex/latex/beamer\beamerinnerthemedefault.sty
\beamer@dima=\dimen300
\beamer@dimb=\dimen301
) (C:\Users\Eduardo\AppData\Roaming\MiKTeX\tex/latex/beamer\beamerouterthemedefault.sty))) (C:\Program Files\MiKTeX\tex/latex/base\fontenc.sty
Package: fontenc 2025/07/18 v2.1d Standard LaTeX package
) (C:\Program Files\MiKTeX\tex/generic/babel\babel.sty
Package: babel 2025/11/09 v25.15 The multilingual framework for LuaLaTeX, pdfLaTeX and XeLaTeX
\babel@savecnt=\count358
LaTeX Encoding Info:    Redeclaring text command \ij (encoding OT1) on input line 2050.
LaTeX Encoding Info:    Redeclaring text command \IJ (encoding OT1) on input line 2052.
LaTeX Encoding Info:    Redeclaring text command \ij (encoding T1) on input line 2054.
LaTeX Encoding Info:    Redeclaring text command \IJ (encoding T1) on input line 2055.
LaTeX Encoding Info:    Ignoring declaration for text command \ij (encoding ?) on input line 2056.
LaTeX Encoding Info:    Ignoring declaration for text command \IJ (encoding ?) on input line 2058.
LaTeX Encoding Info:    Ignoring declaration for text command \SS (encoding ?) on input line 2083.
\U@D=\dimen302
\l@unhyphenated=\language79
 (C:\Program Files\MiKTeX\tex/generic/babel\txtbabel.def)
\bbl@readstream=\read3
LaTeX Info: Redefining \textlatin on input line 3942.
\bbl@dirlevel=\count359
Package babel Info: Configuration files are deprecated, as
(babel)             they can break document portability.
(babel)             Reported on input line 4175.

*************************************
* Local config file bblopts.cfg used
*
(C:\Program Files\MiKTeX\tex/latex/arabi\bblopts.cfg
File: bblopts.cfg 2005/09/08 v0.1 add Arabic and Farsi to "declared" options of babel
) (C:\Program Files\MiKTeX\tex/generic/babel/locale/invalid\babel-brazil.tex)

Package babel Warning: Name 'brazil' is deprecated.
(babel)                Use 'brazilian' instead.
(babel)                Reported on input line 4298.

Package babel Info: Importing font and identification data for brazil
(babel)             from babel-pt-BR.ini. Reported on input line 4298.
(C:\Users\Eduardo\AppData\Roaming\MiKTeX\tex/latex/babel-portuges\brazilian.ldf
Language: portuges 2021/07/09 v1.2t Portuguese support from the babel system
Package babel Info: Hyphen rules for 'brazil' set to \l@portuguese
(babel)             (\language56). Reported on input line 111.
Package babel Info: Making " an active character on input line 143.
)) (C:\Program Files\MiKTeX\tex/latex/base\inputenc.sty
Package: inputenc 2024/02/08 v1.3d Input encoding file
\inpenc@prehook=\toks46
\inpenc@posthook=\toks47
) (C:\Users\Eduardo\AppData\Roaming\MiKTeX\tex/latex/booktabs\booktabs.sty
Package: booktabs 2020/01/12 v1.61803398 Publication quality tables
\heavyrulewidth=\dimen303
\lightrulewidth=\dimen304
\cmidrulewidth=\dimen305
\belowrulesep=\dimen306
\belowbottomsep=\dimen307
\aboverulesep=\dimen308
\abovetopsep=\dimen309
\cmidrulesep=\dimen310
\cmidrulekern=\dimen311
\defaultaddspace=\dimen312
\@cmidla=\count360
\@cmidlb=\count361
\@aboverulesep=\dimen313
\@belowrulesep=\dimen314
\@thisruleclass=\count362
\@lastruleclass=\count363
\@thisrulewidth=\dimen315
) (beamerthemeInf.sty (C:\Program Files\MiKTeX\tex/latex/pgf/basiclayer\pgf.sty
Package: pgf 2025-08-29 v3.1.11a (3.1.11a)
 (C:\Program Files\MiKTeX\tex/generic/pgf/modules\pgfmoduleshapes.code.tex
File: pgfmoduleshapes.code.tex 2025-08-29 v3.1.11a (3.1.11a)
\pgfnodeparttextbox=\box78
) (C:\Program Files\MiKTeX\tex/generic/pgf/modules\pgfmoduleplot.code.tex
File: pgfmoduleplot.code.tex 2025-08-29 v3.1.11a (3.1.11a)
) (C:\Program Files\MiKTeX\tex/latex/pgf/compatibility\pgfcomp-version-0-65.sty
Package: pgfcomp-version-0-65 2025-08-29 v3.1.11a (3.1.11a)
\pgf@nodesepstart=\dimen316
\pgf@nodesepend=\dimen317
) (C:\Program Files\MiKTeX\tex/latex/pgf/compatibility\pgfcomp-version-1-18.sty
Package: pgfcomp-version-1-18 2025-08-29 v3.1.11a (3.1.11a)
)) (C:\Users\Eduardo\AppData\Roaming\MiKTeX\tex/latex/textcase\textcase.sty
Package: textcase 2025/02/16 v1.05 Text only upper/lower case changing (DPC)
Package textcase Info: Defining Legacy names on input line 20.
) (C:\Program Files\MiKTeX\tex/latex/base\ifthen.sty
Package: ifthen 2024/03/16 v1.1e Standard LaTeX ifthen package (DPC)
) (C:\Users\Eduardo\AppData\Roaming\MiKTeX\tex/latex/microtype\microtype.sty
Package: microtype 2025/07/09 v3.2b Micro-typographical refinements (RS)
\MT@toks=\toks48
\MT@tempbox=\box79
\MT@count=\count364
LaTeX Info: Redefining \noprotrusionifhmode on input line 1087.
LaTeX Info: Redefining \leftprotrusion on input line 1088.
\MT@prot@toks=\toks49
LaTeX Info: Redefining \rightprotrusion on input line 1107.
LaTeX Info: Redefining \textls on input line 1449.
\MT@outer@kern=\dimen318
LaTeX Info: Redefining \microtypecontext on input line 2053.
LaTeX Info: Redefining \textmicrotypecontext on input line 2070.
\MT@listname@count=\count365
 (C:\Users\Eduardo\AppData\Roaming\MiKTeX\tex/latex/microtype\microtype-pdftex.def
File: microtype-pdftex.def 2025/07/09 v3.2b Definitions specific to pdftex (RS)
LaTeX Info: Redefining \lsstyle on input line 944.
LaTeX Info: Redefining \lslig on input line 944.
\MT@outer@space=\skip67
)
Package microtype Info: Loading configuration file microtype.cfg.
 (C:\Users\Eduardo\AppData\Roaming\MiKTeX\tex/latex/microtype\microtype.cfg
File: microtype.cfg 2025/07/09 v3.2b microtype main configuration file (RS)
)
LaTeX Info: Redefining \microtypesetup on input line 3065.
) (C:\Users\Eduardo\AppData\Roaming\MiKTeX\tex/fonts/ifsym\ifsym.sty
Package: ifsym 2000/04/18 I.Kloeckl
 (C:\Program Files\MiKTeX\tex/latex/tools\calc.sty
Package: calc 2025/03/01 v4.3b Infix arithmetic (KKT,FJ)
\calc@Acount=\count366
\calc@Bcount=\count367
\calc@Adimen=\dimen319
\calc@Bdimen=\dimen320
\calc@Askip=\skip68
\calc@Bskip=\skip69
LaTeX Info: Redefining \setlength on input line 86.
LaTeX Info: Redefining \addtolength on input line 87.
\calc@Ccount=\count368
\calc@Cskip=\skip70
)
\c@ifsymcnt=\count369
) (C:\Program Files\MiKTeX\tex/latex/lm\lmodern.sty
Package: lmodern 2015/05/01 v1.6.1 Latin Modern Fonts
LaTeX Font Info:    Overwriting symbol font `operators' in version `normal'
(Font)                  OT1/cmr/m/n --> OT1/lmr/m/n on input line 22.
LaTeX Font Info:    Overwriting symbol font `letters' in version `normal'
(Font)                  OML/cmm/m/it --> OML/lmm/m/it on input line 23.
LaTeX Font Info:    Overwriting symbol font `symbols' in version `normal'
(Font)                  OMS/cmsy/m/n --> OMS/lmsy/m/n on input line 24.
LaTeX Font Info:    Overwriting symbol font `largesymbols' in version `normal'
(Font)                  OMX/cmex/m/n --> OMX/lmex/m/n on input line 25.
LaTeX Font Info:    Overwriting symbol font `operators' in version `bold'
(Font)                  OT1/cmr/bx/n --> OT1/lmr/bx/n on input line 26.
LaTeX Font Info:    Overwriting symbol font `letters' in version `bold'
(Font)                  OML/cmm/b/it --> OML/lmm/b/it on input line 27.
LaTeX Font Info:    Overwriting symbol font `symbols' in version `bold'
(Font)                  OMS/cmsy/b/n --> OMS/lmsy/b/n on input line 28.
LaTeX Font Info:    Overwriting symbol font `largesymbols' in version `bold'
(Font)                  OMX/cmex/m/n --> OMX/lmex/m/n on input line 29.
LaTeX Font Info:    Overwriting math alphabet `\mathbf' in version `normal'
(Font)                  OT1/cmr/bx/n --> OT1/lmr/bx/n on input line 31.
LaTeX Font Info:    Overwriting math alphabet `\mathsf' in version `normal'
(Font)                  OT1/cmss/m/n --> OT1/lmss/m/n on input line 32.
LaTeX Font Info:    Overwriting math alphabet `\mathit' in version `normal'
(Font)                  OT1/cmr/m/it --> OT1/lmr/m/it on input line 33.
LaTeX Font Info:    Overwriting math alphabet `\mathtt' in version `normal'
(Font)                  OT1/cmtt/m/n --> OT1/lmtt/m/n on input line 34.
LaTeX Font Info:    Overwriting math alphabet `\mathbf' in version `bold'
(Font)                  OT1/cmr/bx/n --> OT1/lmr/bx/n on input line 35.
LaTeX Font Info:    Overwriting math alphabet `\mathsf' in version `bold'
(Font)                  OT1/cmss/bx/n --> OT1/lmss/bx/n on input line 36.
LaTeX Font Info:    Overwriting math alphabet `\mathit' in version `bold'
(Font)                  OT1/cmr/bx/it --> OT1/lmr/bx/it on input line 37.
LaTeX Font Info:    Overwriting math alphabet `\mathtt' in version `bold'
(Font)                  OT1/cmtt/m/n --> OT1/lmtt/m/n on input line 38.
) (C:\Users\Eduardo\AppData\Roaming\MiKTeX\tex/latex/setspace\setspace.sty
Package: setspace 2022/12/04 v6.7b set line spacing
)
\InfOutterTitleWidth=\skip71
\InfOutterTitleRightMargin=\skip72
\InfOutterTitleBottomMargin=\skip73
\InfOutterFrametitleWidth=\skip74
 (C:\Users\Eduardo\AppData\Roaming\MiKTeX\tex/latex/beamer\beamerfontthemeprofessionalfonts.sty)
\InfOutterFrameLeftMargin=\skip75
)

Package hyperref Warning: Token not allowed in a PDF string (Unicode):
(hyperref)                removing `\\' on input line 21.

LaTeX Font Info:    Trying to load font information for T1+lmss on input line 24.
(C:\Program Files\MiKTeX\tex/latex/lm\t1lmss.fd
File: t1lmss.fd 2015/05/01 v1.6.1 Font defs for Latin Modern
) (C:\Program Files\MiKTeX\tex/latex/l3backend\l3backend-pdftex.def
File: l3backend-pdftex.def 2025-10-09 L3 backend support: PDF output (pdfTeX)
\l__color_backend_stack_int=\count370
) (slides.aux
Package babel Info: 'brazil' activates 'portuges' shorthands.
(babel)             Reported on input line 8.
)
\openout1 = `slides.aux'.

LaTeX Font Info:    Checking defaults for OML/cmm/m/it on input line 24.
LaTeX Font Info:    ... okay on input line 24.
LaTeX Font Info:    Checking defaults for OMS/cmsy/m/n on input line 24.
LaTeX Font Info:    ... okay on input line 24.
LaTeX Font Info:    Checking defaults for OT1/cmr/m/n on input line 24.
LaTeX Font Info:    ... okay on input line 24.
LaTeX Font Info:    Checking defaults for T1/cmr/m/n on input line 24.
LaTeX Font Info:    ... okay on input line 24.
LaTeX Font Info:    Checking defaults for TS1/cmr/m/n on input line 24.
LaTeX Font Info:    ... okay on input line 24.
LaTeX Font Info:    Checking defaults for OMX/cmex/m/n on input line 24.
LaTeX Font Info:    ... okay on input line 24.
LaTeX Font Info:    Checking defaults for U/cmr/m/n on input line 24.
LaTeX Font Info:    ... okay on input line 24.
LaTeX Font Info:    Checking defaults for PD1/pdf/m/n on input line 24.
LaTeX Font Info:    ... okay on input line 24.
LaTeX Font Info:    Checking defaults for PU/pdf/m/n on input line 24.
LaTeX Font Info:    ... okay on input line 24.

*geometry* driver: auto-detecting
*geometry* detected driver: pdftex
*geometry* verbose mode - [ preamble ] result:
* driver: pdftex
* paper: custom
* layout: <same size as paper>
* layoutoffset:(h,v)=(0.0pt,0.0pt)
* modes: includehead includefoot 
* h-part:(L,W,R)=(28.45274pt, 307.28987pt, 28.45274pt)
* v-part:(T,H,B)=(0.0pt, 273.14662pt, 0.0pt)
* \paperwidth=364.19536pt
* \paperheight=273.14662pt
* \textwidth=307.28987pt
* \textheight=244.6939pt
* \oddsidemargin=-43.81725pt
* \evensidemargin=-43.81725pt
* \topmargin=-72.26999pt
* \headheight=14.22636pt
* \headsep=0.0pt
* \topskip=11.0pt
* \footskip=14.22636pt
* \marginparwidth=4.0pt
* \marginparsep=10.0pt
* \columnsep=10.0pt
* \skip\footins=10.0pt plus 4.0pt minus 2.0pt
* \hoffset=0.0pt
* \voffset=0.0pt
* \mag=1000
* \@twocolumnfalse
* \@twosidefalse
* \@mparswitchfalse
* \@reversemarginfalse
* (1in=72.27pt=25.4mm, 1cm=28.453pt)

(C:\Program Files\MiKTeX\tex/context/base/mkii\supp-pdf.mkii
[Loading MPS to PDF converter (version 2006.09.02).]
\scratchcounter=\count371
\scratchdimen=\dimen321
\scratchbox=\box80
\nofMPsegments=\count372
\nofMParguments=\count373
\everyMPshowfont=\toks50
\MPscratchCnt=\count374
\MPscratchDim=\dimen322
\MPnumerator=\count375
\makeMPintoPDFobject=\count376
\everyMPtoPDFconversion=\toks51
) (C:\Program Files\MiKTeX\tex/latex/epstopdf-pkg\epstopdf-base.sty
Package: epstopdf-base 2020-01-24 v2.11 Base part for package epstopdf
Package epstopdf-base Info: Redefining graphics rule for `.eps' on input line 485.
 (C:\Program Files\MiKTeX\tex/latex/00miktex\epstopdf-sys.cfg
File: epstopdf-sys.cfg 2021/03/18 v2.0 Configuration of epstopdf for MiKTeX
))
Package hyperref Info: Link coloring OFF on input line 24.
 (slides.out) (slides.out)
\@outlinefile=\write5
\openout5 = `slides.out'.

 (C:\Users\Eduardo\AppData\Roaming\MiKTeX\tex/latex/translator\translator-basic-dictionary-English.dict
Dictionary: translator-basic-dictionary, Language: English 
) (C:\Users\Eduardo\AppData\Roaming\MiKTeX\tex/latex/translator\translator-bibliography-dictionary-English.dict
Dictionary: translator-bibliography-dictionary, Language: English 
) (C:\Users\Eduardo\AppData\Roaming\MiKTeX\tex/latex/translator\translator-environment-dictionary-English.dict
Dictionary: translator-environment-dictionary, Language: English 
) (C:\Users\Eduardo\AppData\Roaming\MiKTeX\tex/latex/translator\translator-months-dictionary-English.dict
Dictionary: translator-months-dictionary, Language: English 
) (C:\Users\Eduardo\AppData\Roaming\MiKTeX\tex/latex/translator\translator-numbers-dictionary-English.dict
Dictionary: translator-numbers-dictionary, Language: English 
) (C:\Users\Eduardo\AppData\Roaming\MiKTeX\tex/latex/translator\translator-theorem-dictionary-English.dict
Dictionary: translator-theorem-dictionary, Language: English 
)
LaTeX Info: Redefining \microtypecontext on input line 24.
Package microtype Info: Applying patch `item' on input line 24.
Package microtype Info: Applying patch `toc' on input line 24.
Package microtype Info: Applying patch `eqnum' on input line 24.
Package microtype Info: Applying patch `footnote' on input line 24.
Package microtype Info: Applying patch `verbatim' on input line 24.
LaTeX Info: Redefining \microtypesetup on input line 24.
Package microtype Info: Generating PDF output.
Package microtype Info: Character protrusion enabled (level 2).
Package microtype Info: Using default protrusion set `alltext'.
Package microtype Info: Automatic font expansion enabled (level 2),
(microtype)             stretch: 20, shrink: 20, step: 1, non-selected.
Package microtype Info: Using default expansion set `alltext-nott'.
Package microtype Info: Patching command `\showhyphens'.
Package microtype Info: Tracking enabled.
Package microtype Info: Using default tracking set `smallcaps'.
Package microtype Info: No adjustment of interword spacing.
Package microtype Info: No adjustment of character kerning.
Package microtype Info: Loading generic protrusion settings for font family
(microtype)             `lmss' (encoding: T1).
(microtype)             For optimal results, create family-specific settings.
(microtype)             See the microtype manual for details.
 (slides.nav)
Overfull \hbox (2.12503pt too wide) in paragraph at lines 24--24
[][] 
 []

Package microtype Info: tracking amount list `slides.tex/24' will
(microtype)             override list `default' for 
(microtype)             font `OT1////' on input line 24.
LaTeX Font Info:    Trying to load font information for T1+phv on input line 24.
(C:\Users\Eduardo\AppData\Roaming\MiKTeX\tex/latex/psnfss\t1phv.fd
File: t1phv.fd 2020/03/25 scalable font definitions for T1/phv.
)
Package microtype Info: Loading generic protrusion settings for font family
(microtype)             `phv' (encoding: T1).
(microtype)             For optimal results, create family-specific settings.
(microtype)             See the microtype manual for details.
LaTeX Font Info:    Calculating math sizes for size <80> on input line 24.
LaTeX Font Info:    Trying to load font information for OT1+lmr on input line 24.
 (C:\Program Files\MiKTeX\tex/latex/lm\ot1lmr.fd
File: ot1lmr.fd 2015/05/01 v1.6.1 Font defs for Latin Modern
) (C:\Users\Eduardo\AppData\Roaming\MiKTeX\tex/latex/microtype\mt-cmr.cfg
File: mt-cmr.cfg 2013/05/19 v2.2 microtype config. file: Computer Modern Roman (RS)
)
LaTeX Font Info:    Trying to load font information for OML+lmm on input line 24.
 (C:\Program Files\MiKTeX\tex/latex/lm\omllmm.fd
File: omllmm.fd 2015/05/01 v1.6.1 Font defs for Latin Modern
)
LaTeX Font Info:    Trying to load font information for OMS+lmsy on input line 24.
 (C:\Program Files\MiKTeX\tex/latex/lm\omslmsy.fd
File: omslmsy.fd 2015/05/01 v1.6.1 Font defs for Latin Modern
)
LaTeX Font Info:    Trying to load font information for OMX+lmex on input line 24.
 (C:\Program Files\MiKTeX\tex/latex/lm\omxlmex.fd
File: omxlmex.fd 2015/05/01 v1.6.1 Font defs for Latin Modern
)
LaTeX Font Info:    External font `lmex10' loaded for size
(Font)              <80> on input line 24.
LaTeX Font Info:    External font `lmex10' loaded for size
(Font)              <55.99976> on input line 24.
LaTeX Font Info:    External font `lmex10' loaded for size
(Font)              <40> on input line 24.
LaTeX Font Info:    Trying to load font information for U+msa on input line 24.
 (C:\Program Files\MiKTeX\tex/latex/amsfonts\umsa.fd
File: umsa.fd 2013/01/14 v3.01 AMS symbols A
) (C:\Users\Eduardo\AppData\Roaming\MiKTeX\tex/latex/microtype\mt-msa.cfg
File: mt-msa.cfg 2006/02/04 v1.1 microtype config. file: AMS symbols (a) (RS)
)
LaTeX Font Info:    Trying to load font information for U+msb on input line 24.
 (C:\Program Files\MiKTeX\tex/latex/amsfonts\umsb.fd
File: umsb.fd 2013/01/14 v3.01 AMS symbols B
) (C:\Users\Eduardo\AppData\Roaming\MiKTeX\tex/latex/microtype\mt-msb.cfg
File: mt-msb.cfg 2005/06/01 v1.0 microtype config. file: AMS symbols (b) (RS)
)
Overfull \hbox (2.12503pt too wide) in paragraph at lines 27--27
[][] 
 []

Package microtype Info: tracking amount list `slides.tex/27' will
(microtype)             override list `slides.tex/24' for 
(microtype)             font `OT1////' on input line 27.
<inf-logo-dark.pdf, id=48, 701.84395pt x 389.02475pt>
File: inf-logo-dark.pdf Graphic file (type pdf)
<use inf-logo-dark.pdf>
Package pdftex.def Info: inf-logo-dark.pdf  used on input line 27.
(pdftex.def)             Requested size: 109.2597pt x 60.55939pt.

Overfull \hbox (3.65pt too wide) in paragraph at lines 27--27
 [][]  
 []

[1

{C:/Users/Eduardo/AppData/Local/MiKTeX/fonts/map/pdftex/pdftex.map}{C:/Program Files/MiKTeX/fonts/enc/dvips/lm/lm-ec.enc} <./inf-logo-dark.pdf>]
Overfull \hbox (2.12503pt too wide) in paragraph at lines 33--33
[][] 
 []

Package microtype Info: tracking amount list `slides.tex/33' will
(microtype)             override list `slides.tex/27' for 
(microtype)             font `OT1////' on input line 33.
(slides.toc
LaTeX Font Info:    External font `lmex10' loaded for size
(Font)              <10.95> on input line 5.
LaTeX Font Info:    External font `lmex10' loaded for size
(Font)              <8> on input line 5.
LaTeX Font Info:    External font `lmex10' loaded for size
(Font)              <6> on input line 5.
)
Overfull \hbox (132.55334pt too wide) in paragraph at lines 33--33
[][] 
 []

LaTeX Font Info:    External font `lmex10' loaded for size
(Font)              <9> on input line 33.
LaTeX Font Info:    External font `lmex10' loaded for size
(Font)              <5> on input line 33.
Package microtype Info: tracking amount list `slides.tex/33(1)' will
(microtype)             override list `slides.tex/33' for 
(microtype)             font `OT1////' on input line 33.

Overfull \hbox (2.12503pt too wide) has occurred while \output is active
[][] 
 []

[2

{C:/Program Files/MiKTeX/fonts/enc/dvips/lm/lm-mathsy.enc}]
Overfull \hbox (2.12503pt too wide) in paragraph at lines 47--47
[][] 
 []

Package microtype Info: tracking amount list `slides.tex/47' will
(microtype)             override list `slides.tex/33(1)' for 
(microtype)             font `OT1////' on input line 47.

Overfull \hbox (132.55334pt too wide) in paragraph at lines 47--47
[][] 
 []

Package microtype Info: tracking amount list `slides.tex/47(2)' will
(microtype)             override list `slides.tex/47' for 
(microtype)             font `OT1////' on input line 47.

Overfull \hbox (2.12503pt too wide) has occurred while \output is active
[][] 
 []

[3{C:/Program Files/MiKTeX/fonts/enc/dvips/base/8r.enc}

]
Overfull \hbox (2.12503pt too wide) in paragraph at lines 81--81
[][] 
 []

Package microtype Info: tracking amount list `slides.tex/81' will
(microtype)             override list `slides.tex/47(2)' for 
(microtype)             font `OT1////' on input line 81.

Overfull \hbox (132.55334pt too wide) in paragraph at lines 81--81
[][] 
 []

Package microtype Info: tracking amount list `slides.tex/81(3)' will
(microtype)             override list `slides.tex/81' for 
(microtype)             font `OT1////' on input line 81.

Overfull \hbox (2.12503pt too wide) has occurred while \output is active
[][] 
 []

[4

]
Overfull \hbox (2.12503pt too wide) in paragraph at lines 104--104
[][] 
 []

Package microtype Info: tracking amount list `slides.tex/104' will
(microtype)             override list `slides.tex/81(3)' for 
(microtype)             font `OT1////' on input line 104.
LaTeX Font Info:    External font `lmex10' loaded for size
(Font)              <10> on input line 104.
LaTeX Font Info:    External font `lmex10' loaded for size
(Font)              <7> on input line 104.
LaTeX Font Info:    Trying to load font information for T1+lmtt on input line 104.
(C:\Program Files\MiKTeX\tex/latex/lm\t1lmtt.fd
File: t1lmtt.fd 2015/05/01 v1.6.1 Font defs for Latin Modern
)
Package microtype Info: Loading generic protrusion settings for font family
(microtype)             `lmtt' (encoding: T1).
(microtype)             For optimal results, create family-specific settings.
(microtype)             See the microtype manual for details.

Overfull \hbox (132.55334pt too wide) in paragraph at lines 104--104
[][] 
 []

Package microtype Info: tracking amount list `slides.tex/104(4)' will
(microtype)             override list `slides.tex/104' for 
(microtype)             font `OT1////' on input line 104.

Overfull \hbox (2.12503pt too wide) has occurred while \output is active
[][] 
 []

[5

{C:/Program Files/MiKTeX/fonts/enc/dvips/lm/lm-rm.enc}]
Overfull \hbox (2.12503pt too wide) in paragraph at lines 121--121
[][] 
 []

Package microtype Info: tracking amount list `slides.tex/121' will
(microtype)             override list `slides.tex/104(4)' for 
(microtype)             font `OT1////' on input line 121.
<../reports/results/accuracy_vs_epoch.png, id=99, 860.013pt x 425.6703pt>
File: ../reports/results/accuracy_vs_epoch.png Graphic file (type png)
<use ../reports/results/accuracy_vs_epoch.png>
Package pdftex.def Info: ../reports/results/accuracy_vs_epoch.png  used on input line 121.
(pdftex.def)             Requested size: 307.28987pt x 152.09154pt.

Overfull \hbox (132.55334pt too wide) in paragraph at lines 121--121
[][] 
 []

Package microtype Info: tracking amount list `slides.tex/121(5)' will
(microtype)             override list `slides.tex/121' for 
(microtype)             font `OT1////' on input line 121.

Overfull \hbox (2.12503pt too wide) has occurred while \output is active
[][] 
 []

[6

 <../reports/results/accuracy_vs_epoch.png>]
Overfull \hbox (2.12503pt too wide) in paragraph at lines 130--130
[][] 
 []

Package microtype Info: tracking amount list `slides.tex/130' will
(microtype)             override list `slides.tex/121(5)' for 
(microtype)             font `OT1////' on input line 130.
<../reports/results/f1_vs_epoch.png, id=106, 859.7721pt x 425.6703pt>
File: ../reports/results/f1_vs_epoch.png Graphic file (type png)
<use ../reports/results/f1_vs_epoch.png>
Package pdftex.def Info: ../reports/results/f1_vs_epoch.png  used on input line 130.
(pdftex.def)             Requested size: 307.28987pt x 152.137pt.

Overfull \hbox (132.55334pt too wide) in paragraph at lines 130--130
[][] 
 []

Package microtype Info: tracking amount list `slides.tex/130(6)' will
(microtype)             override list `slides.tex/130' for 
(microtype)             font `OT1////' on input line 130.

Overfull \hbox (2.12503pt too wide) has occurred while \output is active
[][] 
 []

[7

 <../reports/results/f1_vs_epoch.png>]
Overfull \hbox (2.12503pt too wide) in paragraph at lines 156--156
[][] 
 []

Package microtype Info: tracking amount list `slides.tex/156' will
(microtype)             override list `slides.tex/130(6)' for 
(microtype)             font `OT1////' on input line 156.

Overfull \hbox (132.55334pt too wide) in paragraph at lines 156--156
[][] 
 []


Overfull \vbox (3.51033pt too high) detected at line 156
 []

Package microtype Info: tracking amount list `slides.tex/156(7)' will
(microtype)             override list `slides.tex/156' for 
(microtype)             font `OT1////' on input line 156.

Overfull \hbox (2.12503pt too wide) has occurred while \output is active
[][] 
 []

[8

{C:/Program Files/MiKTeX/fonts/enc/dvips/lm/lm-mathit.enc}]
Overfull \hbox (2.12503pt too wide) in paragraph at lines 167--167
[][] 
 []

Package microtype Info: tracking amount list `slides.tex/167' will
(microtype)             override list `slides.tex/156(7)' for 
(microtype)             font `OT1////' on input line 167.
<../reports/results/gpu_utilization.png, id=120, 860.013pt x 425.4294pt>
File: ../reports/results/gpu_utilization.png Graphic file (type png)
<use ../reports/results/gpu_utilization.png>
Package pdftex.def Info: ../reports/results/gpu_utilization.png  used on input line 167.
(pdftex.def)             Requested size: 307.28987pt x 152.00546pt.

Overfull \hbox (132.55334pt too wide) in paragraph at lines 167--167
[][] 
 []

Package microtype Info: tracking amount list `slides.tex/167(8)' will
(microtype)             override list `slides.tex/167' for 
(microtype)             font `OT1////' on input line 167.

Overfull \hbox (2.12503pt too wide) has occurred while \output is active
[][] 
 []

[9

 <../reports/results/gpu_utilization.png>]
Overfull \hbox (2.12503pt too wide) in paragraph at lines 175--175
[][] 
 []

Package microtype Info: tracking amount list `slides.tex/175' will
(microtype)             override list `slides.tex/167(8)' for 
(microtype)             font `OT1////' on input line 175.
<../reports/results/gpu_vram_usage.png, id=126, 860.2539pt x 425.6703pt>
File: ../reports/results/gpu_vram_usage.png Graphic file (type png)
<use ../reports/results/gpu_vram_usage.png>
Package pdftex.def Info: ../reports/results/gpu_vram_usage.png  used on input line 175.
(pdftex.def)             Requested size: 307.28987pt x 152.05257pt.

Overfull \hbox (132.55334pt too wide) in paragraph at lines 175--175
[][] 
 []

Package microtype Info: tracking amount list `slides.tex/175(9)' will
(microtype)             override list `slides.tex/175' for 
(microtype)             font `OT1////' on input line 175.

Overfull \hbox (2.12503pt too wide) has occurred while \output is active
[][] 
 []

[10

 <../reports/results/gpu_vram_usage.png>]
Overfull \hbox (2.12503pt too wide) in paragraph at lines 183--183
[][] 
 []

Package microtype Info: tracking amount list `slides.tex/183' will
(microtype)             override list `slides.tex/175(9)' for 
(microtype)             font `OT1////' on input line 183.
<../reports/results/gpu_temperature.png, id=133, 860.2539pt x 425.4294pt>
File: ../reports/results/gpu_temperature.png Graphic file (type png)
<use ../reports/results/gpu_temperature.png>
Package pdftex.def Info: ../reports/results/gpu_temperature.png  used on input line 183.
(pdftex.def)             Requested size: 307.28987pt x 151.9665pt.

Overfull \hbox (132.55334pt too wide) in paragraph at lines 183--183
[][] 
 []

Package microtype Info: tracking amount list `slides.tex/183(10)' will
(microtype)             override list `slides.tex/183' for 
(microtype)             font `OT1////' on input line 183.

Overfull \hbox (2.12503pt too wide) has occurred while \output is active
[][] 
 []

[11

 <../reports/results/gpu_temperature.png>]
Overfull \hbox (2.12503pt too wide) in paragraph at lines 194--194
[][] 
 []

Package microtype Info: tracking amount list `slides.tex/194' will
(microtype)             override list `slides.tex/183(10)' for 
(microtype)             font `OT1////' on input line 194.
<../reports/results/training_time_total_bar.png, id=140, 860.2539pt x 425.4294pt>
File: ../reports/results/training_time_total_bar.png Graphic file (type png)
<use ../reports/results/training_time_total_bar.png>
Package pdftex.def Info: ../reports/results/training_time_total_bar.png  used on input line 194.
(pdftex.def)             Requested size: 307.28987pt x 151.9665pt.

Overfull \hbox (132.55334pt too wide) in paragraph at lines 194--194
[][] 
 []

Package microtype Info: tracking amount list `slides.tex/194(11)' will
(microtype)             override list `slides.tex/194' for 
(microtype)             font `OT1////' on input line 194.

Overfull \hbox (2.12503pt too wide) has occurred while \output is active
[][] 
 []

[12

 <../reports/results/training_time_total_bar.png>]
Overfull \hbox (2.12503pt too wide) in paragraph at lines 202--202
[][] 
 []

Package microtype Info: tracking amount list `slides.tex/202' will
(microtype)             override list `slides.tex/194(11)' for 
(microtype)             font `OT1////' on input line 202.
<../reports/results/total_energy_per_model_weighted.png, id=146, 860.2539pt x 425.4294pt>
File: ../reports/results/total_energy_per_model_weighted.png Graphic file (type png)
<use ../reports/results/total_energy_per_model_weighted.png>
Package pdftex.def Info: ../reports/results/total_energy_per_model_weighted.png  used on input line 202.
(pdftex.def)             Requested size: 307.28987pt x 151.9665pt.

Overfull \hbox (132.55334pt too wide) in paragraph at lines 202--202
[][] 
 []

Package microtype Info: tracking amount list `slides.tex/202(12)' will
(microtype)             override list `slides.tex/202' for 
(microtype)             font `OT1////' on input line 202.

Overfull \hbox (2.12503pt too wide) has occurred while \output is active
[][] 
 []

[13

 <../reports/results/total_energy_per_model_weighted.png>]
Overfull \hbox (2.12503pt too wide) in paragraph at lines 211--211
[][] 
 []

Package microtype Info: tracking amount list `slides.tex/211' will
(microtype)             override list `slides.tex/202(12)' for 
(microtype)             font `OT1////' on input line 211.
<../reports/results/training_time_boxplot.png, id=154, 860.2539pt x 425.6703pt>
File: ../reports/results/training_time_boxplot.png Graphic file (type png)
<use ../reports/results/training_time_boxplot.png>
Package pdftex.def Info: ../reports/results/training_time_boxplot.png  used on input line 211.
(pdftex.def)             Requested size: 307.28987pt x 152.05257pt.

Overfull \hbox (132.55334pt too wide) in paragraph at lines 211--211
[][] 
 []

Package microtype Info: tracking amount list `slides.tex/211(13)' will
(microtype)             override list `slides.tex/211' for 
(microtype)             font `OT1////' on input line 211.

Overfull \hbox (2.12503pt too wide) has occurred while \output is active
[][] 
 []

[14

 <../reports/results/training_time_boxplot.png>]
Overfull \hbox (2.12503pt too wide) in paragraph at lines 219--219
[][] 
 []

Package microtype Info: tracking amount list `slides.tex/219' will
(microtype)             override list `slides.tex/211(13)' for 
(microtype)             font `OT1////' on input line 219.
<../reports/results/training_time_per_seed.png, id=161, 860.013pt x 425.4294pt>
File: ../reports/results/training_time_per_seed.png Graphic file (type png)
<use ../reports/results/training_time_per_seed.png>
Package pdftex.def Info: ../reports/results/training_time_per_seed.png  used on input line 219.
(pdftex.def)             Requested size: 307.28987pt x 152.00546pt.

Overfull \hbox (132.55334pt too wide) in paragraph at lines 219--219
[][] 
 []

Package microtype Info: tracking amount list `slides.tex/219(14)' will
(microtype)             override list `slides.tex/219' for 
(microtype)             font `OT1////' on input line 219.

Overfull \hbox (2.12503pt too wide) has occurred while \output is active
[][] 
 []

[15

 <../reports/results/training_time_per_seed.png>]
Overfull \hbox (2.12503pt too wide) in paragraph at lines 227--227
[][] 
 []

Package microtype Info: tracking amount list `slides.tex/227' will
(microtype)             override list `slides.tex/219(14)' for 
(microtype)             font `OT1////' on input line 227.
<../reports/results/inference_time_per_model.png, id=168, 715.9548pt x 426.8748pt>
File: ../reports/results/inference_time_per_model.png Graphic file (type png)
<use ../reports/results/inference_time_per_model.png>
Package pdftex.def Info: ../reports/results/inference_time_per_model.png  used on input line 227.
(pdftex.def)             Requested size: 307.28987pt x 183.21387pt.

Overfull \hbox (132.55334pt too wide) in paragraph at lines 227--227
[][] 
 []

Package microtype Info: tracking amount list `slides.tex/227(15)' will
(microtype)             override list `slides.tex/227' for 
(microtype)             font `OT1////' on input line 227.

Overfull \hbox (2.12503pt too wide) has occurred while \output is active
[][] 
 []

[16

 <../reports/results/inference_time_per_model.png>]
Overfull \hbox (2.12503pt too wide) in paragraph at lines 237--237
[][] 
 []

Package microtype Info: tracking amount list `slides.tex/237' will
(microtype)             override list `slides.tex/227(15)' for 
(microtype)             font `OT1////' on input line 237.
<../reports/results/cat_accuracy_mean.png, id=175, 715.473pt x 425.4294pt>
File: ../reports/results/cat_accuracy_mean.png Graphic file (type png)
<use ../reports/results/cat_accuracy_mean.png>
Package pdftex.def Info: ../reports/results/cat_accuracy_mean.png  used on input line 237.
(pdftex.def)             Requested size: 307.28987pt x 182.71684pt.

Overfull \hbox (132.55334pt too wide) in paragraph at lines 237--237
[][] 
 []

Package microtype Info: tracking amount list `slides.tex/237(16)' will
(microtype)             override list `slides.tex/237' for 
(microtype)             font `OT1////' on input line 237.

Overfull \hbox (2.12503pt too wide) has occurred while \output is active
[][] 
 []

[17

 <../reports/results/cat_accuracy_mean.png>]
Overfull \hbox (2.12503pt too wide) in paragraph at lines 245--245
[][] 
 []

Package microtype Info: tracking amount list `slides.tex/245' will
(microtype)             override list `slides.tex/237(16)' for 
(microtype)             font `OT1////' on input line 245.
<../reports/results/cat_training_time.png, id=181, 715.7139pt x 425.4294pt>
File: ../reports/results/cat_training_time.png Graphic file (type png)
<use ../reports/results/cat_training_time.png>
Package pdftex.def Info: ../reports/results/cat_training_time.png  used on input line 245.
(pdftex.def)             Requested size: 307.28987pt x 182.65842pt.

Overfull \hbox (132.55334pt too wide) in paragraph at lines 245--245
[][] 
 []

Package microtype Info: tracking amount list `slides.tex/245(17)' will
(microtype)             override list `slides.tex/245' for 
(microtype)             font `OT1////' on input line 245.

Overfull \hbox (2.12503pt too wide) has occurred while \output is active
[][] 
 []

[18

 <../reports/results/cat_training_time.png>]
Overfull \hbox (2.12503pt too wide) in paragraph at lines 253--253
[][] 
 []

Package microtype Info: tracking amount list `slides.tex/253' will
(microtype)             override list `slides.tex/245(17)' for 
(microtype)             font `OT1////' on input line 253.
<../reports/results/cat_accuracy_distribution.png, id=188, 715.473pt x 424.4658pt>
File: ../reports/results/cat_accuracy_distribution.png Graphic file (type png)
<use ../reports/results/cat_accuracy_distribution.png>
Package pdftex.def Info: ../reports/results/cat_accuracy_distribution.png  used on input line 253.
(pdftex.def)             Requested size: 307.28987pt x 182.303pt.

Overfull \hbox (132.55334pt too wide) in paragraph at lines 253--253
[][] 
 []

Package microtype Info: tracking amount list `slides.tex/253(18)' will
(microtype)             override list `slides.tex/253' for 
(microtype)             font `OT1////' on input line 253.

Overfull \hbox (2.12503pt too wide) has occurred while \output is active
[][] 
 []

[19

 <../reports/results/cat_accuracy_distribution.png>]
Overfull \hbox (2.12503pt too wide) in paragraph at lines 261--261
[][] 
 []

Package microtype Info: tracking amount list `slides.tex/261' will
(microtype)             override list `slides.tex/253(18)' for 
(microtype)             font `OT1////' on input line 261.
<../reports/results/cat_efficiency.png, id=196, 715.473pt x 425.6703pt>
File: ../reports/results/cat_efficiency.png Graphic file (type png)
<use ../reports/results/cat_efficiency.png>
Package pdftex.def Info: ../reports/results/cat_efficiency.png  used on input line 261.
(pdftex.def)             Requested size: 307.28987pt x 182.82031pt.

Overfull \hbox (132.55334pt too wide) in paragraph at lines 261--261
[][] 
 []

Package microtype Info: tracking amount list `slides.tex/261(19)' will
(microtype)             override list `slides.tex/261' for 
(microtype)             font `OT1////' on input line 261.

Overfull \hbox (2.12503pt too wide) has occurred while \output is active
[][] 
 []

[20

 <../reports/results/cat_efficiency.png>]
Overfull \hbox (2.12503pt too wide) in paragraph at lines 271--271
[][] 
 []

Package microtype Info: tracking amount list `slides.tex/271' will
(microtype)             override list `slides.tex/261(19)' for 
(microtype)             font `OT1////' on input line 271.
<../reports/results/accuracy_vs_training_cost.png, id=203, 860.013pt x 570.4512pt>
File: ../reports/results/accuracy_vs_training_cost.png Graphic file (type png)
<use ../reports/results/accuracy_vs_training_cost.png>
Package pdftex.def Info: ../reports/results/accuracy_vs_training_cost.png  used on input line 271.
(pdftex.def)             Requested size: 307.28987pt x 203.8216pt.

Overfull \hbox (132.55334pt too wide) in paragraph at lines 271--271
[][] 
 []

Package microtype Info: tracking amount list `slides.tex/271(20)' will
(microtype)             override list `slides.tex/271' for 
(microtype)             font `OT1////' on input line 271.

Overfull \hbox (2.12503pt too wide) has occurred while \output is active
[][] 
 []

[21

 <../reports/results/accuracy_vs_training_cost.png>]
Overfull \hbox (2.12503pt too wide) in paragraph at lines 279--279
[][] 
 []

Package microtype Info: tracking amount list `slides.tex/279' will
(microtype)             override list `slides.tex/271(20)' for 
(microtype)             font `OT1////' on input line 279.
<../reports/results/accuracy_vs_total_energy_weighted.png, id=209, 711.6186pt x 497.4585pt>
File: ../reports/results/accuracy_vs_total_energy_weighted.png Graphic file (type png)
<use ../reports/results/accuracy_vs_total_energy_weighted.png>
Package pdftex.def Info: ../reports/results/accuracy_vs_total_energy_weighted.png  used on input line 279.
(pdftex.def)             Requested size: 307.28987pt x 214.81384pt.

Overfull \hbox (132.55334pt too wide) in paragraph at lines 279--279
[][] 
 []


Overfull \vbox (4.15457pt too high) detected at line 279
 []

Package microtype Info: tracking amount list `slides.tex/279(21)' will
(microtype)             override list `slides.tex/279' for 
(microtype)             font `OT1////' on input line 279.

Overfull \hbox (2.12503pt too wide) has occurred while \output is active
[][] 
 []

[22

 <../reports/results/accuracy_vs_total_energy_weighted.png>]
Overfull \hbox (2.12503pt too wide) in paragraph at lines 296--296
[][] 
 []

Package microtype Info: tracking amount list `slides.tex/296' will
(microtype)             override list `slides.tex/279(21)' for 
(microtype)             font `OT1////' on input line 296.

Overfull \hbox (132.55334pt too wide) in paragraph at lines 296--296
[][] 
 []

Package microtype Info: tracking amount list `slides.tex/296(22)' will
(microtype)             override list `slides.tex/296' for 
(microtype)             font `OT1////' on input line 296.

Overfull \hbox (2.12503pt too wide) has occurred while \output is active
[][] 
 []

[23

]
Overfull \hbox (2.12503pt too wide) in paragraph at lines 321--321
[][] 
 []

Package microtype Info: tracking amount list `slides.tex/321' will
(microtype)             override list `slides.tex/296(22)' for 
(microtype)             font `OT1////' on input line 321.

Overfull \hbox (132.55334pt too wide) in paragraph at lines 321--321
[][] 
 []

Package microtype Info: tracking amount list `slides.tex/321(23)' will
(microtype)             override list `slides.tex/321' for 
(microtype)             font `OT1////' on input line 321.

Overfull \hbox (2.12503pt too wide) has occurred while \output is active
[][] 
 []

[24

]
Overfull \hbox (2.12503pt too wide) in paragraph at lines 327--327
[][] 
 []

Package microtype Info: tracking amount list `slides.tex/327' will
(microtype)             override list `slides.tex/321(23)' for 
(microtype)             font `OT1////' on input line 327.
<inf-logo-white.pdf, id=225, 702.625pt x 389.455pt>
File: inf-logo-white.pdf Graphic file (type pdf)
<use inf-logo-white.pdf>
Package pdftex.def Info: inf-logo-white.pdf  used on input line 327.
(pdftex.def)             Requested size: 72.83795pt x 40.36806pt.

Overfull \hbox (132.55334pt too wide) in paragraph at lines 327--327
[][] 
 []

Package microtype Info: tracking amount list `slides.tex/327(24)' will
(microtype)             override list `slides.tex/327' for 
(microtype)             font `OT1////' on input line 327.

Overfull \hbox (2.12503pt too wide) has occurred while \output is active
[][] 
 []

[25

 <./inf-logo-white.pdf>]
\tf@nav=\write6
\openout6 = `slides.nav'.

\tf@toc=\write7
\openout7 = `slides.toc'.

\tf@snm=\write8
\openout8 = `slides.snm'.

 (slides.aux)
 ***********
LaTeX2e <2025-11-01>
L3 programming layer <2025-11-06>
 ***********
Package rerunfilecheck Info: File `slides.out' has not changed.
(rerunfilecheck)             Checksum: 3394C99D7B3B9310451231F297020C2C;1053.
 ) 
Here is how much of TeX's memory you used:
 26769 strings out of 467870
 515055 string characters out of 5428415
 922210 words of memory out of 5000000
 54871 multiletter control sequences out of 15000+600000
 708113 words of font info for 156 fonts, out of 8000000 for 9000
 1141 hyphenation exceptions out of 8191
 128i,19n,123p,1099b,700s stack positions out of 10000i,1000n,20000p,200000b,200000s
<C:/Program Files/MiKTeX/fonts/type1/public/lm/lmmi10.pfb><C:/Program Files/MiKTeX/fonts/type1/public/lm/lmr10.pfb><C:/Program Files/MiKTeX/fonts/type1/public/lm/lmss10.pfb><C:/Program Files/MiKTeX/fonts/type1/public/lm/lmss8.pfb><C:/Program Files/MiKTeX/fonts/type1/public/lm/lmssbx10.pfb><C:/Program Files/MiKTeX/fonts/type1/public/lm/lmsy10.pfb><C:/Program Files/MiKTeX/fonts/type1/public/lm/lmtt10.pfb><C:/Program Files/MiKTeX/fonts/type1/urw/helvetic/uhvb8a.pfb>
Output written on slides.pdf (25 pages, 4713127 bytes).
PDF statistics:
 295 PDF objects out of 1000 (max. 8388607)
 60 named destinations out of 1000 (max. 500000)
 43213 words of extra memory for PDF output out of 51595 (max. 10000000)

