2025-10-05 20:29:50,941 - INFO - ==================================================
2025-10-05 20:29:50,941 - INFO - EXPERIMENT CONFIGURATION
2025-10-05 20:29:50,941 - INFO - ==================================================
2025-10-05 20:29:50,941 - INFO - Model Name          : efficientnet_b0
2025-10-05 20:29:50,941 - INFO - Config File         : configs/pcad_config.yaml
2025-10-05 20:29:50,941 - INFO - Train Data          : /scratch/ehdmenezes//tiny-imagenet-200/train
2025-10-05 20:29:50,941 - INFO - Validation Data     : /scratch/ehdmenezes//tiny-imagenet-200/val
2025-10-05 20:29:50,941 - INFO - model_params        : {'num_classes': 200}
2025-10-05 20:29:50,941 - INFO - train_params        : {'epochs': 10, 'batch_size': 32, 'learning_rate': 0.001}
2025-10-05 20:29:50,941 - INFO - inference_params    : {'batch_size': 32}
2025-10-05 20:29:50,941 - INFO - ==================================================
2025-10-05 20:29:50,957 - INFO - Semente aleatória para esta execução foi fixada em: 52
2025-10-05 20:29:51,357 - INFO - Iniciando treinamento do modelo efficientnet_b0 no dispositivo cuda.
2025-10-05 20:34:20,681 - INFO - Época 1 concluída. Loss média: 4.4851
2025-10-05 20:34:20,687 - INFO - Iniciando inferência com o modelo EfficientNetB0...
2025-10-05 20:34:23,920 - INFO - ==================================================
2025-10-05 20:34:23,920 - INFO - EXPERIMENT RESULTS
2025-10-05 20:34:23,920 - INFO - ==================================================
2025-10-05 20:34:23,920 - INFO - Elapsed Time Seconds     : 3.2061
2025-10-05 20:34:23,920 - INFO - Cpu Usage Percent        : 4.7188
2025-10-05 20:34:23,920 - INFO - Ram Peak Usage Bytes     : 1490878464.0000
2025-10-05 20:34:23,920 - INFO - Vram Peak Usage Bytes    : 559713280.0000
2025-10-05 20:34:23,920 - INFO - Gpu Power Watts          : 201.5560
2025-10-05 20:34:23,920 - INFO - Gpu Temp Celsius         : 43.0000
2025-10-05 20:34:23,920 - INFO - Gpu Utilization Percent  : 61.0000
2025-10-05 20:34:23,920 - INFO - Disk Read Bytes          : 0.0000
2025-10-05 20:34:23,920 - INFO - Disk Write Bytes         : 0.0000
2025-10-05 20:34:23,920 - INFO - Accuracy                 : 0.0113
2025-10-05 20:34:23,920 - INFO - Precision                : 1.0000
2025-10-05 20:34:23,920 - INFO - Recall                   : 0.0113
2025-10-05 20:34:23,920 - INFO - F1 Score                 : 0.0223
2025-10-05 20:34:23,920 - INFO - ==================================================
2025-10-05 20:38:54,046 - INFO - Época 2 concluída. Loss média: 3.7275
2025-10-05 20:38:54,053 - INFO - Iniciando inferência com o modelo EfficientNetB0...
2025-10-05 20:38:58,474 - INFO - ==================================================
2025-10-05 20:38:58,474 - INFO - EXPERIMENT RESULTS
2025-10-05 20:38:58,474 - INFO - ==================================================
2025-10-05 20:38:58,474 - INFO - Elapsed Time Seconds     : 4.3939
2025-10-05 20:38:58,474 - INFO - Cpu Usage Percent        : 2.5375
2025-10-05 20:38:58,474 - INFO - Ram Peak Usage Bytes     : 1515601920.0000
2025-10-05 20:38:58,474 - INFO - Vram Peak Usage Bytes    : 559713280.0000
2025-10-05 20:38:58,474 - INFO - Gpu Power Watts          : 160.5930
2025-10-05 20:38:58,474 - INFO - Gpu Temp Celsius         : 42.0000
2025-10-05 20:38:58,474 - INFO - Gpu Utilization Percent  : 48.0000
2025-10-05 20:38:58,474 - INFO - Disk Read Bytes          : 0.0000
2025-10-05 20:38:58,474 - INFO - Disk Write Bytes         : 0.0000
2025-10-05 20:38:58,474 - INFO - Accuracy                 : 0.0053
2025-10-05 20:38:58,474 - INFO - Precision                : 1.0000
2025-10-05 20:38:58,474 - INFO - Recall                   : 0.0053
2025-10-05 20:38:58,474 - INFO - F1 Score                 : 0.0105
2025-10-05 20:38:58,474 - INFO - ==================================================
2025-10-05 20:43:15,666 - INFO - Época 3 concluída. Loss média: 3.2980
2025-10-05 20:43:15,673 - INFO - Iniciando inferência com o modelo EfficientNetB0...
2025-10-05 20:43:20,230 - INFO - ==================================================
2025-10-05 20:43:20,230 - INFO - EXPERIMENT RESULTS
2025-10-05 20:43:20,230 - INFO - ==================================================
2025-10-05 20:43:20,230 - INFO - Elapsed Time Seconds     : 4.5183
2025-10-05 20:43:20,230 - INFO - Cpu Usage Percent        : 2.8781
2025-10-05 20:43:20,230 - INFO - Ram Peak Usage Bytes     : 1515646976.0000
2025-10-05 20:43:20,230 - INFO - Vram Peak Usage Bytes    : 559713280.0000
2025-10-05 20:43:20,230 - INFO - Gpu Power Watts          : 161.0480
2025-10-05 20:43:20,230 - INFO - Gpu Temp Celsius         : 43.0000
2025-10-05 20:43:20,230 - INFO - Gpu Utilization Percent  : 39.0000
2025-10-05 20:43:20,230 - INFO - Disk Read Bytes          : 0.0000
2025-10-05 20:43:20,230 - INFO - Disk Write Bytes         : 0.0000
2025-10-05 20:43:20,230 - INFO - Accuracy                 : 0.0065
2025-10-05 20:43:20,230 - INFO - Precision                : 1.0000
2025-10-05 20:43:20,231 - INFO - Recall                   : 0.0065
2025-10-05 20:43:20,231 - INFO - F1 Score                 : 0.0129
2025-10-05 20:43:20,231 - INFO - ==================================================
2025-10-05 20:47:07,666 - INFO - Época 4 concluída. Loss média: 2.9639
2025-10-05 20:47:07,669 - INFO - Iniciando inferência com o modelo EfficientNetB0...
2025-10-05 20:47:12,185 - INFO - ==================================================
2025-10-05 20:47:12,186 - INFO - EXPERIMENT RESULTS
2025-10-05 20:47:12,186 - INFO - ==================================================
2025-10-05 20:47:12,186 - INFO - Elapsed Time Seconds     : 4.4781
2025-10-05 20:47:12,186 - INFO - Cpu Usage Percent        : 2.9875
2025-10-05 20:47:12,186 - INFO - Ram Peak Usage Bytes     : 1515704320.0000
2025-10-05 20:47:12,186 - INFO - Vram Peak Usage Bytes    : 559713280.0000
2025-10-05 20:47:12,186 - INFO - Gpu Power Watts          : 158.1680
2025-10-05 20:47:12,186 - INFO - Gpu Temp Celsius         : 43.0000
2025-10-05 20:47:12,186 - INFO - Gpu Utilization Percent  : 46.0000
2025-10-05 20:47:12,186 - INFO - Disk Read Bytes          : 0.0000
2025-10-05 20:47:12,186 - INFO - Disk Write Bytes         : 262144.0000
2025-10-05 20:47:12,186 - INFO - Accuracy                 : 0.0071
2025-10-05 20:47:12,186 - INFO - Precision                : 1.0000
2025-10-05 20:47:12,186 - INFO - Recall                   : 0.0071
2025-10-05 20:47:12,186 - INFO - F1 Score                 : 0.0141
2025-10-05 20:47:12,186 - INFO - ==================================================
2025-10-05 20:51:43,877 - INFO - Época 5 concluída. Loss média: 2.6965
2025-10-05 20:51:43,884 - INFO - Iniciando inferência com o modelo EfficientNetB0...
2025-10-05 20:51:48,463 - INFO - ==================================================
2025-10-05 20:51:48,463 - INFO - EXPERIMENT RESULTS
2025-10-05 20:51:48,463 - INFO - ==================================================
2025-10-05 20:51:48,463 - INFO - Elapsed Time Seconds     : 4.5403
2025-10-05 20:51:48,463 - INFO - Cpu Usage Percent        : 2.9531
2025-10-05 20:51:48,463 - INFO - Ram Peak Usage Bytes     : 1515708416.0000
2025-10-05 20:51:48,463 - INFO - Vram Peak Usage Bytes    : 559713280.0000
2025-10-05 20:51:48,464 - INFO - Gpu Power Watts          : 158.8590
2025-10-05 20:51:48,464 - INFO - Gpu Temp Celsius         : 42.0000
2025-10-05 20:51:48,464 - INFO - Gpu Utilization Percent  : 40.0000
2025-10-05 20:51:48,464 - INFO - Disk Read Bytes          : 0.0000
2025-10-05 20:51:48,464 - INFO - Disk Write Bytes         : 0.0000
2025-10-05 20:51:48,464 - INFO - Accuracy                 : 0.0071
2025-10-05 20:51:48,464 - INFO - Precision                : 1.0000
2025-10-05 20:51:48,464 - INFO - Recall                   : 0.0071
2025-10-05 20:51:48,464 - INFO - F1 Score                 : 0.0141
2025-10-05 20:51:48,464 - INFO - ==================================================
2025-10-05 20:56:16,418 - INFO - Época 6 concluída. Loss média: 2.4690
2025-10-05 20:56:16,425 - INFO - Iniciando inferência com o modelo EfficientNetB0...
2025-10-05 20:56:20,968 - INFO - ==================================================
2025-10-05 20:56:20,968 - INFO - EXPERIMENT RESULTS
2025-10-05 20:56:20,968 - INFO - ==================================================
2025-10-05 20:56:20,969 - INFO - Elapsed Time Seconds     : 4.5059
2025-10-05 20:56:20,969 - INFO - Cpu Usage Percent        : 2.9813
2025-10-05 20:56:20,969 - INFO - Ram Peak Usage Bytes     : 1515708416.0000
2025-10-05 20:56:20,969 - INFO - Vram Peak Usage Bytes    : 559713280.0000
2025-10-05 20:56:20,969 - INFO - Gpu Power Watts          : 161.2790
2025-10-05 20:56:20,969 - INFO - Gpu Temp Celsius         : 42.0000
2025-10-05 20:56:20,969 - INFO - Gpu Utilization Percent  : 42.0000
2025-10-05 20:56:20,969 - INFO - Disk Read Bytes          : 0.0000
2025-10-05 20:56:20,969 - INFO - Disk Write Bytes         : 81920.0000
2025-10-05 20:56:20,969 - INFO - Accuracy                 : 0.0061
2025-10-05 20:56:20,969 - INFO - Precision                : 1.0000
2025-10-05 20:56:20,969 - INFO - Recall                   : 0.0061
2025-10-05 20:56:20,969 - INFO - F1 Score                 : 0.0121
2025-10-05 20:56:20,969 - INFO - ==================================================
2025-10-05 21:00:51,480 - INFO - Época 7 concluída. Loss média: 2.2738
2025-10-05 21:00:51,487 - INFO - Iniciando inferência com o modelo EfficientNetB0...
2025-10-05 21:00:56,083 - INFO - ==================================================
2025-10-05 21:00:56,083 - INFO - EXPERIMENT RESULTS
2025-10-05 21:00:56,083 - INFO - ==================================================
2025-10-05 21:00:56,083 - INFO - Elapsed Time Seconds     : 4.5564
2025-10-05 21:00:56,083 - INFO - Cpu Usage Percent        : 2.9406
2025-10-05 21:00:56,083 - INFO - Ram Peak Usage Bytes     : 1515708416.0000
2025-10-05 21:00:56,083 - INFO - Vram Peak Usage Bytes    : 559713280.0000
2025-10-05 21:00:56,083 - INFO - Gpu Power Watts          : 159.5440
2025-10-05 21:00:56,083 - INFO - Gpu Temp Celsius         : 42.0000
2025-10-05 21:00:56,083 - INFO - Gpu Utilization Percent  : 42.0000
2025-10-05 21:00:56,083 - INFO - Disk Read Bytes          : 0.0000
2025-10-05 21:00:56,083 - INFO - Disk Write Bytes         : 0.0000
2025-10-05 21:00:56,083 - INFO - Accuracy                 : 0.0046
2025-10-05 21:00:56,083 - INFO - Precision                : 1.0000
2025-10-05 21:00:56,083 - INFO - Recall                   : 0.0046
2025-10-05 21:00:56,084 - INFO - F1 Score                 : 0.0092
2025-10-05 21:00:56,084 - INFO - ==================================================
2025-10-05 21:05:33,313 - INFO - Época 8 concluída. Loss média: 2.0896
2025-10-05 21:05:33,320 - INFO - Iniciando inferência com o modelo EfficientNetB0...
2025-10-05 21:05:37,883 - INFO - ==================================================
2025-10-05 21:05:37,883 - INFO - EXPERIMENT RESULTS
2025-10-05 21:05:37,883 - INFO - ==================================================
2025-10-05 21:05:37,883 - INFO - Elapsed Time Seconds     : 4.5239
2025-10-05 21:05:37,883 - INFO - Cpu Usage Percent        : 2.9688
2025-10-05 21:05:37,883 - INFO - Ram Peak Usage Bytes     : 1515708416.0000
2025-10-05 21:05:37,883 - INFO - Vram Peak Usage Bytes    : 559713280.0000
2025-10-05 21:05:37,883 - INFO - Gpu Power Watts          : 161.3310
2025-10-05 21:05:37,884 - INFO - Gpu Temp Celsius         : 42.0000
2025-10-05 21:05:37,884 - INFO - Gpu Utilization Percent  : 42.0000
2025-10-05 21:05:37,884 - INFO - Disk Read Bytes          : 0.0000
2025-10-05 21:05:37,884 - INFO - Disk Write Bytes         : 0.0000
2025-10-05 21:05:37,884 - INFO - Accuracy                 : 0.0063
2025-10-05 21:05:37,884 - INFO - Precision                : 1.0000
2025-10-05 21:05:37,884 - INFO - Recall                   : 0.0063
2025-10-05 21:05:37,884 - INFO - F1 Score                 : 0.0125
2025-10-05 21:05:37,884 - INFO - ==================================================
2025-10-05 21:09:49,295 - INFO - Época 9 concluída. Loss média: 1.9170
2025-10-05 21:09:49,299 - INFO - Iniciando inferência com o modelo EfficientNetB0...
2025-10-05 21:09:53,832 - INFO - ==================================================
2025-10-05 21:09:53,832 - INFO - EXPERIMENT RESULTS
2025-10-05 21:09:53,832 - INFO - ==================================================
2025-10-05 21:09:53,833 - INFO - Elapsed Time Seconds     : 4.4963
2025-10-05 21:09:53,833 - INFO - Cpu Usage Percent        : 2.9875
2025-10-05 21:09:53,833 - INFO - Ram Peak Usage Bytes     : 1515749376.0000
2025-10-05 21:09:53,833 - INFO - Vram Peak Usage Bytes    : 559713280.0000
2025-10-05 21:09:53,833 - INFO - Gpu Power Watts          : 158.8240
2025-10-05 21:09:53,833 - INFO - Gpu Temp Celsius         : 43.0000
2025-10-05 21:09:53,833 - INFO - Gpu Utilization Percent  : 39.0000
2025-10-05 21:09:53,833 - INFO - Disk Read Bytes          : 0.0000
2025-10-05 21:09:53,833 - INFO - Disk Write Bytes         : 0.0000
2025-10-05 21:09:53,833 - INFO - Accuracy                 : 0.0073
2025-10-05 21:09:53,833 - INFO - Precision                : 1.0000
2025-10-05 21:09:53,833 - INFO - Recall                   : 0.0073
2025-10-05 21:09:53,833 - INFO - F1 Score                 : 0.0145
2025-10-05 21:09:53,833 - INFO - ==================================================
2025-10-05 21:14:25,716 - INFO - Época 10 concluída. Loss média: 1.7483
2025-10-05 21:14:25,723 - INFO - Iniciando inferência com o modelo EfficientNetB0...
2025-10-05 21:14:30,262 - INFO - ==================================================
2025-10-05 21:14:30,263 - INFO - EXPERIMENT RESULTS
2025-10-05 21:14:30,263 - INFO - ==================================================
2025-10-05 21:14:30,263 - INFO - Elapsed Time Seconds     : 4.5008
2025-10-05 21:14:30,263 - INFO - Cpu Usage Percent        : 2.9844
2025-10-05 21:14:30,263 - INFO - Ram Peak Usage Bytes     : 1515712512.0000
2025-10-05 21:14:30,263 - INFO - Vram Peak Usage Bytes    : 559713280.0000
2025-10-05 21:14:30,263 - INFO - Gpu Power Watts          : 162.3020
2025-10-05 21:14:30,263 - INFO - Gpu Temp Celsius         : 43.0000
2025-10-05 21:14:30,263 - INFO - Gpu Utilization Percent  : 39.0000
2025-10-05 21:14:30,263 - INFO - Disk Read Bytes          : 0.0000
2025-10-05 21:14:30,263 - INFO - Disk Write Bytes         : 0.0000
2025-10-05 21:14:30,263 - INFO - Accuracy                 : 0.0087
2025-10-05 21:14:30,263 - INFO - Precision                : 1.0000
2025-10-05 21:14:30,263 - INFO - Recall                   : 0.0087
2025-10-05 21:14:30,263 - INFO - F1 Score                 : 0.0172
2025-10-05 21:14:30,263 - INFO - ==================================================
2025-10-05 21:14:30,265 - INFO - Métricas de performance do treinamento:
2025-10-05 21:14:30,265 - INFO - ==================================================
2025-10-05 21:14:30,265 - INFO - EXPERIMENT RESULTS
2025-10-05 21:14:30,265 - INFO - ==================================================
2025-10-05 21:14:30,265 - INFO - Elapsed Time Seconds     : 2678.9060
2025-10-05 21:14:30,265 - INFO - Cpu Usage Percent        : 3.3031
2025-10-05 21:14:30,265 - INFO - Ram Peak Usage Bytes     : 1515712512.0000
2025-10-05 21:14:30,265 - INFO - Vram Peak Usage Bytes    : 559713280.0000
2025-10-05 21:14:30,265 - INFO - Gpu Power Watts          : 162.3020
2025-10-05 21:14:30,265 - INFO - Gpu Temp Celsius         : 42.0000
2025-10-05 21:14:30,265 - INFO - Gpu Utilization Percent  : 39.0000
2025-10-05 21:14:30,265 - INFO - Disk Read Bytes          : 622592.0000
2025-10-05 21:14:30,265 - INFO - Disk Write Bytes         : 13266944.0000
2025-10-05 21:14:30,265 - INFO - ==================================================
2025-10-05 21:14:30,698 - INFO - Modelo salvo em: trained_models/efficientnet_b0_final.pth
2025-10-05 21:14:30,711 - INFO - Pipeline de treinamento concluído. Modelo salvo em: trained_models/efficientnet_b0_final.pth
2025-10-05 21:14:30,711 - INFO - Iniciando pipeline de inferência para avaliação final no conjunto de validação...
2025-10-05 21:14:30,945 - INFO - Iniciando inferência com o modelo EfficientNetB0...
2025-10-05 21:14:35,939 - INFO - ==================================================
2025-10-05 21:14:35,939 - INFO - EXPERIMENT RESULTS
2025-10-05 21:14:35,939 - INFO - ==================================================
2025-10-05 21:14:35,939 - INFO - Elapsed Time Seconds     : 4.9561
2025-10-05 21:14:35,939 - INFO - Cpu Usage Percent        : 3.5562
2025-10-05 21:14:35,939 - INFO - Ram Peak Usage Bytes     : 1543553024.0000
2025-10-05 21:14:35,939 - INFO - Vram Peak Usage Bytes    : 451529216.0000
2025-10-05 21:14:35,939 - INFO - Gpu Power Watts          : 148.9120
2025-10-05 21:14:35,940 - INFO - Gpu Temp Celsius         : 41.0000
2025-10-05 21:14:35,940 - INFO - Gpu Utilization Percent  : 29.0000
2025-10-05 21:14:35,940 - INFO - Disk Read Bytes          : 0.0000
2025-10-05 21:14:35,940 - INFO - Disk Write Bytes         : 65536.0000
2025-10-05 21:14:35,940 - INFO - Accuracy                 : 0.0087
2025-10-05 21:14:35,940 - INFO - Precision                : 1.0000
2025-10-05 21:14:35,940 - INFO - Recall                   : 0.0087
2025-10-05 21:14:35,940 - INFO - F1 Score                 : 0.0172
2025-10-05 21:14:35,940 - INFO - ==================================================
2025-10-05 21:14:35,940 - INFO - Projeto executado com sucesso!
