2025-10-05 20:30:02,879 - INFO - ==================================================
2025-10-05 20:30:02,879 - INFO - EXPERIMENT CONFIGURATION
2025-10-05 20:30:02,879 - INFO - ==================================================
2025-10-05 20:30:02,879 - INFO - Model Name          : efficientnet_b0
2025-10-05 20:30:02,879 - INFO - Config File         : configs/pcad_config.yaml
2025-10-05 20:30:02,879 - INFO - Train Data          : /scratch/ehdmenezes//tiny-imagenet-200/train
2025-10-05 20:30:02,879 - INFO - Validation Data     : /scratch/ehdmenezes//tiny-imagenet-200/val
2025-10-05 20:30:02,879 - INFO - model_params        : {'num_classes': 200}
2025-10-05 20:30:02,879 - INFO - train_params        : {'epochs': 10, 'batch_size': 32, 'learning_rate': 0.001}
2025-10-05 20:30:02,879 - INFO - inference_params    : {'batch_size': 32}
2025-10-05 20:30:02,879 - INFO - ==================================================
2025-10-05 20:30:02,902 - INFO - Semente aleatória para esta execução foi fixada em: 42
2025-10-05 20:30:03,509 - INFO - Iniciando treinamento do modelo efficientnet_b0 no dispositivo cuda.
2025-10-05 20:35:49,613 - INFO - Época 1 concluída. Loss média: 4.4776
2025-10-05 20:35:49,619 - INFO - Iniciando inferência com o modelo EfficientNetB0...
2025-10-05 20:35:56,143 - INFO - ==================================================
2025-10-05 20:35:56,144 - INFO - EXPERIMENT RESULTS
2025-10-05 20:35:56,144 - INFO - ==================================================
2025-10-05 20:35:56,144 - INFO - Elapsed Time Seconds     : 6.4655
2025-10-05 20:35:56,144 - INFO - Cpu Usage Percent        : 7.7250
2025-10-05 20:35:56,144 - INFO - Ram Peak Usage Bytes     : 1488908288.0000
2025-10-05 20:35:56,144 - INFO - Vram Peak Usage Bytes    : 559713280.0000
2025-10-05 20:35:56,144 - INFO - Gpu Power Watts          : 113.1510
2025-10-05 20:35:56,144 - INFO - Gpu Temp Celsius         : 31.0000
2025-10-05 20:35:56,144 - INFO - Gpu Utilization Percent  : 20.0000
2025-10-05 20:35:56,144 - INFO - Disk Read Bytes          : 0.0000
2025-10-05 20:35:56,144 - INFO - Disk Write Bytes         : 94208.0000
2025-10-05 20:35:56,144 - INFO - Accuracy                 : 0.0036
2025-10-05 20:35:56,144 - INFO - Precision                : 1.0000
2025-10-05 20:35:56,144 - INFO - Recall                   : 0.0036
2025-10-05 20:35:56,144 - INFO - F1 Score                 : 0.0072
2025-10-05 20:35:56,144 - INFO - ==================================================
2025-10-05 20:41:51,928 - INFO - Época 2 concluída. Loss média: 3.7098
2025-10-05 20:41:51,933 - INFO - Iniciando inferência com o modelo EfficientNetB0...
2025-10-05 20:41:58,440 - INFO - ==================================================
2025-10-05 20:41:58,440 - INFO - EXPERIMENT RESULTS
2025-10-05 20:41:58,440 - INFO - ==================================================
2025-10-05 20:41:58,440 - INFO - Elapsed Time Seconds     : 6.4575
2025-10-05 20:41:58,440 - INFO - Cpu Usage Percent        : 7.4313
2025-10-05 20:41:58,440 - INFO - Ram Peak Usage Bytes     : 1539342336.0000
2025-10-05 20:41:58,441 - INFO - Vram Peak Usage Bytes    : 559713280.0000
2025-10-05 20:41:58,441 - INFO - Gpu Power Watts          : 117.0190
2025-10-05 20:41:58,441 - INFO - Gpu Temp Celsius         : 33.0000
2025-10-05 20:41:58,441 - INFO - Gpu Utilization Percent  : 38.0000
2025-10-05 20:41:58,441 - INFO - Disk Read Bytes          : 0.0000
2025-10-05 20:41:58,441 - INFO - Disk Write Bytes         : 1118208.0000
2025-10-05 20:41:58,441 - INFO - Accuracy                 : 0.0098
2025-10-05 20:41:58,441 - INFO - Precision                : 1.0000
2025-10-05 20:41:58,441 - INFO - Recall                   : 0.0098
2025-10-05 20:41:58,441 - INFO - F1 Score                 : 0.0194
2025-10-05 20:41:58,441 - INFO - ==================================================
2025-10-05 20:47:53,951 - INFO - Época 3 concluída. Loss média: 3.2824
2025-10-05 20:47:53,957 - INFO - Iniciando inferência com o modelo EfficientNetB0...
2025-10-05 20:48:00,513 - INFO - ==================================================
2025-10-05 20:48:00,513 - INFO - EXPERIMENT RESULTS
2025-10-05 20:48:00,513 - INFO - ==================================================
2025-10-05 20:48:00,513 - INFO - Elapsed Time Seconds     : 6.5077
2025-10-05 20:48:00,513 - INFO - Cpu Usage Percent        : 7.4625
2025-10-05 20:48:00,513 - INFO - Ram Peak Usage Bytes     : 1541513216.0000
2025-10-05 20:48:00,513 - INFO - Vram Peak Usage Bytes    : 559713280.0000
2025-10-05 20:48:00,513 - INFO - Gpu Power Watts          : 116.0330
2025-10-05 20:48:00,513 - INFO - Gpu Temp Celsius         : 33.0000
2025-10-05 20:48:00,513 - INFO - Gpu Utilization Percent  : 38.0000
2025-10-05 20:48:00,513 - INFO - Disk Read Bytes          : 0.0000
2025-10-05 20:48:00,513 - INFO - Disk Write Bytes         : 1527808.0000
2025-10-05 20:48:00,513 - INFO - Accuracy                 : 0.0088
2025-10-05 20:48:00,514 - INFO - Precision                : 1.0000
2025-10-05 20:48:00,514 - INFO - Recall                   : 0.0088
2025-10-05 20:48:00,514 - INFO - F1 Score                 : 0.0174
2025-10-05 20:48:00,514 - INFO - ==================================================
2025-10-05 20:53:56,061 - INFO - Época 4 concluída. Loss média: 2.9472
2025-10-05 20:53:56,067 - INFO - Iniciando inferência com o modelo EfficientNetB0...
2025-10-05 20:54:02,724 - INFO - ==================================================
2025-10-05 20:54:02,725 - INFO - EXPERIMENT RESULTS
2025-10-05 20:54:02,725 - INFO - ==================================================
2025-10-05 20:54:02,725 - INFO - Elapsed Time Seconds     : 6.6095
2025-10-05 20:54:02,725 - INFO - Cpu Usage Percent        : 7.3312
2025-10-05 20:54:02,725 - INFO - Ram Peak Usage Bytes     : 1541525504.0000
2025-10-05 20:54:02,725 - INFO - Vram Peak Usage Bytes    : 559713280.0000
2025-10-05 20:54:02,725 - INFO - Gpu Power Watts          : 116.8010
2025-10-05 20:54:02,725 - INFO - Gpu Temp Celsius         : 32.0000
2025-10-05 20:54:02,725 - INFO - Gpu Utilization Percent  : 38.0000
2025-10-05 20:54:02,725 - INFO - Disk Read Bytes          : 0.0000
2025-10-05 20:54:02,725 - INFO - Disk Write Bytes         : 638976.0000
2025-10-05 20:54:02,725 - INFO - Accuracy                 : 0.0058
2025-10-05 20:54:02,725 - INFO - Precision                : 1.0000
2025-10-05 20:54:02,725 - INFO - Recall                   : 0.0058
2025-10-05 20:54:02,725 - INFO - F1 Score                 : 0.0115
2025-10-05 20:54:02,726 - INFO - ==================================================
2025-10-05 21:00:00,183 - INFO - Época 5 concluída. Loss média: 2.6726
2025-10-05 21:00:00,188 - INFO - Iniciando inferência com o modelo EfficientNetB0...
2025-10-05 21:00:06,733 - INFO - ==================================================
2025-10-05 21:00:06,734 - INFO - EXPERIMENT RESULTS
2025-10-05 21:00:06,734 - INFO - ==================================================
2025-10-05 21:00:06,734 - INFO - Elapsed Time Seconds     : 6.4967
2025-10-05 21:00:06,734 - INFO - Cpu Usage Percent        : 7.3812
2025-10-05 21:00:06,734 - INFO - Ram Peak Usage Bytes     : 1541574656.0000
2025-10-05 21:00:06,734 - INFO - Vram Peak Usage Bytes    : 559713280.0000
2025-10-05 21:00:06,734 - INFO - Gpu Power Watts          : 114.9810
2025-10-05 21:00:06,734 - INFO - Gpu Temp Celsius         : 33.0000
2025-10-05 21:00:06,734 - INFO - Gpu Utilization Percent  : 35.0000
2025-10-05 21:00:06,734 - INFO - Disk Read Bytes          : 0.0000
2025-10-05 21:00:06,734 - INFO - Disk Write Bytes         : 90112.0000
2025-10-05 21:00:06,734 - INFO - Accuracy                 : 0.0064
2025-10-05 21:00:06,734 - INFO - Precision                : 1.0000
2025-10-05 21:00:06,734 - INFO - Recall                   : 0.0064
2025-10-05 21:00:06,734 - INFO - F1 Score                 : 0.0127
2025-10-05 21:00:06,734 - INFO - ==================================================
2025-10-05 21:06:02,081 - INFO - Época 6 concluída. Loss média: 2.4460
2025-10-05 21:06:02,087 - INFO - Iniciando inferência com o modelo EfficientNetB0...
2025-10-05 21:06:08,640 - INFO - ==================================================
2025-10-05 21:06:08,640 - INFO - EXPERIMENT RESULTS
2025-10-05 21:06:08,640 - INFO - ==================================================
2025-10-05 21:06:08,640 - INFO - Elapsed Time Seconds     : 6.5052
2025-10-05 21:06:08,641 - INFO - Cpu Usage Percent        : 7.3812
2025-10-05 21:06:08,641 - INFO - Ram Peak Usage Bytes     : 1541586944.0000
2025-10-05 21:06:08,641 - INFO - Vram Peak Usage Bytes    : 559713280.0000
2025-10-05 21:06:08,641 - INFO - Gpu Power Watts          : 115.1170
2025-10-05 21:06:08,641 - INFO - Gpu Temp Celsius         : 33.0000
2025-10-05 21:06:08,641 - INFO - Gpu Utilization Percent  : 33.0000
2025-10-05 21:06:08,641 - INFO - Disk Read Bytes          : 0.0000
2025-10-05 21:06:08,641 - INFO - Disk Write Bytes         : 1032192.0000
2025-10-05 21:06:08,641 - INFO - Accuracy                 : 0.0084
2025-10-05 21:06:08,641 - INFO - Precision                : 1.0000
2025-10-05 21:06:08,641 - INFO - Recall                   : 0.0084
2025-10-05 21:06:08,641 - INFO - F1 Score                 : 0.0167
2025-10-05 21:06:08,641 - INFO - ==================================================
2025-10-05 21:12:04,789 - INFO - Época 7 concluída. Loss média: 2.2437
2025-10-05 21:12:04,794 - INFO - Iniciando inferência com o modelo EfficientNetB0...
2025-10-05 21:12:11,425 - INFO - ==================================================
2025-10-05 21:12:11,425 - INFO - EXPERIMENT RESULTS
2025-10-05 21:12:11,425 - INFO - ==================================================
2025-10-05 21:12:11,425 - INFO - Elapsed Time Seconds     : 6.5819
2025-10-05 21:12:11,425 - INFO - Cpu Usage Percent        : 7.3688
2025-10-05 21:12:11,425 - INFO - Ram Peak Usage Bytes     : 1541586944.0000
2025-10-05 21:12:11,425 - INFO - Vram Peak Usage Bytes    : 559713280.0000
2025-10-05 21:12:11,425 - INFO - Gpu Power Watts          : 112.8600
2025-10-05 21:12:11,425 - INFO - Gpu Temp Celsius         : 33.0000
2025-10-05 21:12:11,425 - INFO - Gpu Utilization Percent  : 36.0000
2025-10-05 21:12:11,426 - INFO - Disk Read Bytes          : 0.0000
2025-10-05 21:12:11,426 - INFO - Disk Write Bytes         : 102400.0000
2025-10-05 21:12:11,426 - INFO - Accuracy                 : 0.0047
2025-10-05 21:12:11,426 - INFO - Precision                : 1.0000
2025-10-05 21:12:11,426 - INFO - Recall                   : 0.0047
2025-10-05 21:12:11,426 - INFO - F1 Score                 : 0.0094
2025-10-05 21:12:11,426 - INFO - ==================================================
2025-10-05 21:18:08,280 - INFO - Época 8 concluída. Loss média: 2.0595
2025-10-05 21:18:08,286 - INFO - Iniciando inferência com o modelo EfficientNetB0...
2025-10-05 21:18:14,832 - INFO - ==================================================
2025-10-05 21:18:14,832 - INFO - EXPERIMENT RESULTS
2025-10-05 21:18:14,832 - INFO - ==================================================
2025-10-05 21:18:14,832 - INFO - Elapsed Time Seconds     : 6.4977
2025-10-05 21:18:14,832 - INFO - Cpu Usage Percent        : 7.4562
2025-10-05 21:18:14,832 - INFO - Ram Peak Usage Bytes     : 1541591040.0000
2025-10-05 21:18:14,832 - INFO - Vram Peak Usage Bytes    : 559713280.0000
2025-10-05 21:18:14,832 - INFO - Gpu Power Watts          : 114.9090
2025-10-05 21:18:14,832 - INFO - Gpu Temp Celsius         : 33.0000
2025-10-05 21:18:14,832 - INFO - Gpu Utilization Percent  : 34.0000
2025-10-05 21:18:14,832 - INFO - Disk Read Bytes          : 0.0000
2025-10-05 21:18:14,832 - INFO - Disk Write Bytes         : 1380352.0000
2025-10-05 21:18:14,833 - INFO - Accuracy                 : 0.0042
2025-10-05 21:18:14,833 - INFO - Precision                : 1.0000
2025-10-05 21:18:14,833 - INFO - Recall                   : 0.0042
2025-10-05 21:18:14,833 - INFO - F1 Score                 : 0.0084
2025-10-05 21:18:14,833 - INFO - ==================================================
2025-10-05 21:24:10,980 - INFO - Época 9 concluída. Loss média: 1.8793
2025-10-05 21:24:10,985 - INFO - Iniciando inferência com o modelo EfficientNetB0...
2025-10-05 21:24:17,606 - INFO - ==================================================
2025-10-05 21:24:17,606 - INFO - EXPERIMENT RESULTS
2025-10-05 21:24:17,607 - INFO - ==================================================
2025-10-05 21:24:17,607 - INFO - Elapsed Time Seconds     : 6.5725
2025-10-05 21:24:17,607 - INFO - Cpu Usage Percent        : 7.2562
2025-10-05 21:24:17,607 - INFO - Ram Peak Usage Bytes     : 1541591040.0000
2025-10-05 21:24:17,607 - INFO - Vram Peak Usage Bytes    : 559713280.0000
2025-10-05 21:24:17,607 - INFO - Gpu Power Watts          : 113.5480
2025-10-05 21:24:17,607 - INFO - Gpu Temp Celsius         : 32.0000
2025-10-05 21:24:17,607 - INFO - Gpu Utilization Percent  : 32.0000
2025-10-05 21:24:17,607 - INFO - Disk Read Bytes          : 0.0000
2025-10-05 21:24:17,607 - INFO - Disk Write Bytes         : 1871872.0000
2025-10-05 21:24:17,607 - INFO - Accuracy                 : 0.0045
2025-10-05 21:24:17,607 - INFO - Precision                : 1.0000
2025-10-05 21:24:17,607 - INFO - Recall                   : 0.0045
2025-10-05 21:24:17,607 - INFO - F1 Score                 : 0.0090
2025-10-05 21:24:17,607 - INFO - ==================================================
2025-10-05 21:30:13,103 - INFO - Época 10 concluída. Loss média: 1.7036
2025-10-05 21:30:13,109 - INFO - Iniciando inferência com o modelo EfficientNetB0...
2025-10-05 21:30:19,641 - INFO - ==================================================
2025-10-05 21:30:19,641 - INFO - EXPERIMENT RESULTS
2025-10-05 21:30:19,641 - INFO - ==================================================
2025-10-05 21:30:19,641 - INFO - Elapsed Time Seconds     : 6.4836
2025-10-05 21:30:19,641 - INFO - Cpu Usage Percent        : 7.4250
2025-10-05 21:30:19,641 - INFO - Ram Peak Usage Bytes     : 1541591040.0000
2025-10-05 21:30:19,641 - INFO - Vram Peak Usage Bytes    : 559713280.0000
2025-10-05 21:30:19,641 - INFO - Gpu Power Watts          : 116.2360
2025-10-05 21:30:19,642 - INFO - Gpu Temp Celsius         : 33.0000
2025-10-05 21:30:19,642 - INFO - Gpu Utilization Percent  : 35.0000
2025-10-05 21:30:19,642 - INFO - Disk Read Bytes          : 0.0000
2025-10-05 21:30:19,642 - INFO - Disk Write Bytes         : 1581056.0000
2025-10-05 21:30:19,642 - INFO - Accuracy                 : 0.0058
2025-10-05 21:30:19,642 - INFO - Precision                : 1.0000
2025-10-05 21:30:19,642 - INFO - Recall                   : 0.0058
2025-10-05 21:30:19,642 - INFO - F1 Score                 : 0.0115
2025-10-05 21:30:19,642 - INFO - ==================================================
2025-10-05 21:30:19,643 - INFO - Métricas de performance do treinamento:
2025-10-05 21:30:19,643 - INFO - ==================================================
2025-10-05 21:30:19,643 - INFO - EXPERIMENT RESULTS
2025-10-05 21:30:19,643 - INFO - ==================================================
2025-10-05 21:30:19,643 - INFO - Elapsed Time Seconds     : 3616.1318
2025-10-05 21:30:19,643 - INFO - Cpu Usage Percent        : 6.7875
2025-10-05 21:30:19,643 - INFO - Ram Peak Usage Bytes     : 1541591040.0000
2025-10-05 21:30:19,643 - INFO - Vram Peak Usage Bytes    : 559713280.0000
2025-10-05 21:30:19,643 - INFO - Gpu Power Watts          : 116.2360
2025-10-05 21:30:19,643 - INFO - Gpu Temp Celsius         : 32.0000
2025-10-05 21:30:19,644 - INFO - Gpu Utilization Percent  : 35.0000
2025-10-05 21:30:19,644 - INFO - Disk Read Bytes          : 0.0000
2025-10-05 21:30:19,644 - INFO - Disk Write Bytes         : 337350656.0000
2025-10-05 21:30:19,644 - INFO - ==================================================
2025-10-05 21:30:20,020 - INFO - Modelo salvo em: trained_models/efficientnet_b0_final.pth
2025-10-05 21:30:20,039 - INFO - Pipeline de treinamento concluído. Modelo salvo em: trained_models/efficientnet_b0_final.pth
2025-10-05 21:30:20,040 - INFO - Iniciando pipeline de inferência para avaliação final no conjunto de validação...
2025-10-05 21:30:20,524 - INFO - Iniciando inferência com o modelo EfficientNetB0...
2025-10-05 21:30:27,078 - INFO - ==================================================
2025-10-05 21:30:27,078 - INFO - EXPERIMENT RESULTS
2025-10-05 21:30:27,078 - INFO - ==================================================
2025-10-05 21:30:27,078 - INFO - Elapsed Time Seconds     : 6.5065
2025-10-05 21:30:27,078 - INFO - Cpu Usage Percent        : 7.3000
2025-10-05 21:30:27,079 - INFO - Ram Peak Usage Bytes     : 1566871552.0000
2025-10-05 21:30:27,079 - INFO - Vram Peak Usage Bytes    : 451529216.0000
2025-10-05 21:30:27,079 - INFO - Gpu Power Watts          : 114.3330
2025-10-05 21:30:27,079 - INFO - Gpu Temp Celsius         : 33.0000
2025-10-05 21:30:27,079 - INFO - Gpu Utilization Percent  : 32.0000
2025-10-05 21:30:27,079 - INFO - Disk Read Bytes          : 0.0000
2025-10-05 21:30:27,079 - INFO - Disk Write Bytes         : 1212416.0000
2025-10-05 21:30:27,079 - INFO - Accuracy                 : 0.0058
2025-10-05 21:30:27,079 - INFO - Precision                : 1.0000
2025-10-05 21:30:27,079 - INFO - Recall                   : 0.0058
2025-10-05 21:30:27,079 - INFO - F1 Score                 : 0.0115
2025-10-05 21:30:27,079 - INFO - ==================================================
2025-10-05 21:30:27,079 - INFO - Projeto executado com sucesso!
