2025-10-05 21:31:34,874 - INFO - ==================================================
2025-10-05 21:31:34,875 - INFO - EXPERIMENT CONFIGURATION
2025-10-05 21:31:34,875 - INFO - ==================================================
2025-10-05 21:31:34,875 - INFO - Model Name          : efficientnet_b0
2025-10-05 21:31:34,875 - INFO - Config File         : configs/pcad_config.yaml
2025-10-05 21:31:34,875 - INFO - Train Data          : /scratch/ehdmenezes//tiny-imagenet-200/train
2025-10-05 21:31:34,875 - INFO - Validation Data     : /scratch/ehdmenezes//tiny-imagenet-200/val
2025-10-05 21:31:34,875 - INFO - model_params        : {'num_classes': 200}
2025-10-05 21:31:34,875 - INFO - train_params        : {'epochs': 10, 'batch_size': 32, 'learning_rate': 0.001}
2025-10-05 21:31:34,875 - INFO - inference_params    : {'batch_size': 32}
2025-10-05 21:31:34,875 - INFO - ==================================================
2025-10-05 21:31:34,892 - INFO - Semente aleatória para esta execução foi fixada em: 82
2025-10-05 21:31:35,286 - INFO - Iniciando treinamento do modelo efficientnet_b0 no dispositivo cuda.
2025-10-05 21:35:43,286 - INFO - Época 1 concluída. Loss média: 4.4852
2025-10-05 21:35:43,291 - INFO - Iniciando inferência com o modelo EfficientNetB0...
2025-10-05 21:35:46,807 - INFO - ==================================================
2025-10-05 21:35:46,807 - INFO - EXPERIMENT RESULTS
2025-10-05 21:35:46,807 - INFO - ==================================================
2025-10-05 21:35:46,807 - INFO - Elapsed Time Seconds     : 3.4924
2025-10-05 21:35:46,807 - INFO - Cpu Usage Percent        : 2.9250
2025-10-05 21:35:46,807 - INFO - Ram Peak Usage Bytes     : 1493237760.0000
2025-10-05 21:35:46,807 - INFO - Vram Peak Usage Bytes    : 559713280.0000
2025-10-05 21:35:46,807 - INFO - Gpu Power Watts          : 193.0340
2025-10-05 21:35:46,807 - INFO - Gpu Temp Celsius         : 53.0000
2025-10-05 21:35:46,807 - INFO - Gpu Utilization Percent  : 60.0000
2025-10-05 21:35:46,807 - INFO - Disk Read Bytes          : 0.0000
2025-10-05 21:35:46,807 - INFO - Disk Write Bytes         : 16384.0000
2025-10-05 21:35:46,807 - INFO - Accuracy                 : 0.0084
2025-10-05 21:35:46,807 - INFO - Precision                : 1.0000
2025-10-05 21:35:46,807 - INFO - Recall                   : 0.0084
2025-10-05 21:35:46,807 - INFO - F1 Score                 : 0.0167
2025-10-05 21:35:46,807 - INFO - ==================================================
2025-10-05 21:39:55,144 - INFO - Época 2 concluída. Loss média: 3.7707
2025-10-05 21:39:55,148 - INFO - Iniciando inferência com o modelo EfficientNetB0...
2025-10-05 21:39:58,638 - INFO - ==================================================
2025-10-05 21:39:58,638 - INFO - EXPERIMENT RESULTS
2025-10-05 21:39:58,638 - INFO - ==================================================
2025-10-05 21:39:58,638 - INFO - Elapsed Time Seconds     : 3.4665
2025-10-05 21:39:58,638 - INFO - Cpu Usage Percent        : 4.0031
2025-10-05 21:39:58,638 - INFO - Ram Peak Usage Bytes     : 1537392640.0000
2025-10-05 21:39:58,638 - INFO - Vram Peak Usage Bytes    : 559713280.0000
2025-10-05 21:39:58,638 - INFO - Gpu Power Watts          : 197.1150
2025-10-05 21:39:58,638 - INFO - Gpu Temp Celsius         : 54.0000
2025-10-05 21:39:58,638 - INFO - Gpu Utilization Percent  : 53.0000
2025-10-05 21:39:58,638 - INFO - Disk Read Bytes          : 0.0000
2025-10-05 21:39:58,638 - INFO - Disk Write Bytes         : 0.0000
2025-10-05 21:39:58,638 - INFO - Accuracy                 : 0.0123
2025-10-05 21:39:58,638 - INFO - Precision                : 1.0000
2025-10-05 21:39:58,638 - INFO - Recall                   : 0.0123
2025-10-05 21:39:58,638 - INFO - F1 Score                 : 0.0243
2025-10-05 21:39:58,638 - INFO - ==================================================
2025-10-05 21:43:53,402 - INFO - Época 3 concluída. Loss média: 3.3432
2025-10-05 21:43:53,406 - INFO - Iniciando inferência com o modelo EfficientNetB0...
2025-10-05 21:43:56,841 - INFO - ==================================================
2025-10-05 21:43:56,842 - INFO - EXPERIMENT RESULTS
2025-10-05 21:43:56,842 - INFO - ==================================================
2025-10-05 21:43:56,842 - INFO - Elapsed Time Seconds     : 3.4116
2025-10-05 21:43:56,842 - INFO - Cpu Usage Percent        : 2.9937
2025-10-05 21:43:56,842 - INFO - Ram Peak Usage Bytes     : 1542721536.0000
2025-10-05 21:43:56,842 - INFO - Vram Peak Usage Bytes    : 559713280.0000
2025-10-05 21:43:56,842 - INFO - Gpu Power Watts          : 195.0570
2025-10-05 21:43:56,842 - INFO - Gpu Temp Celsius         : 55.0000
2025-10-05 21:43:56,842 - INFO - Gpu Utilization Percent  : 57.0000
2025-10-05 21:43:56,842 - INFO - Disk Read Bytes          : 0.0000
2025-10-05 21:43:56,842 - INFO - Disk Write Bytes         : 0.0000
2025-10-05 21:43:56,842 - INFO - Accuracy                 : 0.0071
2025-10-05 21:43:56,842 - INFO - Precision                : 1.0000
2025-10-05 21:43:56,842 - INFO - Recall                   : 0.0071
2025-10-05 21:43:56,842 - INFO - F1 Score                 : 0.0141
2025-10-05 21:43:56,842 - INFO - ==================================================
2025-10-05 21:48:03,754 - INFO - Época 4 concluída. Loss média: 3.0133
2025-10-05 21:48:03,759 - INFO - Iniciando inferência com o modelo EfficientNetB0...
2025-10-05 21:48:07,130 - INFO - ==================================================
2025-10-05 21:48:07,130 - INFO - EXPERIMENT RESULTS
2025-10-05 21:48:07,130 - INFO - ==================================================
2025-10-05 21:48:07,130 - INFO - Elapsed Time Seconds     : 3.3483
2025-10-05 21:48:07,130 - INFO - Cpu Usage Percent        : 3.0063
2025-10-05 21:48:07,130 - INFO - Ram Peak Usage Bytes     : 1542737920.0000
2025-10-05 21:48:07,130 - INFO - Vram Peak Usage Bytes    : 559713280.0000
2025-10-05 21:48:07,130 - INFO - Gpu Power Watts          : 200.6410
2025-10-05 21:48:07,131 - INFO - Gpu Temp Celsius         : 56.0000
2025-10-05 21:48:07,131 - INFO - Gpu Utilization Percent  : 56.0000
2025-10-05 21:48:07,131 - INFO - Disk Read Bytes          : 0.0000
2025-10-05 21:48:07,131 - INFO - Disk Write Bytes         : 0.0000
2025-10-05 21:48:07,131 - INFO - Accuracy                 : 0.0045
2025-10-05 21:48:07,131 - INFO - Precision                : 1.0000
2025-10-05 21:48:07,131 - INFO - Recall                   : 0.0045
2025-10-05 21:48:07,131 - INFO - F1 Score                 : 0.0090
2025-10-05 21:48:07,131 - INFO - ==================================================
2025-10-05 21:52:15,739 - INFO - Época 5 concluída. Loss média: 2.7504
2025-10-05 21:52:15,744 - INFO - Iniciando inferência com o modelo EfficientNetB0...
2025-10-05 21:52:19,160 - INFO - ==================================================
2025-10-05 21:52:19,160 - INFO - EXPERIMENT RESULTS
2025-10-05 21:52:19,160 - INFO - ==================================================
2025-10-05 21:52:19,160 - INFO - Elapsed Time Seconds     : 3.3932
2025-10-05 21:52:19,160 - INFO - Cpu Usage Percent        : 2.9750
2025-10-05 21:52:19,160 - INFO - Ram Peak Usage Bytes     : 1542782976.0000
2025-10-05 21:52:19,160 - INFO - Vram Peak Usage Bytes    : 559713280.0000
2025-10-05 21:52:19,160 - INFO - Gpu Power Watts          : 198.6620
2025-10-05 21:52:19,160 - INFO - Gpu Temp Celsius         : 56.0000
2025-10-05 21:52:19,160 - INFO - Gpu Utilization Percent  : 60.0000
2025-10-05 21:52:19,160 - INFO - Disk Read Bytes          : 0.0000
2025-10-05 21:52:19,160 - INFO - Disk Write Bytes         : 16384.0000
2025-10-05 21:52:19,160 - INFO - Accuracy                 : 0.0070
2025-10-05 21:52:19,160 - INFO - Precision                : 1.0000
2025-10-05 21:52:19,160 - INFO - Recall                   : 0.0070
2025-10-05 21:52:19,160 - INFO - F1 Score                 : 0.0139
2025-10-05 21:52:19,160 - INFO - ==================================================
2025-10-05 21:56:27,210 - INFO - Época 6 concluída. Loss média: 2.5149
2025-10-05 21:56:27,215 - INFO - Iniciando inferência com o modelo EfficientNetB0...
2025-10-05 21:56:29,341 - INFO - ==================================================
2025-10-05 21:56:29,341 - INFO - EXPERIMENT RESULTS
2025-10-05 21:56:29,341 - INFO - ==================================================
2025-10-05 21:56:29,341 - INFO - Elapsed Time Seconds     : 2.1026
2025-10-05 21:56:29,341 - INFO - Cpu Usage Percent        : 4.8156
2025-10-05 21:56:29,341 - INFO - Ram Peak Usage Bytes     : 1542782976.0000
2025-10-05 21:56:29,341 - INFO - Vram Peak Usage Bytes    : 559713280.0000
2025-10-05 21:56:29,341 - INFO - Gpu Power Watts          : 281.9150
2025-10-05 21:56:29,341 - INFO - Gpu Temp Celsius         : 58.0000
2025-10-05 21:56:29,341 - INFO - Gpu Utilization Percent  : 96.0000
2025-10-05 21:56:29,341 - INFO - Disk Read Bytes          : 0.0000
2025-10-05 21:56:29,341 - INFO - Disk Write Bytes         : 0.0000
2025-10-05 21:56:29,341 - INFO - Accuracy                 : 0.0057
2025-10-05 21:56:29,341 - INFO - Precision                : 1.0000
2025-10-05 21:56:29,341 - INFO - Recall                   : 0.0057
2025-10-05 21:56:29,341 - INFO - F1 Score                 : 0.0113
2025-10-05 21:56:29,341 - INFO - ==================================================
2025-10-05 22:00:38,277 - INFO - Época 7 concluída. Loss média: 2.3091
2025-10-05 22:00:38,281 - INFO - Iniciando inferência com o modelo EfficientNetB0...
2025-10-05 22:00:41,627 - INFO - ==================================================
2025-10-05 22:00:41,627 - INFO - EXPERIMENT RESULTS
2025-10-05 22:00:41,627 - INFO - ==================================================
2025-10-05 22:00:41,627 - INFO - Elapsed Time Seconds     : 3.3224
2025-10-05 22:00:41,627 - INFO - Cpu Usage Percent        : 2.9813
2025-10-05 22:00:41,627 - INFO - Ram Peak Usage Bytes     : 1542787072.0000
2025-10-05 22:00:41,627 - INFO - Vram Peak Usage Bytes    : 559713280.0000
2025-10-05 22:00:41,627 - INFO - Gpu Power Watts          : 201.3440
2025-10-05 22:00:41,627 - INFO - Gpu Temp Celsius         : 55.0000
2025-10-05 22:00:41,627 - INFO - Gpu Utilization Percent  : 57.0000
2025-10-05 22:00:41,627 - INFO - Disk Read Bytes          : 0.0000
2025-10-05 22:00:41,627 - INFO - Disk Write Bytes         : 204800.0000
2025-10-05 22:00:41,627 - INFO - Accuracy                 : 0.0051
2025-10-05 22:00:41,627 - INFO - Precision                : 1.0000
2025-10-05 22:00:41,627 - INFO - Recall                   : 0.0051
2025-10-05 22:00:41,627 - INFO - F1 Score                 : 0.0101
2025-10-05 22:00:41,627 - INFO - ==================================================
2025-10-05 22:04:50,346 - INFO - Época 8 concluída. Loss média: 2.1131
2025-10-05 22:04:50,350 - INFO - Iniciando inferência com o modelo EfficientNetB0...
2025-10-05 22:04:53,643 - INFO - ==================================================
2025-10-05 22:04:53,643 - INFO - EXPERIMENT RESULTS
2025-10-05 22:04:53,643 - INFO - ==================================================
2025-10-05 22:04:53,643 - INFO - Elapsed Time Seconds     : 3.2694
2025-10-05 22:04:53,643 - INFO - Cpu Usage Percent        : 3.0312
2025-10-05 22:04:53,643 - INFO - Ram Peak Usage Bytes     : 1542787072.0000
2025-10-05 22:04:53,643 - INFO - Vram Peak Usage Bytes    : 559713280.0000
2025-10-05 22:04:53,643 - INFO - Gpu Power Watts          : 203.9450
2025-10-05 22:04:53,643 - INFO - Gpu Temp Celsius         : 57.0000
2025-10-05 22:04:53,643 - INFO - Gpu Utilization Percent  : 61.0000
2025-10-05 22:04:53,644 - INFO - Disk Read Bytes          : 0.0000
2025-10-05 22:04:53,644 - INFO - Disk Write Bytes         : 0.0000
2025-10-05 22:04:53,644 - INFO - Accuracy                 : 0.0047
2025-10-05 22:04:53,644 - INFO - Precision                : 1.0000
2025-10-05 22:04:53,644 - INFO - Recall                   : 0.0047
2025-10-05 22:04:53,644 - INFO - F1 Score                 : 0.0094
2025-10-05 22:04:53,644 - INFO - ==================================================
2025-10-05 22:09:02,995 - INFO - Época 9 concluída. Loss média: 1.9235
2025-10-05 22:09:03,000 - INFO - Iniciando inferência com o modelo EfficientNetB0...
2025-10-05 22:09:06,565 - INFO - ==================================================
2025-10-05 22:09:06,565 - INFO - EXPERIMENT RESULTS
2025-10-05 22:09:06,565 - INFO - ==================================================
2025-10-05 22:09:06,565 - INFO - Elapsed Time Seconds     : 3.5416
2025-10-05 22:09:06,565 - INFO - Cpu Usage Percent        : 2.7781
2025-10-05 22:09:06,565 - INFO - Ram Peak Usage Bytes     : 1542791168.0000
2025-10-05 22:09:06,565 - INFO - Vram Peak Usage Bytes    : 559713280.0000
2025-10-05 22:09:06,565 - INFO - Gpu Power Watts          : 193.3880
2025-10-05 22:09:06,565 - INFO - Gpu Temp Celsius         : 56.0000
2025-10-05 22:09:06,565 - INFO - Gpu Utilization Percent  : 52.0000
2025-10-05 22:09:06,565 - INFO - Disk Read Bytes          : 0.0000
2025-10-05 22:09:06,565 - INFO - Disk Write Bytes         : 0.0000
2025-10-05 22:09:06,565 - INFO - Accuracy                 : 0.0055
2025-10-05 22:09:06,565 - INFO - Precision                : 1.0000
2025-10-05 22:09:06,565 - INFO - Recall                   : 0.0055
2025-10-05 22:09:06,565 - INFO - F1 Score                 : 0.0109
2025-10-05 22:09:06,565 - INFO - ==================================================
2025-10-05 22:13:15,622 - INFO - Época 10 concluída. Loss média: 1.7413
2025-10-05 22:13:15,627 - INFO - Iniciando inferência com o modelo EfficientNetB0...
2025-10-05 22:13:19,106 - INFO - ==================================================
2025-10-05 22:13:19,106 - INFO - EXPERIMENT RESULTS
2025-10-05 22:13:19,106 - INFO - ==================================================
2025-10-05 22:13:19,107 - INFO - Elapsed Time Seconds     : 3.4559
2025-10-05 22:13:19,107 - INFO - Cpu Usage Percent        : 3.9500
2025-10-05 22:13:19,107 - INFO - Ram Peak Usage Bytes     : 1542791168.0000
2025-10-05 22:13:19,107 - INFO - Vram Peak Usage Bytes    : 559713280.0000
2025-10-05 22:13:19,107 - INFO - Gpu Power Watts          : 196.1510
2025-10-05 22:13:19,107 - INFO - Gpu Temp Celsius         : 56.0000
2025-10-05 22:13:19,107 - INFO - Gpu Utilization Percent  : 52.0000
2025-10-05 22:13:19,107 - INFO - Disk Read Bytes          : 0.0000
2025-10-05 22:13:19,107 - INFO - Disk Write Bytes         : 0.0000
2025-10-05 22:13:19,107 - INFO - Accuracy                 : 0.0072
2025-10-05 22:13:19,107 - INFO - Precision                : 1.0000
2025-10-05 22:13:19,107 - INFO - Recall                   : 0.0072
2025-10-05 22:13:19,107 - INFO - F1 Score                 : 0.0143
2025-10-05 22:13:19,107 - INFO - ==================================================
2025-10-05 22:13:19,108 - INFO - Métricas de performance do treinamento:
2025-10-05 22:13:19,108 - INFO - ==================================================
2025-10-05 22:13:19,108 - INFO - EXPERIMENT RESULTS
2025-10-05 22:13:19,108 - INFO - ==================================================
2025-10-05 22:13:19,108 - INFO - Elapsed Time Seconds     : 2503.8198
2025-10-05 22:13:19,108 - INFO - Cpu Usage Percent        : 3.2844
2025-10-05 22:13:19,108 - INFO - Ram Peak Usage Bytes     : 1542791168.0000
2025-10-05 22:13:19,108 - INFO - Vram Peak Usage Bytes    : 559713280.0000
2025-10-05 22:13:19,108 - INFO - Gpu Power Watts          : 196.1510
2025-10-05 22:13:19,108 - INFO - Gpu Temp Celsius         : 55.0000
2025-10-05 22:13:19,108 - INFO - Gpu Utilization Percent  : 52.0000
2025-10-05 22:13:19,108 - INFO - Disk Read Bytes          : 0.0000
2025-10-05 22:13:19,108 - INFO - Disk Write Bytes         : 15085568.0000
2025-10-05 22:13:19,108 - INFO - ==================================================
2025-10-05 22:13:19,548 - INFO - Modelo salvo em: trained_models/efficientnet_b0_final.pth
2025-10-05 22:13:19,557 - INFO - Pipeline de treinamento concluído. Modelo salvo em: trained_models/efficientnet_b0_final.pth
2025-10-05 22:13:19,557 - INFO - Iniciando pipeline de inferência para avaliação final no conjunto de validação...
2025-10-05 22:13:19,693 - INFO - Iniciando inferência com o modelo EfficientNetB0...
2025-10-05 22:13:23,293 - INFO - ==================================================
2025-10-05 22:13:23,293 - INFO - EXPERIMENT RESULTS
2025-10-05 22:13:23,293 - INFO - ==================================================
2025-10-05 22:13:23,293 - INFO - Elapsed Time Seconds     : 3.5768
2025-10-05 22:13:23,293 - INFO - Cpu Usage Percent        : 3.6156
2025-10-05 22:13:23,293 - INFO - Ram Peak Usage Bytes     : 1557581824.0000
2025-10-05 22:13:23,293 - INFO - Vram Peak Usage Bytes    : 451529216.0000
2025-10-05 22:13:23,293 - INFO - Gpu Power Watts          : 192.0160
2025-10-05 22:13:23,293 - INFO - Gpu Temp Celsius         : 56.0000
2025-10-05 22:13:23,293 - INFO - Gpu Utilization Percent  : 57.0000
2025-10-05 22:13:23,293 - INFO - Disk Read Bytes          : 0.0000
2025-10-05 22:13:23,293 - INFO - Disk Write Bytes         : 122880.0000
2025-10-05 22:13:23,293 - INFO - Accuracy                 : 0.0072
2025-10-05 22:13:23,293 - INFO - Precision                : 1.0000
2025-10-05 22:13:23,293 - INFO - Recall                   : 0.0072
2025-10-05 22:13:23,293 - INFO - F1 Score                 : 0.0143
2025-10-05 22:13:23,293 - INFO - ==================================================
2025-10-05 22:13:23,293 - INFO - Projeto executado com sucesso!
