2025-10-05 21:15:04,958 - INFO - ==================================================
2025-10-05 21:15:04,958 - INFO - EXPERIMENT CONFIGURATION
2025-10-05 21:15:04,958 - INFO - ==================================================
2025-10-05 21:15:04,958 - INFO - Model Name          : efficientnet_b0
2025-10-05 21:15:04,958 - INFO - Config File         : configs/pcad_config.yaml
2025-10-05 21:15:04,958 - INFO - Train Data          : /scratch/ehdmenezes//tiny-imagenet-200/train
2025-10-05 21:15:04,958 - INFO - Validation Data     : /scratch/ehdmenezes//tiny-imagenet-200/val
2025-10-05 21:15:04,958 - INFO - model_params        : {'num_classes': 200}
2025-10-05 21:15:04,958 - INFO - train_params        : {'epochs': 10, 'batch_size': 32, 'learning_rate': 0.001}
2025-10-05 21:15:04,958 - INFO - inference_params    : {'batch_size': 32}
2025-10-05 21:15:04,958 - INFO - ==================================================
2025-10-05 21:15:04,974 - INFO - Semente aleatória para esta execução foi fixada em: 62
2025-10-05 21:15:05,320 - INFO - Iniciando treinamento do modelo efficientnet_b0 no dispositivo cuda.
2025-10-05 21:19:41,597 - INFO - Época 1 concluída. Loss média: 4.4936
2025-10-05 21:19:41,603 - INFO - Iniciando inferência com o modelo EfficientNetB0...
2025-10-05 21:19:44,866 - INFO - ==================================================
2025-10-05 21:19:44,866 - INFO - EXPERIMENT RESULTS
2025-10-05 21:19:44,866 - INFO - ==================================================
2025-10-05 21:19:44,867 - INFO - Elapsed Time Seconds     : 3.2242
2025-10-05 21:19:44,867 - INFO - Cpu Usage Percent        : 3.9062
2025-10-05 21:19:44,867 - INFO - Ram Peak Usage Bytes     : 1489461248.0000
2025-10-05 21:19:44,867 - INFO - Vram Peak Usage Bytes    : 559713280.0000
2025-10-05 21:19:44,867 - INFO - Gpu Power Watts          : 194.5350
2025-10-05 21:19:44,867 - INFO - Gpu Temp Celsius         : 42.0000
2025-10-05 21:19:44,867 - INFO - Gpu Utilization Percent  : 39.0000
2025-10-05 21:19:44,867 - INFO - Disk Read Bytes          : 0.0000
2025-10-05 21:19:44,867 - INFO - Disk Write Bytes         : 8192.0000
2025-10-05 21:19:44,867 - INFO - Accuracy                 : 0.0062
2025-10-05 21:19:44,867 - INFO - Precision                : 1.0000
2025-10-05 21:19:44,867 - INFO - Recall                   : 0.0062
2025-10-05 21:19:44,867 - INFO - F1 Score                 : 0.0123
2025-10-05 21:19:44,867 - INFO - ==================================================
2025-10-05 21:23:47,700 - INFO - Época 2 concluída. Loss média: 3.7305
2025-10-05 21:23:47,703 - INFO - Iniciando inferência com o modelo EfficientNetB0...
2025-10-05 21:23:50,881 - INFO - ==================================================
2025-10-05 21:23:50,881 - INFO - EXPERIMENT RESULTS
2025-10-05 21:23:50,881 - INFO - ==================================================
2025-10-05 21:23:50,881 - INFO - Elapsed Time Seconds     : 3.1521
2025-10-05 21:23:50,881 - INFO - Cpu Usage Percent        : 4.6594
2025-10-05 21:23:50,881 - INFO - Ram Peak Usage Bytes     : 1520865280.0000
2025-10-05 21:23:50,881 - INFO - Vram Peak Usage Bytes    : 559713280.0000
2025-10-05 21:23:50,881 - INFO - Gpu Power Watts          : 199.9980
2025-10-05 21:23:50,881 - INFO - Gpu Temp Celsius         : 45.0000
2025-10-05 21:23:50,881 - INFO - Gpu Utilization Percent  : 63.0000
2025-10-05 21:23:50,881 - INFO - Disk Read Bytes          : 0.0000
2025-10-05 21:23:50,881 - INFO - Disk Write Bytes         : 0.0000
2025-10-05 21:23:50,881 - INFO - Accuracy                 : 0.0112
2025-10-05 21:23:50,881 - INFO - Precision                : 1.0000
2025-10-05 21:23:50,881 - INFO - Recall                   : 0.0112
2025-10-05 21:23:50,881 - INFO - F1 Score                 : 0.0222
2025-10-05 21:23:50,881 - INFO - ==================================================
2025-10-05 21:27:52,064 - INFO - Época 3 concluída. Loss média: 3.2934
2025-10-05 21:27:52,067 - INFO - Iniciando inferência com o modelo EfficientNetB0...
2025-10-05 21:27:55,203 - INFO - ==================================================
2025-10-05 21:27:55,204 - INFO - EXPERIMENT RESULTS
2025-10-05 21:27:55,204 - INFO - ==================================================
2025-10-05 21:27:55,204 - INFO - Elapsed Time Seconds     : 3.1101
2025-10-05 21:27:55,204 - INFO - Cpu Usage Percent        : 3.5875
2025-10-05 21:27:55,204 - INFO - Ram Peak Usage Bytes     : 1536704512.0000
2025-10-05 21:27:55,204 - INFO - Vram Peak Usage Bytes    : 559713280.0000
2025-10-05 21:27:55,204 - INFO - Gpu Power Watts          : 203.9320
2025-10-05 21:27:55,204 - INFO - Gpu Temp Celsius         : 45.0000
2025-10-05 21:27:55,204 - INFO - Gpu Utilization Percent  : 61.0000
2025-10-05 21:27:55,204 - INFO - Disk Read Bytes          : 0.0000
2025-10-05 21:27:55,204 - INFO - Disk Write Bytes         : 0.0000
2025-10-05 21:27:55,204 - INFO - Accuracy                 : 0.0061
2025-10-05 21:27:55,204 - INFO - Precision                : 1.0000
2025-10-05 21:27:55,204 - INFO - Recall                   : 0.0061
2025-10-05 21:27:55,204 - INFO - F1 Score                 : 0.0121
2025-10-05 21:27:55,204 - INFO - ==================================================
2025-10-05 21:31:56,929 - INFO - Época 4 concluída. Loss média: 2.9799
2025-10-05 21:31:56,933 - INFO - Iniciando inferência com o modelo EfficientNetB0...
2025-10-05 21:32:01,516 - INFO - ==================================================
2025-10-05 21:32:01,516 - INFO - EXPERIMENT RESULTS
2025-10-05 21:32:01,516 - INFO - ==================================================
2025-10-05 21:32:01,516 - INFO - Elapsed Time Seconds     : 4.5571
2025-10-05 21:32:01,516 - INFO - Cpu Usage Percent        : 2.4219
2025-10-05 21:32:01,516 - INFO - Ram Peak Usage Bytes     : 1538891776.0000
2025-10-05 21:32:01,516 - INFO - Vram Peak Usage Bytes    : 559713280.0000
2025-10-05 21:32:01,516 - INFO - Gpu Power Watts          : 155.4870
2025-10-05 21:32:01,516 - INFO - Gpu Temp Celsius         : 44.0000
2025-10-05 21:32:01,516 - INFO - Gpu Utilization Percent  : 40.0000
2025-10-05 21:32:01,516 - INFO - Disk Read Bytes          : 0.0000
2025-10-05 21:32:01,516 - INFO - Disk Write Bytes         : 0.0000
2025-10-05 21:32:01,516 - INFO - Accuracy                 : 0.0051
2025-10-05 21:32:01,516 - INFO - Precision                : 1.0000
2025-10-05 21:32:01,516 - INFO - Recall                   : 0.0051
2025-10-05 21:32:01,516 - INFO - F1 Score                 : 0.0101
2025-10-05 21:32:01,517 - INFO - ==================================================
2025-10-05 21:36:03,659 - INFO - Época 5 concluída. Loss média: 2.7236
2025-10-05 21:36:03,662 - INFO - Iniciando inferência com o modelo EfficientNetB0...
2025-10-05 21:36:08,183 - INFO - ==================================================
2025-10-05 21:36:08,183 - INFO - EXPERIMENT RESULTS
2025-10-05 21:36:08,183 - INFO - ==================================================
2025-10-05 21:36:08,183 - INFO - Elapsed Time Seconds     : 4.4937
2025-10-05 21:36:08,183 - INFO - Cpu Usage Percent        : 2.7531
2025-10-05 21:36:08,183 - INFO - Ram Peak Usage Bytes     : 1538863104.0000
2025-10-05 21:36:08,183 - INFO - Vram Peak Usage Bytes    : 559713280.0000
2025-10-05 21:36:08,183 - INFO - Gpu Power Watts          : 160.3290
2025-10-05 21:36:08,183 - INFO - Gpu Temp Celsius         : 43.0000
2025-10-05 21:36:08,183 - INFO - Gpu Utilization Percent  : 48.0000
2025-10-05 21:36:08,183 - INFO - Disk Read Bytes          : 0.0000
2025-10-05 21:36:08,183 - INFO - Disk Write Bytes         : 0.0000
2025-10-05 21:36:08,183 - INFO - Accuracy                 : 0.0079
2025-10-05 21:36:08,183 - INFO - Precision                : 1.0000
2025-10-05 21:36:08,183 - INFO - Recall                   : 0.0079
2025-10-05 21:36:08,183 - INFO - F1 Score                 : 0.0157
2025-10-05 21:36:08,183 - INFO - ==================================================
2025-10-05 21:40:08,123 - INFO - Época 6 concluída. Loss média: 2.5017
2025-10-05 21:40:08,126 - INFO - Iniciando inferência com o modelo EfficientNetB0...
2025-10-05 21:40:12,584 - INFO - ==================================================
2025-10-05 21:40:12,584 - INFO - EXPERIMENT RESULTS
2025-10-05 21:40:12,584 - INFO - ==================================================
2025-10-05 21:40:12,584 - INFO - Elapsed Time Seconds     : 4.4316
2025-10-05 21:40:12,584 - INFO - Cpu Usage Percent        : 2.5312
2025-10-05 21:40:12,584 - INFO - Ram Peak Usage Bytes     : 1538867200.0000
2025-10-05 21:40:12,584 - INFO - Vram Peak Usage Bytes    : 559713280.0000
2025-10-05 21:40:12,584 - INFO - Gpu Power Watts          : 158.3380
2025-10-05 21:40:12,584 - INFO - Gpu Temp Celsius         : 43.0000
2025-10-05 21:40:12,584 - INFO - Gpu Utilization Percent  : 43.0000
2025-10-05 21:40:12,584 - INFO - Disk Read Bytes          : 0.0000
2025-10-05 21:40:12,584 - INFO - Disk Write Bytes         : 163840.0000
2025-10-05 21:40:12,584 - INFO - Accuracy                 : 0.0052
2025-10-05 21:40:12,584 - INFO - Precision                : 1.0000
2025-10-05 21:40:12,584 - INFO - Recall                   : 0.0052
2025-10-05 21:40:12,584 - INFO - F1 Score                 : 0.0103
2025-10-05 21:40:12,584 - INFO - ==================================================
2025-10-05 21:44:13,844 - INFO - Época 7 concluída. Loss média: 2.2958
2025-10-05 21:44:13,848 - INFO - Iniciando inferência com o modelo EfficientNetB0...
2025-10-05 21:44:17,054 - INFO - ==================================================
2025-10-05 21:44:17,054 - INFO - EXPERIMENT RESULTS
2025-10-05 21:44:17,054 - INFO - ==================================================
2025-10-05 21:44:17,054 - INFO - Elapsed Time Seconds     : 3.1689
2025-10-05 21:44:17,054 - INFO - Cpu Usage Percent        : 5.3344
2025-10-05 21:44:17,054 - INFO - Ram Peak Usage Bytes     : 1538871296.0000
2025-10-05 21:44:17,054 - INFO - Vram Peak Usage Bytes    : 559713280.0000
2025-10-05 21:44:17,054 - INFO - Gpu Power Watts          : 203.5200
2025-10-05 21:44:17,054 - INFO - Gpu Temp Celsius         : 45.0000
2025-10-05 21:44:17,054 - INFO - Gpu Utilization Percent  : 67.0000
2025-10-05 21:44:17,054 - INFO - Disk Read Bytes          : 0.0000
2025-10-05 21:44:17,055 - INFO - Disk Write Bytes         : 98304.0000
2025-10-05 21:44:17,055 - INFO - Accuracy                 : 0.0079
2025-10-05 21:44:17,055 - INFO - Precision                : 1.0000
2025-10-05 21:44:17,055 - INFO - Recall                   : 0.0079
2025-10-05 21:44:17,055 - INFO - F1 Score                 : 0.0157
2025-10-05 21:44:17,055 - INFO - ==================================================
2025-10-05 21:48:19,820 - INFO - Época 8 concluída. Loss média: 2.1142
2025-10-05 21:48:19,823 - INFO - Iniciando inferência com o modelo EfficientNetB0...
2025-10-05 21:48:24,525 - INFO - ==================================================
2025-10-05 21:48:24,525 - INFO - EXPERIMENT RESULTS
2025-10-05 21:48:24,525 - INFO - ==================================================
2025-10-05 21:48:24,526 - INFO - Elapsed Time Seconds     : 4.6647
2025-10-05 21:48:24,526 - INFO - Cpu Usage Percent        : 2.8469
2025-10-05 21:48:24,526 - INFO - Ram Peak Usage Bytes     : 1538871296.0000
2025-10-05 21:48:24,526 - INFO - Vram Peak Usage Bytes    : 559713280.0000
2025-10-05 21:48:24,526 - INFO - Gpu Power Watts          : 155.8480
2025-10-05 21:48:24,526 - INFO - Gpu Temp Celsius         : 43.0000
2025-10-05 21:48:24,526 - INFO - Gpu Utilization Percent  : 35.0000
2025-10-05 21:48:24,526 - INFO - Disk Read Bytes          : 0.0000
2025-10-05 21:48:24,526 - INFO - Disk Write Bytes         : 0.0000
2025-10-05 21:48:24,526 - INFO - Accuracy                 : 0.0049
2025-10-05 21:48:24,526 - INFO - Precision                : 1.0000
2025-10-05 21:48:24,526 - INFO - Recall                   : 0.0049
2025-10-05 21:48:24,526 - INFO - F1 Score                 : 0.0098
2025-10-05 21:48:24,526 - INFO - ==================================================
2025-10-05 21:53:08,780 - INFO - Época 9 concluída. Loss média: 1.9416
2025-10-05 21:53:08,787 - INFO - Iniciando inferência com o modelo EfficientNetB0...
2025-10-05 21:53:13,467 - INFO - ==================================================
2025-10-05 21:53:13,468 - INFO - EXPERIMENT RESULTS
2025-10-05 21:53:13,468 - INFO - ==================================================
2025-10-05 21:53:13,468 - INFO - Elapsed Time Seconds     : 4.6426
2025-10-05 21:53:13,468 - INFO - Cpu Usage Percent        : 2.8937
2025-10-05 21:53:13,468 - INFO - Ram Peak Usage Bytes     : 1538871296.0000
2025-10-05 21:53:13,468 - INFO - Vram Peak Usage Bytes    : 559713280.0000
2025-10-05 21:53:13,468 - INFO - Gpu Power Watts          : 155.6820
2025-10-05 21:53:13,468 - INFO - Gpu Temp Celsius         : 42.0000
2025-10-05 21:53:13,468 - INFO - Gpu Utilization Percent  : 38.0000
2025-10-05 21:53:13,468 - INFO - Disk Read Bytes          : 0.0000
2025-10-05 21:53:13,468 - INFO - Disk Write Bytes         : 24576.0000
2025-10-05 21:53:13,468 - INFO - Accuracy                 : 0.0059
2025-10-05 21:53:13,468 - INFO - Precision                : 1.0000
2025-10-05 21:53:13,468 - INFO - Recall                   : 0.0059
2025-10-05 21:53:13,468 - INFO - F1 Score                 : 0.0117
2025-10-05 21:53:13,468 - INFO - ==================================================
2025-10-05 21:57:49,377 - INFO - Época 10 concluída. Loss média: 1.7726
2025-10-05 21:57:49,384 - INFO - Iniciando inferência com o modelo EfficientNetB0...
2025-10-05 21:57:54,064 - INFO - ==================================================
2025-10-05 21:57:54,064 - INFO - EXPERIMENT RESULTS
2025-10-05 21:57:54,064 - INFO - ==================================================
2025-10-05 21:57:54,064 - INFO - Elapsed Time Seconds     : 4.6410
2025-10-05 21:57:54,064 - INFO - Cpu Usage Percent        : 2.9219
2025-10-05 21:57:54,064 - INFO - Ram Peak Usage Bytes     : 1538916352.0000
2025-10-05 21:57:54,064 - INFO - Vram Peak Usage Bytes    : 559713280.0000
2025-10-05 21:57:54,065 - INFO - Gpu Power Watts          : 160.1290
2025-10-05 21:57:54,065 - INFO - Gpu Temp Celsius         : 42.0000
2025-10-05 21:57:54,065 - INFO - Gpu Utilization Percent  : 39.0000
2025-10-05 21:57:54,065 - INFO - Disk Read Bytes          : 0.0000
2025-10-05 21:57:54,065 - INFO - Disk Write Bytes         : 0.0000
2025-10-05 21:57:54,065 - INFO - Accuracy                 : 0.0066
2025-10-05 21:57:54,065 - INFO - Precision                : 1.0000
2025-10-05 21:57:54,065 - INFO - Recall                   : 0.0066
2025-10-05 21:57:54,065 - INFO - F1 Score                 : 0.0131
2025-10-05 21:57:54,065 - INFO - ==================================================
2025-10-05 21:57:54,066 - INFO - Métricas de performance do treinamento:
2025-10-05 21:57:54,066 - INFO - ==================================================
2025-10-05 21:57:54,066 - INFO - EXPERIMENT RESULTS
2025-10-05 21:57:54,066 - INFO - ==================================================
2025-10-05 21:57:54,066 - INFO - Elapsed Time Seconds     : 2568.7445
2025-10-05 21:57:54,066 - INFO - Cpu Usage Percent        : 3.3250
2025-10-05 21:57:54,067 - INFO - Ram Peak Usage Bytes     : 1538916352.0000
2025-10-05 21:57:54,067 - INFO - Vram Peak Usage Bytes    : 559713280.0000
2025-10-05 21:57:54,067 - INFO - Gpu Power Watts          : 160.1290
2025-10-05 21:57:54,067 - INFO - Gpu Temp Celsius         : 42.0000
2025-10-05 21:57:54,067 - INFO - Gpu Utilization Percent  : 39.0000
2025-10-05 21:57:54,067 - INFO - Disk Read Bytes          : 0.0000
2025-10-05 21:57:54,067 - INFO - Disk Write Bytes         : 13553664.0000
2025-10-05 21:57:54,067 - INFO - ==================================================
2025-10-05 21:57:54,496 - INFO - Modelo salvo em: trained_models/efficientnet_b0_final.pth
2025-10-05 21:57:54,512 - INFO - Pipeline de treinamento concluído. Modelo salvo em: trained_models/efficientnet_b0_final.pth
2025-10-05 21:57:54,512 - INFO - Iniciando pipeline de inferência para avaliação final no conjunto de validação...
2025-10-05 21:57:54,743 - INFO - Iniciando inferência com o modelo EfficientNetB0...
2025-10-05 21:57:59,455 - INFO - ==================================================
2025-10-05 21:57:59,455 - INFO - EXPERIMENT RESULTS
2025-10-05 21:57:59,456 - INFO - ==================================================
2025-10-05 21:57:59,456 - INFO - Elapsed Time Seconds     : 4.6738
2025-10-05 21:57:59,456 - INFO - Cpu Usage Percent        : 2.8750
2025-10-05 21:57:59,456 - INFO - Ram Peak Usage Bytes     : 1566466048.0000
2025-10-05 21:57:59,456 - INFO - Vram Peak Usage Bytes    : 451529216.0000
2025-10-05 21:57:59,456 - INFO - Gpu Power Watts          : 158.3930
2025-10-05 21:57:59,456 - INFO - Gpu Temp Celsius         : 42.0000
2025-10-05 21:57:59,456 - INFO - Gpu Utilization Percent  : 41.0000
2025-10-05 21:57:59,456 - INFO - Disk Read Bytes          : 0.0000
2025-10-05 21:57:59,456 - INFO - Disk Write Bytes         : 65536.0000
2025-10-05 21:57:59,456 - INFO - Accuracy                 : 0.0066
2025-10-05 21:57:59,456 - INFO - Precision                : 1.0000
2025-10-05 21:57:59,456 - INFO - Recall                   : 0.0066
2025-10-05 21:57:59,456 - INFO - F1 Score                 : 0.0131
2025-10-05 21:57:59,456 - INFO - ==================================================
2025-10-05 21:57:59,457 - INFO - Projeto executado com sucesso!
