2025-10-05 21:31:11,628 - INFO - ==================================================
2025-10-05 21:31:11,628 - INFO - EXPERIMENT CONFIGURATION
2025-10-05 21:31:11,628 - INFO - ==================================================
2025-10-05 21:31:11,628 - INFO - Model Name          : efficientnet_b0
2025-10-05 21:31:11,628 - INFO - Config File         : configs/pcad_config.yaml
2025-10-05 21:31:11,628 - INFO - Train Data          : /scratch/ehdmenezes//tiny-imagenet-200/train
2025-10-05 21:31:11,628 - INFO - Validation Data     : /scratch/ehdmenezes//tiny-imagenet-200/val
2025-10-05 21:31:11,628 - INFO - model_params        : {'num_classes': 200}
2025-10-05 21:31:11,629 - INFO - train_params        : {'epochs': 10, 'batch_size': 32, 'learning_rate': 0.001}
2025-10-05 21:31:11,629 - INFO - inference_params    : {'batch_size': 32}
2025-10-05 21:31:11,629 - INFO - ==================================================
2025-10-05 21:31:11,651 - INFO - Semente aleatória para esta execução foi fixada em: 72
2025-10-05 21:31:12,259 - INFO - Iniciando treinamento do modelo efficientnet_b0 no dispositivo cuda.
2025-10-05 21:37:02,095 - INFO - Época 1 concluída. Loss média: 4.4538
2025-10-05 21:37:02,101 - INFO - Iniciando inferência com o modelo EfficientNetB0...
2025-10-05 21:37:08,658 - INFO - ==================================================
2025-10-05 21:37:08,658 - INFO - EXPERIMENT RESULTS
2025-10-05 21:37:08,658 - INFO - ==================================================
2025-10-05 21:37:08,658 - INFO - Elapsed Time Seconds     : 6.5072
2025-10-05 21:37:08,659 - INFO - Cpu Usage Percent        : 7.5125
2025-10-05 21:37:08,659 - INFO - Ram Peak Usage Bytes     : 1488764928.0000
2025-10-05 21:37:08,659 - INFO - Vram Peak Usage Bytes    : 559713280.0000
2025-10-05 21:37:08,659 - INFO - Gpu Power Watts          : 116.1070
2025-10-05 21:37:08,659 - INFO - Gpu Temp Celsius         : 32.0000
2025-10-05 21:37:08,659 - INFO - Gpu Utilization Percent  : 36.0000
2025-10-05 21:37:08,659 - INFO - Disk Read Bytes          : 0.0000
2025-10-05 21:37:08,659 - INFO - Disk Write Bytes         : 696320.0000
2025-10-05 21:37:08,659 - INFO - Accuracy                 : 0.0065
2025-10-05 21:37:08,659 - INFO - Precision                : 1.0000
2025-10-05 21:37:08,659 - INFO - Recall                   : 0.0065
2025-10-05 21:37:08,659 - INFO - F1 Score                 : 0.0129
2025-10-05 21:37:08,659 - INFO - ==================================================
2025-10-05 21:43:07,249 - INFO - Época 2 concluída. Loss média: 3.7526
2025-10-05 21:43:07,255 - INFO - Iniciando inferência com o modelo EfficientNetB0...
2025-10-05 21:43:13,766 - INFO - ==================================================
2025-10-05 21:43:13,766 - INFO - EXPERIMENT RESULTS
2025-10-05 21:43:13,766 - INFO - ==================================================
2025-10-05 21:43:13,766 - INFO - Elapsed Time Seconds     : 6.4637
2025-10-05 21:43:13,766 - INFO - Cpu Usage Percent        : 7.3750
2025-10-05 21:43:13,766 - INFO - Ram Peak Usage Bytes     : 1491173376.0000
2025-10-05 21:43:13,766 - INFO - Vram Peak Usage Bytes    : 559713280.0000
2025-10-05 21:43:13,766 - INFO - Gpu Power Watts          : 115.6140
2025-10-05 21:43:13,766 - INFO - Gpu Temp Celsius         : 32.0000
2025-10-05 21:43:13,766 - INFO - Gpu Utilization Percent  : 35.0000
2025-10-05 21:43:13,766 - INFO - Disk Read Bytes          : 0.0000
2025-10-05 21:43:13,766 - INFO - Disk Write Bytes         : 163840.0000
2025-10-05 21:43:13,766 - INFO - Accuracy                 : 0.0052
2025-10-05 21:43:13,766 - INFO - Precision                : 1.0000
2025-10-05 21:43:13,767 - INFO - Recall                   : 0.0052
2025-10-05 21:43:13,767 - INFO - F1 Score                 : 0.0103
2025-10-05 21:43:13,767 - INFO - ==================================================
2025-10-05 21:49:09,636 - INFO - Época 3 concluída. Loss média: 3.3340
2025-10-05 21:49:09,643 - INFO - Iniciando inferência com o modelo EfficientNetB0...
2025-10-05 21:49:16,215 - INFO - ==================================================
2025-10-05 21:49:16,216 - INFO - EXPERIMENT RESULTS
2025-10-05 21:49:16,216 - INFO - ==================================================
2025-10-05 21:49:16,216 - INFO - Elapsed Time Seconds     : 6.5249
2025-10-05 21:49:16,216 - INFO - Cpu Usage Percent        : 7.3250
2025-10-05 21:49:16,216 - INFO - Ram Peak Usage Bytes     : 1540833280.0000
2025-10-05 21:49:16,216 - INFO - Vram Peak Usage Bytes    : 559713280.0000
2025-10-05 21:49:16,216 - INFO - Gpu Power Watts          : 115.5550
2025-10-05 21:49:16,216 - INFO - Gpu Temp Celsius         : 32.0000
2025-10-05 21:49:16,216 - INFO - Gpu Utilization Percent  : 38.0000
2025-10-05 21:49:16,216 - INFO - Disk Read Bytes          : 0.0000
2025-10-05 21:49:16,216 - INFO - Disk Write Bytes         : 1015808.0000
2025-10-05 21:49:16,216 - INFO - Accuracy                 : 0.0063
2025-10-05 21:49:16,216 - INFO - Precision                : 1.0000
2025-10-05 21:49:16,216 - INFO - Recall                   : 0.0063
2025-10-05 21:49:16,216 - INFO - F1 Score                 : 0.0125
2025-10-05 21:49:16,216 - INFO - ==================================================
2025-10-05 21:55:14,261 - INFO - Época 4 concluída. Loss média: 3.0070
2025-10-05 21:55:14,267 - INFO - Iniciando inferência com o modelo EfficientNetB0...
2025-10-05 21:55:20,803 - INFO - ==================================================
2025-10-05 21:55:20,804 - INFO - EXPERIMENT RESULTS
2025-10-05 21:55:20,804 - INFO - ==================================================
2025-10-05 21:55:20,804 - INFO - Elapsed Time Seconds     : 6.4892
2025-10-05 21:55:20,804 - INFO - Cpu Usage Percent        : 7.3875
2025-10-05 21:55:20,804 - INFO - Ram Peak Usage Bytes     : 1543344128.0000
2025-10-05 21:55:20,804 - INFO - Vram Peak Usage Bytes    : 559713280.0000
2025-10-05 21:55:20,804 - INFO - Gpu Power Watts          : 116.2410
2025-10-05 21:55:20,804 - INFO - Gpu Temp Celsius         : 33.0000
2025-10-05 21:55:20,804 - INFO - Gpu Utilization Percent  : 34.0000
2025-10-05 21:55:20,804 - INFO - Disk Read Bytes          : 0.0000
2025-10-05 21:55:20,804 - INFO - Disk Write Bytes         : 237568.0000
2025-10-05 21:55:20,804 - INFO - Accuracy                 : 0.0062
2025-10-05 21:55:20,804 - INFO - Precision                : 1.0000
2025-10-05 21:55:20,804 - INFO - Recall                   : 0.0062
2025-10-05 21:55:20,804 - INFO - F1 Score                 : 0.0123
2025-10-05 21:55:20,804 - INFO - ==================================================
2025-10-05 22:01:18,162 - INFO - Época 5 concluída. Loss média: 2.7358
2025-10-05 22:01:18,168 - INFO - Iniciando inferência com o modelo EfficientNetB0...
2025-10-05 22:01:24,786 - INFO - ==================================================
2025-10-05 22:01:24,786 - INFO - EXPERIMENT RESULTS
2025-10-05 22:01:24,786 - INFO - ==================================================
2025-10-05 22:01:24,786 - INFO - Elapsed Time Seconds     : 6.5704
2025-10-05 22:01:24,786 - INFO - Cpu Usage Percent        : 7.2687
2025-10-05 22:01:24,786 - INFO - Ram Peak Usage Bytes     : 1543348224.0000
2025-10-05 22:01:24,786 - INFO - Vram Peak Usage Bytes    : 559713280.0000
2025-10-05 22:01:24,787 - INFO - Gpu Power Watts          : 114.7180
2025-10-05 22:01:24,787 - INFO - Gpu Temp Celsius         : 33.0000
2025-10-05 22:01:24,787 - INFO - Gpu Utilization Percent  : 35.0000
2025-10-05 22:01:24,787 - INFO - Disk Read Bytes          : 0.0000
2025-10-05 22:01:24,787 - INFO - Disk Write Bytes         : 118784.0000
2025-10-05 22:01:24,787 - INFO - Accuracy                 : 0.0079
2025-10-05 22:01:24,787 - INFO - Precision                : 1.0000
2025-10-05 22:01:24,787 - INFO - Recall                   : 0.0079
2025-10-05 22:01:24,787 - INFO - F1 Score                 : 0.0157
2025-10-05 22:01:24,787 - INFO - ==================================================
2025-10-05 22:07:21,153 - INFO - Época 6 concluída. Loss média: 2.5051
2025-10-05 22:07:21,159 - INFO - Iniciando inferência com o modelo EfficientNetB0...
2025-10-05 22:07:27,691 - INFO - ==================================================
2025-10-05 22:07:27,691 - INFO - EXPERIMENT RESULTS
2025-10-05 22:07:27,691 - INFO - ==================================================
2025-10-05 22:07:27,691 - INFO - Elapsed Time Seconds     : 6.4837
2025-10-05 22:07:27,691 - INFO - Cpu Usage Percent        : 7.4313
2025-10-05 22:07:27,691 - INFO - Ram Peak Usage Bytes     : 1543352320.0000
2025-10-05 22:07:27,691 - INFO - Vram Peak Usage Bytes    : 559713280.0000
2025-10-05 22:07:27,691 - INFO - Gpu Power Watts          : 116.1490
2025-10-05 22:07:27,691 - INFO - Gpu Temp Celsius         : 32.0000
2025-10-05 22:07:27,691 - INFO - Gpu Utilization Percent  : 36.0000
2025-10-05 22:07:27,691 - INFO - Disk Read Bytes          : 0.0000
2025-10-05 22:07:27,691 - INFO - Disk Write Bytes         : 102400.0000
2025-10-05 22:07:27,691 - INFO - Accuracy                 : 0.0091
2025-10-05 22:07:27,691 - INFO - Precision                : 1.0000
2025-10-05 22:07:27,691 - INFO - Recall                   : 0.0091
2025-10-05 22:07:27,691 - INFO - F1 Score                 : 0.0180
2025-10-05 22:07:27,692 - INFO - ==================================================
2025-10-05 22:13:24,773 - INFO - Época 7 concluída. Loss média: 2.2948
2025-10-05 22:13:24,779 - INFO - Iniciando inferência com o modelo EfficientNetB0...
2025-10-05 22:13:31,295 - INFO - ==================================================
2025-10-05 22:13:31,296 - INFO - EXPERIMENT RESULTS
2025-10-05 22:13:31,296 - INFO - ==================================================
2025-10-05 22:13:31,296 - INFO - Elapsed Time Seconds     : 6.4685
2025-10-05 22:13:31,296 - INFO - Cpu Usage Percent        : 7.8000
2025-10-05 22:13:31,296 - INFO - Ram Peak Usage Bytes     : 1543360512.0000
2025-10-05 22:13:31,296 - INFO - Vram Peak Usage Bytes    : 559713280.0000
2025-10-05 22:13:31,296 - INFO - Gpu Power Watts          : 117.0670
2025-10-05 22:13:31,296 - INFO - Gpu Temp Celsius         : 33.0000
2025-10-05 22:13:31,296 - INFO - Gpu Utilization Percent  : 38.0000
2025-10-05 22:13:31,296 - INFO - Disk Read Bytes          : 0.0000
2025-10-05 22:13:31,296 - INFO - Disk Write Bytes         : 143360.0000
2025-10-05 22:13:31,296 - INFO - Accuracy                 : 0.0074
2025-10-05 22:13:31,296 - INFO - Precision                : 1.0000
2025-10-05 22:13:31,296 - INFO - Recall                   : 0.0074
2025-10-05 22:13:31,296 - INFO - F1 Score                 : 0.0147
2025-10-05 22:13:31,297 - INFO - ==================================================
2025-10-05 22:19:29,067 - INFO - Época 8 concluída. Loss média: 2.1076
2025-10-05 22:19:29,073 - INFO - Iniciando inferência com o modelo EfficientNetB0...
2025-10-05 22:19:35,639 - INFO - ==================================================
2025-10-05 22:19:35,639 - INFO - EXPERIMENT RESULTS
2025-10-05 22:19:35,639 - INFO - ==================================================
2025-10-05 22:19:35,639 - INFO - Elapsed Time Seconds     : 6.5188
2025-10-05 22:19:35,639 - INFO - Cpu Usage Percent        : 7.3063
2025-10-05 22:19:35,640 - INFO - Ram Peak Usage Bytes     : 1543364608.0000
2025-10-05 22:19:35,640 - INFO - Vram Peak Usage Bytes    : 559713280.0000
2025-10-05 22:19:35,640 - INFO - Gpu Power Watts          : 115.7590
2025-10-05 22:19:35,640 - INFO - Gpu Temp Celsius         : 33.0000
2025-10-05 22:19:35,640 - INFO - Gpu Utilization Percent  : 38.0000
2025-10-05 22:19:35,640 - INFO - Disk Read Bytes          : 0.0000
2025-10-05 22:19:35,640 - INFO - Disk Write Bytes         : 118784.0000
2025-10-05 22:19:35,640 - INFO - Accuracy                 : 0.0046
2025-10-05 22:19:35,640 - INFO - Precision                : 1.0000
2025-10-05 22:19:35,640 - INFO - Recall                   : 0.0046
2025-10-05 22:19:35,640 - INFO - F1 Score                 : 0.0092
2025-10-05 22:19:35,640 - INFO - ==================================================
2025-10-05 22:25:32,618 - INFO - Época 9 concluída. Loss média: 1.9247
2025-10-05 22:25:32,624 - INFO - Iniciando inferência com o modelo EfficientNetB0...
2025-10-05 22:25:39,160 - INFO - ==================================================
2025-10-05 22:25:39,160 - INFO - EXPERIMENT RESULTS
2025-10-05 22:25:39,160 - INFO - ==================================================
2025-10-05 22:25:39,160 - INFO - Elapsed Time Seconds     : 6.4874
2025-10-05 22:25:39,160 - INFO - Cpu Usage Percent        : 7.3187
2025-10-05 22:25:39,160 - INFO - Ram Peak Usage Bytes     : 1543372800.0000
2025-10-05 22:25:39,160 - INFO - Vram Peak Usage Bytes    : 559713280.0000
2025-10-05 22:25:39,160 - INFO - Gpu Power Watts          : 114.9230
2025-10-05 22:25:39,160 - INFO - Gpu Temp Celsius         : 32.0000
2025-10-05 22:25:39,160 - INFO - Gpu Utilization Percent  : 35.0000
2025-10-05 22:25:39,160 - INFO - Disk Read Bytes          : 0.0000
2025-10-05 22:25:39,160 - INFO - Disk Write Bytes         : 565248.0000
2025-10-05 22:25:39,160 - INFO - Accuracy                 : 0.0044
2025-10-05 22:25:39,160 - INFO - Precision                : 1.0000
2025-10-05 22:25:39,160 - INFO - Recall                   : 0.0044
2025-10-05 22:25:39,160 - INFO - F1 Score                 : 0.0088
2025-10-05 22:25:39,161 - INFO - ==================================================
2025-10-05 22:31:36,430 - INFO - Época 10 concluída. Loss média: 1.7485
2025-10-05 22:31:36,436 - INFO - Iniciando inferência com o modelo EfficientNetB0...
2025-10-05 22:31:43,008 - INFO - ==================================================
2025-10-05 22:31:43,008 - INFO - EXPERIMENT RESULTS
2025-10-05 22:31:43,008 - INFO - ==================================================
2025-10-05 22:31:43,008 - INFO - Elapsed Time Seconds     : 6.5243
2025-10-05 22:31:43,008 - INFO - Cpu Usage Percent        : 7.5125
2025-10-05 22:31:43,008 - INFO - Ram Peak Usage Bytes     : 1543372800.0000
2025-10-05 22:31:43,008 - INFO - Vram Peak Usage Bytes    : 559713280.0000
2025-10-05 22:31:43,008 - INFO - Gpu Power Watts          : 116.5060
2025-10-05 22:31:43,008 - INFO - Gpu Temp Celsius         : 33.0000
2025-10-05 22:31:43,008 - INFO - Gpu Utilization Percent  : 39.0000
2025-10-05 22:31:43,009 - INFO - Disk Read Bytes          : 0.0000
2025-10-05 22:31:43,009 - INFO - Disk Write Bytes         : 266240.0000
2025-10-05 22:31:43,009 - INFO - Accuracy                 : 0.0057
2025-10-05 22:31:43,009 - INFO - Precision                : 1.0000
2025-10-05 22:31:43,009 - INFO - Recall                   : 0.0057
2025-10-05 22:31:43,009 - INFO - F1 Score                 : 0.0113
2025-10-05 22:31:43,009 - INFO - ==================================================
2025-10-05 22:31:43,010 - INFO - Métricas de performance do treinamento:
2025-10-05 22:31:43,010 - INFO - ==================================================
2025-10-05 22:31:43,010 - INFO - EXPERIMENT RESULTS
2025-10-05 22:31:43,010 - INFO - ==================================================
2025-10-05 22:31:43,010 - INFO - Elapsed Time Seconds     : 3630.7487
2025-10-05 22:31:43,010 - INFO - Cpu Usage Percent        : 6.7938
2025-10-05 22:31:43,010 - INFO - Ram Peak Usage Bytes     : 1543372800.0000
2025-10-05 22:31:43,010 - INFO - Vram Peak Usage Bytes    : 559713280.0000
2025-10-05 22:31:43,010 - INFO - Gpu Power Watts          : 115.1650
2025-10-05 22:31:43,010 - INFO - Gpu Temp Celsius         : 32.0000
2025-10-05 22:31:43,010 - INFO - Gpu Utilization Percent  : 39.0000
2025-10-05 22:31:43,010 - INFO - Disk Read Bytes          : 0.0000
2025-10-05 22:31:43,011 - INFO - Disk Write Bytes         : 141398016.0000
2025-10-05 22:31:43,011 - INFO - ==================================================
2025-10-05 22:31:43,471 - INFO - Modelo salvo em: trained_models/efficientnet_b0_final.pth
2025-10-05 22:31:43,489 - INFO - Pipeline de treinamento concluído. Modelo salvo em: trained_models/efficientnet_b0_final.pth
2025-10-05 22:31:43,489 - INFO - Iniciando pipeline de inferência para avaliação final no conjunto de validação...
2025-10-05 22:31:43,762 - INFO - Iniciando inferência com o modelo EfficientNetB0...
2025-10-05 22:31:50,339 - INFO - ==================================================
2025-10-05 22:31:50,339 - INFO - EXPERIMENT RESULTS
2025-10-05 22:31:50,339 - INFO - ==================================================
2025-10-05 22:31:50,339 - INFO - Elapsed Time Seconds     : 6.5276
2025-10-05 22:31:50,339 - INFO - Cpu Usage Percent        : 7.3438
2025-10-05 22:31:50,339 - INFO - Ram Peak Usage Bytes     : 1570000896.0000
2025-10-05 22:31:50,340 - INFO - Vram Peak Usage Bytes    : 451529216.0000
2025-10-05 22:31:50,340 - INFO - Gpu Power Watts          : 116.4640
2025-10-05 22:31:50,340 - INFO - Gpu Temp Celsius         : 33.0000
2025-10-05 22:31:50,340 - INFO - Gpu Utilization Percent  : 38.0000
2025-10-05 22:31:50,340 - INFO - Disk Read Bytes          : 0.0000
2025-10-05 22:31:50,340 - INFO - Disk Write Bytes         : 131072.0000
2025-10-05 22:31:50,340 - INFO - Accuracy                 : 0.0057
2025-10-05 22:31:50,340 - INFO - Precision                : 1.0000
2025-10-05 22:31:50,340 - INFO - Recall                   : 0.0057
2025-10-05 22:31:50,340 - INFO - F1 Score                 : 0.0113
2025-10-05 22:31:50,340 - INFO - ==================================================
2025-10-05 22:31:50,340 - INFO - Projeto executado com sucesso!
