2025-10-05 11:44:58,784 - INFO - ==================================================
2025-10-05 11:44:58,784 - INFO - EXPERIMENT CONFIGURATION
2025-10-05 11:44:58,784 - INFO - ==================================================
2025-10-05 11:44:58,784 - INFO - Model Name          : mobilenet_V1
2025-10-05 11:44:58,784 - INFO - Config File         : configs/pcad_config.yaml
2025-10-05 11:44:58,784 - INFO - Train Data          : /scratch/ehdmenezes//tiny-imagenet-200/train
2025-10-05 11:44:58,785 - INFO - Validation Data     : /scratch/ehdmenezes//tiny-imagenet-200/val
2025-10-05 11:44:58,785 - INFO - model_params        : {'num_classes': 200}
2025-10-05 11:44:58,785 - INFO - train_params        : {'epochs': 10, 'batch_size': 32, 'learning_rate': 0.001}
2025-10-05 11:44:58,785 - INFO - inference_params    : {'batch_size': 32}
2025-10-05 11:44:58,785 - INFO - ==================================================
2025-10-05 11:44:58,801 - INFO - Semente aleatória para esta execução foi fixada em: 82
2025-10-05 11:44:59,071 - INFO - Iniciando treinamento do modelo mobilenet_V1 no dispositivo cuda.
2025-10-05 11:45:46,219 - INFO - Época 1 concluída. Loss média: 4.4219
2025-10-05 11:45:46,220 - INFO - Iniciando inferência com o modelo MobileNetV1...
2025-10-05 11:45:50,752 - INFO - ==================================================
2025-10-05 11:45:50,752 - INFO - EXPERIMENT RESULTS
2025-10-05 11:45:50,752 - INFO - ==================================================
2025-10-05 11:45:50,752 - INFO - Elapsed Time Seconds     : 4.5046
2025-10-05 11:45:50,752 - INFO - Cpu Usage Percent        : 2.0063
2025-10-05 11:45:50,752 - INFO - Ram Peak Usage Bytes     : 1462067200.0000
2025-10-05 11:45:50,752 - INFO - Vram Peak Usage Bytes    : 367239168.0000
2025-10-05 11:45:50,752 - INFO - Gpu Power Watts          : 109.8900
2025-10-05 11:45:50,752 - INFO - Gpu Temp Celsius         : 47.0000
2025-10-05 11:45:50,752 - INFO - Gpu Utilization Percent  : 25.0000
2025-10-05 11:45:50,753 - INFO - Disk Read Bytes          : 0.0000
2025-10-05 11:45:50,753 - INFO - Disk Write Bytes         : 77824.0000
2025-10-05 11:45:50,753 - INFO - Accuracy                 : 0.0043
2025-10-05 11:45:50,753 - INFO - Precision                : 1.0000
2025-10-05 11:45:50,753 - INFO - Recall                   : 0.0043
2025-10-05 11:45:50,753 - INFO - F1 Score                 : 0.0086
2025-10-05 11:45:50,753 - INFO - ==================================================
2025-10-05 11:46:34,461 - INFO - Época 2 concluída. Loss média: 3.5285
2025-10-05 11:46:34,462 - INFO - Iniciando inferência com o modelo MobileNetV1...
2025-10-05 11:46:37,690 - INFO - ==================================================
2025-10-05 11:46:37,690 - INFO - EXPERIMENT RESULTS
2025-10-05 11:46:37,690 - INFO - ==================================================
2025-10-05 11:46:37,690 - INFO - Elapsed Time Seconds     : 3.2015
2025-10-05 11:46:37,690 - INFO - Cpu Usage Percent        : 3.9625
2025-10-05 11:46:37,690 - INFO - Ram Peak Usage Bytes     : 1464123392.0000
2025-10-05 11:46:37,690 - INFO - Vram Peak Usage Bytes    : 367239168.0000
2025-10-05 11:46:37,690 - INFO - Gpu Power Watts          : 153.3450
2025-10-05 11:46:37,690 - INFO - Gpu Temp Celsius         : 50.0000
2025-10-05 11:46:37,690 - INFO - Gpu Utilization Percent  : 42.0000
2025-10-05 11:46:37,690 - INFO - Disk Read Bytes          : 0.0000
2025-10-05 11:46:37,690 - INFO - Disk Write Bytes         : 0.0000
2025-10-05 11:46:37,690 - INFO - Accuracy                 : 0.0050
2025-10-05 11:46:37,690 - INFO - Precision                : 1.0000
2025-10-05 11:46:37,690 - INFO - Recall                   : 0.0050
2025-10-05 11:46:37,690 - INFO - F1 Score                 : 0.0100
2025-10-05 11:46:37,690 - INFO - ==================================================
2025-10-05 11:47:22,910 - INFO - Época 3 concluída. Loss média: 3.0235
2025-10-05 11:47:22,911 - INFO - Iniciando inferência com o modelo MobileNetV1...
2025-10-05 11:47:27,447 - INFO - ==================================================
2025-10-05 11:47:27,447 - INFO - EXPERIMENT RESULTS
2025-10-05 11:47:27,447 - INFO - ==================================================
2025-10-05 11:47:27,447 - INFO - Elapsed Time Seconds     : 4.5099
2025-10-05 11:47:27,447 - INFO - Cpu Usage Percent        : 2.0094
2025-10-05 11:47:27,447 - INFO - Ram Peak Usage Bytes     : 1464242176.0000
2025-10-05 11:47:27,447 - INFO - Vram Peak Usage Bytes    : 367239168.0000
2025-10-05 11:47:27,448 - INFO - Gpu Power Watts          : 114.5520
2025-10-05 11:47:27,448 - INFO - Gpu Temp Celsius         : 48.0000
2025-10-05 11:47:27,448 - INFO - Gpu Utilization Percent  : 31.0000
2025-10-05 11:47:27,448 - INFO - Disk Read Bytes          : 0.0000
2025-10-05 11:47:27,448 - INFO - Disk Write Bytes         : 0.0000
2025-10-05 11:47:27,448 - INFO - Accuracy                 : 0.0044
2025-10-05 11:47:27,448 - INFO - Precision                : 1.0000
2025-10-05 11:47:27,448 - INFO - Recall                   : 0.0044
2025-10-05 11:47:27,448 - INFO - F1 Score                 : 0.0088
2025-10-05 11:47:27,448 - INFO - ==================================================
2025-10-05 11:48:12,986 - INFO - Época 4 concluída. Loss média: 2.6552
2025-10-05 11:48:12,988 - INFO - Iniciando inferência com o modelo MobileNetV1...
2025-10-05 11:48:17,784 - INFO - ==================================================
2025-10-05 11:48:17,784 - INFO - EXPERIMENT RESULTS
2025-10-05 11:48:17,784 - INFO - ==================================================
2025-10-05 11:48:17,784 - INFO - Elapsed Time Seconds     : 4.7697
2025-10-05 11:48:17,784 - INFO - Cpu Usage Percent        : 2.6344
2025-10-05 11:48:17,784 - INFO - Ram Peak Usage Bytes     : 1464274944.0000
2025-10-05 11:48:17,784 - INFO - Vram Peak Usage Bytes    : 367239168.0000
2025-10-05 11:48:17,784 - INFO - Gpu Power Watts          : 109.2660
2025-10-05 11:48:17,784 - INFO - Gpu Temp Celsius         : 48.0000
2025-10-05 11:48:17,784 - INFO - Gpu Utilization Percent  : 24.0000
2025-10-05 11:48:17,784 - INFO - Disk Read Bytes          : 0.0000
2025-10-05 11:48:17,784 - INFO - Disk Write Bytes         : 102400.0000
2025-10-05 11:48:17,784 - INFO - Accuracy                 : 0.0073
2025-10-05 11:48:17,784 - INFO - Precision                : 1.0000
2025-10-05 11:48:17,784 - INFO - Recall                   : 0.0073
2025-10-05 11:48:17,784 - INFO - F1 Score                 : 0.0145
2025-10-05 11:48:17,784 - INFO - ==================================================
2025-10-05 11:49:01,418 - INFO - Época 5 concluída. Loss média: 2.3443
2025-10-05 11:49:01,419 - INFO - Iniciando inferência com o modelo MobileNetV1...
2025-10-05 11:49:06,004 - INFO - ==================================================
2025-10-05 11:49:06,004 - INFO - EXPERIMENT RESULTS
2025-10-05 11:49:06,004 - INFO - ==================================================
2025-10-05 11:49:06,004 - INFO - Elapsed Time Seconds     : 4.5467
2025-10-05 11:49:06,004 - INFO - Cpu Usage Percent        : 2.0000
2025-10-05 11:49:06,004 - INFO - Ram Peak Usage Bytes     : 1464283136.0000
2025-10-05 11:49:06,004 - INFO - Vram Peak Usage Bytes    : 367239168.0000
2025-10-05 11:49:06,004 - INFO - Gpu Power Watts          : 114.7100
2025-10-05 11:49:06,004 - INFO - Gpu Temp Celsius         : 48.0000
2025-10-05 11:49:06,004 - INFO - Gpu Utilization Percent  : 25.0000
2025-10-05 11:49:06,004 - INFO - Disk Read Bytes          : 0.0000
2025-10-05 11:49:06,004 - INFO - Disk Write Bytes         : 77824.0000
2025-10-05 11:49:06,005 - INFO - Accuracy                 : 0.0052
2025-10-05 11:49:06,005 - INFO - Precision                : 1.0000
2025-10-05 11:49:06,005 - INFO - Recall                   : 0.0052
2025-10-05 11:49:06,005 - INFO - F1 Score                 : 0.0103
2025-10-05 11:49:06,005 - INFO - ==================================================
2025-10-05 11:49:53,533 - INFO - Época 6 concluída. Loss média: 2.0713
2025-10-05 11:49:53,537 - INFO - Iniciando inferência com o modelo MobileNetV1...
2025-10-05 11:49:58,560 - INFO - ==================================================
2025-10-05 11:49:58,560 - INFO - EXPERIMENT RESULTS
2025-10-05 11:49:58,560 - INFO - ==================================================
2025-10-05 11:49:58,560 - INFO - Elapsed Time Seconds     : 4.9854
2025-10-05 11:49:58,560 - INFO - Cpu Usage Percent        : 2.6250
2025-10-05 11:49:58,560 - INFO - Ram Peak Usage Bytes     : 1464295424.0000
2025-10-05 11:49:58,560 - INFO - Vram Peak Usage Bytes    : 367239168.0000
2025-10-05 11:49:58,560 - INFO - Gpu Power Watts          : 106.7210
2025-10-05 11:49:58,560 - INFO - Gpu Temp Celsius         : 48.0000
2025-10-05 11:49:58,560 - INFO - Gpu Utilization Percent  : 24.0000
2025-10-05 11:49:58,561 - INFO - Disk Read Bytes          : 0.0000
2025-10-05 11:49:58,561 - INFO - Disk Write Bytes         : 53248.0000
2025-10-05 11:49:58,561 - INFO - Accuracy                 : 0.0055
2025-10-05 11:49:58,561 - INFO - Precision                : 1.0000
2025-10-05 11:49:58,561 - INFO - Recall                   : 0.0055
2025-10-05 11:49:58,561 - INFO - F1 Score                 : 0.0109
2025-10-05 11:49:58,561 - INFO - ==================================================
2025-10-05 11:50:45,460 - INFO - Época 7 concluída. Loss média: 1.8285
2025-10-05 11:50:45,463 - INFO - Iniciando inferência com o modelo MobileNetV1...
2025-10-05 11:50:50,014 - INFO - ==================================================
2025-10-05 11:50:50,014 - INFO - EXPERIMENT RESULTS
2025-10-05 11:50:50,014 - INFO - ==================================================
2025-10-05 11:50:50,014 - INFO - Elapsed Time Seconds     : 4.5116
2025-10-05 11:50:50,014 - INFO - Cpu Usage Percent        : 2.0156
2025-10-05 11:50:50,014 - INFO - Ram Peak Usage Bytes     : 1464295424.0000
2025-10-05 11:50:50,014 - INFO - Vram Peak Usage Bytes    : 367239168.0000
2025-10-05 11:50:50,014 - INFO - Gpu Power Watts          : 114.5930
2025-10-05 11:50:50,014 - INFO - Gpu Temp Celsius         : 49.0000
2025-10-05 11:50:50,014 - INFO - Gpu Utilization Percent  : 32.0000
2025-10-05 11:50:50,014 - INFO - Disk Read Bytes          : 0.0000
2025-10-05 11:50:50,014 - INFO - Disk Write Bytes         : 0.0000
2025-10-05 11:50:50,014 - INFO - Accuracy                 : 0.0043
2025-10-05 11:50:50,014 - INFO - Precision                : 1.0000
2025-10-05 11:50:50,015 - INFO - Recall                   : 0.0043
2025-10-05 11:50:50,015 - INFO - F1 Score                 : 0.0086
2025-10-05 11:50:50,015 - INFO - ==================================================
2025-10-05 11:51:37,521 - INFO - Época 8 concluída. Loss média: 1.6033
2025-10-05 11:51:37,525 - INFO - Iniciando inferência com o modelo MobileNetV1...
2025-10-05 11:51:40,658 - INFO - ==================================================
2025-10-05 11:51:40,658 - INFO - EXPERIMENT RESULTS
2025-10-05 11:51:40,658 - INFO - ==================================================
2025-10-05 11:51:40,658 - INFO - Elapsed Time Seconds     : 3.0960
2025-10-05 11:51:40,659 - INFO - Cpu Usage Percent        : 2.9781
2025-10-05 11:51:40,659 - INFO - Ram Peak Usage Bytes     : 1466662912.0000
2025-10-05 11:51:40,659 - INFO - Vram Peak Usage Bytes    : 367239168.0000
2025-10-05 11:51:40,659 - INFO - Gpu Power Watts          : 156.6480
2025-10-05 11:51:40,659 - INFO - Gpu Temp Celsius         : 51.0000
2025-10-05 11:51:40,659 - INFO - Gpu Utilization Percent  : 43.0000
2025-10-05 11:51:40,659 - INFO - Disk Read Bytes          : 0.0000
2025-10-05 11:51:40,659 - INFO - Disk Write Bytes         : 90112.0000
2025-10-05 11:51:40,659 - INFO - Accuracy                 : 0.0044
2025-10-05 11:51:40,659 - INFO - Precision                : 1.0000
2025-10-05 11:51:40,659 - INFO - Recall                   : 0.0044
2025-10-05 11:51:40,659 - INFO - F1 Score                 : 0.0088
2025-10-05 11:51:40,659 - INFO - ==================================================
2025-10-05 11:52:28,688 - INFO - Época 9 concluída. Loss média: 1.3952
2025-10-05 11:52:28,691 - INFO - Iniciando inferência com o modelo MobileNetV1...
2025-10-05 11:52:33,293 - INFO - ==================================================
2025-10-05 11:52:33,293 - INFO - EXPERIMENT RESULTS
2025-10-05 11:52:33,293 - INFO - ==================================================
2025-10-05 11:52:33,293 - INFO - Elapsed Time Seconds     : 4.5630
2025-10-05 11:52:33,293 - INFO - Cpu Usage Percent        : 2.0000
2025-10-05 11:52:33,293 - INFO - Ram Peak Usage Bytes     : 1472671744.0000
2025-10-05 11:52:33,293 - INFO - Vram Peak Usage Bytes    : 367239168.0000
2025-10-05 11:52:33,293 - INFO - Gpu Power Watts          : 111.6310
2025-10-05 11:52:33,293 - INFO - Gpu Temp Celsius         : 48.0000
2025-10-05 11:52:33,293 - INFO - Gpu Utilization Percent  : 28.0000
2025-10-05 11:52:33,293 - INFO - Disk Read Bytes          : 0.0000
2025-10-05 11:52:33,293 - INFO - Disk Write Bytes         : 0.0000
2025-10-05 11:52:33,294 - INFO - Accuracy                 : 0.0042
2025-10-05 11:52:33,294 - INFO - Precision                : 1.0000
2025-10-05 11:52:33,294 - INFO - Recall                   : 0.0042
2025-10-05 11:52:33,294 - INFO - F1 Score                 : 0.0084
2025-10-05 11:52:33,294 - INFO - ==================================================
2025-10-05 11:53:20,848 - INFO - Época 10 concluída. Loss média: 1.2038
2025-10-05 11:53:20,851 - INFO - Iniciando inferência com o modelo MobileNetV1...
2025-10-05 11:53:25,507 - INFO - ==================================================
2025-10-05 11:53:25,507 - INFO - EXPERIMENT RESULTS
2025-10-05 11:53:25,507 - INFO - ==================================================
2025-10-05 11:53:25,508 - INFO - Elapsed Time Seconds     : 4.6187
2025-10-05 11:53:25,508 - INFO - Cpu Usage Percent        : 1.9812
2025-10-05 11:53:25,508 - INFO - Ram Peak Usage Bytes     : 1479143424.0000
2025-10-05 11:53:25,508 - INFO - Vram Peak Usage Bytes    : 367239168.0000
2025-10-05 11:53:25,508 - INFO - Gpu Power Watts          : 108.3270
2025-10-05 11:53:25,508 - INFO - Gpu Temp Celsius         : 49.0000
2025-10-05 11:53:25,508 - INFO - Gpu Utilization Percent  : 30.0000
2025-10-05 11:53:25,508 - INFO - Disk Read Bytes          : 0.0000
2025-10-05 11:53:25,508 - INFO - Disk Write Bytes         : 0.0000
2025-10-05 11:53:25,508 - INFO - Accuracy                 : 0.0046
2025-10-05 11:53:25,508 - INFO - Precision                : 1.0000
2025-10-05 11:53:25,508 - INFO - Recall                   : 0.0046
2025-10-05 11:53:25,508 - INFO - F1 Score                 : 0.0092
2025-10-05 11:53:25,508 - INFO - ==================================================
2025-10-05 11:53:25,510 - INFO - Métricas de performance do treinamento:
2025-10-05 11:53:25,510 - INFO - ==================================================
2025-10-05 11:53:25,510 - INFO - EXPERIMENT RESULTS
2025-10-05 11:53:25,510 - INFO - ==================================================
2025-10-05 11:53:25,510 - INFO - Elapsed Time Seconds     : 506.4366
2025-10-05 11:53:25,510 - INFO - Cpu Usage Percent        : 4.0687
2025-10-05 11:53:25,510 - INFO - Ram Peak Usage Bytes     : 1479143424.0000
2025-10-05 11:53:25,510 - INFO - Vram Peak Usage Bytes    : 367239168.0000
2025-10-05 11:53:25,510 - INFO - Gpu Power Watts          : 108.3270
2025-10-05 11:53:25,510 - INFO - Gpu Temp Celsius         : 48.0000
2025-10-05 11:53:25,510 - INFO - Gpu Utilization Percent  : 30.0000
2025-10-05 11:53:25,510 - INFO - Disk Read Bytes          : 0.0000
2025-10-05 11:53:25,510 - INFO - Disk Write Bytes         : 7393280.0000
2025-10-05 11:53:25,510 - INFO - ==================================================
2025-10-05 11:53:25,802 - INFO - Modelo salvo em: trained_models/mobilenet_V1_final.pth
2025-10-05 11:53:25,814 - INFO - Pipeline de treinamento concluído. Modelo salvo em: trained_models/mobilenet_V1_final.pth
2025-10-05 11:53:25,814 - INFO - Iniciando pipeline de inferência para avaliação final no conjunto de validação...
2025-10-05 11:53:25,930 - INFO - Iniciando inferência com o modelo MobileNetV1...
2025-10-05 11:53:30,606 - INFO - ==================================================
2025-10-05 11:53:30,607 - INFO - EXPERIMENT RESULTS
2025-10-05 11:53:30,607 - INFO - ==================================================
2025-10-05 11:53:30,607 - INFO - Elapsed Time Seconds     : 4.6390
2025-10-05 11:53:30,607 - INFO - Cpu Usage Percent        : 2.0000
2025-10-05 11:53:30,607 - INFO - Ram Peak Usage Bytes     : 1482268672.0000
2025-10-05 11:53:30,607 - INFO - Vram Peak Usage Bytes    : 306990592.0000
2025-10-05 11:53:30,607 - INFO - Gpu Power Watts          : 112.2060
2025-10-05 11:53:30,607 - INFO - Gpu Temp Celsius         : 48.0000
2025-10-05 11:53:30,607 - INFO - Gpu Utilization Percent  : 27.0000
2025-10-05 11:53:30,607 - INFO - Disk Read Bytes          : 0.0000
2025-10-05 11:53:30,607 - INFO - Disk Write Bytes         : 61440.0000
2025-10-05 11:53:30,607 - INFO - Accuracy                 : 0.0046
2025-10-05 11:53:30,607 - INFO - Precision                : 1.0000
2025-10-05 11:53:30,607 - INFO - Recall                   : 0.0046
2025-10-05 11:53:30,607 - INFO - F1 Score                 : 0.0092
2025-10-05 11:53:30,607 - INFO - ==================================================
2025-10-05 11:53:30,608 - INFO - Projeto executado com sucesso!
