2025-10-05 11:44:26,002 - INFO - ==================================================
2025-10-05 11:44:26,002 - INFO - EXPERIMENT CONFIGURATION
2025-10-05 11:44:26,002 - INFO - ==================================================
2025-10-05 11:44:26,002 - INFO - Model Name          : mobilenet_V1
2025-10-05 11:44:26,002 - INFO - Config File         : configs/pcad_config.yaml
2025-10-05 11:44:26,002 - INFO - Train Data          : /scratch/ehdmenezes//tiny-imagenet-200/train
2025-10-05 11:44:26,002 - INFO - Validation Data     : /scratch/ehdmenezes//tiny-imagenet-200/val
2025-10-05 11:44:26,002 - INFO - model_params        : {'num_classes': 200}
2025-10-05 11:44:26,002 - INFO - train_params        : {'epochs': 10, 'batch_size': 32, 'learning_rate': 0.001}
2025-10-05 11:44:26,002 - INFO - inference_params    : {'batch_size': 32}
2025-10-05 11:44:26,002 - INFO - ==================================================
2025-10-05 11:44:26,014 - INFO - Semente aleatória para esta execução foi fixada em: 72
2025-10-05 11:44:26,194 - INFO - Iniciando treinamento do modelo mobilenet_V1 no dispositivo cuda.
2025-10-05 11:45:09,080 - INFO - Época 1 concluída. Loss média: 4.3991
2025-10-05 11:45:09,082 - INFO - Iniciando inferência com o modelo MobileNetV1...
2025-10-05 11:45:11,079 - INFO - ==================================================
2025-10-05 11:45:11,079 - INFO - EXPERIMENT RESULTS
2025-10-05 11:45:11,079 - INFO - ==================================================
2025-10-05 11:45:11,079 - INFO - Elapsed Time Seconds     : 1.9732
2025-10-05 11:45:11,079 - INFO - Cpu Usage Percent        : 4.0062
2025-10-05 11:45:11,079 - INFO - Ram Peak Usage Bytes     : 1465835520.0000
2025-10-05 11:45:11,079 - INFO - Vram Peak Usage Bytes    : 367239168.0000
2025-10-05 11:45:11,079 - INFO - Gpu Power Watts          : 206.8170
2025-10-05 11:45:11,079 - INFO - Gpu Temp Celsius         : 53.0000
2025-10-05 11:45:11,079 - INFO - Gpu Utilization Percent  : 65.0000
2025-10-05 11:45:11,079 - INFO - Disk Read Bytes          : 0.0000
2025-10-05 11:45:11,079 - INFO - Disk Write Bytes         : 81920.0000
2025-10-05 11:45:11,079 - INFO - Accuracy                 : 0.0021
2025-10-05 11:45:11,079 - INFO - Precision                : 1.0000
2025-10-05 11:45:11,079 - INFO - Recall                   : 0.0021
2025-10-05 11:45:11,079 - INFO - F1 Score                 : 0.0042
2025-10-05 11:45:11,079 - INFO - ==================================================
2025-10-05 11:45:53,722 - INFO - Época 2 concluída. Loss média: 3.5215
2025-10-05 11:45:53,723 - INFO - Iniciando inferência com o modelo MobileNetV1...
2025-10-05 11:45:57,186 - INFO - ==================================================
2025-10-05 11:45:57,187 - INFO - EXPERIMENT RESULTS
2025-10-05 11:45:57,187 - INFO - ==================================================
2025-10-05 11:45:57,187 - INFO - Elapsed Time Seconds     : 3.4402
2025-10-05 11:45:57,187 - INFO - Cpu Usage Percent        : 2.1812
2025-10-05 11:45:57,187 - INFO - Ram Peak Usage Bytes     : 1468657664.0000
2025-10-05 11:45:57,187 - INFO - Vram Peak Usage Bytes    : 367239168.0000
2025-10-05 11:45:57,187 - INFO - Gpu Power Watts          : 116.9720
2025-10-05 11:45:57,187 - INFO - Gpu Temp Celsius         : 50.0000
2025-10-05 11:45:57,187 - INFO - Gpu Utilization Percent  : 33.0000
2025-10-05 11:45:57,187 - INFO - Disk Read Bytes          : 0.0000
2025-10-05 11:45:57,187 - INFO - Disk Write Bytes         : 0.0000
2025-10-05 11:45:57,187 - INFO - Accuracy                 : 0.0034
2025-10-05 11:45:57,187 - INFO - Precision                : 1.0000
2025-10-05 11:45:57,187 - INFO - Recall                   : 0.0034
2025-10-05 11:45:57,187 - INFO - F1 Score                 : 0.0068
2025-10-05 11:45:57,187 - INFO - ==================================================
2025-10-05 11:46:40,095 - INFO - Época 3 concluída. Loss média: 3.0262
2025-10-05 11:46:40,097 - INFO - Iniciando inferência com o modelo MobileNetV1...
2025-10-05 11:46:43,624 - INFO - ==================================================
2025-10-05 11:46:43,624 - INFO - EXPERIMENT RESULTS
2025-10-05 11:46:43,624 - INFO - ==================================================
2025-10-05 11:46:43,624 - INFO - Elapsed Time Seconds     : 3.5112
2025-10-05 11:46:43,624 - INFO - Cpu Usage Percent        : 3.0625
2025-10-05 11:46:43,624 - INFO - Ram Peak Usage Bytes     : 1468755968.0000
2025-10-05 11:46:43,624 - INFO - Vram Peak Usage Bytes    : 367239168.0000
2025-10-05 11:46:43,624 - INFO - Gpu Power Watts          : 115.7090
2025-10-05 11:46:43,624 - INFO - Gpu Temp Celsius         : 50.0000
2025-10-05 11:46:43,624 - INFO - Gpu Utilization Percent  : 37.0000
2025-10-05 11:46:43,624 - INFO - Disk Read Bytes          : 0.0000
2025-10-05 11:46:43,624 - INFO - Disk Write Bytes         : 106496.0000
2025-10-05 11:46:43,624 - INFO - Accuracy                 : 0.0035
2025-10-05 11:46:43,624 - INFO - Precision                : 1.0000
2025-10-05 11:46:43,624 - INFO - Recall                   : 0.0035
2025-10-05 11:46:43,624 - INFO - F1 Score                 : 0.0070
2025-10-05 11:46:43,624 - INFO - ==================================================
2025-10-05 11:47:26,426 - INFO - Época 4 concluída. Loss média: 2.6573
2025-10-05 11:47:26,426 - INFO - Iniciando inferência com o modelo MobileNetV1...
2025-10-05 11:47:29,783 - INFO - ==================================================
2025-10-05 11:47:29,783 - INFO - EXPERIMENT RESULTS
2025-10-05 11:47:29,783 - INFO - ==================================================
2025-10-05 11:47:29,783 - INFO - Elapsed Time Seconds     : 3.3412
2025-10-05 11:47:29,783 - INFO - Cpu Usage Percent        : 2.2344
2025-10-05 11:47:29,783 - INFO - Ram Peak Usage Bytes     : 1468760064.0000
2025-10-05 11:47:29,783 - INFO - Vram Peak Usage Bytes    : 367239168.0000
2025-10-05 11:47:29,783 - INFO - Gpu Power Watts          : 123.5990
2025-10-05 11:47:29,783 - INFO - Gpu Temp Celsius         : 50.0000
2025-10-05 11:47:29,783 - INFO - Gpu Utilization Percent  : 36.0000
2025-10-05 11:47:29,783 - INFO - Disk Read Bytes          : 0.0000
2025-10-05 11:47:29,783 - INFO - Disk Write Bytes         : 98304.0000
2025-10-05 11:47:29,783 - INFO - Accuracy                 : 0.0055
2025-10-05 11:47:29,783 - INFO - Precision                : 1.0000
2025-10-05 11:47:29,783 - INFO - Recall                   : 0.0055
2025-10-05 11:47:29,783 - INFO - F1 Score                 : 0.0109
2025-10-05 11:47:29,783 - INFO - ==================================================
2025-10-05 11:48:12,463 - INFO - Época 5 concluída. Loss média: 2.3524
2025-10-05 11:48:12,464 - INFO - Iniciando inferência com o modelo MobileNetV1...
2025-10-05 11:48:14,540 - INFO - ==================================================
2025-10-05 11:48:14,541 - INFO - EXPERIMENT RESULTS
2025-10-05 11:48:14,541 - INFO - ==================================================
2025-10-05 11:48:14,541 - INFO - Elapsed Time Seconds     : 2.0539
2025-10-05 11:48:14,541 - INFO - Cpu Usage Percent        : 3.8500
2025-10-05 11:48:14,541 - INFO - Ram Peak Usage Bytes     : 1468768256.0000
2025-10-05 11:48:14,541 - INFO - Vram Peak Usage Bytes    : 367239168.0000
2025-10-05 11:48:14,541 - INFO - Gpu Power Watts          : 200.6600
2025-10-05 11:48:14,541 - INFO - Gpu Temp Celsius         : 54.0000
2025-10-05 11:48:14,541 - INFO - Gpu Utilization Percent  : 61.0000
2025-10-05 11:48:14,541 - INFO - Disk Read Bytes          : 0.0000
2025-10-05 11:48:14,541 - INFO - Disk Write Bytes         : 0.0000
2025-10-05 11:48:14,541 - INFO - Accuracy                 : 0.0125
2025-10-05 11:48:14,541 - INFO - Precision                : 1.0000
2025-10-05 11:48:14,541 - INFO - Recall                   : 0.0125
2025-10-05 11:48:14,541 - INFO - F1 Score                 : 0.0247
2025-10-05 11:48:14,541 - INFO - ==================================================
2025-10-05 11:48:58,957 - INFO - Época 6 concluída. Loss média: 2.0782
2025-10-05 11:48:58,958 - INFO - Iniciando inferência com o modelo MobileNetV1...
2025-10-05 11:49:02,457 - INFO - ==================================================
2025-10-05 11:49:02,457 - INFO - EXPERIMENT RESULTS
2025-10-05 11:49:02,457 - INFO - ==================================================
2025-10-05 11:49:02,457 - INFO - Elapsed Time Seconds     : 3.4749
2025-10-05 11:49:02,457 - INFO - Cpu Usage Percent        : 2.1844
2025-10-05 11:49:02,457 - INFO - Ram Peak Usage Bytes     : 1468772352.0000
2025-10-05 11:49:02,457 - INFO - Vram Peak Usage Bytes    : 367239168.0000
2025-10-05 11:49:02,457 - INFO - Gpu Power Watts          : 120.1720
2025-10-05 11:49:02,457 - INFO - Gpu Temp Celsius         : 51.0000
2025-10-05 11:49:02,457 - INFO - Gpu Utilization Percent  : 36.0000
2025-10-05 11:49:02,457 - INFO - Disk Read Bytes          : 0.0000
2025-10-05 11:49:02,457 - INFO - Disk Write Bytes         : 4096.0000
2025-10-05 11:49:02,457 - INFO - Accuracy                 : 0.0066
2025-10-05 11:49:02,457 - INFO - Precision                : 1.0000
2025-10-05 11:49:02,457 - INFO - Recall                   : 0.0066
2025-10-05 11:49:02,457 - INFO - F1 Score                 : 0.0131
2025-10-05 11:49:02,457 - INFO - ==================================================
2025-10-05 11:49:46,824 - INFO - Época 7 concluída. Loss média: 1.8332
2025-10-05 11:49:46,826 - INFO - Iniciando inferência com o modelo MobileNetV1...
2025-10-05 11:49:50,360 - INFO - ==================================================
2025-10-05 11:49:50,360 - INFO - EXPERIMENT RESULTS
2025-10-05 11:49:50,360 - INFO - ==================================================
2025-10-05 11:49:50,360 - INFO - Elapsed Time Seconds     : 3.5104
2025-10-05 11:49:50,360 - INFO - Cpu Usage Percent        : 2.1531
2025-10-05 11:49:50,360 - INFO - Ram Peak Usage Bytes     : 1468776448.0000
2025-10-05 11:49:50,360 - INFO - Vram Peak Usage Bytes    : 367239168.0000
2025-10-05 11:49:50,360 - INFO - Gpu Power Watts          : 119.5060
2025-10-05 11:49:50,360 - INFO - Gpu Temp Celsius         : 50.0000
2025-10-05 11:49:50,360 - INFO - Gpu Utilization Percent  : 37.0000
2025-10-05 11:49:50,360 - INFO - Disk Read Bytes          : 0.0000
2025-10-05 11:49:50,360 - INFO - Disk Write Bytes         : 0.0000
2025-10-05 11:49:50,360 - INFO - Accuracy                 : 0.0065
2025-10-05 11:49:50,360 - INFO - Precision                : 1.0000
2025-10-05 11:49:50,360 - INFO - Recall                   : 0.0065
2025-10-05 11:49:50,360 - INFO - F1 Score                 : 0.0129
2025-10-05 11:49:50,360 - INFO - ==================================================
2025-10-05 11:50:33,954 - INFO - Época 8 concluída. Loss média: 1.6082
2025-10-05 11:50:33,955 - INFO - Iniciando inferência com o modelo MobileNetV1...
2025-10-05 11:50:37,486 - INFO - ==================================================
2025-10-05 11:50:37,487 - INFO - EXPERIMENT RESULTS
2025-10-05 11:50:37,487 - INFO - ==================================================
2025-10-05 11:50:37,487 - INFO - Elapsed Time Seconds     : 3.5073
2025-10-05 11:50:37,487 - INFO - Cpu Usage Percent        : 2.1750
2025-10-05 11:50:37,487 - INFO - Ram Peak Usage Bytes     : 1468776448.0000
2025-10-05 11:50:37,487 - INFO - Vram Peak Usage Bytes    : 367239168.0000
2025-10-05 11:50:37,487 - INFO - Gpu Power Watts          : 115.9510
2025-10-05 11:50:37,487 - INFO - Gpu Temp Celsius         : 50.0000
2025-10-05 11:50:37,487 - INFO - Gpu Utilization Percent  : 36.0000
2025-10-05 11:50:37,487 - INFO - Disk Read Bytes          : 0.0000
2025-10-05 11:50:37,487 - INFO - Disk Write Bytes         : 0.0000
2025-10-05 11:50:37,487 - INFO - Accuracy                 : 0.0037
2025-10-05 11:50:37,487 - INFO - Precision                : 1.0000
2025-10-05 11:50:37,487 - INFO - Recall                   : 0.0037
2025-10-05 11:50:37,487 - INFO - F1 Score                 : 0.0074
2025-10-05 11:50:37,487 - INFO - ==================================================
2025-10-05 11:51:21,087 - INFO - Época 9 concluída. Loss média: 1.3988
2025-10-05 11:51:21,089 - INFO - Iniciando inferência com o modelo MobileNetV1...
2025-10-05 11:51:24,621 - INFO - ==================================================
2025-10-05 11:51:24,622 - INFO - EXPERIMENT RESULTS
2025-10-05 11:51:24,622 - INFO - ==================================================
2025-10-05 11:51:24,622 - INFO - Elapsed Time Seconds     : 3.5095
2025-10-05 11:51:24,622 - INFO - Cpu Usage Percent        : 3.1156
2025-10-05 11:51:24,622 - INFO - Ram Peak Usage Bytes     : 1472876544.0000
2025-10-05 11:51:24,622 - INFO - Vram Peak Usage Bytes    : 367239168.0000
2025-10-05 11:51:24,622 - INFO - Gpu Power Watts          : 116.3740
2025-10-05 11:51:24,622 - INFO - Gpu Temp Celsius         : 51.0000
2025-10-05 11:51:24,622 - INFO - Gpu Utilization Percent  : 35.0000
2025-10-05 11:51:24,622 - INFO - Disk Read Bytes          : 0.0000
2025-10-05 11:51:24,622 - INFO - Disk Write Bytes         : 106496.0000
2025-10-05 11:51:24,622 - INFO - Accuracy                 : 0.0059
2025-10-05 11:51:24,622 - INFO - Precision                : 1.0000
2025-10-05 11:51:24,622 - INFO - Recall                   : 0.0059
2025-10-05 11:51:24,622 - INFO - F1 Score                 : 0.0117
2025-10-05 11:51:24,622 - INFO - ==================================================
2025-10-05 11:52:08,227 - INFO - Época 10 concluída. Loss média: 1.2060
2025-10-05 11:52:08,229 - INFO - Iniciando inferência com o modelo MobileNetV1...
2025-10-05 11:52:11,814 - INFO - ==================================================
2025-10-05 11:52:11,814 - INFO - EXPERIMENT RESULTS
2025-10-05 11:52:11,814 - INFO - ==================================================
2025-10-05 11:52:11,815 - INFO - Elapsed Time Seconds     : 3.5624
2025-10-05 11:52:11,815 - INFO - Cpu Usage Percent        : 3.0531
2025-10-05 11:52:11,815 - INFO - Ram Peak Usage Bytes     : 1479000064.0000
2025-10-05 11:52:11,815 - INFO - Vram Peak Usage Bytes    : 367239168.0000
2025-10-05 11:52:11,815 - INFO - Gpu Power Watts          : 116.0150
2025-10-05 11:52:11,815 - INFO - Gpu Temp Celsius         : 51.0000
2025-10-05 11:52:11,815 - INFO - Gpu Utilization Percent  : 34.0000
2025-10-05 11:52:11,815 - INFO - Disk Read Bytes          : 0.0000
2025-10-05 11:52:11,815 - INFO - Disk Write Bytes         : 180224.0000
2025-10-05 11:52:11,815 - INFO - Accuracy                 : 0.0047
2025-10-05 11:52:11,815 - INFO - Precision                : 1.0000
2025-10-05 11:52:11,815 - INFO - Recall                   : 0.0047
2025-10-05 11:52:11,815 - INFO - F1 Score                 : 0.0094
2025-10-05 11:52:11,815 - INFO - ==================================================
2025-10-05 11:52:11,816 - INFO - Métricas de performance do treinamento:
2025-10-05 11:52:11,816 - INFO - ==================================================
2025-10-05 11:52:11,816 - INFO - EXPERIMENT RESULTS
2025-10-05 11:52:11,816 - INFO - ==================================================
2025-10-05 11:52:11,816 - INFO - Elapsed Time Seconds     : 465.6206
2025-10-05 11:52:11,816 - INFO - Cpu Usage Percent        : 4.0187
2025-10-05 11:52:11,816 - INFO - Ram Peak Usage Bytes     : 1479000064.0000
2025-10-05 11:52:11,816 - INFO - Vram Peak Usage Bytes    : 367239168.0000
2025-10-05 11:52:11,816 - INFO - Gpu Power Watts          : 116.0150
2025-10-05 11:52:11,816 - INFO - Gpu Temp Celsius         : 50.0000
2025-10-05 11:52:11,816 - INFO - Gpu Utilization Percent  : 34.0000
2025-10-05 11:52:11,816 - INFO - Disk Read Bytes          : 0.0000
2025-10-05 11:52:11,816 - INFO - Disk Write Bytes         : 5394432.0000
2025-10-05 11:52:11,817 - INFO - ==================================================
2025-10-05 11:52:13,070 - INFO - Modelo salvo em: trained_models/mobilenet_V1_final.pth
2025-10-05 11:52:13,077 - INFO - Pipeline de treinamento concluído. Modelo salvo em: trained_models/mobilenet_V1_final.pth
2025-10-05 11:52:13,077 - INFO - Iniciando pipeline de inferência para avaliação final no conjunto de validação...
2025-10-05 11:52:13,147 - INFO - Iniciando inferência com o modelo MobileNetV1...
2025-10-05 11:52:16,678 - INFO - ==================================================
2025-10-05 11:52:16,678 - INFO - EXPERIMENT RESULTS
2025-10-05 11:52:16,678 - INFO - ==================================================
2025-10-05 11:52:16,678 - INFO - Elapsed Time Seconds     : 3.5070
2025-10-05 11:52:16,678 - INFO - Cpu Usage Percent        : 2.2000
2025-10-05 11:52:16,678 - INFO - Ram Peak Usage Bytes     : 1483067392.0000
2025-10-05 11:52:16,678 - INFO - Vram Peak Usage Bytes    : 306990592.0000
2025-10-05 11:52:16,678 - INFO - Gpu Power Watts          : 121.9850
2025-10-05 11:52:16,678 - INFO - Gpu Temp Celsius         : 49.0000
2025-10-05 11:52:16,678 - INFO - Gpu Utilization Percent  : 33.0000
2025-10-05 11:52:16,678 - INFO - Disk Read Bytes          : 0.0000
2025-10-05 11:52:16,678 - INFO - Disk Write Bytes         : 28672.0000
2025-10-05 11:52:16,678 - INFO - Accuracy                 : 0.0047
2025-10-05 11:52:16,678 - INFO - Precision                : 1.0000
2025-10-05 11:52:16,678 - INFO - Recall                   : 0.0047
2025-10-05 11:52:16,678 - INFO - F1 Score                 : 0.0094
2025-10-05 11:52:16,678 - INFO - ==================================================
2025-10-05 11:52:16,678 - INFO - Projeto executado com sucesso!
