2025-10-05 11:36:09,044 - INFO - ==================================================
2025-10-05 11:36:09,044 - INFO - EXPERIMENT CONFIGURATION
2025-10-05 11:36:09,044 - INFO - ==================================================
2025-10-05 11:36:09,044 - INFO - Model Name          : mobilenet_V1
2025-10-05 11:36:09,044 - INFO - Config File         : configs/pcad_config.yaml
2025-10-05 11:36:09,044 - INFO - Train Data          : /scratch/ehdmenezes//tiny-imagenet-200/train
2025-10-05 11:36:09,044 - INFO - Validation Data     : /scratch/ehdmenezes//tiny-imagenet-200/val
2025-10-05 11:36:09,044 - INFO - model_params        : {'num_classes': 200}
2025-10-05 11:36:09,044 - INFO - train_params        : {'epochs': 10, 'batch_size': 32, 'learning_rate': 0.001}
2025-10-05 11:36:09,044 - INFO - inference_params    : {'batch_size': 32}
2025-10-05 11:36:09,044 - INFO - ==================================================
2025-10-05 11:36:09,059 - INFO - Semente aleatória para esta execução foi fixada em: 62
2025-10-05 11:36:09,320 - INFO - Iniciando treinamento do modelo mobilenet_V1 no dispositivo cuda.
2025-10-05 11:36:54,889 - INFO - Época 1 concluída. Loss média: 4.4294
2025-10-05 11:36:54,890 - INFO - Iniciando inferência com o modelo MobileNetV1...
2025-10-05 11:36:58,003 - INFO - ==================================================
2025-10-05 11:36:58,003 - INFO - EXPERIMENT RESULTS
2025-10-05 11:36:58,003 - INFO - ==================================================
2025-10-05 11:36:58,003 - INFO - Elapsed Time Seconds     : 3.0851
2025-10-05 11:36:58,003 - INFO - Cpu Usage Percent        : 2.9562
2025-10-05 11:36:58,003 - INFO - Ram Peak Usage Bytes     : 1462562816.0000
2025-10-05 11:36:58,003 - INFO - Vram Peak Usage Bytes    : 367239168.0000
2025-10-05 11:36:58,003 - INFO - Gpu Power Watts          : 155.4420
2025-10-05 11:36:58,003 - INFO - Gpu Temp Celsius         : 44.0000
2025-10-05 11:36:58,003 - INFO - Gpu Utilization Percent  : 41.0000
2025-10-05 11:36:58,003 - INFO - Disk Read Bytes          : 0.0000
2025-10-05 11:36:58,003 - INFO - Disk Write Bytes         : 20393984.0000
2025-10-05 11:36:58,003 - INFO - Accuracy                 : 0.0029
2025-10-05 11:36:58,003 - INFO - Precision                : 1.0000
2025-10-05 11:36:58,003 - INFO - Recall                   : 0.0029
2025-10-05 11:36:58,003 - INFO - F1 Score                 : 0.0058
2025-10-05 11:36:58,003 - INFO - ==================================================
2025-10-05 11:37:41,493 - INFO - Época 2 concluída. Loss média: 3.5315
2025-10-05 11:37:41,495 - INFO - Iniciando inferência com o modelo MobileNetV1...
2025-10-05 11:37:44,570 - INFO - ==================================================
2025-10-05 11:37:44,570 - INFO - EXPERIMENT RESULTS
2025-10-05 11:37:44,570 - INFO - ==================================================
2025-10-05 11:37:44,570 - INFO - Elapsed Time Seconds     : 3.0498
2025-10-05 11:37:44,570 - INFO - Cpu Usage Percent        : 2.9625
2025-10-05 11:37:44,570 - INFO - Ram Peak Usage Bytes     : 1463537664.0000
2025-10-05 11:37:44,571 - INFO - Vram Peak Usage Bytes    : 367239168.0000
2025-10-05 11:37:44,571 - INFO - Gpu Power Watts          : 155.3160
2025-10-05 11:37:44,571 - INFO - Gpu Temp Celsius         : 48.0000
2025-10-05 11:37:44,571 - INFO - Gpu Utilization Percent  : 42.0000
2025-10-05 11:37:44,571 - INFO - Disk Read Bytes          : 0.0000
2025-10-05 11:37:44,571 - INFO - Disk Write Bytes         : 20480.0000
2025-10-05 11:37:44,571 - INFO - Accuracy                 : 0.0058
2025-10-05 11:37:44,571 - INFO - Precision                : 1.0000
2025-10-05 11:37:44,571 - INFO - Recall                   : 0.0058
2025-10-05 11:37:44,571 - INFO - F1 Score                 : 0.0115
2025-10-05 11:37:44,571 - INFO - ==================================================
2025-10-05 11:38:28,145 - INFO - Época 3 concluída. Loss média: 3.0439
2025-10-05 11:38:28,146 - INFO - Iniciando inferência com o modelo MobileNetV1...
2025-10-05 11:38:32,550 - INFO - ==================================================
2025-10-05 11:38:32,559 - INFO - EXPERIMENT RESULTS
2025-10-05 11:38:32,559 - INFO - ==================================================
2025-10-05 11:38:32,560 - INFO - Elapsed Time Seconds     : 4.3777
2025-10-05 11:38:32,560 - INFO - Cpu Usage Percent        : 2.0500
2025-10-05 11:38:32,560 - INFO - Ram Peak Usage Bytes     : 1463599104.0000
2025-10-05 11:38:32,560 - INFO - Vram Peak Usage Bytes    : 367239168.0000
2025-10-05 11:38:32,560 - INFO - Gpu Power Watts          : 114.1920
2025-10-05 11:38:32,560 - INFO - Gpu Temp Celsius         : 48.0000
2025-10-05 11:38:32,560 - INFO - Gpu Utilization Percent  : 26.0000
2025-10-05 11:38:32,560 - INFO - Disk Read Bytes          : 0.0000
2025-10-05 11:38:32,560 - INFO - Disk Write Bytes         : 0.0000
2025-10-05 11:38:32,560 - INFO - Accuracy                 : 0.0072
2025-10-05 11:38:32,560 - INFO - Precision                : 1.0000
2025-10-05 11:38:32,560 - INFO - Recall                   : 0.0072
2025-10-05 11:38:32,560 - INFO - F1 Score                 : 0.0143
2025-10-05 11:38:32,560 - INFO - ==================================================
2025-10-05 11:39:16,138 - INFO - Época 4 concluída. Loss média: 2.6666
2025-10-05 11:39:16,140 - INFO - Iniciando inferência com o modelo MobileNetV1...
2025-10-05 11:39:20,807 - INFO - ==================================================
2025-10-05 11:39:20,807 - INFO - EXPERIMENT RESULTS
2025-10-05 11:39:20,807 - INFO - ==================================================
2025-10-05 11:39:20,807 - INFO - Elapsed Time Seconds     : 4.6410
2025-10-05 11:39:20,807 - INFO - Cpu Usage Percent        : 2.7000
2025-10-05 11:39:20,807 - INFO - Ram Peak Usage Bytes     : 1463656448.0000
2025-10-05 11:39:20,807 - INFO - Vram Peak Usage Bytes    : 367239168.0000
2025-10-05 11:39:20,807 - INFO - Gpu Power Watts          : 110.6270
2025-10-05 11:39:20,807 - INFO - Gpu Temp Celsius         : 48.0000
2025-10-05 11:39:20,807 - INFO - Gpu Utilization Percent  : 26.0000
2025-10-05 11:39:20,807 - INFO - Disk Read Bytes          : 0.0000
2025-10-05 11:39:20,807 - INFO - Disk Write Bytes         : 0.0000
2025-10-05 11:39:20,807 - INFO - Accuracy                 : 0.0091
2025-10-05 11:39:20,807 - INFO - Precision                : 1.0000
2025-10-05 11:39:20,807 - INFO - Recall                   : 0.0091
2025-10-05 11:39:20,807 - INFO - F1 Score                 : 0.0180
2025-10-05 11:39:20,807 - INFO - ==================================================
2025-10-05 11:40:05,066 - INFO - Época 5 concluída. Loss média: 2.3567
2025-10-05 11:40:05,067 - INFO - Iniciando inferência com o modelo MobileNetV1...
2025-10-05 11:40:08,158 - INFO - ==================================================
2025-10-05 11:40:08,158 - INFO - EXPERIMENT RESULTS
2025-10-05 11:40:08,158 - INFO - ==================================================
2025-10-05 11:40:08,158 - INFO - Elapsed Time Seconds     : 3.0635
2025-10-05 11:40:08,158 - INFO - Cpu Usage Percent        : 2.9594
2025-10-05 11:40:08,158 - INFO - Ram Peak Usage Bytes     : 1463672832.0000
2025-10-05 11:40:08,158 - INFO - Vram Peak Usage Bytes    : 367239168.0000
2025-10-05 11:40:08,158 - INFO - Gpu Power Watts          : 156.6260
2025-10-05 11:40:08,158 - INFO - Gpu Temp Celsius         : 50.0000
2025-10-05 11:40:08,158 - INFO - Gpu Utilization Percent  : 40.0000
2025-10-05 11:40:08,158 - INFO - Disk Read Bytes          : 0.0000
2025-10-05 11:40:08,158 - INFO - Disk Write Bytes         : 73728.0000
2025-10-05 11:40:08,158 - INFO - Accuracy                 : 0.0047
2025-10-05 11:40:08,158 - INFO - Precision                : 1.0000
2025-10-05 11:40:08,158 - INFO - Recall                   : 0.0047
2025-10-05 11:40:08,158 - INFO - F1 Score                 : 0.0094
2025-10-05 11:40:08,158 - INFO - ==================================================
2025-10-05 11:40:57,047 - INFO - Época 6 concluída. Loss média: 2.0859
2025-10-05 11:40:57,050 - INFO - Iniciando inferência com o modelo MobileNetV1...
2025-10-05 11:41:01,741 - INFO - ==================================================
2025-10-05 11:41:01,741 - INFO - EXPERIMENT RESULTS
2025-10-05 11:41:01,741 - INFO - ==================================================
2025-10-05 11:41:01,741 - INFO - Elapsed Time Seconds     : 4.6644
2025-10-05 11:41:01,741 - INFO - Cpu Usage Percent        : 2.6531
2025-10-05 11:41:01,741 - INFO - Ram Peak Usage Bytes     : 1463660544.0000
2025-10-05 11:41:01,741 - INFO - Vram Peak Usage Bytes    : 367239168.0000
2025-10-05 11:41:01,741 - INFO - Gpu Power Watts          : 110.4330
2025-10-05 11:41:01,741 - INFO - Gpu Temp Celsius         : 48.0000
2025-10-05 11:41:01,741 - INFO - Gpu Utilization Percent  : 30.0000
2025-10-05 11:41:01,741 - INFO - Disk Read Bytes          : 0.0000
2025-10-05 11:41:01,741 - INFO - Disk Write Bytes         : 0.0000
2025-10-05 11:41:01,741 - INFO - Accuracy                 : 0.0046
2025-10-05 11:41:01,741 - INFO - Precision                : 1.0000
2025-10-05 11:41:01,741 - INFO - Recall                   : 0.0046
2025-10-05 11:41:01,741 - INFO - F1 Score                 : 0.0092
2025-10-05 11:41:01,741 - INFO - ==================================================
2025-10-05 11:41:45,355 - INFO - Época 7 concluída. Loss média: 1.8417
2025-10-05 11:41:45,356 - INFO - Iniciando inferência com o modelo MobileNetV1...
2025-10-05 11:41:49,755 - INFO - ==================================================
2025-10-05 11:41:49,756 - INFO - EXPERIMENT RESULTS
2025-10-05 11:41:49,756 - INFO - ==================================================
2025-10-05 11:41:49,756 - INFO - Elapsed Time Seconds     : 4.3735
2025-10-05 11:41:49,756 - INFO - Cpu Usage Percent        : 2.0594
2025-10-05 11:41:49,756 - INFO - Ram Peak Usage Bytes     : 1463668736.0000
2025-10-05 11:41:49,756 - INFO - Vram Peak Usage Bytes    : 367239168.0000
2025-10-05 11:41:49,756 - INFO - Gpu Power Watts          : 114.4990
2025-10-05 11:41:49,756 - INFO - Gpu Temp Celsius         : 48.0000
2025-10-05 11:41:49,756 - INFO - Gpu Utilization Percent  : 26.0000
2025-10-05 11:41:49,756 - INFO - Disk Read Bytes          : 0.0000
2025-10-05 11:41:49,756 - INFO - Disk Write Bytes         : 16384.0000
2025-10-05 11:41:49,756 - INFO - Accuracy                 : 0.0068
2025-10-05 11:41:49,756 - INFO - Precision                : 1.0000
2025-10-05 11:41:49,756 - INFO - Recall                   : 0.0068
2025-10-05 11:41:49,756 - INFO - F1 Score                 : 0.0135
2025-10-05 11:41:49,756 - INFO - ==================================================
2025-10-05 11:42:33,306 - INFO - Época 8 concluída. Loss média: 1.6195
2025-10-05 11:42:33,307 - INFO - Iniciando inferência com o modelo MobileNetV1...
2025-10-05 11:42:36,342 - INFO - ==================================================
2025-10-05 11:42:36,342 - INFO - EXPERIMENT RESULTS
2025-10-05 11:42:36,342 - INFO - ==================================================
2025-10-05 11:42:36,342 - INFO - Elapsed Time Seconds     : 2.9962
2025-10-05 11:42:36,342 - INFO - Cpu Usage Percent        : 3.0469
2025-10-05 11:42:36,342 - INFO - Ram Peak Usage Bytes     : 1466060800.0000
2025-10-05 11:42:36,342 - INFO - Vram Peak Usage Bytes    : 367239168.0000
2025-10-05 11:42:36,342 - INFO - Gpu Power Watts          : 160.5010
2025-10-05 11:42:36,342 - INFO - Gpu Temp Celsius         : 51.0000
2025-10-05 11:42:36,342 - INFO - Gpu Utilization Percent  : 45.0000
2025-10-05 11:42:36,342 - INFO - Disk Read Bytes          : 0.0000
2025-10-05 11:42:36,342 - INFO - Disk Write Bytes         : 0.0000
2025-10-05 11:42:36,342 - INFO - Accuracy                 : 0.0050
2025-10-05 11:42:36,342 - INFO - Precision                : 1.0000
2025-10-05 11:42:36,342 - INFO - Recall                   : 0.0050
2025-10-05 11:42:36,342 - INFO - F1 Score                 : 0.0100
2025-10-05 11:42:36,343 - INFO - ==================================================
2025-10-05 11:43:26,016 - INFO - Época 9 concluída. Loss média: 1.4044
2025-10-05 11:43:26,019 - INFO - Iniciando inferência com o modelo MobileNetV1...
2025-10-05 11:43:30,491 - INFO - ==================================================
2025-10-05 11:43:30,492 - INFO - EXPERIMENT RESULTS
2025-10-05 11:43:30,492 - INFO - ==================================================
2025-10-05 11:43:30,492 - INFO - Elapsed Time Seconds     : 4.4344
2025-10-05 11:43:30,492 - INFO - Cpu Usage Percent        : 2.0500
2025-10-05 11:43:30,492 - INFO - Ram Peak Usage Bytes     : 1470746624.0000
2025-10-05 11:43:30,492 - INFO - Vram Peak Usage Bytes    : 367239168.0000
2025-10-05 11:43:30,492 - INFO - Gpu Power Watts          : 111.1270
2025-10-05 11:43:30,492 - INFO - Gpu Temp Celsius         : 48.0000
2025-10-05 11:43:30,492 - INFO - Gpu Utilization Percent  : 32.0000
2025-10-05 11:43:30,492 - INFO - Disk Read Bytes          : 0.0000
2025-10-05 11:43:30,492 - INFO - Disk Write Bytes         : 0.0000
2025-10-05 11:43:30,492 - INFO - Accuracy                 : 0.0079
2025-10-05 11:43:30,492 - INFO - Precision                : 1.0000
2025-10-05 11:43:30,492 - INFO - Recall                   : 0.0079
2025-10-05 11:43:30,492 - INFO - F1 Score                 : 0.0157
2025-10-05 11:43:30,493 - INFO - ==================================================
2025-10-05 11:44:19,296 - INFO - Época 10 concluída. Loss média: 1.2136
2025-10-05 11:44:19,299 - INFO - Iniciando inferência com o modelo MobileNetV1...
2025-10-05 11:44:23,795 - INFO - ==================================================
2025-10-05 11:44:23,796 - INFO - EXPERIMENT RESULTS
2025-10-05 11:44:23,796 - INFO - ==================================================
2025-10-05 11:44:23,796 - INFO - Elapsed Time Seconds     : 4.4584
2025-10-05 11:44:23,796 - INFO - Cpu Usage Percent        : 2.0531
2025-10-05 11:44:23,796 - INFO - Ram Peak Usage Bytes     : 1480593408.0000
2025-10-05 11:44:23,796 - INFO - Vram Peak Usage Bytes    : 367239168.0000
2025-10-05 11:44:23,796 - INFO - Gpu Power Watts          : 113.1940
2025-10-05 11:44:23,796 - INFO - Gpu Temp Celsius         : 48.0000
2025-10-05 11:44:23,796 - INFO - Gpu Utilization Percent  : 24.0000
2025-10-05 11:44:23,796 - INFO - Disk Read Bytes          : 0.0000
2025-10-05 11:44:23,796 - INFO - Disk Write Bytes         : 0.0000
2025-10-05 11:44:23,796 - INFO - Accuracy                 : 0.0042
2025-10-05 11:44:23,796 - INFO - Precision                : 1.0000
2025-10-05 11:44:23,796 - INFO - Recall                   : 0.0042
2025-10-05 11:44:23,796 - INFO - F1 Score                 : 0.0084
2025-10-05 11:44:23,796 - INFO - ==================================================
2025-10-05 11:44:23,798 - INFO - Métricas de performance do treinamento:
2025-10-05 11:44:23,798 - INFO - ==================================================
2025-10-05 11:44:23,798 - INFO - EXPERIMENT RESULTS
2025-10-05 11:44:23,798 - INFO - ==================================================
2025-10-05 11:44:23,798 - INFO - Elapsed Time Seconds     : 494.4756
2025-10-05 11:44:23,798 - INFO - Cpu Usage Percent        : 4.0531
2025-10-05 11:44:23,798 - INFO - Ram Peak Usage Bytes     : 1480597504.0000
2025-10-05 11:44:23,798 - INFO - Vram Peak Usage Bytes    : 367239168.0000
2025-10-05 11:44:23,798 - INFO - Gpu Power Watts          : 113.1940
2025-10-05 11:44:23,798 - INFO - Gpu Temp Celsius         : 47.0000
2025-10-05 11:44:23,798 - INFO - Gpu Utilization Percent  : 24.0000
2025-10-05 11:44:23,798 - INFO - Disk Read Bytes          : 18558976.0000
2025-10-05 11:44:23,798 - INFO - Disk Write Bytes         : 281636864.0000
2025-10-05 11:44:23,799 - INFO - ==================================================
2025-10-05 11:44:24,119 - INFO - Modelo salvo em: trained_models/mobilenet_V1_final.pth
2025-10-05 11:44:24,131 - INFO - Pipeline de treinamento concluído. Modelo salvo em: trained_models/mobilenet_V1_final.pth
2025-10-05 11:44:24,131 - INFO - Iniciando pipeline de inferência para avaliação final no conjunto de validação...
2025-10-05 11:44:24,248 - INFO - Iniciando inferência com o modelo MobileNetV1...
2025-10-05 11:44:28,931 - INFO - ==================================================
2025-10-05 11:44:28,931 - INFO - EXPERIMENT RESULTS
2025-10-05 11:44:28,931 - INFO - ==================================================
2025-10-05 11:44:28,931 - INFO - Elapsed Time Seconds     : 4.6441
2025-10-05 11:44:28,931 - INFO - Cpu Usage Percent        : 1.9906
2025-10-05 11:44:28,931 - INFO - Ram Peak Usage Bytes     : 1485799424.0000
2025-10-05 11:44:28,931 - INFO - Vram Peak Usage Bytes    : 306990592.0000
2025-10-05 11:44:28,931 - INFO - Gpu Power Watts          : 112.9150
2025-10-05 11:44:28,931 - INFO - Gpu Temp Celsius         : 47.0000
2025-10-05 11:44:28,931 - INFO - Gpu Utilization Percent  : 27.0000
2025-10-05 11:44:28,931 - INFO - Disk Read Bytes          : 0.0000
2025-10-05 11:44:28,931 - INFO - Disk Write Bytes         : 69632.0000
2025-10-05 11:44:28,931 - INFO - Accuracy                 : 0.0042
2025-10-05 11:44:28,931 - INFO - Precision                : 1.0000
2025-10-05 11:44:28,932 - INFO - Recall                   : 0.0042
2025-10-05 11:44:28,932 - INFO - F1 Score                 : 0.0084
2025-10-05 11:44:28,932 - INFO - ==================================================
2025-10-05 11:44:28,932 - INFO - Projeto executado com sucesso!
