2025-10-05 11:36:10,329 - INFO - ==================================================
2025-10-05 11:36:10,329 - INFO - EXPERIMENT CONFIGURATION
2025-10-05 11:36:10,329 - INFO - ==================================================
2025-10-05 11:36:10,329 - INFO - Model Name          : mobilenet_V1
2025-10-05 11:36:10,329 - INFO - Config File         : configs/pcad_config.yaml
2025-10-05 11:36:10,329 - INFO - Train Data          : /scratch/ehdmenezes//tiny-imagenet-200/train
2025-10-05 11:36:10,329 - INFO - Validation Data     : /scratch/ehdmenezes//tiny-imagenet-200/val
2025-10-05 11:36:10,329 - INFO - model_params        : {'num_classes': 200}
2025-10-05 11:36:10,329 - INFO - train_params        : {'epochs': 10, 'batch_size': 32, 'learning_rate': 0.001}
2025-10-05 11:36:10,330 - INFO - inference_params    : {'batch_size': 32}
2025-10-05 11:36:10,330 - INFO - ==================================================
2025-10-05 11:36:10,347 - INFO - Semente aleatória para esta execução foi fixada em: 52
2025-10-05 11:36:10,650 - INFO - Iniciando treinamento do modelo mobilenet_V1 no dispositivo cuda.
2025-10-05 11:36:54,180 - INFO - Época 1 concluída. Loss média: 4.3946
2025-10-05 11:36:54,182 - INFO - Iniciando inferência com o modelo MobileNetV1...
2025-10-05 11:36:57,643 - INFO - ==================================================
2025-10-05 11:36:57,643 - INFO - EXPERIMENT RESULTS
2025-10-05 11:36:57,643 - INFO - ==================================================
2025-10-05 11:36:57,643 - INFO - Elapsed Time Seconds     : 3.4454
2025-10-05 11:36:57,643 - INFO - Cpu Usage Percent        : 2.1844
2025-10-05 11:36:57,643 - INFO - Ram Peak Usage Bytes     : 1467330560.0000
2025-10-05 11:36:57,643 - INFO - Vram Peak Usage Bytes    : 367239168.0000
2025-10-05 11:36:57,643 - INFO - Gpu Power Watts          : 120.9240
2025-10-05 11:36:57,643 - INFO - Gpu Temp Celsius         : 50.0000
2025-10-05 11:36:57,643 - INFO - Gpu Utilization Percent  : 40.0000
2025-10-05 11:36:57,643 - INFO - Disk Read Bytes          : 0.0000
2025-10-05 11:36:57,643 - INFO - Disk Write Bytes         : 0.0000
2025-10-05 11:36:57,643 - INFO - Accuracy                 : 0.0109
2025-10-05 11:36:57,643 - INFO - Precision                : 1.0000
2025-10-05 11:36:57,643 - INFO - Recall                   : 0.0109
2025-10-05 11:36:57,643 - INFO - F1 Score                 : 0.0216
2025-10-05 11:36:57,644 - INFO - ==================================================
2025-10-05 11:37:40,390 - INFO - Época 2 concluída. Loss média: 3.5055
2025-10-05 11:37:40,391 - INFO - Iniciando inferência com o modelo MobileNetV1...
2025-10-05 11:37:43,897 - INFO - ==================================================
2025-10-05 11:37:43,897 - INFO - EXPERIMENT RESULTS
2025-10-05 11:37:43,897 - INFO - ==================================================
2025-10-05 11:37:43,897 - INFO - Elapsed Time Seconds     : 3.4910
2025-10-05 11:37:43,897 - INFO - Cpu Usage Percent        : 2.1219
2025-10-05 11:37:43,897 - INFO - Ram Peak Usage Bytes     : 1469517824.0000
2025-10-05 11:37:43,897 - INFO - Vram Peak Usage Bytes    : 367239168.0000
2025-10-05 11:37:43,897 - INFO - Gpu Power Watts          : 114.6760
2025-10-05 11:37:43,897 - INFO - Gpu Temp Celsius         : 50.0000
2025-10-05 11:37:43,897 - INFO - Gpu Utilization Percent  : 40.0000
2025-10-05 11:37:43,897 - INFO - Disk Read Bytes          : 0.0000
2025-10-05 11:37:43,897 - INFO - Disk Write Bytes         : 0.0000
2025-10-05 11:37:43,897 - INFO - Accuracy                 : 0.0039
2025-10-05 11:37:43,897 - INFO - Precision                : 1.0000
2025-10-05 11:37:43,897 - INFO - Recall                   : 0.0039
2025-10-05 11:37:43,897 - INFO - F1 Score                 : 0.0078
2025-10-05 11:37:43,898 - INFO - ==================================================
2025-10-05 11:38:26,465 - INFO - Época 3 concluída. Loss média: 3.0084
2025-10-05 11:38:26,466 - INFO - Iniciando inferência com o modelo MobileNetV1...
2025-10-05 11:38:29,914 - INFO - ==================================================
2025-10-05 11:38:29,914 - INFO - EXPERIMENT RESULTS
2025-10-05 11:38:29,914 - INFO - ==================================================
2025-10-05 11:38:29,914 - INFO - Elapsed Time Seconds     : 3.4322
2025-10-05 11:38:29,914 - INFO - Cpu Usage Percent        : 2.1844
2025-10-05 11:38:29,914 - INFO - Ram Peak Usage Bytes     : 1469620224.0000
2025-10-05 11:38:29,914 - INFO - Vram Peak Usage Bytes    : 367239168.0000
2025-10-05 11:38:29,914 - INFO - Gpu Power Watts          : 117.3300
2025-10-05 11:38:29,914 - INFO - Gpu Temp Celsius         : 50.0000
2025-10-05 11:38:29,914 - INFO - Gpu Utilization Percent  : 36.0000
2025-10-05 11:38:29,914 - INFO - Disk Read Bytes          : 0.0000
2025-10-05 11:38:29,914 - INFO - Disk Write Bytes         : 0.0000
2025-10-05 11:38:29,914 - INFO - Accuracy                 : 0.0092
2025-10-05 11:38:29,914 - INFO - Precision                : 1.0000
2025-10-05 11:38:29,914 - INFO - Recall                   : 0.0092
2025-10-05 11:38:29,914 - INFO - F1 Score                 : 0.0182
2025-10-05 11:38:29,914 - INFO - ==================================================
2025-10-05 11:39:13,719 - INFO - Época 4 concluída. Loss média: 2.6330
2025-10-05 11:39:13,721 - INFO - Iniciando inferência com o modelo MobileNetV1...
2025-10-05 11:39:15,934 - INFO - ==================================================
2025-10-05 11:39:15,934 - INFO - EXPERIMENT RESULTS
2025-10-05 11:39:15,934 - INFO - ==================================================
2025-10-05 11:39:15,934 - INFO - Elapsed Time Seconds     : 2.1978
2025-10-05 11:39:15,934 - INFO - Cpu Usage Percent        : 4.2219
2025-10-05 11:39:15,934 - INFO - Ram Peak Usage Bytes     : 1469669376.0000
2025-10-05 11:39:15,934 - INFO - Vram Peak Usage Bytes    : 367239168.0000
2025-10-05 11:39:15,934 - INFO - Gpu Power Watts          : 197.2140
2025-10-05 11:39:15,934 - INFO - Gpu Temp Celsius         : 54.0000
2025-10-05 11:39:15,934 - INFO - Gpu Utilization Percent  : 59.0000
2025-10-05 11:39:15,934 - INFO - Disk Read Bytes          : 0.0000
2025-10-05 11:39:15,934 - INFO - Disk Write Bytes         : 20480.0000
2025-10-05 11:39:15,934 - INFO - Accuracy                 : 0.0069
2025-10-05 11:39:15,934 - INFO - Precision                : 1.0000
2025-10-05 11:39:15,934 - INFO - Recall                   : 0.0069
2025-10-05 11:39:15,934 - INFO - F1 Score                 : 0.0137
2025-10-05 11:39:15,934 - INFO - ==================================================
2025-10-05 11:39:59,628 - INFO - Época 5 concluída. Loss média: 2.3264
2025-10-05 11:39:59,630 - INFO - Iniciando inferência com o modelo MobileNetV1...
2025-10-05 11:40:03,166 - INFO - ==================================================
2025-10-05 11:40:03,166 - INFO - EXPERIMENT RESULTS
2025-10-05 11:40:03,166 - INFO - ==================================================
2025-10-05 11:40:03,166 - INFO - Elapsed Time Seconds     : 3.5123
2025-10-05 11:40:03,166 - INFO - Cpu Usage Percent        : 2.1531
2025-10-05 11:40:03,166 - INFO - Ram Peak Usage Bytes     : 1469673472.0000
2025-10-05 11:40:03,166 - INFO - Vram Peak Usage Bytes    : 367239168.0000
2025-10-05 11:40:03,166 - INFO - Gpu Power Watts          : 116.0580
2025-10-05 11:40:03,166 - INFO - Gpu Temp Celsius         : 50.0000
2025-10-05 11:40:03,166 - INFO - Gpu Utilization Percent  : 35.0000
2025-10-05 11:40:03,166 - INFO - Disk Read Bytes          : 0.0000
2025-10-05 11:40:03,166 - INFO - Disk Write Bytes         : 4096.0000
2025-10-05 11:40:03,166 - INFO - Accuracy                 : 0.0026
2025-10-05 11:40:03,166 - INFO - Precision                : 1.0000
2025-10-05 11:40:03,166 - INFO - Recall                   : 0.0026
2025-10-05 11:40:03,166 - INFO - F1 Score                 : 0.0052
2025-10-05 11:40:03,166 - INFO - ==================================================
2025-10-05 11:40:45,737 - INFO - Época 6 concluída. Loss média: 2.0534
2025-10-05 11:40:45,738 - INFO - Iniciando inferência com o modelo MobileNetV1...
2025-10-05 11:40:49,311 - INFO - ==================================================
2025-10-05 11:40:49,312 - INFO - EXPERIMENT RESULTS
2025-10-05 11:40:49,312 - INFO - ==================================================
2025-10-05 11:40:49,312 - INFO - Elapsed Time Seconds     : 3.5490
2025-10-05 11:40:49,312 - INFO - Cpu Usage Percent        : 2.1500
2025-10-05 11:40:49,312 - INFO - Ram Peak Usage Bytes     : 1469673472.0000
2025-10-05 11:40:49,312 - INFO - Vram Peak Usage Bytes    : 367239168.0000
2025-10-05 11:40:49,312 - INFO - Gpu Power Watts          : 114.3500
2025-10-05 11:40:49,312 - INFO - Gpu Temp Celsius         : 50.0000
2025-10-05 11:40:49,312 - INFO - Gpu Utilization Percent  : 35.0000
2025-10-05 11:40:49,312 - INFO - Disk Read Bytes          : 0.0000
2025-10-05 11:40:49,312 - INFO - Disk Write Bytes         : 102400.0000
2025-10-05 11:40:49,312 - INFO - Accuracy                 : 0.0079
2025-10-05 11:40:49,312 - INFO - Precision                : 1.0000
2025-10-05 11:40:49,312 - INFO - Recall                   : 0.0079
2025-10-05 11:40:49,312 - INFO - F1 Score                 : 0.0157
2025-10-05 11:40:49,312 - INFO - ==================================================
2025-10-05 11:41:31,914 - INFO - Época 7 concluída. Loss média: 1.8117
2025-10-05 11:41:31,914 - INFO - Iniciando inferência com o modelo MobileNetV1...
2025-10-05 11:41:34,001 - INFO - ==================================================
2025-10-05 11:41:34,001 - INFO - EXPERIMENT RESULTS
2025-10-05 11:41:34,001 - INFO - ==================================================
2025-10-05 11:41:34,001 - INFO - Elapsed Time Seconds     : 2.0710
2025-10-05 11:41:34,001 - INFO - Cpu Usage Percent        : 3.8312
2025-10-05 11:41:34,001 - INFO - Ram Peak Usage Bytes     : 1469689856.0000
2025-10-05 11:41:34,001 - INFO - Vram Peak Usage Bytes    : 367239168.0000
2025-10-05 11:41:34,001 - INFO - Gpu Power Watts          : 200.9480
2025-10-05 11:41:34,001 - INFO - Gpu Temp Celsius         : 55.0000
2025-10-05 11:41:34,001 - INFO - Gpu Utilization Percent  : 63.0000
2025-10-05 11:41:34,001 - INFO - Disk Read Bytes          : 0.0000
2025-10-05 11:41:34,001 - INFO - Disk Write Bytes         : 0.0000
2025-10-05 11:41:34,001 - INFO - Accuracy                 : 0.0065
2025-10-05 11:41:34,001 - INFO - Precision                : 1.0000
2025-10-05 11:41:34,001 - INFO - Recall                   : 0.0065
2025-10-05 11:41:34,001 - INFO - F1 Score                 : 0.0129
2025-10-05 11:41:34,001 - INFO - ==================================================
2025-10-05 11:42:16,532 - INFO - Época 8 concluída. Loss média: 1.5852
2025-10-05 11:42:16,533 - INFO - Iniciando inferência com o modelo MobileNetV1...
2025-10-05 11:42:20,005 - INFO - ==================================================
2025-10-05 11:42:20,005 - INFO - EXPERIMENT RESULTS
2025-10-05 11:42:20,005 - INFO - ==================================================
2025-10-05 11:42:20,005 - INFO - Elapsed Time Seconds     : 3.4568
2025-10-05 11:42:20,005 - INFO - Cpu Usage Percent        : 2.1500
2025-10-05 11:42:20,005 - INFO - Ram Peak Usage Bytes     : 1469693952.0000
2025-10-05 11:42:20,005 - INFO - Vram Peak Usage Bytes    : 367239168.0000
2025-10-05 11:42:20,005 - INFO - Gpu Power Watts          : 115.1080
2025-10-05 11:42:20,005 - INFO - Gpu Temp Celsius         : 51.0000
2025-10-05 11:42:20,005 - INFO - Gpu Utilization Percent  : 40.0000
2025-10-05 11:42:20,005 - INFO - Disk Read Bytes          : 0.0000
2025-10-05 11:42:20,005 - INFO - Disk Write Bytes         : 0.0000
2025-10-05 11:42:20,005 - INFO - Accuracy                 : 0.0066
2025-10-05 11:42:20,005 - INFO - Precision                : 1.0000
2025-10-05 11:42:20,005 - INFO - Recall                   : 0.0066
2025-10-05 11:42:20,005 - INFO - F1 Score                 : 0.0131
2025-10-05 11:42:20,005 - INFO - ==================================================
2025-10-05 11:43:03,565 - INFO - Época 9 concluída. Loss média: 1.3745
2025-10-05 11:43:03,567 - INFO - Iniciando inferência com o modelo MobileNetV1...
2025-10-05 11:43:07,033 - INFO - ==================================================
2025-10-05 11:43:07,033 - INFO - EXPERIMENT RESULTS
2025-10-05 11:43:07,033 - INFO - ==================================================
2025-10-05 11:43:07,033 - INFO - Elapsed Time Seconds     : 3.4427
2025-10-05 11:43:07,033 - INFO - Cpu Usage Percent        : 2.2062
2025-10-05 11:43:07,033 - INFO - Ram Peak Usage Bytes     : 1473368064.0000
2025-10-05 11:43:07,033 - INFO - Vram Peak Usage Bytes    : 367239168.0000
2025-10-05 11:43:07,033 - INFO - Gpu Power Watts          : 118.7270
2025-10-05 11:43:07,033 - INFO - Gpu Temp Celsius         : 50.0000
2025-10-05 11:43:07,033 - INFO - Gpu Utilization Percent  : 40.0000
2025-10-05 11:43:07,033 - INFO - Disk Read Bytes          : 0.0000
2025-10-05 11:43:07,033 - INFO - Disk Write Bytes         : 73728.0000
2025-10-05 11:43:07,033 - INFO - Accuracy                 : 0.0079
2025-10-05 11:43:07,033 - INFO - Precision                : 1.0000
2025-10-05 11:43:07,033 - INFO - Recall                   : 0.0079
2025-10-05 11:43:07,033 - INFO - F1 Score                 : 0.0157
2025-10-05 11:43:07,033 - INFO - ==================================================
2025-10-05 11:43:49,640 - INFO - Época 10 concluída. Loss média: 1.1857
2025-10-05 11:43:49,641 - INFO - Iniciando inferência com o modelo MobileNetV1...
2025-10-05 11:43:51,716 - INFO - ==================================================
2025-10-05 11:43:51,716 - INFO - EXPERIMENT RESULTS
2025-10-05 11:43:51,716 - INFO - ==================================================
2025-10-05 11:43:51,716 - INFO - Elapsed Time Seconds     : 2.0523
2025-10-05 11:43:51,716 - INFO - Cpu Usage Percent        : 3.7594
2025-10-05 11:43:51,716 - INFO - Ram Peak Usage Bytes     : 1478160384.0000
2025-10-05 11:43:51,716 - INFO - Vram Peak Usage Bytes    : 367239168.0000
2025-10-05 11:43:51,716 - INFO - Gpu Power Watts          : 200.6930
2025-10-05 11:43:51,716 - INFO - Gpu Temp Celsius         : 54.0000
2025-10-05 11:43:51,716 - INFO - Gpu Utilization Percent  : 62.0000
2025-10-05 11:43:51,717 - INFO - Disk Read Bytes          : 0.0000
2025-10-05 11:43:51,717 - INFO - Disk Write Bytes         : 0.0000
2025-10-05 11:43:51,717 - INFO - Accuracy                 : 0.0042
2025-10-05 11:43:51,717 - INFO - Precision                : 1.0000
2025-10-05 11:43:51,717 - INFO - Recall                   : 0.0042
2025-10-05 11:43:51,717 - INFO - F1 Score                 : 0.0084
2025-10-05 11:43:51,717 - INFO - ==================================================
2025-10-05 11:43:51,718 - INFO - Métricas de performance do treinamento:
2025-10-05 11:43:51,718 - INFO - ==================================================
2025-10-05 11:43:51,718 - INFO - EXPERIMENT RESULTS
2025-10-05 11:43:51,718 - INFO - ==================================================
2025-10-05 11:43:51,718 - INFO - Elapsed Time Seconds     : 461.0662
2025-10-05 11:43:51,718 - INFO - Cpu Usage Percent        : 3.8312
2025-10-05 11:43:51,718 - INFO - Ram Peak Usage Bytes     : 1478160384.0000
2025-10-05 11:43:51,718 - INFO - Vram Peak Usage Bytes    : 367239168.0000
2025-10-05 11:43:51,718 - INFO - Gpu Power Watts          : 200.6930
2025-10-05 11:43:51,718 - INFO - Gpu Temp Celsius         : 53.0000
2025-10-05 11:43:51,718 - INFO - Gpu Utilization Percent  : 62.0000
2025-10-05 11:43:51,718 - INFO - Disk Read Bytes          : 0.0000
2025-10-05 11:43:51,718 - INFO - Disk Write Bytes         : 4874240.0000
2025-10-05 11:43:51,718 - INFO - ==================================================
2025-10-05 11:43:52,936 - INFO - Modelo salvo em: trained_models/mobilenet_V1_final.pth
2025-10-05 11:43:52,943 - INFO - Pipeline de treinamento concluído. Modelo salvo em: trained_models/mobilenet_V1_final.pth
2025-10-05 11:43:52,943 - INFO - Iniciando pipeline de inferência para avaliação final no conjunto de validação...
2025-10-05 11:43:53,012 - INFO - Iniciando inferência com o modelo MobileNetV1...
2025-10-05 11:43:56,538 - INFO - ==================================================
2025-10-05 11:43:56,538 - INFO - EXPERIMENT RESULTS
2025-10-05 11:43:56,538 - INFO - ==================================================
2025-10-05 11:43:56,538 - INFO - Elapsed Time Seconds     : 3.5109
2025-10-05 11:43:56,539 - INFO - Cpu Usage Percent        : 2.1437
2025-10-05 11:43:56,539 - INFO - Ram Peak Usage Bytes     : 1484427264.0000
2025-10-05 11:43:56,539 - INFO - Vram Peak Usage Bytes    : 306990592.0000
2025-10-05 11:43:56,539 - INFO - Gpu Power Watts          : 118.4760
2025-10-05 11:43:56,539 - INFO - Gpu Temp Celsius         : 49.0000
2025-10-05 11:43:56,539 - INFO - Gpu Utilization Percent  : 40.0000
2025-10-05 11:43:56,539 - INFO - Disk Read Bytes          : 0.0000
2025-10-05 11:43:56,539 - INFO - Disk Write Bytes         : 118784.0000
2025-10-05 11:43:56,539 - INFO - Accuracy                 : 0.0042
2025-10-05 11:43:56,539 - INFO - Precision                : 1.0000
2025-10-05 11:43:56,539 - INFO - Recall                   : 0.0042
2025-10-05 11:43:56,539 - INFO - F1 Score                 : 0.0084
2025-10-05 11:43:56,539 - INFO - ==================================================
2025-10-05 11:43:56,539 - INFO - Projeto executado com sucesso!
