2025-10-05 03:19:20,915 - INFO - ==================================================
2025-10-05 03:19:20,916 - INFO - EXPERIMENT CONFIGURATION
2025-10-05 03:19:20,916 - INFO - ==================================================
2025-10-05 03:19:20,916 - INFO - Model Name          : mobilenet_V1
2025-10-05 03:19:20,916 - INFO - Config File         : configs/pcad_config.yaml
2025-10-05 03:19:20,916 - INFO - Train Data          : /scratch/ehdmenezes//tiny-imagenet-200/train
2025-10-05 03:19:20,916 - INFO - Validation Data     : /scratch/ehdmenezes//tiny-imagenet-200/val
2025-10-05 03:19:20,916 - INFO - model_params        : {'num_classes': 200}
2025-10-05 03:19:20,916 - INFO - train_params        : {'epochs': 10, 'batch_size': 64, 'learning_rate': 0.001}
2025-10-05 03:19:20,916 - INFO - inference_params    : {'batch_size': 128}
2025-10-05 03:19:20,916 - INFO - ==================================================
2025-10-05 03:19:20,938 - INFO - Semente aleatória para esta execução foi fixada em: 72
2025-10-05 03:19:21,581 - INFO - Iniciando treinamento do modelo mobilenet_V1 no dispositivo cuda.
2025-10-05 03:20:32,620 - INFO - Época 1 concluída. Loss média: 4.3560
2025-10-05 03:20:32,623 - INFO - Iniciando inferência com o modelo MobileNetV1...
2025-10-05 03:20:39,189 - INFO - ==================================================
2025-10-05 03:20:39,189 - INFO - EXPERIMENT RESULTS
2025-10-05 03:20:39,189 - INFO - ==================================================
2025-10-05 03:20:39,189 - INFO - Elapsed Time Seconds     : 6.5144
2025-10-05 03:20:39,189 - INFO - Cpu Usage Percent        : 4.6312
2025-10-05 03:20:39,189 - INFO - Ram Peak Usage Bytes     : 1800142848.0000
2025-10-05 03:20:39,189 - INFO - Vram Peak Usage Bytes    : 643433472.0000
2025-10-05 03:20:39,189 - INFO - Gpu Power Watts          : 114.7510
2025-10-05 03:20:39,189 - INFO - Gpu Temp Celsius         : 34.0000
2025-10-05 03:20:39,189 - INFO - Gpu Utilization Percent  : 28.0000
2025-10-05 03:20:39,189 - INFO - Disk Read Bytes          : 0.0000
2025-10-05 03:20:39,189 - INFO - Disk Write Bytes         : 491520.0000
2025-10-05 03:20:39,189 - INFO - Accuracy                 : 0.0037
2025-10-05 03:20:39,189 - INFO - Precision                : 1.0000
2025-10-05 03:20:39,189 - INFO - Recall                   : 0.0037
2025-10-05 03:20:39,190 - INFO - F1 Score                 : 0.0074
2025-10-05 03:20:39,190 - INFO - ==================================================
2025-10-05 03:21:48,841 - INFO - Época 2 concluída. Loss média: 3.4459
2025-10-05 03:21:48,844 - INFO - Iniciando inferência com o modelo MobileNetV1...
2025-10-05 03:21:55,460 - INFO - ==================================================
2025-10-05 03:21:55,460 - INFO - EXPERIMENT RESULTS
2025-10-05 03:21:55,460 - INFO - ==================================================
2025-10-05 03:21:55,461 - INFO - Elapsed Time Seconds     : 6.5686
2025-10-05 03:21:55,461 - INFO - Cpu Usage Percent        : 4.6125
2025-10-05 03:21:55,461 - INFO - Ram Peak Usage Bytes     : 1800822784.0000
2025-10-05 03:21:55,461 - INFO - Vram Peak Usage Bytes    : 643433472.0000
2025-10-05 03:21:55,461 - INFO - Gpu Power Watts          : 128.6430
2025-10-05 03:21:55,461 - INFO - Gpu Temp Celsius         : 36.0000
2025-10-05 03:21:55,461 - INFO - Gpu Utilization Percent  : 26.0000
2025-10-05 03:21:55,461 - INFO - Disk Read Bytes          : 0.0000
2025-10-05 03:21:55,461 - INFO - Disk Write Bytes         : 557056.0000
2025-10-05 03:21:55,461 - INFO - Accuracy                 : 0.0026
2025-10-05 03:21:55,461 - INFO - Precision                : 1.0000
2025-10-05 03:21:55,461 - INFO - Recall                   : 0.0026
2025-10-05 03:21:55,461 - INFO - F1 Score                 : 0.0052
2025-10-05 03:21:55,461 - INFO - ==================================================
2025-10-05 03:22:57,301 - INFO - Época 3 concluída. Loss média: 2.9497
2025-10-05 03:22:57,304 - INFO - Iniciando inferência com o modelo MobileNetV1...
2025-10-05 03:23:03,753 - INFO - ==================================================
2025-10-05 03:23:03,753 - INFO - EXPERIMENT RESULTS
2025-10-05 03:23:03,754 - INFO - ==================================================
2025-10-05 03:23:03,754 - INFO - Elapsed Time Seconds     : 6.4022
2025-10-05 03:23:03,754 - INFO - Cpu Usage Percent        : 4.7375
2025-10-05 03:23:03,754 - INFO - Ram Peak Usage Bytes     : 1800912896.0000
2025-10-05 03:23:03,754 - INFO - Vram Peak Usage Bytes    : 643433472.0000
2025-10-05 03:23:03,754 - INFO - Gpu Power Watts          : 103.6210
2025-10-05 03:23:03,754 - INFO - Gpu Temp Celsius         : 37.0000
2025-10-05 03:23:03,754 - INFO - Gpu Utilization Percent  : 26.0000
2025-10-05 03:23:03,754 - INFO - Disk Read Bytes          : 0.0000
2025-10-05 03:23:03,754 - INFO - Disk Write Bytes         : 667648.0000
2025-10-05 03:23:03,754 - INFO - Accuracy                 : 0.0045
2025-10-05 03:23:03,754 - INFO - Precision                : 1.0000
2025-10-05 03:23:03,754 - INFO - Recall                   : 0.0045
2025-10-05 03:23:03,754 - INFO - F1 Score                 : 0.0090
2025-10-05 03:23:03,754 - INFO - ==================================================
2025-10-05 03:24:06,084 - INFO - Época 4 concluída. Loss média: 2.5720
2025-10-05 03:24:06,087 - INFO - Iniciando inferência com o modelo MobileNetV1...
2025-10-05 03:24:13,009 - INFO - ==================================================
2025-10-05 03:24:13,010 - INFO - EXPERIMENT RESULTS
2025-10-05 03:24:13,010 - INFO - ==================================================
2025-10-05 03:24:13,010 - INFO - Elapsed Time Seconds     : 6.8754
2025-10-05 03:24:13,010 - INFO - Cpu Usage Percent        : 4.4437
2025-10-05 03:24:13,010 - INFO - Ram Peak Usage Bytes     : 1800990720.0000
2025-10-05 03:24:13,010 - INFO - Vram Peak Usage Bytes    : 643433472.0000
2025-10-05 03:24:13,010 - INFO - Gpu Power Watts          : 103.0160
2025-10-05 03:24:13,010 - INFO - Gpu Temp Celsius         : 38.0000
2025-10-05 03:24:13,010 - INFO - Gpu Utilization Percent  : 41.0000
2025-10-05 03:24:13,010 - INFO - Disk Read Bytes          : 0.0000
2025-10-05 03:24:13,010 - INFO - Disk Write Bytes         : 987136.0000
2025-10-05 03:24:13,010 - INFO - Accuracy                 : 0.0042
2025-10-05 03:24:13,010 - INFO - Precision                : 1.0000
2025-10-05 03:24:13,010 - INFO - Recall                   : 0.0042
2025-10-05 03:24:13,010 - INFO - F1 Score                 : 0.0084
2025-10-05 03:24:13,010 - INFO - ==================================================
2025-10-05 03:25:14,911 - INFO - Época 5 concluída. Loss média: 2.2624
2025-10-05 03:25:14,913 - INFO - Iniciando inferência com o modelo MobileNetV1...
2025-10-05 03:25:21,405 - INFO - ==================================================
2025-10-05 03:25:21,405 - INFO - EXPERIMENT RESULTS
2025-10-05 03:25:21,405 - INFO - ==================================================
2025-10-05 03:25:21,405 - INFO - Elapsed Time Seconds     : 6.4435
2025-10-05 03:25:21,405 - INFO - Cpu Usage Percent        : 4.7313
2025-10-05 03:25:21,405 - INFO - Ram Peak Usage Bytes     : 1800990720.0000
2025-10-05 03:25:21,405 - INFO - Vram Peak Usage Bytes    : 643433472.0000
2025-10-05 03:25:21,405 - INFO - Gpu Power Watts          : 122.2600
2025-10-05 03:25:21,405 - INFO - Gpu Temp Celsius         : 39.0000
2025-10-05 03:25:21,405 - INFO - Gpu Utilization Percent  : 22.0000
2025-10-05 03:25:21,405 - INFO - Disk Read Bytes          : 0.0000
2025-10-05 03:25:21,405 - INFO - Disk Write Bytes         : 888832.0000
2025-10-05 03:25:21,405 - INFO - Accuracy                 : 0.0093
2025-10-05 03:25:21,405 - INFO - Precision                : 1.0000
2025-10-05 03:25:21,405 - INFO - Recall                   : 0.0093
2025-10-05 03:25:21,406 - INFO - F1 Score                 : 0.0184
2025-10-05 03:25:21,406 - INFO - ==================================================
2025-10-05 03:26:24,295 - INFO - Época 6 concluída. Loss média: 1.9856
2025-10-05 03:26:24,297 - INFO - Iniciando inferência com o modelo MobileNetV1...
2025-10-05 03:26:31,530 - INFO - ==================================================
2025-10-05 03:26:31,530 - INFO - EXPERIMENT RESULTS
2025-10-05 03:26:31,530 - INFO - ==================================================
2025-10-05 03:26:31,530 - INFO - Elapsed Time Seconds     : 7.1851
2025-10-05 03:26:31,530 - INFO - Cpu Usage Percent        : 4.2375
2025-10-05 03:26:31,530 - INFO - Ram Peak Usage Bytes     : 1800994816.0000
2025-10-05 03:26:31,530 - INFO - Vram Peak Usage Bytes    : 643433472.0000
2025-10-05 03:26:31,530 - INFO - Gpu Power Watts          : 100.8160
2025-10-05 03:26:31,530 - INFO - Gpu Temp Celsius         : 39.0000
2025-10-05 03:26:31,530 - INFO - Gpu Utilization Percent  : 22.0000
2025-10-05 03:26:31,531 - INFO - Disk Read Bytes          : 0.0000
2025-10-05 03:26:31,531 - INFO - Disk Write Bytes         : 442368.0000
2025-10-05 03:26:31,531 - INFO - Accuracy                 : 0.0061
2025-10-05 03:26:31,531 - INFO - Precision                : 1.0000
2025-10-05 03:26:31,531 - INFO - Recall                   : 0.0061
2025-10-05 03:26:31,531 - INFO - F1 Score                 : 0.0121
2025-10-05 03:26:31,531 - INFO - ==================================================
2025-10-05 03:27:41,268 - INFO - Época 7 concluída. Loss média: 1.7350
2025-10-05 03:27:41,271 - INFO - Iniciando inferência com o modelo MobileNetV1...
2025-10-05 03:27:48,120 - INFO - ==================================================
2025-10-05 03:27:48,120 - INFO - EXPERIMENT RESULTS
2025-10-05 03:27:48,120 - INFO - ==================================================
2025-10-05 03:27:48,120 - INFO - Elapsed Time Seconds     : 6.8013
2025-10-05 03:27:48,120 - INFO - Cpu Usage Percent        : 4.4562
2025-10-05 03:27:48,120 - INFO - Ram Peak Usage Bytes     : 1800998912.0000
2025-10-05 03:27:48,120 - INFO - Vram Peak Usage Bytes    : 643433472.0000
2025-10-05 03:27:48,120 - INFO - Gpu Power Watts          : 129.6310
2025-10-05 03:27:48,120 - INFO - Gpu Temp Celsius         : 39.0000
2025-10-05 03:27:48,120 - INFO - Gpu Utilization Percent  : 33.0000
2025-10-05 03:27:48,120 - INFO - Disk Read Bytes          : 0.0000
2025-10-05 03:27:48,120 - INFO - Disk Write Bytes         : 954368.0000
2025-10-05 03:27:48,120 - INFO - Accuracy                 : 0.0073
2025-10-05 03:27:48,121 - INFO - Precision                : 1.0000
2025-10-05 03:27:48,121 - INFO - Recall                   : 0.0073
2025-10-05 03:27:48,121 - INFO - F1 Score                 : 0.0145
2025-10-05 03:27:48,121 - INFO - ==================================================
2025-10-05 03:28:50,247 - INFO - Época 8 concluída. Loss média: 1.5039
2025-10-05 03:28:50,249 - INFO - Iniciando inferência com o modelo MobileNetV1...
2025-10-05 03:28:56,859 - INFO - ==================================================
2025-10-05 03:28:56,859 - INFO - EXPERIMENT RESULTS
2025-10-05 03:28:56,859 - INFO - ==================================================
2025-10-05 03:28:56,859 - INFO - Elapsed Time Seconds     : 6.5621
2025-10-05 03:28:56,859 - INFO - Cpu Usage Percent        : 4.6688
2025-10-05 03:28:56,860 - INFO - Ram Peak Usage Bytes     : 1801003008.0000
2025-10-05 03:28:56,860 - INFO - Vram Peak Usage Bytes    : 643433472.0000
2025-10-05 03:28:56,860 - INFO - Gpu Power Watts          : 106.2750
2025-10-05 03:28:56,860 - INFO - Gpu Temp Celsius         : 39.0000
2025-10-05 03:28:56,860 - INFO - Gpu Utilization Percent  : 24.0000
2025-10-05 03:28:56,860 - INFO - Disk Read Bytes          : 0.0000
2025-10-05 03:28:56,860 - INFO - Disk Write Bytes         : 598016.0000
2025-10-05 03:28:56,860 - INFO - Accuracy                 : 0.0059
2025-10-05 03:28:56,860 - INFO - Precision                : 1.0000
2025-10-05 03:28:56,860 - INFO - Recall                   : 0.0059
2025-10-05 03:28:56,860 - INFO - F1 Score                 : 0.0117
2025-10-05 03:28:56,860 - INFO - ==================================================
2025-10-05 03:29:59,282 - INFO - Época 9 concluída. Loss média: 1.2825
2025-10-05 03:29:59,284 - INFO - Iniciando inferência com o modelo MobileNetV1...
2025-10-05 03:30:06,118 - INFO - ==================================================
2025-10-05 03:30:06,118 - INFO - EXPERIMENT RESULTS
2025-10-05 03:30:06,118 - INFO - ==================================================
2025-10-05 03:30:06,118 - INFO - Elapsed Time Seconds     : 6.7857
2025-10-05 03:30:06,118 - INFO - Cpu Usage Percent        : 4.5062
2025-10-05 03:30:06,118 - INFO - Ram Peak Usage Bytes     : 1801011200.0000
2025-10-05 03:30:06,118 - INFO - Vram Peak Usage Bytes    : 643433472.0000
2025-10-05 03:30:06,118 - INFO - Gpu Power Watts          : 128.7550
2025-10-05 03:30:06,118 - INFO - Gpu Temp Celsius         : 40.0000
2025-10-05 03:30:06,118 - INFO - Gpu Utilization Percent  : 41.0000
2025-10-05 03:30:06,118 - INFO - Disk Read Bytes          : 0.0000
2025-10-05 03:30:06,118 - INFO - Disk Write Bytes         : 712704.0000
2025-10-05 03:30:06,118 - INFO - Accuracy                 : 0.0049
2025-10-05 03:30:06,118 - INFO - Precision                : 1.0000
2025-10-05 03:30:06,119 - INFO - Recall                   : 0.0049
2025-10-05 03:30:06,119 - INFO - F1 Score                 : 0.0098
2025-10-05 03:30:06,119 - INFO - ==================================================
2025-10-05 03:31:15,753 - INFO - Época 10 concluída. Loss média: 1.0790
2025-10-05 03:31:15,755 - INFO - Iniciando inferência com o modelo MobileNetV1...
2025-10-05 03:31:22,309 - INFO - ==================================================
2025-10-05 03:31:22,309 - INFO - EXPERIMENT RESULTS
2025-10-05 03:31:22,309 - INFO - ==================================================
2025-10-05 03:31:22,310 - INFO - Elapsed Time Seconds     : 6.5054
2025-10-05 03:31:22,310 - INFO - Cpu Usage Percent        : 4.6188
2025-10-05 03:31:22,310 - INFO - Ram Peak Usage Bytes     : 1801015296.0000
2025-10-05 03:31:22,310 - INFO - Vram Peak Usage Bytes    : 643433472.0000
2025-10-05 03:31:22,310 - INFO - Gpu Power Watts          : 112.8950
2025-10-05 03:31:22,310 - INFO - Gpu Temp Celsius         : 39.0000
2025-10-05 03:31:22,310 - INFO - Gpu Utilization Percent  : 22.0000
2025-10-05 03:31:22,310 - INFO - Disk Read Bytes          : 0.0000
2025-10-05 03:31:22,310 - INFO - Disk Write Bytes         : 442368.0000
2025-10-05 03:31:22,310 - INFO - Accuracy                 : 0.0047
2025-10-05 03:31:22,310 - INFO - Precision                : 1.0000
2025-10-05 03:31:22,310 - INFO - Recall                   : 0.0047
2025-10-05 03:31:22,310 - INFO - F1 Score                 : 0.0094
2025-10-05 03:31:22,310 - INFO - ==================================================
2025-10-05 03:31:22,311 - INFO - Métricas de performance do treinamento:
2025-10-05 03:31:22,311 - INFO - ==================================================
2025-10-05 03:31:22,311 - INFO - EXPERIMENT RESULTS
2025-10-05 03:31:22,311 - INFO - ==================================================
2025-10-05 03:31:22,311 - INFO - Elapsed Time Seconds     : 720.7283
2025-10-05 03:31:22,312 - INFO - Cpu Usage Percent        : 7.4375
2025-10-05 03:31:22,312 - INFO - Ram Peak Usage Bytes     : 1801015296.0000
2025-10-05 03:31:22,312 - INFO - Vram Peak Usage Bytes    : 643433472.0000
2025-10-05 03:31:22,312 - INFO - Gpu Power Watts          : 112.5830
2025-10-05 03:31:22,312 - INFO - Gpu Temp Celsius         : 38.0000
2025-10-05 03:31:22,312 - INFO - Gpu Utilization Percent  : 29.0000
2025-10-05 03:31:22,312 - INFO - Disk Read Bytes          : 9908224.0000
2025-10-05 03:31:22,312 - INFO - Disk Write Bytes         : 115404800.0000
2025-10-05 03:31:22,312 - INFO - ==================================================
2025-10-05 03:31:22,518 - INFO - Modelo salvo em: trained_models/mobilenet_V1_final.pth
2025-10-05 03:31:22,532 - INFO - Pipeline de treinamento concluído. Modelo salvo em: trained_models/mobilenet_V1_final.pth
2025-10-05 03:31:22,532 - INFO - Iniciando pipeline de inferência para avaliação final no conjunto de validação...
2025-10-05 03:31:22,666 - INFO - Iniciando inferência com o modelo MobileNetV1...
2025-10-05 03:31:29,610 - INFO - ==================================================
2025-10-05 03:31:29,610 - INFO - EXPERIMENT RESULTS
2025-10-05 03:31:29,610 - INFO - ==================================================
2025-10-05 03:31:29,610 - INFO - Elapsed Time Seconds     : 6.8958
2025-10-05 03:31:29,610 - INFO - Cpu Usage Percent        : 4.6562
2025-10-05 03:31:29,610 - INFO - Ram Peak Usage Bytes     : 2478608384.0000
2025-10-05 03:31:29,610 - INFO - Vram Peak Usage Bytes    : 1135574528.0000
2025-10-05 03:31:29,610 - INFO - Gpu Power Watts          : 123.1660
2025-10-05 03:31:29,610 - INFO - Gpu Temp Celsius         : 39.0000
2025-10-05 03:31:29,610 - INFO - Gpu Utilization Percent  : 6.0000
2025-10-05 03:31:29,610 - INFO - Disk Read Bytes          : 0.0000
2025-10-05 03:31:29,610 - INFO - Disk Write Bytes         : 385024.0000
2025-10-05 03:31:29,610 - INFO - Accuracy                 : 0.0047
2025-10-05 03:31:29,610 - INFO - Precision                : 1.0000
2025-10-05 03:31:29,610 - INFO - Recall                   : 0.0047
2025-10-05 03:31:29,610 - INFO - F1 Score                 : 0.0094
2025-10-05 03:31:29,611 - INFO - ==================================================
2025-10-05 03:31:29,611 - INFO - Projeto executado com sucesso!
