2025-10-05 11:36:23,533 - INFO - ==================================================
2025-10-05 11:36:23,533 - INFO - EXPERIMENT CONFIGURATION
2025-10-05 11:36:23,533 - INFO - ==================================================
2025-10-05 11:36:23,533 - INFO - Model Name          : mobilenet_V1
2025-10-05 11:36:23,533 - INFO - Config File         : configs/pcad_config.yaml
2025-10-05 11:36:23,533 - INFO - Train Data          : /scratch/ehdmenezes//tiny-imagenet-200/train
2025-10-05 11:36:23,533 - INFO - Validation Data     : /scratch/ehdmenezes//tiny-imagenet-200/val
2025-10-05 11:36:23,533 - INFO - model_params        : {'num_classes': 200}
2025-10-05 11:36:23,533 - INFO - train_params        : {'epochs': 10, 'batch_size': 32, 'learning_rate': 0.001}
2025-10-05 11:36:23,533 - INFO - inference_params    : {'batch_size': 32}
2025-10-05 11:36:23,534 - INFO - ==================================================
2025-10-05 11:36:23,556 - INFO - Semente aleatória para esta execução foi fixada em: 42
2025-10-05 11:36:24,148 - INFO - Iniciando treinamento do modelo mobilenet_V1 no dispositivo cuda.
2025-10-05 11:37:28,703 - INFO - Época 1 concluída. Loss média: 4.4360
2025-10-05 11:37:28,706 - INFO - Iniciando inferência com o modelo MobileNetV1...
2025-10-05 11:37:35,159 - INFO - ==================================================
2025-10-05 11:37:35,160 - INFO - EXPERIMENT RESULTS
2025-10-05 11:37:35,160 - INFO - ==================================================
2025-10-05 11:37:35,160 - INFO - Elapsed Time Seconds     : 6.4037
2025-10-05 11:37:35,160 - INFO - Cpu Usage Percent        : 5.2687
2025-10-05 11:37:35,160 - INFO - Ram Peak Usage Bytes     : 1463132160.0000
2025-10-05 11:37:35,160 - INFO - Vram Peak Usage Bytes    : 367239168.0000
2025-10-05 11:37:35,160 - INFO - Gpu Power Watts          : 92.0710
2025-10-05 11:37:35,160 - INFO - Gpu Temp Celsius         : 31.0000
2025-10-05 11:37:35,160 - INFO - Gpu Utilization Percent  : 22.0000
2025-10-05 11:37:35,160 - INFO - Disk Read Bytes          : 0.0000
2025-10-05 11:37:35,160 - INFO - Disk Write Bytes         : 180224.0000
2025-10-05 11:37:35,160 - INFO - Accuracy                 : 0.0054
2025-10-05 11:37:35,160 - INFO - Precision                : 1.0000
2025-10-05 11:37:35,160 - INFO - Recall                   : 0.0054
2025-10-05 11:37:35,160 - INFO - F1 Score                 : 0.0107
2025-10-05 11:37:35,160 - INFO - ==================================================
2025-10-05 11:38:39,090 - INFO - Época 2 concluída. Loss média: 3.5425
2025-10-05 11:38:39,093 - INFO - Iniciando inferência com o modelo MobileNetV1...
2025-10-05 11:38:45,653 - INFO - ==================================================
2025-10-05 11:38:45,653 - INFO - EXPERIMENT RESULTS
2025-10-05 11:38:45,653 - INFO - ==================================================
2025-10-05 11:38:45,653 - INFO - Elapsed Time Seconds     : 6.5124
2025-10-05 11:38:45,653 - INFO - Cpu Usage Percent        : 5.5375
2025-10-05 11:38:45,653 - INFO - Ram Peak Usage Bytes     : 1464029184.0000
2025-10-05 11:38:45,653 - INFO - Vram Peak Usage Bytes    : 367239168.0000
2025-10-05 11:38:45,653 - INFO - Gpu Power Watts          : 94.1700
2025-10-05 11:38:45,653 - INFO - Gpu Temp Celsius         : 33.0000
2025-10-05 11:38:45,653 - INFO - Gpu Utilization Percent  : 29.0000
2025-10-05 11:38:45,653 - INFO - Disk Read Bytes          : 0.0000
2025-10-05 11:38:45,653 - INFO - Disk Write Bytes         : 3538944.0000
2025-10-05 11:38:45,653 - INFO - Accuracy                 : 0.0066
2025-10-05 11:38:45,653 - INFO - Precision                : 1.0000
2025-10-05 11:38:45,654 - INFO - Recall                   : 0.0066
2025-10-05 11:38:45,654 - INFO - F1 Score                 : 0.0131
2025-10-05 11:38:45,654 - INFO - ==================================================
2025-10-05 11:39:49,857 - INFO - Época 3 concluída. Loss média: 3.0294
2025-10-05 11:39:49,860 - INFO - Iniciando inferência com o modelo MobileNetV1...
2025-10-05 11:39:56,335 - INFO - ==================================================
2025-10-05 11:39:56,336 - INFO - EXPERIMENT RESULTS
2025-10-05 11:39:56,336 - INFO - ==================================================
2025-10-05 11:39:56,336 - INFO - Elapsed Time Seconds     : 6.4283
2025-10-05 11:39:56,336 - INFO - Cpu Usage Percent        : 5.2500
2025-10-05 11:39:56,336 - INFO - Ram Peak Usage Bytes     : 1464045568.0000
2025-10-05 11:39:56,336 - INFO - Vram Peak Usage Bytes    : 367239168.0000
2025-10-05 11:39:56,336 - INFO - Gpu Power Watts          : 94.9120
2025-10-05 11:39:56,336 - INFO - Gpu Temp Celsius         : 35.0000
2025-10-05 11:39:56,336 - INFO - Gpu Utilization Percent  : 24.0000
2025-10-05 11:39:56,336 - INFO - Disk Read Bytes          : 0.0000
2025-10-05 11:39:56,336 - INFO - Disk Write Bytes         : 94208.0000
2025-10-05 11:39:56,336 - INFO - Accuracy                 : 0.0052
2025-10-05 11:39:56,336 - INFO - Precision                : 1.0000
2025-10-05 11:39:56,336 - INFO - Recall                   : 0.0052
2025-10-05 11:39:56,336 - INFO - F1 Score                 : 0.0103
2025-10-05 11:39:56,337 - INFO - ==================================================
2025-10-05 11:41:00,387 - INFO - Época 4 concluída. Loss média: 2.6460
2025-10-05 11:41:00,390 - INFO - Iniciando inferência com o modelo MobileNetV1...
2025-10-05 11:41:06,944 - INFO - ==================================================
2025-10-05 11:41:06,944 - INFO - EXPERIMENT RESULTS
2025-10-05 11:41:06,944 - INFO - ==================================================
2025-10-05 11:41:06,944 - INFO - Elapsed Time Seconds     : 6.5066
2025-10-05 11:41:06,944 - INFO - Cpu Usage Percent        : 5.2062
2025-10-05 11:41:06,944 - INFO - Ram Peak Usage Bytes     : 1464098816.0000
2025-10-05 11:41:06,944 - INFO - Vram Peak Usage Bytes    : 367239168.0000
2025-10-05 11:41:06,944 - INFO - Gpu Power Watts          : 93.7390
2025-10-05 11:41:06,945 - INFO - Gpu Temp Celsius         : 35.0000
2025-10-05 11:41:06,945 - INFO - Gpu Utilization Percent  : 21.0000
2025-10-05 11:41:06,945 - INFO - Disk Read Bytes          : 0.0000
2025-10-05 11:41:06,945 - INFO - Disk Write Bytes         : 106496.0000
2025-10-05 11:41:06,945 - INFO - Accuracy                 : 0.0066
2025-10-05 11:41:06,945 - INFO - Precision                : 1.0000
2025-10-05 11:41:06,945 - INFO - Recall                   : 0.0066
2025-10-05 11:41:06,945 - INFO - F1 Score                 : 0.0131
2025-10-05 11:41:06,945 - INFO - ==================================================
2025-10-05 11:42:10,896 - INFO - Época 5 concluída. Loss média: 2.3357
2025-10-05 11:42:10,899 - INFO - Iniciando inferência com o modelo MobileNetV1...
2025-10-05 11:42:17,438 - INFO - ==================================================
2025-10-05 11:42:17,438 - INFO - EXPERIMENT RESULTS
2025-10-05 11:42:17,439 - INFO - ==================================================
2025-10-05 11:42:17,439 - INFO - Elapsed Time Seconds     : 6.4918
2025-10-05 11:42:17,439 - INFO - Cpu Usage Percent        : 5.2875
2025-10-05 11:42:17,439 - INFO - Ram Peak Usage Bytes     : 1464131584.0000
2025-10-05 11:42:17,439 - INFO - Vram Peak Usage Bytes    : 367239168.0000
2025-10-05 11:42:17,439 - INFO - Gpu Power Watts          : 93.3140
2025-10-05 11:42:17,439 - INFO - Gpu Temp Celsius         : 36.0000
2025-10-05 11:42:17,439 - INFO - Gpu Utilization Percent  : 24.0000
2025-10-05 11:42:17,439 - INFO - Disk Read Bytes          : 0.0000
2025-10-05 11:42:17,439 - INFO - Disk Write Bytes         : 4120576.0000
2025-10-05 11:42:17,439 - INFO - Accuracy                 : 0.0061
2025-10-05 11:42:17,439 - INFO - Precision                : 1.0000
2025-10-05 11:42:17,439 - INFO - Recall                   : 0.0061
2025-10-05 11:42:17,439 - INFO - F1 Score                 : 0.0121
2025-10-05 11:42:17,439 - INFO - ==================================================
2025-10-05 11:43:21,244 - INFO - Época 6 concluída. Loss média: 2.0612
2025-10-05 11:43:21,247 - INFO - Iniciando inferência com o modelo MobileNetV1...
2025-10-05 11:43:27,788 - INFO - ==================================================
2025-10-05 11:43:27,788 - INFO - EXPERIMENT RESULTS
2025-10-05 11:43:27,788 - INFO - ==================================================
2025-10-05 11:43:27,788 - INFO - Elapsed Time Seconds     : 6.4927
2025-10-05 11:43:27,788 - INFO - Cpu Usage Percent        : 5.2375
2025-10-05 11:43:27,788 - INFO - Ram Peak Usage Bytes     : 1464147968.0000
2025-10-05 11:43:27,788 - INFO - Vram Peak Usage Bytes    : 367239168.0000
2025-10-05 11:43:27,788 - INFO - Gpu Power Watts          : 93.7270
2025-10-05 11:43:27,788 - INFO - Gpu Temp Celsius         : 36.0000
2025-10-05 11:43:27,788 - INFO - Gpu Utilization Percent  : 26.0000
2025-10-05 11:43:27,788 - INFO - Disk Read Bytes          : 0.0000
2025-10-05 11:43:27,788 - INFO - Disk Write Bytes         : 98304.0000
2025-10-05 11:43:27,788 - INFO - Accuracy                 : 0.0050
2025-10-05 11:43:27,788 - INFO - Precision                : 1.0000
2025-10-05 11:43:27,788 - INFO - Recall                   : 0.0050
2025-10-05 11:43:27,789 - INFO - F1 Score                 : 0.0100
2025-10-05 11:43:27,789 - INFO - ==================================================
2025-10-05 11:44:32,071 - INFO - Época 7 concluída. Loss média: 1.8163
2025-10-05 11:44:32,074 - INFO - Iniciando inferência com o modelo MobileNetV1...
2025-10-05 11:44:38,614 - INFO - ==================================================
2025-10-05 11:44:38,615 - INFO - EXPERIMENT RESULTS
2025-10-05 11:44:38,615 - INFO - ==================================================
2025-10-05 11:44:38,615 - INFO - Elapsed Time Seconds     : 6.4931
2025-10-05 11:44:38,615 - INFO - Cpu Usage Percent        : 5.2000
2025-10-05 11:44:38,615 - INFO - Ram Peak Usage Bytes     : 1464147968.0000
2025-10-05 11:44:38,615 - INFO - Vram Peak Usage Bytes    : 367239168.0000
2025-10-05 11:44:38,615 - INFO - Gpu Power Watts          : 94.1760
2025-10-05 11:44:38,615 - INFO - Gpu Temp Celsius         : 36.0000
2025-10-05 11:44:38,615 - INFO - Gpu Utilization Percent  : 24.0000
2025-10-05 11:44:38,615 - INFO - Disk Read Bytes          : 0.0000
2025-10-05 11:44:38,615 - INFO - Disk Write Bytes         : 159744.0000
2025-10-05 11:44:38,615 - INFO - Accuracy                 : 0.0038
2025-10-05 11:44:38,615 - INFO - Precision                : 1.0000
2025-10-05 11:44:38,615 - INFO - Recall                   : 0.0038
2025-10-05 11:44:38,615 - INFO - F1 Score                 : 0.0076
2025-10-05 11:44:38,615 - INFO - ==================================================
2025-10-05 11:45:42,836 - INFO - Época 8 concluída. Loss média: 1.5920
2025-10-05 11:45:42,839 - INFO - Iniciando inferência com o modelo MobileNetV1...
2025-10-05 11:45:49,308 - INFO - ==================================================
2025-10-05 11:45:49,308 - INFO - EXPERIMENT RESULTS
2025-10-05 11:45:49,308 - INFO - ==================================================
2025-10-05 11:45:49,308 - INFO - Elapsed Time Seconds     : 6.4209
2025-10-05 11:45:49,308 - INFO - Cpu Usage Percent        : 5.8375
2025-10-05 11:45:49,308 - INFO - Ram Peak Usage Bytes     : 1464152064.0000
2025-10-05 11:45:49,308 - INFO - Vram Peak Usage Bytes    : 367239168.0000
2025-10-05 11:45:49,308 - INFO - Gpu Power Watts          : 93.8830
2025-10-05 11:45:49,308 - INFO - Gpu Temp Celsius         : 36.0000
2025-10-05 11:45:49,308 - INFO - Gpu Utilization Percent  : 21.0000
2025-10-05 11:45:49,308 - INFO - Disk Read Bytes          : 0.0000
2025-10-05 11:45:49,308 - INFO - Disk Write Bytes         : 163840.0000
2025-10-05 11:45:49,308 - INFO - Accuracy                 : 0.0072
2025-10-05 11:45:49,309 - INFO - Precision                : 1.0000
2025-10-05 11:45:49,309 - INFO - Recall                   : 0.0072
2025-10-05 11:45:49,309 - INFO - F1 Score                 : 0.0143
2025-10-05 11:45:49,309 - INFO - ==================================================
2025-10-05 11:46:53,268 - INFO - Época 9 concluída. Loss média: 1.3864
2025-10-05 11:46:53,270 - INFO - Iniciando inferência com o modelo MobileNetV1...
2025-10-05 11:46:59,725 - INFO - ==================================================
2025-10-05 11:46:59,725 - INFO - EXPERIMENT RESULTS
2025-10-05 11:46:59,725 - INFO - ==================================================
2025-10-05 11:46:59,725 - INFO - Elapsed Time Seconds     : 6.4068
2025-10-05 11:46:59,725 - INFO - Cpu Usage Percent        : 5.5187
2025-10-05 11:46:59,725 - INFO - Ram Peak Usage Bytes     : 1464156160.0000
2025-10-05 11:46:59,725 - INFO - Vram Peak Usage Bytes    : 367239168.0000
2025-10-05 11:46:59,725 - INFO - Gpu Power Watts          : 95.1700
2025-10-05 11:46:59,725 - INFO - Gpu Temp Celsius         : 37.0000
2025-10-05 11:46:59,725 - INFO - Gpu Utilization Percent  : 29.0000
2025-10-05 11:46:59,725 - INFO - Disk Read Bytes          : 0.0000
2025-10-05 11:46:59,725 - INFO - Disk Write Bytes         : 3674112.0000
2025-10-05 11:46:59,726 - INFO - Accuracy                 : 0.0052
2025-10-05 11:46:59,726 - INFO - Precision                : 1.0000
2025-10-05 11:46:59,726 - INFO - Recall                   : 0.0052
2025-10-05 11:46:59,726 - INFO - F1 Score                 : 0.0103
2025-10-05 11:46:59,726 - INFO - ==================================================
2025-10-05 11:48:03,854 - INFO - Época 10 concluída. Loss média: 1.1866
2025-10-05 11:48:03,857 - INFO - Iniciando inferência com o modelo MobileNetV1...
2025-10-05 11:48:10,384 - INFO - ==================================================
2025-10-05 11:48:10,384 - INFO - EXPERIMENT RESULTS
2025-10-05 11:48:10,384 - INFO - ==================================================
2025-10-05 11:48:10,384 - INFO - Elapsed Time Seconds     : 6.4790
2025-10-05 11:48:10,384 - INFO - Cpu Usage Percent        : 5.1688
2025-10-05 11:48:10,384 - INFO - Ram Peak Usage Bytes     : 1464172544.0000
2025-10-05 11:48:10,384 - INFO - Vram Peak Usage Bytes    : 367239168.0000
2025-10-05 11:48:10,384 - INFO - Gpu Power Watts          : 95.7710
2025-10-05 11:48:10,384 - INFO - Gpu Temp Celsius         : 37.0000
2025-10-05 11:48:10,384 - INFO - Gpu Utilization Percent  : 24.0000
2025-10-05 11:48:10,384 - INFO - Disk Read Bytes          : 0.0000
2025-10-05 11:48:10,384 - INFO - Disk Write Bytes         : 159744.0000
2025-10-05 11:48:10,384 - INFO - Accuracy                 : 0.0048
2025-10-05 11:48:10,384 - INFO - Precision                : 1.0000
2025-10-05 11:48:10,384 - INFO - Recall                   : 0.0048
2025-10-05 11:48:10,385 - INFO - F1 Score                 : 0.0096
2025-10-05 11:48:10,385 - INFO - ==================================================
2025-10-05 11:48:10,386 - INFO - Métricas de performance do treinamento:
2025-10-05 11:48:10,386 - INFO - ==================================================
2025-10-05 11:48:10,386 - INFO - EXPERIMENT RESULTS
2025-10-05 11:48:10,386 - INFO - ==================================================
2025-10-05 11:48:10,386 - INFO - Elapsed Time Seconds     : 706.2352
2025-10-05 11:48:10,386 - INFO - Cpu Usage Percent        : 8.9563
2025-10-05 11:48:10,386 - INFO - Ram Peak Usage Bytes     : 1464172544.0000
2025-10-05 11:48:10,386 - INFO - Vram Peak Usage Bytes    : 367239168.0000
2025-10-05 11:48:10,386 - INFO - Gpu Power Watts          : 94.8500
2025-10-05 11:48:10,386 - INFO - Gpu Temp Celsius         : 37.0000
2025-10-05 11:48:10,386 - INFO - Gpu Utilization Percent  : 22.0000
2025-10-05 11:48:10,386 - INFO - Disk Read Bytes          : 0.0000
2025-10-05 11:48:10,387 - INFO - Disk Write Bytes         : 93044736.0000
2025-10-05 11:48:10,387 - INFO - ==================================================
2025-10-05 11:48:10,594 - INFO - Modelo salvo em: trained_models/mobilenet_V1_final.pth
2025-10-05 11:48:10,608 - INFO - Pipeline de treinamento concluído. Modelo salvo em: trained_models/mobilenet_V1_final.pth
2025-10-05 11:48:10,608 - INFO - Iniciando pipeline de inferência para avaliação final no conjunto de validação...
2025-10-05 11:48:10,739 - INFO - Iniciando inferência com o modelo MobileNetV1...
2025-10-05 11:48:17,378 - INFO - ==================================================
2025-10-05 11:48:17,378 - INFO - EXPERIMENT RESULTS
2025-10-05 11:48:17,378 - INFO - ==================================================
2025-10-05 11:48:17,378 - INFO - Elapsed Time Seconds     : 6.5921
2025-10-05 11:48:17,378 - INFO - Cpu Usage Percent        : 5.2062
2025-10-05 11:48:17,378 - INFO - Ram Peak Usage Bytes     : 1460248576.0000
2025-10-05 11:48:17,378 - INFO - Vram Peak Usage Bytes    : 306990592.0000
2025-10-05 11:48:17,378 - INFO - Gpu Power Watts          : 96.0040
2025-10-05 11:48:17,378 - INFO - Gpu Temp Celsius         : 37.0000
2025-10-05 11:48:17,378 - INFO - Gpu Utilization Percent  : 29.0000
2025-10-05 11:48:17,379 - INFO - Disk Read Bytes          : 0.0000
2025-10-05 11:48:17,379 - INFO - Disk Write Bytes         : 172032.0000
2025-10-05 11:48:17,379 - INFO - Accuracy                 : 0.0048
2025-10-05 11:48:17,379 - INFO - Precision                : 1.0000
2025-10-05 11:48:17,379 - INFO - Recall                   : 0.0048
2025-10-05 11:48:17,379 - INFO - F1 Score                 : 0.0096
2025-10-05 11:48:17,379 - INFO - ==================================================
2025-10-05 11:48:17,379 - INFO - Projeto executado com sucesso!
