2025-10-05 03:19:37,471 - INFO - ==================================================
2025-10-05 03:19:37,471 - INFO - EXPERIMENT CONFIGURATION
2025-10-05 03:19:37,471 - INFO - ==================================================
2025-10-05 03:19:37,472 - INFO - Model Name          : mobilenet_V1
2025-10-05 03:19:37,472 - INFO - Config File         : configs/pcad_config.yaml
2025-10-05 03:19:37,472 - INFO - Train Data          : /scratch/ehdmenezes//tiny-imagenet-200/train
2025-10-05 03:19:37,472 - INFO - Validation Data     : /scratch/ehdmenezes//tiny-imagenet-200/val
2025-10-05 03:19:37,472 - INFO - model_params        : {'num_classes': 200}
2025-10-05 03:19:37,472 - INFO - train_params        : {'epochs': 10, 'batch_size': 64, 'learning_rate': 0.001}
2025-10-05 03:19:37,472 - INFO - inference_params    : {'batch_size': 128}
2025-10-05 03:19:37,472 - INFO - ==================================================
2025-10-05 03:19:37,489 - INFO - Semente aleatória para esta execução foi fixada em: 82
2025-10-05 03:19:37,800 - INFO - Iniciando treinamento do modelo mobilenet_V1 no dispositivo cuda.
2025-10-05 03:20:25,511 - INFO - Época 1 concluída. Loss média: 4.3482
2025-10-05 03:20:25,514 - INFO - Iniciando inferência com o modelo MobileNetV1...
2025-10-05 03:20:27,625 - INFO - ==================================================
2025-10-05 03:20:27,625 - INFO - EXPERIMENT RESULTS
2025-10-05 03:20:27,625 - INFO - ==================================================
2025-10-05 03:20:27,625 - INFO - Elapsed Time Seconds     : 2.0872
2025-10-05 03:20:27,625 - INFO - Cpu Usage Percent        : 4.0719
2025-10-05 03:20:27,625 - INFO - Ram Peak Usage Bytes     : 1804607488.0000
2025-10-05 03:20:27,625 - INFO - Vram Peak Usage Bytes    : 643433472.0000
2025-10-05 03:20:27,625 - INFO - Gpu Power Watts          : 225.6520
2025-10-05 03:20:27,625 - INFO - Gpu Temp Celsius         : 54.0000
2025-10-05 03:20:27,625 - INFO - Gpu Utilization Percent  : 74.0000
2025-10-05 03:20:27,625 - INFO - Disk Read Bytes          : 0.0000
2025-10-05 03:20:27,625 - INFO - Disk Write Bytes         : 102400.0000
2025-10-05 03:20:27,625 - INFO - Accuracy                 : 0.0023
2025-10-05 03:20:27,625 - INFO - Precision                : 1.0000
2025-10-05 03:20:27,625 - INFO - Recall                   : 0.0023
2025-10-05 03:20:27,625 - INFO - F1 Score                 : 0.0046
2025-10-05 03:20:27,625 - INFO - ==================================================
2025-10-05 03:21:14,761 - INFO - Época 2 concluída. Loss média: 3.4236
2025-10-05 03:21:14,763 - INFO - Iniciando inferência com o modelo MobileNetV1...
2025-10-05 03:21:18,088 - INFO - ==================================================
2025-10-05 03:21:18,088 - INFO - EXPERIMENT RESULTS
2025-10-05 03:21:18,088 - INFO - ==================================================
2025-10-05 03:21:18,089 - INFO - Elapsed Time Seconds     : 3.3017
2025-10-05 03:21:18,089 - INFO - Cpu Usage Percent        : 2.4031
2025-10-05 03:21:18,089 - INFO - Ram Peak Usage Bytes     : 1808318464.0000
2025-10-05 03:21:18,089 - INFO - Vram Peak Usage Bytes    : 643433472.0000
2025-10-05 03:21:18,089 - INFO - Gpu Power Watts          : 159.4990
2025-10-05 03:21:18,089 - INFO - Gpu Temp Celsius         : 51.0000
2025-10-05 03:21:18,089 - INFO - Gpu Utilization Percent  : 51.0000
2025-10-05 03:21:18,089 - INFO - Disk Read Bytes          : 0.0000
2025-10-05 03:21:18,089 - INFO - Disk Write Bytes         : 8192.0000
2025-10-05 03:21:18,089 - INFO - Accuracy                 : 0.0035
2025-10-05 03:21:18,089 - INFO - Precision                : 1.0000
2025-10-05 03:21:18,089 - INFO - Recall                   : 0.0035
2025-10-05 03:21:18,089 - INFO - F1 Score                 : 0.0070
2025-10-05 03:21:18,089 - INFO - ==================================================
2025-10-05 03:22:05,290 - INFO - Época 3 concluída. Loss média: 2.9333
2025-10-05 03:22:05,291 - INFO - Iniciando inferência com o modelo MobileNetV1...
2025-10-05 03:22:07,288 - INFO - ==================================================
2025-10-05 03:22:07,288 - INFO - EXPERIMENT RESULTS
2025-10-05 03:22:07,288 - INFO - ==================================================
2025-10-05 03:22:07,288 - INFO - Elapsed Time Seconds     : 1.9743
2025-10-05 03:22:07,288 - INFO - Cpu Usage Percent        : 4.6375
2025-10-05 03:22:07,288 - INFO - Ram Peak Usage Bytes     : 1812226048.0000
2025-10-05 03:22:07,289 - INFO - Vram Peak Usage Bytes    : 643433472.0000
2025-10-05 03:22:07,289 - INFO - Gpu Power Watts          : 238.2670
2025-10-05 03:22:07,289 - INFO - Gpu Temp Celsius         : 56.0000
2025-10-05 03:22:07,289 - INFO - Gpu Utilization Percent  : 78.0000
2025-10-05 03:22:07,289 - INFO - Disk Read Bytes          : 0.0000
2025-10-05 03:22:07,289 - INFO - Disk Write Bytes         : 4096.0000
2025-10-05 03:22:07,289 - INFO - Accuracy                 : 0.0042
2025-10-05 03:22:07,289 - INFO - Precision                : 1.0000
2025-10-05 03:22:07,289 - INFO - Recall                   : 0.0042
2025-10-05 03:22:07,289 - INFO - F1 Score                 : 0.0084
2025-10-05 03:22:07,289 - INFO - ==================================================
2025-10-05 03:22:54,671 - INFO - Época 4 concluída. Loss média: 2.5625
2025-10-05 03:22:54,673 - INFO - Iniciando inferência com o modelo MobileNetV1...
2025-10-05 03:22:57,457 - INFO - ==================================================
2025-10-05 03:22:57,457 - INFO - EXPERIMENT RESULTS
2025-10-05 03:22:57,457 - INFO - ==================================================
2025-10-05 03:22:57,457 - INFO - Elapsed Time Seconds     : 2.7606
2025-10-05 03:22:57,457 - INFO - Cpu Usage Percent        : 2.9781
2025-10-05 03:22:57,457 - INFO - Ram Peak Usage Bytes     : 1821167616.0000
2025-10-05 03:22:57,457 - INFO - Vram Peak Usage Bytes    : 643433472.0000
2025-10-05 03:22:57,457 - INFO - Gpu Power Watts          : 161.5750
2025-10-05 03:22:57,457 - INFO - Gpu Temp Celsius         : 54.0000
2025-10-05 03:22:57,457 - INFO - Gpu Utilization Percent  : 41.0000
2025-10-05 03:22:57,457 - INFO - Disk Read Bytes          : 0.0000
2025-10-05 03:22:57,457 - INFO - Disk Write Bytes         : 0.0000
2025-10-05 03:22:57,457 - INFO - Accuracy                 : 0.0078
2025-10-05 03:22:57,457 - INFO - Precision                : 1.0000
2025-10-05 03:22:57,457 - INFO - Recall                   : 0.0078
2025-10-05 03:22:57,457 - INFO - F1 Score                 : 0.0155
2025-10-05 03:22:57,457 - INFO - ==================================================
2025-10-05 03:23:44,629 - INFO - Época 5 concluída. Loss média: 2.2463
2025-10-05 03:23:44,630 - INFO - Iniciando inferência com o modelo MobileNetV1...
2025-10-05 03:23:47,907 - INFO - ==================================================
2025-10-05 03:23:47,907 - INFO - EXPERIMENT RESULTS
2025-10-05 03:23:47,907 - INFO - ==================================================
2025-10-05 03:23:47,907 - INFO - Elapsed Time Seconds     : 3.2536
2025-10-05 03:23:47,907 - INFO - Cpu Usage Percent        : 2.4406
2025-10-05 03:23:47,907 - INFO - Ram Peak Usage Bytes     : 1834319872.0000
2025-10-05 03:23:47,907 - INFO - Vram Peak Usage Bytes    : 643433472.0000
2025-10-05 03:23:47,907 - INFO - Gpu Power Watts          : 163.4640
2025-10-05 03:23:47,907 - INFO - Gpu Temp Celsius         : 53.0000
2025-10-05 03:23:47,907 - INFO - Gpu Utilization Percent  : 50.0000
2025-10-05 03:23:47,908 - INFO - Disk Read Bytes          : 0.0000
2025-10-05 03:23:47,908 - INFO - Disk Write Bytes         : 32768.0000
2025-10-05 03:23:47,908 - INFO - Accuracy                 : 0.0087
2025-10-05 03:23:47,908 - INFO - Precision                : 1.0000
2025-10-05 03:23:47,908 - INFO - Recall                   : 0.0087
2025-10-05 03:23:47,908 - INFO - F1 Score                 : 0.0172
2025-10-05 03:23:47,908 - INFO - ==================================================
2025-10-05 03:24:35,058 - INFO - Época 6 concluída. Loss média: 1.9783
2025-10-05 03:24:35,059 - INFO - Iniciando inferência com o modelo MobileNetV1...
2025-10-05 03:24:36,983 - INFO - ==================================================
2025-10-05 03:24:36,983 - INFO - EXPERIMENT RESULTS
2025-10-05 03:24:36,983 - INFO - ==================================================
2025-10-05 03:24:36,983 - INFO - Elapsed Time Seconds     : 1.9011
2025-10-05 03:24:36,983 - INFO - Cpu Usage Percent        : 4.3875
2025-10-05 03:24:36,983 - INFO - Ram Peak Usage Bytes     : 1837453312.0000
2025-10-05 03:24:36,983 - INFO - Vram Peak Usage Bytes    : 643433472.0000
2025-10-05 03:24:36,983 - INFO - Gpu Power Watts          : 240.0450
2025-10-05 03:24:36,983 - INFO - Gpu Temp Celsius         : 56.0000
2025-10-05 03:24:36,983 - INFO - Gpu Utilization Percent  : 79.0000
2025-10-05 03:24:36,983 - INFO - Disk Read Bytes          : 0.0000
2025-10-05 03:24:36,983 - INFO - Disk Write Bytes         : 110592.0000
2025-10-05 03:24:36,983 - INFO - Accuracy                 : 0.0066
2025-10-05 03:24:36,983 - INFO - Precision                : 1.0000
2025-10-05 03:24:36,983 - INFO - Recall                   : 0.0066
2025-10-05 03:24:36,983 - INFO - F1 Score                 : 0.0131
2025-10-05 03:24:36,983 - INFO - ==================================================
2025-10-05 03:25:24,165 - INFO - Época 7 concluída. Loss média: 1.7312
2025-10-05 03:25:24,166 - INFO - Iniciando inferência com o modelo MobileNetV1...
2025-10-05 03:25:26,143 - INFO - ==================================================
2025-10-05 03:25:26,143 - INFO - EXPERIMENT RESULTS
2025-10-05 03:25:26,144 - INFO - ==================================================
2025-10-05 03:25:26,144 - INFO - Elapsed Time Seconds     : 1.9542
2025-10-05 03:25:26,144 - INFO - Cpu Usage Percent        : 4.2687
2025-10-05 03:25:26,144 - INFO - Ram Peak Usage Bytes     : 1839226880.0000
2025-10-05 03:25:26,144 - INFO - Vram Peak Usage Bytes    : 643433472.0000
2025-10-05 03:25:26,144 - INFO - Gpu Power Watts          : 239.6380
2025-10-05 03:25:26,144 - INFO - Gpu Temp Celsius         : 56.0000
2025-10-05 03:25:26,144 - INFO - Gpu Utilization Percent  : 80.0000
2025-10-05 03:25:26,144 - INFO - Disk Read Bytes          : 0.0000
2025-10-05 03:25:26,144 - INFO - Disk Write Bytes         : 0.0000
2025-10-05 03:25:26,144 - INFO - Accuracy                 : 0.0044
2025-10-05 03:25:26,144 - INFO - Precision                : 1.0000
2025-10-05 03:25:26,144 - INFO - Recall                   : 0.0044
2025-10-05 03:25:26,144 - INFO - F1 Score                 : 0.0088
2025-10-05 03:25:26,144 - INFO - ==================================================
2025-10-05 03:26:13,321 - INFO - Época 8 concluída. Loss média: 1.4932
2025-10-05 03:26:13,322 - INFO - Iniciando inferência com o modelo MobileNetV1...
2025-10-05 03:26:16,720 - INFO - ==================================================
2025-10-05 03:26:16,720 - INFO - EXPERIMENT RESULTS
2025-10-05 03:26:16,720 - INFO - ==================================================
2025-10-05 03:26:16,720 - INFO - Elapsed Time Seconds     : 3.3743
2025-10-05 03:26:16,720 - INFO - Cpu Usage Percent        : 3.1688
2025-10-05 03:26:16,720 - INFO - Ram Peak Usage Bytes     : 1839226880.0000
2025-10-05 03:26:16,720 - INFO - Vram Peak Usage Bytes    : 643433472.0000
2025-10-05 03:26:16,720 - INFO - Gpu Power Watts          : 157.5320
2025-10-05 03:26:16,720 - INFO - Gpu Temp Celsius         : 53.0000
2025-10-05 03:26:16,720 - INFO - Gpu Utilization Percent  : 46.0000
2025-10-05 03:26:16,720 - INFO - Disk Read Bytes          : 0.0000
2025-10-05 03:26:16,720 - INFO - Disk Write Bytes         : 118784.0000
2025-10-05 03:26:16,720 - INFO - Accuracy                 : 0.0040
2025-10-05 03:26:16,720 - INFO - Precision                : 1.0000
2025-10-05 03:26:16,720 - INFO - Recall                   : 0.0040
2025-10-05 03:26:16,720 - INFO - F1 Score                 : 0.0080
2025-10-05 03:26:16,720 - INFO - ==================================================
2025-10-05 03:27:03,948 - INFO - Época 9 concluída. Loss média: 1.2801
2025-10-05 03:27:03,950 - INFO - Iniciando inferência com o modelo MobileNetV1...
2025-10-05 03:27:07,258 - INFO - ==================================================
2025-10-05 03:27:07,259 - INFO - EXPERIMENT RESULTS
2025-10-05 03:27:07,259 - INFO - ==================================================
2025-10-05 03:27:07,259 - INFO - Elapsed Time Seconds     : 3.2914
2025-10-05 03:27:07,259 - INFO - Cpu Usage Percent        : 2.4219
2025-10-05 03:27:07,259 - INFO - Ram Peak Usage Bytes     : 1839226880.0000
2025-10-05 03:27:07,259 - INFO - Vram Peak Usage Bytes    : 643433472.0000
2025-10-05 03:27:07,259 - INFO - Gpu Power Watts          : 161.9180
2025-10-05 03:27:07,259 - INFO - Gpu Temp Celsius         : 52.0000
2025-10-05 03:27:07,259 - INFO - Gpu Utilization Percent  : 47.0000
2025-10-05 03:27:07,259 - INFO - Disk Read Bytes          : 0.0000
2025-10-05 03:27:07,259 - INFO - Disk Write Bytes         : 4096.0000
2025-10-05 03:27:07,259 - INFO - Accuracy                 : 0.0088
2025-10-05 03:27:07,259 - INFO - Precision                : 1.0000
2025-10-05 03:27:07,259 - INFO - Recall                   : 0.0088
2025-10-05 03:27:07,259 - INFO - F1 Score                 : 0.0174
2025-10-05 03:27:07,259 - INFO - ==================================================
2025-10-05 03:27:54,402 - INFO - Época 10 concluída. Loss média: 1.0769
2025-10-05 03:27:54,403 - INFO - Iniciando inferência com o modelo MobileNetV1...
2025-10-05 03:27:57,707 - INFO - ==================================================
2025-10-05 03:27:57,707 - INFO - EXPERIMENT RESULTS
2025-10-05 03:27:57,707 - INFO - ==================================================
2025-10-05 03:27:57,707 - INFO - Elapsed Time Seconds     : 3.2808
2025-10-05 03:27:57,707 - INFO - Cpu Usage Percent        : 2.4281
2025-10-05 03:27:57,707 - INFO - Ram Peak Usage Bytes     : 1839226880.0000
2025-10-05 03:27:57,707 - INFO - Vram Peak Usage Bytes    : 643433472.0000
2025-10-05 03:27:57,707 - INFO - Gpu Power Watts          : 156.3130
2025-10-05 03:27:57,707 - INFO - Gpu Temp Celsius         : 53.0000
2025-10-05 03:27:57,707 - INFO - Gpu Utilization Percent  : 37.0000
2025-10-05 03:27:57,707 - INFO - Disk Read Bytes          : 0.0000
2025-10-05 03:27:57,707 - INFO - Disk Write Bytes         : 0.0000
2025-10-05 03:27:57,707 - INFO - Accuracy                 : 0.0034
2025-10-05 03:27:57,707 - INFO - Precision                : 1.0000
2025-10-05 03:27:57,707 - INFO - Recall                   : 0.0034
2025-10-05 03:27:57,707 - INFO - F1 Score                 : 0.0068
2025-10-05 03:27:57,707 - INFO - ==================================================
2025-10-05 03:27:57,708 - INFO - Métricas de performance do treinamento:
2025-10-05 03:27:57,708 - INFO - ==================================================
2025-10-05 03:27:57,708 - INFO - EXPERIMENT RESULTS
2025-10-05 03:27:57,708 - INFO - ==================================================
2025-10-05 03:27:57,708 - INFO - Elapsed Time Seconds     : 499.9069
2025-10-05 03:27:57,708 - INFO - Cpu Usage Percent        : 3.7969
2025-10-05 03:27:57,709 - INFO - Ram Peak Usage Bytes     : 1839226880.0000
2025-10-05 03:27:57,709 - INFO - Vram Peak Usage Bytes    : 643433472.0000
2025-10-05 03:27:57,709 - INFO - Gpu Power Watts          : 156.3130
2025-10-05 03:27:57,709 - INFO - Gpu Temp Celsius         : 52.0000
2025-10-05 03:27:57,709 - INFO - Gpu Utilization Percent  : 37.0000
2025-10-05 03:27:57,709 - INFO - Disk Read Bytes          : 0.0000
2025-10-05 03:27:57,709 - INFO - Disk Write Bytes         : 5947392.0000
2025-10-05 03:27:57,709 - INFO - ==================================================
2025-10-05 03:27:58,954 - INFO - Modelo salvo em: trained_models/mobilenet_V1_final.pth
2025-10-05 03:27:58,962 - INFO - Pipeline de treinamento concluído. Modelo salvo em: trained_models/mobilenet_V1_final.pth
2025-10-05 03:27:58,962 - INFO - Iniciando pipeline de inferência para avaliação final no conjunto de validação...
2025-10-05 03:27:59,031 - INFO - Iniciando inferência com o modelo MobileNetV1...
2025-10-05 03:28:02,414 - INFO - ==================================================
2025-10-05 03:28:02,414 - INFO - EXPERIMENT RESULTS
2025-10-05 03:28:02,414 - INFO - ==================================================
2025-10-05 03:28:02,414 - INFO - Elapsed Time Seconds     : 3.3599
2025-10-05 03:28:02,414 - INFO - Cpu Usage Percent        : 2.6781
2025-10-05 03:28:02,414 - INFO - Ram Peak Usage Bytes     : 2782904320.0000
2025-10-05 03:28:02,414 - INFO - Vram Peak Usage Bytes    : 1135574528.0000
2025-10-05 03:28:02,414 - INFO - Gpu Power Watts          : 162.4500
2025-10-05 03:28:02,414 - INFO - Gpu Temp Celsius         : 52.0000
2025-10-05 03:28:02,414 - INFO - Gpu Utilization Percent  : 46.0000
2025-10-05 03:28:02,414 - INFO - Disk Read Bytes          : 0.0000
2025-10-05 03:28:02,414 - INFO - Disk Write Bytes         : 110592.0000
2025-10-05 03:28:02,414 - INFO - Accuracy                 : 0.0034
2025-10-05 03:28:02,414 - INFO - Precision                : 1.0000
2025-10-05 03:28:02,414 - INFO - Recall                   : 0.0034
2025-10-05 03:28:02,414 - INFO - F1 Score                 : 0.0068
2025-10-05 03:28:02,414 - INFO - ==================================================
2025-10-05 03:28:02,414 - INFO - Projeto executado com sucesso!
