2025-10-05 03:04:43,470 - INFO - ==================================================
2025-10-05 03:04:43,471 - INFO - EXPERIMENT CONFIGURATION
2025-10-05 03:04:43,471 - INFO - ==================================================
2025-10-05 03:04:43,471 - INFO - Model Name          : mobilenet_V1
2025-10-05 03:04:43,471 - INFO - Config File         : configs/pcad_config.yaml
2025-10-05 03:04:43,471 - INFO - Train Data          : /scratch/ehdmenezes//tiny-imagenet-200/train
2025-10-05 03:04:43,471 - INFO - Validation Data     : /scratch/ehdmenezes//tiny-imagenet-200/val
2025-10-05 03:04:43,471 - INFO - model_params        : {'num_classes': 200}
2025-10-05 03:04:43,471 - INFO - train_params        : {'epochs': 10, 'batch_size': 64, 'learning_rate': 0.001}
2025-10-05 03:04:43,471 - INFO - inference_params    : {'batch_size': 128}
2025-10-05 03:04:43,471 - INFO - ==================================================
2025-10-05 03:04:43,482 - INFO - Semente aleatória para esta execução foi fixada em: 52
2025-10-05 03:04:43,657 - INFO - Iniciando treinamento do modelo mobilenet_V1 no dispositivo cuda.
2025-10-05 03:05:32,154 - INFO - Época 1 concluída. Loss média: 4.3357
2025-10-05 03:05:32,156 - INFO - Iniciando inferência com o modelo MobileNetV1...
2025-10-05 03:05:34,237 - INFO - ==================================================
2025-10-05 03:05:34,237 - INFO - EXPERIMENT RESULTS
2025-10-05 03:05:34,237 - INFO - ==================================================
2025-10-05 03:05:34,238 - INFO - Elapsed Time Seconds     : 2.0578
2025-10-05 03:05:34,238 - INFO - Cpu Usage Percent        : 4.1594
2025-10-05 03:05:34,238 - INFO - Ram Peak Usage Bytes     : 1804537856.0000
2025-10-05 03:05:34,238 - INFO - Vram Peak Usage Bytes    : 643433472.0000
2025-10-05 03:05:34,238 - INFO - Gpu Power Watts          : 235.0040
2025-10-05 03:05:34,238 - INFO - Gpu Temp Celsius         : 57.0000
2025-10-05 03:05:34,238 - INFO - Gpu Utilization Percent  : 76.0000
2025-10-05 03:05:34,238 - INFO - Disk Read Bytes          : 0.0000
2025-10-05 03:05:34,238 - INFO - Disk Write Bytes         : 0.0000
2025-10-05 03:05:34,238 - INFO - Accuracy                 : 0.0073
2025-10-05 03:05:34,238 - INFO - Precision                : 1.0000
2025-10-05 03:05:34,238 - INFO - Recall                   : 0.0073
2025-10-05 03:05:34,238 - INFO - F1 Score                 : 0.0145
2025-10-05 03:05:34,238 - INFO - ==================================================
2025-10-05 03:06:22,049 - INFO - Época 2 concluída. Loss média: 3.4368
2025-10-05 03:06:22,050 - INFO - Iniciando inferência com o modelo MobileNetV1...
2025-10-05 03:06:25,543 - INFO - ==================================================
2025-10-05 03:06:25,543 - INFO - EXPERIMENT RESULTS
2025-10-05 03:06:25,543 - INFO - ==================================================
2025-10-05 03:06:25,543 - INFO - Elapsed Time Seconds     : 3.4774
2025-10-05 03:06:25,543 - INFO - Cpu Usage Percent        : 2.3469
2025-10-05 03:06:25,543 - INFO - Ram Peak Usage Bytes     : 1805455360.0000
2025-10-05 03:06:25,543 - INFO - Vram Peak Usage Bytes    : 643433472.0000
2025-10-05 03:06:25,543 - INFO - Gpu Power Watts          : 166.8140
2025-10-05 03:06:25,543 - INFO - Gpu Temp Celsius         : 56.0000
2025-10-05 03:06:25,543 - INFO - Gpu Utilization Percent  : 49.0000
2025-10-05 03:06:25,543 - INFO - Disk Read Bytes          : 0.0000
2025-10-05 03:06:25,543 - INFO - Disk Write Bytes         : 0.0000
2025-10-05 03:06:25,543 - INFO - Accuracy                 : 0.0041
2025-10-05 03:06:25,543 - INFO - Precision                : 1.0000
2025-10-05 03:06:25,543 - INFO - Recall                   : 0.0041
2025-10-05 03:06:25,543 - INFO - F1 Score                 : 0.0082
2025-10-05 03:06:25,543 - INFO - ==================================================
2025-10-05 03:07:13,401 - INFO - Época 3 concluída. Loss média: 2.9509
2025-10-05 03:07:13,402 - INFO - Iniciando inferência com o modelo MobileNetV1...
2025-10-05 03:07:15,613 - INFO - ==================================================
2025-10-05 03:07:15,613 - INFO - EXPERIMENT RESULTS
2025-10-05 03:07:15,613 - INFO - ==================================================
2025-10-05 03:07:15,613 - INFO - Elapsed Time Seconds     : 2.1957
2025-10-05 03:07:15,613 - INFO - Cpu Usage Percent        : 3.8156
2025-10-05 03:07:15,613 - INFO - Ram Peak Usage Bytes     : 1809321984.0000
2025-10-05 03:07:15,613 - INFO - Vram Peak Usage Bytes    : 643433472.0000
2025-10-05 03:07:15,613 - INFO - Gpu Power Watts          : 223.1660
2025-10-05 03:07:15,614 - INFO - Gpu Temp Celsius         : 58.0000
2025-10-05 03:07:15,614 - INFO - Gpu Utilization Percent  : 72.0000
2025-10-05 03:07:15,614 - INFO - Disk Read Bytes          : 0.0000
2025-10-05 03:07:15,614 - INFO - Disk Write Bytes         : 16384.0000
2025-10-05 03:07:15,614 - INFO - Accuracy                 : 0.0057
2025-10-05 03:07:15,614 - INFO - Precision                : 1.0000
2025-10-05 03:07:15,614 - INFO - Recall                   : 0.0057
2025-10-05 03:07:15,614 - INFO - F1 Score                 : 0.0113
2025-10-05 03:07:15,614 - INFO - ==================================================
2025-10-05 03:08:03,419 - INFO - Época 4 concluída. Loss média: 2.5767
2025-10-05 03:08:03,420 - INFO - Iniciando inferência com o modelo MobileNetV1...
2025-10-05 03:08:05,796 - INFO - ==================================================
2025-10-05 03:08:05,796 - INFO - EXPERIMENT RESULTS
2025-10-05 03:08:05,796 - INFO - ==================================================
2025-10-05 03:08:05,796 - INFO - Elapsed Time Seconds     : 2.3571
2025-10-05 03:08:05,796 - INFO - Cpu Usage Percent        : 4.9969
2025-10-05 03:08:05,796 - INFO - Ram Peak Usage Bytes     : 1814114304.0000
2025-10-05 03:08:05,796 - INFO - Vram Peak Usage Bytes    : 643433472.0000
2025-10-05 03:08:05,796 - INFO - Gpu Power Watts          : 210.8510
2025-10-05 03:08:05,796 - INFO - Gpu Temp Celsius         : 58.0000
2025-10-05 03:08:05,796 - INFO - Gpu Utilization Percent  : 63.0000
2025-10-05 03:08:05,796 - INFO - Disk Read Bytes          : 0.0000
2025-10-05 03:08:05,796 - INFO - Disk Write Bytes         : 0.0000
2025-10-05 03:08:05,796 - INFO - Accuracy                 : 0.0049
2025-10-05 03:08:05,796 - INFO - Precision                : 1.0000
2025-10-05 03:08:05,796 - INFO - Recall                   : 0.0049
2025-10-05 03:08:05,796 - INFO - F1 Score                 : 0.0098
2025-10-05 03:08:05,796 - INFO - ==================================================
2025-10-05 03:08:53,657 - INFO - Época 5 concluída. Loss média: 2.2688
2025-10-05 03:08:53,658 - INFO - Iniciando inferência com o modelo MobileNetV1...
2025-10-05 03:08:57,033 - INFO - ==================================================
2025-10-05 03:08:57,033 - INFO - EXPERIMENT RESULTS
2025-10-05 03:08:57,033 - INFO - ==================================================
2025-10-05 03:08:57,033 - INFO - Elapsed Time Seconds     : 3.3515
2025-10-05 03:08:57,033 - INFO - Cpu Usage Percent        : 2.4156
2025-10-05 03:08:57,033 - INFO - Ram Peak Usage Bytes     : 1830281216.0000
2025-10-05 03:08:57,033 - INFO - Vram Peak Usage Bytes    : 643433472.0000
2025-10-05 03:08:57,033 - INFO - Gpu Power Watts          : 169.4040
2025-10-05 03:08:57,033 - INFO - Gpu Temp Celsius         : 56.0000
2025-10-05 03:08:57,033 - INFO - Gpu Utilization Percent  : 41.0000
2025-10-05 03:08:57,033 - INFO - Disk Read Bytes          : 0.0000
2025-10-05 03:08:57,033 - INFO - Disk Write Bytes         : 0.0000
2025-10-05 03:08:57,033 - INFO - Accuracy                 : 0.0036
2025-10-05 03:08:57,033 - INFO - Precision                : 1.0000
2025-10-05 03:08:57,033 - INFO - Recall                   : 0.0036
2025-10-05 03:08:57,033 - INFO - F1 Score                 : 0.0072
2025-10-05 03:08:57,033 - INFO - ==================================================
2025-10-05 03:09:44,950 - INFO - Época 6 concluída. Loss média: 1.9965
2025-10-05 03:09:44,951 - INFO - Iniciando inferência com o modelo MobileNetV1...
2025-10-05 03:09:48,578 - INFO - ==================================================
2025-10-05 03:09:48,579 - INFO - EXPERIMENT RESULTS
2025-10-05 03:09:48,579 - INFO - ==================================================
2025-10-05 03:09:48,579 - INFO - Elapsed Time Seconds     : 3.6044
2025-10-05 03:09:48,579 - INFO - Cpu Usage Percent        : 2.2375
2025-10-05 03:09:48,579 - INFO - Ram Peak Usage Bytes     : 1833287680.0000
2025-10-05 03:09:48,579 - INFO - Vram Peak Usage Bytes    : 643433472.0000
2025-10-05 03:09:48,579 - INFO - Gpu Power Watts          : 164.1490
2025-10-05 03:09:48,579 - INFO - Gpu Temp Celsius         : 57.0000
2025-10-05 03:09:48,579 - INFO - Gpu Utilization Percent  : 47.0000
2025-10-05 03:09:48,579 - INFO - Disk Read Bytes          : 0.0000
2025-10-05 03:09:48,579 - INFO - Disk Write Bytes         : 0.0000
2025-10-05 03:09:48,579 - INFO - Accuracy                 : 0.0061
2025-10-05 03:09:48,579 - INFO - Precision                : 1.0000
2025-10-05 03:09:48,579 - INFO - Recall                   : 0.0061
2025-10-05 03:09:48,579 - INFO - F1 Score                 : 0.0121
2025-10-05 03:09:48,579 - INFO - ==================================================
2025-10-05 03:10:36,998 - INFO - Época 7 concluída. Loss média: 1.7441
2025-10-05 03:10:37,000 - INFO - Iniciando inferência com o modelo MobileNetV1...
2025-10-05 03:10:40,527 - INFO - ==================================================
2025-10-05 03:10:40,527 - INFO - EXPERIMENT RESULTS
2025-10-05 03:10:40,527 - INFO - ==================================================
2025-10-05 03:10:40,527 - INFO - Elapsed Time Seconds     : 3.5034
2025-10-05 03:10:40,527 - INFO - Cpu Usage Percent        : 2.3000
2025-10-05 03:10:40,527 - INFO - Ram Peak Usage Bytes     : 1835151360.0000
2025-10-05 03:10:40,527 - INFO - Vram Peak Usage Bytes    : 643433472.0000
2025-10-05 03:10:40,527 - INFO - Gpu Power Watts          : 167.4370
2025-10-05 03:10:40,527 - INFO - Gpu Temp Celsius         : 55.0000
2025-10-05 03:10:40,527 - INFO - Gpu Utilization Percent  : 40.0000
2025-10-05 03:10:40,527 - INFO - Disk Read Bytes          : 0.0000
2025-10-05 03:10:40,527 - INFO - Disk Write Bytes         : 0.0000
2025-10-05 03:10:40,527 - INFO - Accuracy                 : 0.0067
2025-10-05 03:10:40,527 - INFO - Precision                : 1.0000
2025-10-05 03:10:40,527 - INFO - Recall                   : 0.0067
2025-10-05 03:10:40,527 - INFO - F1 Score                 : 0.0133
2025-10-05 03:10:40,527 - INFO - ==================================================
2025-10-05 03:11:28,982 - INFO - Época 8 concluída. Loss média: 1.5105
2025-10-05 03:11:28,984 - INFO - Iniciando inferência com o modelo MobileNetV1...
2025-10-05 03:11:32,531 - INFO - ==================================================
2025-10-05 03:11:32,531 - INFO - EXPERIMENT RESULTS
2025-10-05 03:11:32,531 - INFO - ==================================================
2025-10-05 03:11:32,531 - INFO - Elapsed Time Seconds     : 3.5234
2025-10-05 03:11:32,531 - INFO - Cpu Usage Percent        : 2.2875
2025-10-05 03:11:32,531 - INFO - Ram Peak Usage Bytes     : 1835151360.0000
2025-10-05 03:11:32,531 - INFO - Vram Peak Usage Bytes    : 643433472.0000
2025-10-05 03:11:32,531 - INFO - Gpu Power Watts          : 169.4460
2025-10-05 03:11:32,531 - INFO - Gpu Temp Celsius         : 56.0000
2025-10-05 03:11:32,531 - INFO - Gpu Utilization Percent  : 49.0000
2025-10-05 03:11:32,531 - INFO - Disk Read Bytes          : 0.0000
2025-10-05 03:11:32,531 - INFO - Disk Write Bytes         : 0.0000
2025-10-05 03:11:32,531 - INFO - Accuracy                 : 0.0068
2025-10-05 03:11:32,531 - INFO - Precision                : 1.0000
2025-10-05 03:11:32,531 - INFO - Recall                   : 0.0068
2025-10-05 03:11:32,531 - INFO - F1 Score                 : 0.0135
2025-10-05 03:11:32,531 - INFO - ==================================================
2025-10-05 03:12:21,224 - INFO - Época 9 concluída. Loss média: 1.2880
2025-10-05 03:12:21,226 - INFO - Iniciando inferência com o modelo MobileNetV1...
2025-10-05 03:12:23,404 - INFO - ==================================================
2025-10-05 03:12:23,404 - INFO - EXPERIMENT RESULTS
2025-10-05 03:12:23,404 - INFO - ==================================================
2025-10-05 03:12:23,404 - INFO - Elapsed Time Seconds     : 2.1544
2025-10-05 03:12:23,404 - INFO - Cpu Usage Percent        : 4.7281
2025-10-05 03:12:23,404 - INFO - Ram Peak Usage Bytes     : 1835151360.0000
2025-10-05 03:12:23,404 - INFO - Vram Peak Usage Bytes    : 643433472.0000
2025-10-05 03:12:23,404 - INFO - Gpu Power Watts          : 237.9840
2025-10-05 03:12:23,404 - INFO - Gpu Temp Celsius         : 58.0000
2025-10-05 03:12:23,404 - INFO - Gpu Utilization Percent  : 76.0000
2025-10-05 03:12:23,404 - INFO - Disk Read Bytes          : 0.0000
2025-10-05 03:12:23,404 - INFO - Disk Write Bytes         : 0.0000
2025-10-05 03:12:23,404 - INFO - Accuracy                 : 0.0069
2025-10-05 03:12:23,404 - INFO - Precision                : 1.0000
2025-10-05 03:12:23,404 - INFO - Recall                   : 0.0069
2025-10-05 03:12:23,404 - INFO - F1 Score                 : 0.0137
2025-10-05 03:12:23,404 - INFO - ==================================================
2025-10-05 03:13:11,517 - INFO - Época 10 concluída. Loss média: 1.0837
2025-10-05 03:13:11,519 - INFO - Iniciando inferência com o modelo MobileNetV1...
2025-10-05 03:13:13,579 - INFO - ==================================================
2025-10-05 03:13:13,579 - INFO - EXPERIMENT RESULTS
2025-10-05 03:13:13,579 - INFO - ==================================================
2025-10-05 03:13:13,579 - INFO - Elapsed Time Seconds     : 2.0370
2025-10-05 03:13:13,579 - INFO - Cpu Usage Percent        : 4.2188
2025-10-05 03:13:13,579 - INFO - Ram Peak Usage Bytes     : 1837277184.0000
2025-10-05 03:13:13,579 - INFO - Vram Peak Usage Bytes    : 643433472.0000
2025-10-05 03:13:13,580 - INFO - Gpu Power Watts          : 239.3500
2025-10-05 03:13:13,580 - INFO - Gpu Temp Celsius         : 60.0000
2025-10-05 03:13:13,580 - INFO - Gpu Utilization Percent  : 75.0000
2025-10-05 03:13:13,580 - INFO - Disk Read Bytes          : 0.0000
2025-10-05 03:13:13,580 - INFO - Disk Write Bytes         : 0.0000
2025-10-05 03:13:13,580 - INFO - Accuracy                 : 0.0075
2025-10-05 03:13:13,580 - INFO - Precision                : 1.0000
2025-10-05 03:13:13,580 - INFO - Recall                   : 0.0075
2025-10-05 03:13:13,580 - INFO - F1 Score                 : 0.0149
2025-10-05 03:13:13,580 - INFO - ==================================================
2025-10-05 03:13:13,581 - INFO - Métricas de performance do treinamento:
2025-10-05 03:13:13,581 - INFO - ==================================================
2025-10-05 03:13:13,581 - INFO - EXPERIMENT RESULTS
2025-10-05 03:13:13,581 - INFO - ==================================================
2025-10-05 03:13:13,581 - INFO - Elapsed Time Seconds     : 509.9222
2025-10-05 03:13:13,581 - INFO - Cpu Usage Percent        : 3.8219
2025-10-05 03:13:13,581 - INFO - Ram Peak Usage Bytes     : 1837277184.0000
2025-10-05 03:13:13,581 - INFO - Vram Peak Usage Bytes    : 643433472.0000
2025-10-05 03:13:13,581 - INFO - Gpu Power Watts          : 239.3500
2025-10-05 03:13:13,581 - INFO - Gpu Temp Celsius         : 59.0000
2025-10-05 03:13:13,581 - INFO - Gpu Utilization Percent  : 75.0000
2025-10-05 03:13:13,581 - INFO - Disk Read Bytes          : 49152.0000
2025-10-05 03:13:13,581 - INFO - Disk Write Bytes         : 368828416.0000
2025-10-05 03:13:13,581 - INFO - ==================================================
2025-10-05 03:13:13,762 - INFO - Modelo salvo em: trained_models/mobilenet_V1_final.pth
2025-10-05 03:13:13,771 - INFO - Pipeline de treinamento concluído. Modelo salvo em: trained_models/mobilenet_V1_final.pth
2025-10-05 03:13:13,771 - INFO - Iniciando pipeline de inferência para avaliação final no conjunto de validação...
2025-10-05 03:13:13,841 - INFO - Iniciando inferência com o modelo MobileNetV1...
2025-10-05 03:13:17,194 - INFO - ==================================================
2025-10-05 03:13:17,194 - INFO - EXPERIMENT RESULTS
2025-10-05 03:13:17,194 - INFO - ==================================================
2025-10-05 03:13:17,194 - INFO - Elapsed Time Seconds     : 3.3293
2025-10-05 03:13:17,194 - INFO - Cpu Usage Percent        : 2.6844
2025-10-05 03:13:17,194 - INFO - Ram Peak Usage Bytes     : 2914799616.0000
2025-10-05 03:13:17,194 - INFO - Vram Peak Usage Bytes    : 1135574528.0000
2025-10-05 03:13:17,194 - INFO - Gpu Power Watts          : 173.5330
2025-10-05 03:13:17,194 - INFO - Gpu Temp Celsius         : 58.0000
2025-10-05 03:13:17,194 - INFO - Gpu Utilization Percent  : 49.0000
2025-10-05 03:13:17,194 - INFO - Disk Read Bytes          : 0.0000
2025-10-05 03:13:17,194 - INFO - Disk Write Bytes         : 110592.0000
2025-10-05 03:13:17,194 - INFO - Accuracy                 : 0.0075
2025-10-05 03:13:17,194 - INFO - Precision                : 1.0000
2025-10-05 03:13:17,194 - INFO - Recall                   : 0.0075
2025-10-05 03:13:17,194 - INFO - F1 Score                 : 0.0149
2025-10-05 03:13:17,194 - INFO - ==================================================
2025-10-05 03:13:17,194 - INFO - Projeto executado com sucesso!
