2025-10-05 03:06:09,746 - INFO - ==================================================
2025-10-05 03:06:09,746 - INFO - EXPERIMENT CONFIGURATION
2025-10-05 03:06:09,746 - INFO - ==================================================
2025-10-05 03:06:09,746 - INFO - Model Name          : mobilenet_V1
2025-10-05 03:06:09,746 - INFO - Config File         : configs/pcad_config.yaml
2025-10-05 03:06:09,746 - INFO - Train Data          : /scratch/ehdmenezes//tiny-imagenet-200/train
2025-10-05 03:06:09,747 - INFO - Validation Data     : /scratch/ehdmenezes//tiny-imagenet-200/val
2025-10-05 03:06:09,747 - INFO - model_params        : {'num_classes': 200}
2025-10-05 03:06:09,747 - INFO - train_params        : {'epochs': 10, 'batch_size': 64, 'learning_rate': 0.001}
2025-10-05 03:06:09,747 - INFO - inference_params    : {'batch_size': 128}
2025-10-05 03:06:09,747 - INFO - ==================================================
2025-10-05 03:06:09,759 - INFO - Semente aleatória para esta execução foi fixada em: 62
2025-10-05 03:06:10,005 - INFO - Iniciando treinamento do modelo mobilenet_V1 no dispositivo cuda.
2025-10-05 03:06:57,355 - INFO - Época 1 concluída. Loss média: 4.3809
2025-10-05 03:06:57,356 - INFO - Iniciando inferência com o modelo MobileNetV1...
2025-10-05 03:06:59,447 - INFO - ==================================================
2025-10-05 03:06:59,447 - INFO - EXPERIMENT RESULTS
2025-10-05 03:06:59,447 - INFO - ==================================================
2025-10-05 03:06:59,447 - INFO - Elapsed Time Seconds     : 2.0668
2025-10-05 03:06:59,447 - INFO - Cpu Usage Percent        : 4.0969
2025-10-05 03:06:59,447 - INFO - Ram Peak Usage Bytes     : 1804578816.0000
2025-10-05 03:06:59,447 - INFO - Vram Peak Usage Bytes    : 643433472.0000
2025-10-05 03:06:59,447 - INFO - Gpu Power Watts          : 224.8410
2025-10-05 03:06:59,447 - INFO - Gpu Temp Celsius         : 52.0000
2025-10-05 03:06:59,447 - INFO - Gpu Utilization Percent  : 74.0000
2025-10-05 03:06:59,447 - INFO - Disk Read Bytes          : 0.0000
2025-10-05 03:06:59,447 - INFO - Disk Write Bytes         : 0.0000
2025-10-05 03:06:59,447 - INFO - Accuracy                 : 0.0042
2025-10-05 03:06:59,447 - INFO - Precision                : 1.0000
2025-10-05 03:06:59,447 - INFO - Recall                   : 0.0042
2025-10-05 03:06:59,447 - INFO - F1 Score                 : 0.0084
2025-10-05 03:06:59,447 - INFO - ==================================================
2025-10-05 03:07:47,159 - INFO - Época 2 concluída. Loss média: 3.4581
2025-10-05 03:07:47,162 - INFO - Iniciando inferência com o modelo MobileNetV1...
2025-10-05 03:07:49,214 - INFO - ==================================================
2025-10-05 03:07:49,215 - INFO - EXPERIMENT RESULTS
2025-10-05 03:07:49,215 - INFO - ==================================================
2025-10-05 03:07:49,215 - INFO - Elapsed Time Seconds     : 2.0296
2025-10-05 03:07:49,215 - INFO - Cpu Usage Percent        : 4.2031
2025-10-05 03:07:49,215 - INFO - Ram Peak Usage Bytes     : 1806753792.0000
2025-10-05 03:07:49,215 - INFO - Vram Peak Usage Bytes    : 643433472.0000
2025-10-05 03:07:49,215 - INFO - Gpu Power Watts          : 229.7690
2025-10-05 03:07:49,215 - INFO - Gpu Temp Celsius         : 54.0000
2025-10-05 03:07:49,215 - INFO - Gpu Utilization Percent  : 75.0000
2025-10-05 03:07:49,215 - INFO - Disk Read Bytes          : 0.0000
2025-10-05 03:07:49,215 - INFO - Disk Write Bytes         : 0.0000
2025-10-05 03:07:49,215 - INFO - Accuracy                 : 0.0074
2025-10-05 03:07:49,215 - INFO - Precision                : 1.0000
2025-10-05 03:07:49,215 - INFO - Recall                   : 0.0074
2025-10-05 03:07:49,215 - INFO - F1 Score                 : 0.0147
2025-10-05 03:07:49,215 - INFO - ==================================================
2025-10-05 03:08:36,922 - INFO - Época 3 concluída. Loss média: 2.9533
2025-10-05 03:08:36,924 - INFO - Iniciando inferência com o modelo MobileNetV1...
2025-10-05 03:08:40,830 - INFO - ==================================================
2025-10-05 03:08:40,830 - INFO - EXPERIMENT RESULTS
2025-10-05 03:08:40,830 - INFO - ==================================================
2025-10-05 03:08:40,830 - INFO - Elapsed Time Seconds     : 3.8830
2025-10-05 03:08:40,830 - INFO - Cpu Usage Percent        : 2.0688
2025-10-05 03:08:40,830 - INFO - Ram Peak Usage Bytes     : 1807884288.0000
2025-10-05 03:08:40,830 - INFO - Vram Peak Usage Bytes    : 643433472.0000
2025-10-05 03:08:40,830 - INFO - Gpu Power Watts          : 132.1720
2025-10-05 03:08:40,831 - INFO - Gpu Temp Celsius         : 50.0000
2025-10-05 03:08:40,831 - INFO - Gpu Utilization Percent  : 37.0000
2025-10-05 03:08:40,831 - INFO - Disk Read Bytes          : 0.0000
2025-10-05 03:08:40,831 - INFO - Disk Write Bytes         : 0.0000
2025-10-05 03:08:40,831 - INFO - Accuracy                 : 0.0058
2025-10-05 03:08:40,831 - INFO - Precision                : 1.0000
2025-10-05 03:08:40,831 - INFO - Recall                   : 0.0058
2025-10-05 03:08:40,831 - INFO - F1 Score                 : 0.0115
2025-10-05 03:08:40,831 - INFO - ==================================================
2025-10-05 03:09:28,280 - INFO - Época 4 concluída. Loss média: 2.5690
2025-10-05 03:09:28,282 - INFO - Iniciando inferência com o modelo MobileNetV1...
2025-10-05 03:09:30,368 - INFO - ==================================================
2025-10-05 03:09:30,368 - INFO - EXPERIMENT RESULTS
2025-10-05 03:09:30,368 - INFO - ==================================================
2025-10-05 03:09:30,368 - INFO - Elapsed Time Seconds     : 2.0618
2025-10-05 03:09:30,368 - INFO - Cpu Usage Percent        : 4.5312
2025-10-05 03:09:30,368 - INFO - Ram Peak Usage Bytes     : 1811886080.0000
2025-10-05 03:09:30,368 - INFO - Vram Peak Usage Bytes    : 643433472.0000
2025-10-05 03:09:30,368 - INFO - Gpu Power Watts          : 228.3780
2025-10-05 03:09:30,368 - INFO - Gpu Temp Celsius         : 54.0000
2025-10-05 03:09:30,368 - INFO - Gpu Utilization Percent  : 76.0000
2025-10-05 03:09:30,368 - INFO - Disk Read Bytes          : 0.0000
2025-10-05 03:09:30,368 - INFO - Disk Write Bytes         : 0.0000
2025-10-05 03:09:30,368 - INFO - Accuracy                 : 0.0095
2025-10-05 03:09:30,368 - INFO - Precision                : 1.0000
2025-10-05 03:09:30,368 - INFO - Recall                   : 0.0095
2025-10-05 03:09:30,368 - INFO - F1 Score                 : 0.0188
2025-10-05 03:09:30,368 - INFO - ==================================================
2025-10-05 03:10:17,834 - INFO - Época 5 concluída. Loss média: 2.2574
2025-10-05 03:10:17,836 - INFO - Iniciando inferência com o modelo MobileNetV1...
2025-10-05 03:10:20,182 - INFO - ==================================================
2025-10-05 03:10:20,182 - INFO - EXPERIMENT RESULTS
2025-10-05 03:10:20,182 - INFO - ==================================================
2025-10-05 03:10:20,182 - INFO - Elapsed Time Seconds     : 2.3208
2025-10-05 03:10:20,182 - INFO - Cpu Usage Percent        : 5.0094
2025-10-05 03:10:20,182 - INFO - Ram Peak Usage Bytes     : 1815367680.0000
2025-10-05 03:10:20,182 - INFO - Vram Peak Usage Bytes    : 643433472.0000
2025-10-05 03:10:20,182 - INFO - Gpu Power Watts          : 206.8340
2025-10-05 03:10:20,182 - INFO - Gpu Temp Celsius         : 54.0000
2025-10-05 03:10:20,182 - INFO - Gpu Utilization Percent  : 61.0000
2025-10-05 03:10:20,182 - INFO - Disk Read Bytes          : 0.0000
2025-10-05 03:10:20,182 - INFO - Disk Write Bytes         : 0.0000
2025-10-05 03:10:20,182 - INFO - Accuracy                 : 0.0048
2025-10-05 03:10:20,182 - INFO - Precision                : 1.0000
2025-10-05 03:10:20,182 - INFO - Recall                   : 0.0048
2025-10-05 03:10:20,182 - INFO - F1 Score                 : 0.0096
2025-10-05 03:10:20,182 - INFO - ==================================================
2025-10-05 03:11:07,903 - INFO - Época 6 concluída. Loss média: 1.9824
2025-10-05 03:11:07,905 - INFO - Iniciando inferência com o modelo MobileNetV1...
2025-10-05 03:11:11,407 - INFO - ==================================================
2025-10-05 03:11:11,407 - INFO - EXPERIMENT RESULTS
2025-10-05 03:11:11,407 - INFO - ==================================================
2025-10-05 03:11:11,407 - INFO - Elapsed Time Seconds     : 3.4787
2025-10-05 03:11:11,407 - INFO - Cpu Usage Percent        : 2.3281
2025-10-05 03:11:11,407 - INFO - Ram Peak Usage Bytes     : 1830834176.0000
2025-10-05 03:11:11,408 - INFO - Vram Peak Usage Bytes    : 643433472.0000
2025-10-05 03:11:11,408 - INFO - Gpu Power Watts          : 156.3350
2025-10-05 03:11:11,408 - INFO - Gpu Temp Celsius         : 52.0000
2025-10-05 03:11:11,408 - INFO - Gpu Utilization Percent  : 37.0000
2025-10-05 03:11:11,408 - INFO - Disk Read Bytes          : 0.0000
2025-10-05 03:11:11,408 - INFO - Disk Write Bytes         : 339968.0000
2025-10-05 03:11:11,408 - INFO - Accuracy                 : 0.0045
2025-10-05 03:11:11,408 - INFO - Precision                : 1.0000
2025-10-05 03:11:11,408 - INFO - Recall                   : 0.0045
2025-10-05 03:11:11,408 - INFO - F1 Score                 : 0.0090
2025-10-05 03:11:11,408 - INFO - ==================================================
2025-10-05 03:11:59,126 - INFO - Época 7 concluída. Loss média: 1.7348
2025-10-05 03:11:59,128 - INFO - Iniciando inferência com o modelo MobileNetV1...
2025-10-05 03:12:02,852 - INFO - ==================================================
2025-10-05 03:12:02,852 - INFO - EXPERIMENT RESULTS
2025-10-05 03:12:02,852 - INFO - ==================================================
2025-10-05 03:12:02,852 - INFO - Elapsed Time Seconds     : 3.7007
2025-10-05 03:12:02,852 - INFO - Cpu Usage Percent        : 2.1688
2025-10-05 03:12:02,852 - INFO - Ram Peak Usage Bytes     : 1835995136.0000
2025-10-05 03:12:02,852 - INFO - Vram Peak Usage Bytes    : 643433472.0000
2025-10-05 03:12:02,852 - INFO - Gpu Power Watts          : 147.1570
2025-10-05 03:12:02,852 - INFO - Gpu Temp Celsius         : 52.0000
2025-10-05 03:12:02,852 - INFO - Gpu Utilization Percent  : 39.0000
2025-10-05 03:12:02,852 - INFO - Disk Read Bytes          : 0.0000
2025-10-05 03:12:02,852 - INFO - Disk Write Bytes         : 16384.0000
2025-10-05 03:12:02,852 - INFO - Accuracy                 : 0.0084
2025-10-05 03:12:02,852 - INFO - Precision                : 1.0000
2025-10-05 03:12:02,852 - INFO - Recall                   : 0.0084
2025-10-05 03:12:02,852 - INFO - F1 Score                 : 0.0167
2025-10-05 03:12:02,852 - INFO - ==================================================
2025-10-05 03:12:50,794 - INFO - Época 8 concluída. Loss média: 1.5007
2025-10-05 03:12:50,796 - INFO - Iniciando inferência com o modelo MobileNetV1...
2025-10-05 03:12:54,449 - INFO - ==================================================
2025-10-05 03:12:54,449 - INFO - EXPERIMENT RESULTS
2025-10-05 03:12:54,449 - INFO - ==================================================
2025-10-05 03:12:54,449 - INFO - Elapsed Time Seconds     : 3.6294
2025-10-05 03:12:54,449 - INFO - Cpu Usage Percent        : 3.0750
2025-10-05 03:12:54,449 - INFO - Ram Peak Usage Bytes     : 1837723648.0000
2025-10-05 03:12:54,449 - INFO - Vram Peak Usage Bytes    : 643433472.0000
2025-10-05 03:12:54,449 - INFO - Gpu Power Watts          : 150.2200
2025-10-05 03:12:54,449 - INFO - Gpu Temp Celsius         : 51.0000
2025-10-05 03:12:54,449 - INFO - Gpu Utilization Percent  : 37.0000
2025-10-05 03:12:54,449 - INFO - Disk Read Bytes          : 0.0000
2025-10-05 03:12:54,449 - INFO - Disk Write Bytes         : 8192.0000
2025-10-05 03:12:54,449 - INFO - Accuracy                 : 0.0053
2025-10-05 03:12:54,449 - INFO - Precision                : 1.0000
2025-10-05 03:12:54,449 - INFO - Recall                   : 0.0053
2025-10-05 03:12:54,449 - INFO - F1 Score                 : 0.0105
2025-10-05 03:12:54,449 - INFO - ==================================================
2025-10-05 03:13:42,362 - INFO - Época 9 concluída. Loss média: 1.2809
2025-10-05 03:13:42,364 - INFO - Iniciando inferência com o modelo MobileNetV1...
2025-10-05 03:13:45,944 - INFO - ==================================================
2025-10-05 03:13:45,944 - INFO - EXPERIMENT RESULTS
2025-10-05 03:13:45,944 - INFO - ==================================================
2025-10-05 03:13:45,944 - INFO - Elapsed Time Seconds     : 3.5569
2025-10-05 03:13:45,944 - INFO - Cpu Usage Percent        : 2.2750
2025-10-05 03:13:45,944 - INFO - Ram Peak Usage Bytes     : 1837723648.0000
2025-10-05 03:13:45,944 - INFO - Vram Peak Usage Bytes    : 643433472.0000
2025-10-05 03:13:45,944 - INFO - Gpu Power Watts          : 156.8850
2025-10-05 03:13:45,944 - INFO - Gpu Temp Celsius         : 52.0000
2025-10-05 03:13:45,944 - INFO - Gpu Utilization Percent  : 41.0000
2025-10-05 03:13:45,944 - INFO - Disk Read Bytes          : 0.0000
2025-10-05 03:13:45,944 - INFO - Disk Write Bytes         : 0.0000
2025-10-05 03:13:45,944 - INFO - Accuracy                 : 0.0059
2025-10-05 03:13:45,944 - INFO - Precision                : 1.0000
2025-10-05 03:13:45,944 - INFO - Recall                   : 0.0059
2025-10-05 03:13:45,944 - INFO - F1 Score                 : 0.0117
2025-10-05 03:13:45,944 - INFO - ==================================================
2025-10-05 03:14:33,682 - INFO - Época 10 concluída. Loss média: 1.0759
2025-10-05 03:14:33,684 - INFO - Iniciando inferência com o modelo MobileNetV1...
2025-10-05 03:14:37,158 - INFO - ==================================================
2025-10-05 03:14:37,158 - INFO - EXPERIMENT RESULTS
2025-10-05 03:14:37,158 - INFO - ==================================================
2025-10-05 03:14:37,158 - INFO - Elapsed Time Seconds     : 3.4511
2025-10-05 03:14:37,158 - INFO - Cpu Usage Percent        : 2.3531
2025-10-05 03:14:37,158 - INFO - Ram Peak Usage Bytes     : 1837723648.0000
2025-10-05 03:14:37,158 - INFO - Vram Peak Usage Bytes    : 643433472.0000
2025-10-05 03:14:37,158 - INFO - Gpu Power Watts          : 152.6710
2025-10-05 03:14:37,158 - INFO - Gpu Temp Celsius         : 53.0000
2025-10-05 03:14:37,158 - INFO - Gpu Utilization Percent  : 37.0000
2025-10-05 03:14:37,158 - INFO - Disk Read Bytes          : 0.0000
2025-10-05 03:14:37,158 - INFO - Disk Write Bytes         : 204800.0000
2025-10-05 03:14:37,158 - INFO - Accuracy                 : 0.0046
2025-10-05 03:14:37,158 - INFO - Precision                : 1.0000
2025-10-05 03:14:37,158 - INFO - Recall                   : 0.0046
2025-10-05 03:14:37,158 - INFO - F1 Score                 : 0.0092
2025-10-05 03:14:37,158 - INFO - ==================================================
2025-10-05 03:14:37,159 - INFO - Métricas de performance do treinamento:
2025-10-05 03:14:37,159 - INFO - ==================================================
2025-10-05 03:14:37,159 - INFO - EXPERIMENT RESULTS
2025-10-05 03:14:37,159 - INFO - ==================================================
2025-10-05 03:14:37,160 - INFO - Elapsed Time Seconds     : 507.1531
2025-10-05 03:14:37,160 - INFO - Cpu Usage Percent        : 3.7781
2025-10-05 03:14:37,160 - INFO - Ram Peak Usage Bytes     : 1837723648.0000
2025-10-05 03:14:37,160 - INFO - Vram Peak Usage Bytes    : 643433472.0000
2025-10-05 03:14:37,160 - INFO - Gpu Power Watts          : 152.6710
2025-10-05 03:14:37,160 - INFO - Gpu Temp Celsius         : 52.0000
2025-10-05 03:14:37,160 - INFO - Gpu Utilization Percent  : 37.0000
2025-10-05 03:14:37,160 - INFO - Disk Read Bytes          : 61440.0000
2025-10-05 03:14:37,160 - INFO - Disk Write Bytes         : 418320384.0000
2025-10-05 03:14:37,160 - INFO - ==================================================
2025-10-05 03:14:38,406 - INFO - Modelo salvo em: trained_models/mobilenet_V1_final.pth
2025-10-05 03:14:38,414 - INFO - Pipeline de treinamento concluído. Modelo salvo em: trained_models/mobilenet_V1_final.pth
2025-10-05 03:14:38,414 - INFO - Iniciando pipeline de inferência para avaliação final no conjunto de validação...
2025-10-05 03:14:38,482 - INFO - Iniciando inferência com o modelo MobileNetV1...
2025-10-05 03:14:42,016 - INFO - ==================================================
2025-10-05 03:14:42,016 - INFO - EXPERIMENT RESULTS
2025-10-05 03:14:42,016 - INFO - ==================================================
2025-10-05 03:14:42,016 - INFO - Elapsed Time Seconds     : 3.5106
2025-10-05 03:14:42,016 - INFO - Cpu Usage Percent        : 2.5469
2025-10-05 03:14:42,016 - INFO - Ram Peak Usage Bytes     : 2915336192.0000
2025-10-05 03:14:42,016 - INFO - Vram Peak Usage Bytes    : 1135574528.0000
2025-10-05 03:14:42,016 - INFO - Gpu Power Watts          : 164.5460
2025-10-05 03:14:42,016 - INFO - Gpu Temp Celsius         : 51.0000
2025-10-05 03:14:42,016 - INFO - Gpu Utilization Percent  : 41.0000
2025-10-05 03:14:42,016 - INFO - Disk Read Bytes          : 0.0000
2025-10-05 03:14:42,016 - INFO - Disk Write Bytes         : 147456.0000
2025-10-05 03:14:42,016 - INFO - Accuracy                 : 0.0046
2025-10-05 03:14:42,016 - INFO - Precision                : 1.0000
2025-10-05 03:14:42,016 - INFO - Recall                   : 0.0046
2025-10-05 03:14:42,016 - INFO - F1 Score                 : 0.0092
2025-10-05 03:14:42,016 - INFO - ==================================================
2025-10-05 03:14:42,017 - INFO - Projeto executado com sucesso!
