2025-10-05 03:04:11,544 - INFO - ==================================================
2025-10-05 03:04:11,544 - INFO - EXPERIMENT CONFIGURATION
2025-10-05 03:04:11,544 - INFO - ==================================================
2025-10-05 03:04:11,544 - INFO - Model Name          : mobilenet_V1
2025-10-05 03:04:11,544 - INFO - Config File         : configs/pcad_config.yaml
2025-10-05 03:04:11,544 - INFO - Train Data          : /scratch/ehdmenezes//tiny-imagenet-200/train
2025-10-05 03:04:11,544 - INFO - Validation Data     : /scratch/ehdmenezes//tiny-imagenet-200/val
2025-10-05 03:04:11,544 - INFO - model_params        : {'num_classes': 200}
2025-10-05 03:04:11,544 - INFO - train_params        : {'epochs': 10, 'batch_size': 64, 'learning_rate': 0.001}
2025-10-05 03:04:11,544 - INFO - inference_params    : {'batch_size': 128}
2025-10-05 03:04:11,544 - INFO - ==================================================
2025-10-05 03:04:11,584 - INFO - Semente aleatória para esta execução foi fixada em: 42
2025-10-05 03:04:12,181 - INFO - Iniciando treinamento do modelo mobilenet_V1 no dispositivo cuda.
2025-10-05 03:05:20,998 - INFO - Época 1 concluída. Loss média: 4.4222
2025-10-05 03:05:21,001 - INFO - Iniciando inferência com o modelo MobileNetV1...
2025-10-05 03:05:27,784 - INFO - ==================================================
2025-10-05 03:05:27,784 - INFO - EXPERIMENT RESULTS
2025-10-05 03:05:27,784 - INFO - ==================================================
2025-10-05 03:05:27,784 - INFO - Elapsed Time Seconds     : 6.7318
2025-10-05 03:05:27,784 - INFO - Cpu Usage Percent        : 4.6813
2025-10-05 03:05:27,784 - INFO - Ram Peak Usage Bytes     : 1800171520.0000
2025-10-05 03:05:27,784 - INFO - Vram Peak Usage Bytes    : 643433472.0000
2025-10-05 03:05:27,784 - INFO - Gpu Power Watts          : 95.8800
2025-10-05 03:05:27,784 - INFO - Gpu Temp Celsius         : 30.0000
2025-10-05 03:05:27,784 - INFO - Gpu Utilization Percent  : 24.0000
2025-10-05 03:05:27,784 - INFO - Disk Read Bytes          : 0.0000
2025-10-05 03:05:27,785 - INFO - Disk Write Bytes         : 44523520.0000
2025-10-05 03:05:27,785 - INFO - Accuracy                 : 0.0042
2025-10-05 03:05:27,785 - INFO - Precision                : 1.0000
2025-10-05 03:05:27,785 - INFO - Recall                   : 0.0042
2025-10-05 03:05:27,785 - INFO - F1 Score                 : 0.0084
2025-10-05 03:05:27,785 - INFO - ==================================================
2025-10-05 03:06:32,106 - INFO - Época 2 concluída. Loss média: 3.4912
2025-10-05 03:06:32,109 - INFO - Iniciando inferência com o modelo MobileNetV1...
2025-10-05 03:06:38,760 - INFO - ==================================================
2025-10-05 03:06:38,760 - INFO - EXPERIMENT RESULTS
2025-10-05 03:06:38,760 - INFO - ==================================================
2025-10-05 03:06:38,760 - INFO - Elapsed Time Seconds     : 6.6038
2025-10-05 03:06:38,760 - INFO - Cpu Usage Percent        : 4.6250
2025-10-05 03:06:38,760 - INFO - Ram Peak Usage Bytes     : 1802002432.0000
2025-10-05 03:06:38,760 - INFO - Vram Peak Usage Bytes    : 643433472.0000
2025-10-05 03:06:38,760 - INFO - Gpu Power Watts          : 101.8780
2025-10-05 03:06:38,760 - INFO - Gpu Temp Celsius         : 33.0000
2025-10-05 03:06:38,760 - INFO - Gpu Utilization Percent  : 42.0000
2025-10-05 03:06:38,760 - INFO - Disk Read Bytes          : 0.0000
2025-10-05 03:06:38,761 - INFO - Disk Write Bytes         : 139264.0000
2025-10-05 03:06:38,761 - INFO - Accuracy                 : 0.0043
2025-10-05 03:06:38,761 - INFO - Precision                : 1.0000
2025-10-05 03:06:38,761 - INFO - Recall                   : 0.0043
2025-10-05 03:06:38,761 - INFO - F1 Score                 : 0.0086
2025-10-05 03:06:38,761 - INFO - ==================================================
2025-10-05 03:07:44,525 - INFO - Época 3 concluída. Loss média: 2.9784
2025-10-05 03:07:44,528 - INFO - Iniciando inferência com o modelo MobileNetV1...
2025-10-05 03:07:51,050 - INFO - ==================================================
2025-10-05 03:07:51,050 - INFO - EXPERIMENT RESULTS
2025-10-05 03:07:51,050 - INFO - ==================================================
2025-10-05 03:07:51,050 - INFO - Elapsed Time Seconds     : 6.4750
2025-10-05 03:07:51,050 - INFO - Cpu Usage Percent        : 4.7500
2025-10-05 03:07:51,050 - INFO - Ram Peak Usage Bytes     : 1802059776.0000
2025-10-05 03:07:51,050 - INFO - Vram Peak Usage Bytes    : 643433472.0000
2025-10-05 03:07:51,050 - INFO - Gpu Power Watts          : 125.7420
2025-10-05 03:07:51,050 - INFO - Gpu Temp Celsius         : 36.0000
2025-10-05 03:07:51,050 - INFO - Gpu Utilization Percent  : 22.0000
2025-10-05 03:07:51,051 - INFO - Disk Read Bytes          : 0.0000
2025-10-05 03:07:51,051 - INFO - Disk Write Bytes         : 282624.0000
2025-10-05 03:07:51,051 - INFO - Accuracy                 : 0.0060
2025-10-05 03:07:51,051 - INFO - Precision                : 1.0000
2025-10-05 03:07:51,051 - INFO - Recall                   : 0.0060
2025-10-05 03:07:51,051 - INFO - F1 Score                 : 0.0119
2025-10-05 03:07:51,051 - INFO - ==================================================
2025-10-05 03:08:54,013 - INFO - Época 4 concluída. Loss média: 2.5949
2025-10-05 03:08:54,015 - INFO - Iniciando inferência com o modelo MobileNetV1...
2025-10-05 03:09:01,192 - INFO - ==================================================
2025-10-05 03:09:01,193 - INFO - EXPERIMENT RESULTS
2025-10-05 03:09:01,193 - INFO - ==================================================
2025-10-05 03:09:01,193 - INFO - Elapsed Time Seconds     : 7.1297
2025-10-05 03:09:01,193 - INFO - Cpu Usage Percent        : 4.3375
2025-10-05 03:09:01,193 - INFO - Ram Peak Usage Bytes     : 1802076160.0000
2025-10-05 03:09:01,193 - INFO - Vram Peak Usage Bytes    : 643433472.0000
2025-10-05 03:09:01,193 - INFO - Gpu Power Watts          : 96.2590
2025-10-05 03:09:01,193 - INFO - Gpu Temp Celsius         : 36.0000
2025-10-05 03:09:01,193 - INFO - Gpu Utilization Percent  : 23.0000
2025-10-05 03:09:01,193 - INFO - Disk Read Bytes          : 0.0000
2025-10-05 03:09:01,193 - INFO - Disk Write Bytes         : 745472.0000
2025-10-05 03:09:01,193 - INFO - Accuracy                 : 0.0056
2025-10-05 03:09:01,193 - INFO - Precision                : 1.0000
2025-10-05 03:09:01,193 - INFO - Recall                   : 0.0056
2025-10-05 03:09:01,193 - INFO - F1 Score                 : 0.0111
2025-10-05 03:09:01,193 - INFO - ==================================================
2025-10-05 03:10:03,497 - INFO - Época 5 concluída. Loss média: 2.2754
2025-10-05 03:10:03,499 - INFO - Iniciando inferência com o modelo MobileNetV1...
2025-10-05 03:10:10,441 - INFO - ==================================================
2025-10-05 03:10:10,441 - INFO - EXPERIMENT RESULTS
2025-10-05 03:10:10,441 - INFO - ==================================================
2025-10-05 03:10:10,441 - INFO - Elapsed Time Seconds     : 6.8946
2025-10-05 03:10:10,442 - INFO - Cpu Usage Percent        : 4.4625
2025-10-05 03:10:10,442 - INFO - Ram Peak Usage Bytes     : 1805795328.0000
2025-10-05 03:10:10,442 - INFO - Vram Peak Usage Bytes    : 643433472.0000
2025-10-05 03:10:10,442 - INFO - Gpu Power Watts          : 117.3130
2025-10-05 03:10:10,442 - INFO - Gpu Temp Celsius         : 37.0000
2025-10-05 03:10:10,442 - INFO - Gpu Utilization Percent  : 34.0000
2025-10-05 03:10:10,442 - INFO - Disk Read Bytes          : 0.0000
2025-10-05 03:10:10,442 - INFO - Disk Write Bytes         : 1396736.0000
2025-10-05 03:10:10,442 - INFO - Accuracy                 : 0.0067
2025-10-05 03:10:10,442 - INFO - Precision                : 1.0000
2025-10-05 03:10:10,442 - INFO - Recall                   : 0.0067
2025-10-05 03:10:10,442 - INFO - F1 Score                 : 0.0133
2025-10-05 03:10:10,442 - INFO - ==================================================
2025-10-05 03:11:20,358 - INFO - Época 6 concluída. Loss média: 2.0025
2025-10-05 03:11:20,360 - INFO - Iniciando inferência com o modelo MobileNetV1...
2025-10-05 03:11:26,987 - INFO - ==================================================
2025-10-05 03:11:26,988 - INFO - EXPERIMENT RESULTS
2025-10-05 03:11:26,988 - INFO - ==================================================
2025-10-05 03:11:26,988 - INFO - Elapsed Time Seconds     : 6.5798
2025-10-05 03:11:26,988 - INFO - Cpu Usage Percent        : 4.6562
2025-10-05 03:11:26,988 - INFO - Ram Peak Usage Bytes     : 1816059904.0000
2025-10-05 03:11:26,988 - INFO - Vram Peak Usage Bytes    : 643433472.0000
2025-10-05 03:11:26,988 - INFO - Gpu Power Watts          : 113.5010
2025-10-05 03:11:26,988 - INFO - Gpu Temp Celsius         : 38.0000
2025-10-05 03:11:26,988 - INFO - Gpu Utilization Percent  : 22.0000
2025-10-05 03:11:26,988 - INFO - Disk Read Bytes          : 0.0000
2025-10-05 03:11:26,988 - INFO - Disk Write Bytes         : 741376.0000
2025-10-05 03:11:26,988 - INFO - Accuracy                 : 0.0062
2025-10-05 03:11:26,988 - INFO - Precision                : 1.0000
2025-10-05 03:11:26,988 - INFO - Recall                   : 0.0062
2025-10-05 03:11:26,988 - INFO - F1 Score                 : 0.0123
2025-10-05 03:11:26,988 - INFO - ==================================================
2025-10-05 03:12:28,971 - INFO - Época 7 concluída. Loss média: 1.7510
2025-10-05 03:12:28,973 - INFO - Iniciando inferência com o modelo MobileNetV1...
2025-10-05 03:12:36,132 - INFO - ==================================================
2025-10-05 03:12:36,132 - INFO - EXPERIMENT RESULTS
2025-10-05 03:12:36,132 - INFO - ==================================================
2025-10-05 03:12:36,132 - INFO - Elapsed Time Seconds     : 7.1110
2025-10-05 03:12:36,132 - INFO - Cpu Usage Percent        : 4.2875
2025-10-05 03:12:36,132 - INFO - Ram Peak Usage Bytes     : 1829855232.0000
2025-10-05 03:12:36,132 - INFO - Vram Peak Usage Bytes    : 643433472.0000
2025-10-05 03:12:36,132 - INFO - Gpu Power Watts          : 96.1110
2025-10-05 03:12:36,132 - INFO - Gpu Temp Celsius         : 37.0000
2025-10-05 03:12:36,132 - INFO - Gpu Utilization Percent  : 23.0000
2025-10-05 03:12:36,133 - INFO - Disk Read Bytes          : 0.0000
2025-10-05 03:12:36,133 - INFO - Disk Write Bytes         : 856064.0000
2025-10-05 03:12:36,133 - INFO - Accuracy                 : 0.0055
2025-10-05 03:12:36,133 - INFO - Precision                : 1.0000
2025-10-05 03:12:36,133 - INFO - Recall                   : 0.0055
2025-10-05 03:12:36,133 - INFO - F1 Score                 : 0.0109
2025-10-05 03:12:36,133 - INFO - ==================================================
2025-10-05 03:13:39,057 - INFO - Época 8 concluída. Loss média: 1.5192
2025-10-05 03:13:39,059 - INFO - Iniciando inferência com o modelo MobileNetV1...
2025-10-05 03:13:45,550 - INFO - ==================================================
2025-10-05 03:13:45,550 - INFO - EXPERIMENT RESULTS
2025-10-05 03:13:45,550 - INFO - ==================================================
2025-10-05 03:13:45,550 - INFO - Elapsed Time Seconds     : 6.4435
2025-10-05 03:13:45,550 - INFO - Cpu Usage Percent        : 4.8375
2025-10-05 03:13:45,550 - INFO - Ram Peak Usage Bytes     : 1829859328.0000
2025-10-05 03:13:45,551 - INFO - Vram Peak Usage Bytes    : 643433472.0000
2025-10-05 03:13:45,551 - INFO - Gpu Power Watts          : 103.2030
2025-10-05 03:13:45,551 - INFO - Gpu Temp Celsius         : 38.0000
2025-10-05 03:13:45,551 - INFO - Gpu Utilization Percent  : 31.0000
2025-10-05 03:13:45,551 - INFO - Disk Read Bytes          : 0.0000
2025-10-05 03:13:45,551 - INFO - Disk Write Bytes         : 512000.0000
2025-10-05 03:13:45,551 - INFO - Accuracy                 : 0.0072
2025-10-05 03:13:45,551 - INFO - Precision                : 1.0000
2025-10-05 03:13:45,551 - INFO - Recall                   : 0.0072
2025-10-05 03:13:45,551 - INFO - F1 Score                 : 0.0143
2025-10-05 03:13:45,551 - INFO - ==================================================
2025-10-05 03:14:54,118 - INFO - Época 9 concluída. Loss média: 1.3072
2025-10-05 03:14:54,120 - INFO - Iniciando inferência com o modelo MobileNetV1...
2025-10-05 03:15:00,595 - INFO - ==================================================
2025-10-05 03:15:00,595 - INFO - EXPERIMENT RESULTS
2025-10-05 03:15:00,595 - INFO - ==================================================
2025-10-05 03:15:00,595 - INFO - Elapsed Time Seconds     : 6.4270
2025-10-05 03:15:00,595 - INFO - Cpu Usage Percent        : 4.8500
2025-10-05 03:15:00,595 - INFO - Ram Peak Usage Bytes     : 1829883904.0000
2025-10-05 03:15:00,596 - INFO - Vram Peak Usage Bytes    : 643433472.0000
2025-10-05 03:15:00,596 - INFO - Gpu Power Watts          : 103.4310
2025-10-05 03:15:00,596 - INFO - Gpu Temp Celsius         : 38.0000
2025-10-05 03:15:00,596 - INFO - Gpu Utilization Percent  : 31.0000
2025-10-05 03:15:00,596 - INFO - Disk Read Bytes          : 0.0000
2025-10-05 03:15:00,596 - INFO - Disk Write Bytes         : 1200128.0000
2025-10-05 03:15:00,596 - INFO - Accuracy                 : 0.0044
2025-10-05 03:15:00,596 - INFO - Precision                : 1.0000
2025-10-05 03:15:00,596 - INFO - Recall                   : 0.0044
2025-10-05 03:15:00,596 - INFO - F1 Score                 : 0.0088
2025-10-05 03:15:00,596 - INFO - ==================================================
2025-10-05 03:16:02,733 - INFO - Época 10 concluída. Loss média: 1.0951
2025-10-05 03:16:02,735 - INFO - Iniciando inferência com o modelo MobileNetV1...
2025-10-05 03:16:10,006 - INFO - ==================================================
2025-10-05 03:16:10,006 - INFO - EXPERIMENT RESULTS
2025-10-05 03:16:10,006 - INFO - ==================================================
2025-10-05 03:16:10,006 - INFO - Elapsed Time Seconds     : 7.2234
2025-10-05 03:16:10,006 - INFO - Cpu Usage Percent        : 4.2250
2025-10-05 03:16:10,006 - INFO - Ram Peak Usage Bytes     : 1829892096.0000
2025-10-05 03:16:10,006 - INFO - Vram Peak Usage Bytes    : 643433472.0000
2025-10-05 03:16:10,007 - INFO - Gpu Power Watts          : 97.6220
2025-10-05 03:16:10,007 - INFO - Gpu Temp Celsius         : 38.0000
2025-10-05 03:16:10,007 - INFO - Gpu Utilization Percent  : 24.0000
2025-10-05 03:16:10,007 - INFO - Disk Read Bytes          : 0.0000
2025-10-05 03:16:10,007 - INFO - Disk Write Bytes         : 811008.0000
2025-10-05 03:16:10,007 - INFO - Accuracy                 : 0.0079
2025-10-05 03:16:10,007 - INFO - Precision                : 1.0000
2025-10-05 03:16:10,007 - INFO - Recall                   : 0.0079
2025-10-05 03:16:10,007 - INFO - F1 Score                 : 0.0157
2025-10-05 03:16:10,007 - INFO - ==================================================
2025-10-05 03:16:10,008 - INFO - Métricas de performance do treinamento:
2025-10-05 03:16:10,008 - INFO - ==================================================
2025-10-05 03:16:10,008 - INFO - EXPERIMENT RESULTS
2025-10-05 03:16:10,008 - INFO - ==================================================
2025-10-05 03:16:10,008 - INFO - Elapsed Time Seconds     : 717.8245
2025-10-05 03:16:10,008 - INFO - Cpu Usage Percent        : 7.5250
2025-10-05 03:16:10,008 - INFO - Ram Peak Usage Bytes     : 1829896192.0000
2025-10-05 03:16:10,008 - INFO - Vram Peak Usage Bytes    : 643433472.0000
2025-10-05 03:16:10,008 - INFO - Gpu Power Watts          : 97.6220
2025-10-05 03:16:10,008 - INFO - Gpu Temp Celsius         : 38.0000
2025-10-05 03:16:10,009 - INFO - Gpu Utilization Percent  : 24.0000
2025-10-05 03:16:10,009 - INFO - Disk Read Bytes          : 16384.0000
2025-10-05 03:16:10,009 - INFO - Disk Write Bytes         : 497270784.0000
2025-10-05 03:16:10,009 - INFO - ==================================================
2025-10-05 03:16:10,247 - INFO - Modelo salvo em: trained_models/mobilenet_V1_final.pth
2025-10-05 03:16:10,261 - INFO - Pipeline de treinamento concluído. Modelo salvo em: trained_models/mobilenet_V1_final.pth
2025-10-05 03:16:10,262 - INFO - Iniciando pipeline de inferência para avaliação final no conjunto de validação...
2025-10-05 03:16:10,393 - INFO - Iniciando inferência com o modelo MobileNetV1...
2025-10-05 03:16:17,122 - INFO - ==================================================
2025-10-05 03:16:17,122 - INFO - EXPERIMENT RESULTS
2025-10-05 03:16:17,122 - INFO - ==================================================
2025-10-05 03:16:17,122 - INFO - Elapsed Time Seconds     : 6.6814
2025-10-05 03:16:17,122 - INFO - Cpu Usage Percent        : 4.8000
2025-10-05 03:16:17,122 - INFO - Ram Peak Usage Bytes     : 2503610368.0000
2025-10-05 03:16:17,122 - INFO - Vram Peak Usage Bytes    : 1135574528.0000
2025-10-05 03:16:17,122 - INFO - Gpu Power Watts          : 128.0490
2025-10-05 03:16:17,122 - INFO - Gpu Temp Celsius         : 39.0000
2025-10-05 03:16:17,122 - INFO - Gpu Utilization Percent  : 24.0000
2025-10-05 03:16:17,122 - INFO - Disk Read Bytes          : 0.0000
2025-10-05 03:16:17,122 - INFO - Disk Write Bytes         : 614400.0000
2025-10-05 03:16:17,123 - INFO - Accuracy                 : 0.0079
2025-10-05 03:16:17,123 - INFO - Precision                : 1.0000
2025-10-05 03:16:17,123 - INFO - Recall                   : 0.0079
2025-10-05 03:16:17,123 - INFO - F1 Score                 : 0.0157
2025-10-05 03:16:17,123 - INFO - ==================================================
2025-10-05 03:16:17,123 - INFO - Projeto executado com sucesso!
