2025-10-05 11:52:47,677 - INFO - ==================================================
2025-10-05 11:52:47,677 - INFO - EXPERIMENT CONFIGURATION
2025-10-05 11:52:47,677 - INFO - ==================================================
2025-10-05 11:52:47,677 - INFO - Model Name          : resnet34
2025-10-05 11:52:47,677 - INFO - Config File         : configs/pcad_config.yaml
2025-10-05 11:52:47,677 - INFO - Train Data          : /scratch/ehdmenezes//tiny-imagenet-200/train
2025-10-05 11:52:47,677 - INFO - Validation Data     : /scratch/ehdmenezes//tiny-imagenet-200/val
2025-10-05 11:52:47,677 - INFO - model_params        : {'num_classes': 200}
2025-10-05 11:52:47,677 - INFO - train_params        : {'epochs': 10, 'batch_size': 32, 'learning_rate': 0.001}
2025-10-05 11:52:47,677 - INFO - inference_params    : {'batch_size': 32}
2025-10-05 11:52:47,677 - INFO - ==================================================
2025-10-05 11:52:47,689 - INFO - Semente aleatória para esta execução foi fixada em: 52
2025-10-05 11:52:47,968 - INFO - Iniciando treinamento do modelo resnet34 no dispositivo cuda.
2025-10-05 12:15:46,852 - INFO - Época 1 concluída. Loss média: 4.8276
2025-10-05 12:15:46,855 - INFO - Iniciando inferência com o modelo ResNet...
2025-10-05 12:16:17,389 - INFO - ==================================================
2025-10-05 12:16:17,389 - INFO - EXPERIMENT RESULTS
2025-10-05 12:16:17,389 - INFO - ==================================================
2025-10-05 12:16:17,389 - INFO - Elapsed Time Seconds     : 30.5183
2025-10-05 12:16:17,389 - INFO - Cpu Usage Percent        : 3.2250
2025-10-05 12:16:17,389 - INFO - Ram Peak Usage Bytes     : 1629560832.0000
2025-10-05 12:16:17,389 - INFO - Vram Peak Usage Bytes    : 2453165056.0000
2025-10-05 12:16:17,389 - INFO - Gpu Power Watts          : 332.7910
2025-10-05 12:16:17,389 - INFO - Gpu Temp Celsius         : 61.0000
2025-10-05 12:16:17,389 - INFO - Gpu Utilization Percent  : 100.0000
2025-10-05 12:16:17,389 - INFO - Disk Read Bytes          : 0.0000
2025-10-05 12:16:17,389 - INFO - Disk Write Bytes         : 512000.0000
2025-10-05 12:16:17,389 - INFO - Accuracy                 : 0.0027
2025-10-05 12:16:17,389 - INFO - Precision                : 1.0000
2025-10-05 12:16:17,389 - INFO - Recall                   : 0.0027
2025-10-05 12:16:17,390 - INFO - F1 Score                 : 0.0054
2025-10-05 12:16:17,390 - INFO - ==================================================
2025-10-05 12:39:17,254 - INFO - Época 2 concluída. Loss média: 4.1008
2025-10-05 12:39:17,257 - INFO - Iniciando inferência com o modelo ResNet...
2025-10-05 12:39:47,801 - INFO - ==================================================
2025-10-05 12:39:47,801 - INFO - EXPERIMENT RESULTS
2025-10-05 12:39:47,801 - INFO - ==================================================
2025-10-05 12:39:47,801 - INFO - Elapsed Time Seconds     : 30.5281
2025-10-05 12:39:47,801 - INFO - Cpu Usage Percent        : 3.2219
2025-10-05 12:39:47,801 - INFO - Ram Peak Usage Bytes     : 1633886208.0000
2025-10-05 12:39:47,801 - INFO - Vram Peak Usage Bytes    : 2453165056.0000
2025-10-05 12:39:47,801 - INFO - Gpu Power Watts          : 332.5080
2025-10-05 12:39:47,801 - INFO - Gpu Temp Celsius         : 61.0000
2025-10-05 12:39:47,801 - INFO - Gpu Utilization Percent  : 100.0000
2025-10-05 12:39:47,801 - INFO - Disk Read Bytes          : 0.0000
2025-10-05 12:39:47,801 - INFO - Disk Write Bytes         : 319488.0000
2025-10-05 12:39:47,801 - INFO - Accuracy                 : 0.0151
2025-10-05 12:39:47,801 - INFO - Precision                : 1.0000
2025-10-05 12:39:47,801 - INFO - Recall                   : 0.0151
2025-10-05 12:39:47,801 - INFO - F1 Score                 : 0.0298
2025-10-05 12:39:47,801 - INFO - ==================================================
2025-10-05 13:02:42,608 - INFO - Época 3 concluída. Loss média: 3.5102
2025-10-05 13:02:42,610 - INFO - Iniciando inferência com o modelo ResNet...
2025-10-05 13:03:13,114 - INFO - ==================================================
2025-10-05 13:03:13,114 - INFO - EXPERIMENT RESULTS
2025-10-05 13:03:13,114 - INFO - ==================================================
2025-10-05 13:03:13,114 - INFO - Elapsed Time Seconds     : 30.4818
2025-10-05 13:03:13,114 - INFO - Cpu Usage Percent        : 3.2219
2025-10-05 13:03:13,114 - INFO - Ram Peak Usage Bytes     : 1633959936.0000
2025-10-05 13:03:13,114 - INFO - Vram Peak Usage Bytes    : 2453165056.0000
2025-10-05 13:03:13,115 - INFO - Gpu Power Watts          : 332.5020
2025-10-05 13:03:13,115 - INFO - Gpu Temp Celsius         : 61.0000
2025-10-05 13:03:13,115 - INFO - Gpu Utilization Percent  : 100.0000
2025-10-05 13:03:13,115 - INFO - Disk Read Bytes          : 0.0000
2025-10-05 13:03:13,115 - INFO - Disk Write Bytes         : 331776.0000
2025-10-05 13:03:13,115 - INFO - Accuracy                 : 0.0067
2025-10-05 13:03:13,115 - INFO - Precision                : 1.0000
2025-10-05 13:03:13,115 - INFO - Recall                   : 0.0067
2025-10-05 13:03:13,115 - INFO - F1 Score                 : 0.0133
2025-10-05 13:03:13,115 - INFO - ==================================================
2025-10-05 13:25:57,383 - INFO - Época 4 concluída. Loss média: 3.1038
2025-10-05 13:25:57,384 - INFO - Iniciando inferência com o modelo ResNet...
2025-10-05 13:26:27,889 - INFO - ==================================================
2025-10-05 13:26:27,889 - INFO - EXPERIMENT RESULTS
2025-10-05 13:26:27,889 - INFO - ==================================================
2025-10-05 13:26:27,889 - INFO - Elapsed Time Seconds     : 30.4892
2025-10-05 13:26:27,889 - INFO - Cpu Usage Percent        : 3.2250
2025-10-05 13:26:27,889 - INFO - Ram Peak Usage Bytes     : 1633968128.0000
2025-10-05 13:26:27,889 - INFO - Vram Peak Usage Bytes    : 2453165056.0000
2025-10-05 13:26:27,889 - INFO - Gpu Power Watts          : 336.9330
2025-10-05 13:26:27,889 - INFO - Gpu Temp Celsius         : 58.0000
2025-10-05 13:26:27,889 - INFO - Gpu Utilization Percent  : 100.0000
2025-10-05 13:26:27,889 - INFO - Disk Read Bytes          : 0.0000
2025-10-05 13:26:27,889 - INFO - Disk Write Bytes         : 524288.0000
2025-10-05 13:26:27,889 - INFO - Accuracy                 : 0.0053
2025-10-05 13:26:27,889 - INFO - Precision                : 1.0000
2025-10-05 13:26:27,889 - INFO - Recall                   : 0.0053
2025-10-05 13:26:27,889 - INFO - F1 Score                 : 0.0105
2025-10-05 13:26:27,889 - INFO - ==================================================
2025-10-05 13:49:11,857 - INFO - Época 5 concluída. Loss média: 2.7925
2025-10-05 13:49:11,858 - INFO - Iniciando inferência com o modelo ResNet...
2025-10-05 13:49:42,349 - INFO - ==================================================
2025-10-05 13:49:42,349 - INFO - EXPERIMENT RESULTS
2025-10-05 13:49:42,349 - INFO - ==================================================
2025-10-05 13:49:42,349 - INFO - Elapsed Time Seconds     : 30.4757
2025-10-05 13:49:42,349 - INFO - Cpu Usage Percent        : 3.3156
2025-10-05 13:49:42,349 - INFO - Ram Peak Usage Bytes     : 1634013184.0000
2025-10-05 13:49:42,349 - INFO - Vram Peak Usage Bytes    : 2453165056.0000
2025-10-05 13:49:42,349 - INFO - Gpu Power Watts          : 336.5220
2025-10-05 13:49:42,349 - INFO - Gpu Temp Celsius         : 61.0000
2025-10-05 13:49:42,349 - INFO - Gpu Utilization Percent  : 100.0000
2025-10-05 13:49:42,349 - INFO - Disk Read Bytes          : 0.0000
2025-10-05 13:49:42,349 - INFO - Disk Write Bytes         : 335872.0000
2025-10-05 13:49:42,349 - INFO - Accuracy                 : 0.0084
2025-10-05 13:49:42,349 - INFO - Precision                : 1.0000
2025-10-05 13:49:42,349 - INFO - Recall                   : 0.0084
2025-10-05 13:49:42,349 - INFO - F1 Score                 : 0.0167
2025-10-05 13:49:42,349 - INFO - ==================================================
2025-10-05 14:12:26,926 - INFO - Época 6 concluída. Loss média: 2.5396
2025-10-05 14:12:26,927 - INFO - Iniciando inferência com o modelo ResNet...
2025-10-05 14:12:57,437 - INFO - ==================================================
2025-10-05 14:12:57,437 - INFO - EXPERIMENT RESULTS
2025-10-05 14:12:57,437 - INFO - ==================================================
2025-10-05 14:12:57,437 - INFO - Elapsed Time Seconds     : 30.4948
2025-10-05 14:12:57,437 - INFO - Cpu Usage Percent        : 3.2250
2025-10-05 14:12:57,437 - INFO - Ram Peak Usage Bytes     : 1634013184.0000
2025-10-05 14:12:57,437 - INFO - Vram Peak Usage Bytes    : 2453165056.0000
2025-10-05 14:12:57,437 - INFO - Gpu Power Watts          : 334.6940
2025-10-05 14:12:57,437 - INFO - Gpu Temp Celsius         : 61.0000
2025-10-05 14:12:57,437 - INFO - Gpu Utilization Percent  : 100.0000
2025-10-05 14:12:57,437 - INFO - Disk Read Bytes          : 0.0000
2025-10-05 14:12:57,437 - INFO - Disk Write Bytes         : 274432.0000
2025-10-05 14:12:57,437 - INFO - Accuracy                 : 0.0054
2025-10-05 14:12:57,437 - INFO - Precision                : 1.0000
2025-10-05 14:12:57,437 - INFO - Recall                   : 0.0054
2025-10-05 14:12:57,437 - INFO - F1 Score                 : 0.0107
2025-10-05 14:12:57,437 - INFO - ==================================================
2025-10-05 14:35:41,513 - INFO - Época 7 concluída. Loss média: 2.3284
2025-10-05 14:35:41,514 - INFO - Iniciando inferência com o modelo ResNet...
2025-10-05 14:36:12,008 - INFO - ==================================================
2025-10-05 14:36:12,008 - INFO - EXPERIMENT RESULTS
2025-10-05 14:36:12,008 - INFO - ==================================================
2025-10-05 14:36:12,008 - INFO - Elapsed Time Seconds     : 30.4705
2025-10-05 14:36:12,008 - INFO - Cpu Usage Percent        : 3.2250
2025-10-05 14:36:12,008 - INFO - Ram Peak Usage Bytes     : 1634013184.0000
2025-10-05 14:36:12,008 - INFO - Vram Peak Usage Bytes    : 2453165056.0000
2025-10-05 14:36:12,008 - INFO - Gpu Power Watts          : 334.7570
2025-10-05 14:36:12,008 - INFO - Gpu Temp Celsius         : 59.0000
2025-10-05 14:36:12,008 - INFO - Gpu Utilization Percent  : 100.0000
2025-10-05 14:36:12,008 - INFO - Disk Read Bytes          : 0.0000
2025-10-05 14:36:12,008 - INFO - Disk Write Bytes         : 458752.0000
2025-10-05 14:36:12,008 - INFO - Accuracy                 : 0.0083
2025-10-05 14:36:12,008 - INFO - Precision                : 1.0000
2025-10-05 14:36:12,008 - INFO - Recall                   : 0.0083
2025-10-05 14:36:12,008 - INFO - F1 Score                 : 0.0165
2025-10-05 14:36:12,008 - INFO - ==================================================
2025-10-05 14:59:03,478 - INFO - Época 8 concluída. Loss média: 2.1404
2025-10-05 14:59:03,479 - INFO - Iniciando inferência com o modelo ResNet...
2025-10-05 14:59:34,045 - INFO - ==================================================
2025-10-05 14:59:34,045 - INFO - EXPERIMENT RESULTS
2025-10-05 14:59:34,045 - INFO - ==================================================
2025-10-05 14:59:34,045 - INFO - Elapsed Time Seconds     : 30.5426
2025-10-05 14:59:34,045 - INFO - Cpu Usage Percent        : 3.3031
2025-10-05 14:59:34,045 - INFO - Ram Peak Usage Bytes     : 1634017280.0000
2025-10-05 14:59:34,045 - INFO - Vram Peak Usage Bytes    : 2453165056.0000
2025-10-05 14:59:34,045 - INFO - Gpu Power Watts          : 334.5440
2025-10-05 14:59:34,045 - INFO - Gpu Temp Celsius         : 60.0000
2025-10-05 14:59:34,045 - INFO - Gpu Utilization Percent  : 97.0000
2025-10-05 14:59:34,045 - INFO - Disk Read Bytes          : 0.0000
2025-10-05 14:59:34,046 - INFO - Disk Write Bytes         : 319488.0000
2025-10-05 14:59:34,046 - INFO - Accuracy                 : 0.0070
2025-10-05 14:59:34,046 - INFO - Precision                : 1.0000
2025-10-05 14:59:34,046 - INFO - Recall                   : 0.0070
2025-10-05 14:59:34,046 - INFO - F1 Score                 : 0.0139
2025-10-05 14:59:34,046 - INFO - ==================================================
2025-10-05 15:22:34,248 - INFO - Época 9 concluída. Loss média: 1.9576
2025-10-05 15:22:34,250 - INFO - Iniciando inferência com o modelo ResNet...
2025-10-05 15:23:04,764 - INFO - ==================================================
2025-10-05 15:23:04,764 - INFO - EXPERIMENT RESULTS
2025-10-05 15:23:04,764 - INFO - ==================================================
2025-10-05 15:23:04,764 - INFO - Elapsed Time Seconds     : 30.4904
2025-10-05 15:23:04,764 - INFO - Cpu Usage Percent        : 3.2250
2025-10-05 15:23:04,764 - INFO - Ram Peak Usage Bytes     : 1634021376.0000
2025-10-05 15:23:04,765 - INFO - Vram Peak Usage Bytes    : 2453165056.0000
2025-10-05 15:23:04,765 - INFO - Gpu Power Watts          : 334.0480
2025-10-05 15:23:04,765 - INFO - Gpu Temp Celsius         : 61.0000
2025-10-05 15:23:04,765 - INFO - Gpu Utilization Percent  : 100.0000
2025-10-05 15:23:04,765 - INFO - Disk Read Bytes          : 0.0000
2025-10-05 15:23:04,765 - INFO - Disk Write Bytes         : 192512.0000
2025-10-05 15:23:04,765 - INFO - Accuracy                 : 0.0059
2025-10-05 15:23:04,765 - INFO - Precision                : 1.0000
2025-10-05 15:23:04,765 - INFO - Recall                   : 0.0059
2025-10-05 15:23:04,765 - INFO - F1 Score                 : 0.0117
2025-10-05 15:23:04,765 - INFO - ==================================================
2025-10-05 15:46:05,076 - INFO - Época 10 concluída. Loss média: 1.7866
2025-10-05 15:46:05,079 - INFO - Iniciando inferência com o modelo ResNet...
2025-10-05 15:46:35,673 - INFO - ==================================================
2025-10-05 15:46:35,673 - INFO - EXPERIMENT RESULTS
2025-10-05 15:46:35,673 - INFO - ==================================================
2025-10-05 15:46:35,673 - INFO - Elapsed Time Seconds     : 30.5700
2025-10-05 15:46:35,673 - INFO - Cpu Usage Percent        : 3.3000
2025-10-05 15:46:35,673 - INFO - Ram Peak Usage Bytes     : 1634025472.0000
2025-10-05 15:46:35,673 - INFO - Vram Peak Usage Bytes    : 2453165056.0000
2025-10-05 15:46:35,673 - INFO - Gpu Power Watts          : 328.3710
2025-10-05 15:46:35,673 - INFO - Gpu Temp Celsius         : 59.0000
2025-10-05 15:46:35,673 - INFO - Gpu Utilization Percent  : 100.0000
2025-10-05 15:46:35,673 - INFO - Disk Read Bytes          : 0.0000
2025-10-05 15:46:35,673 - INFO - Disk Write Bytes         : 491520.0000
2025-10-05 15:46:35,673 - INFO - Accuracy                 : 0.0056
2025-10-05 15:46:35,673 - INFO - Precision                : 1.0000
2025-10-05 15:46:35,673 - INFO - Recall                   : 0.0056
2025-10-05 15:46:35,673 - INFO - F1 Score                 : 0.0111
2025-10-05 15:46:35,673 - INFO - ==================================================
2025-10-05 15:46:35,674 - INFO - Métricas de performance do treinamento:
2025-10-05 15:46:35,674 - INFO - ==================================================
2025-10-05 15:46:35,674 - INFO - EXPERIMENT RESULTS
2025-10-05 15:46:35,675 - INFO - ==================================================
2025-10-05 15:46:35,675 - INFO - Elapsed Time Seconds     : 14027.7043
2025-10-05 15:46:35,675 - INFO - Cpu Usage Percent        : 3.1531
2025-10-05 15:46:35,675 - INFO - Ram Peak Usage Bytes     : 1634025472.0000
2025-10-05 15:46:35,675 - INFO - Vram Peak Usage Bytes    : 2453165056.0000
2025-10-05 15:46:35,675 - INFO - Gpu Power Watts          : 328.3710
2025-10-05 15:46:35,675 - INFO - Gpu Temp Celsius         : 57.0000
2025-10-05 15:46:35,675 - INFO - Gpu Utilization Percent  : 100.0000
2025-10-05 15:46:35,675 - INFO - Disk Read Bytes          : 151552.0000
2025-10-05 15:46:35,675 - INFO - Disk Write Bytes         : 91545600.0000
2025-10-05 15:46:35,675 - INFO - ==================================================
2025-10-05 15:46:43,190 - INFO - Modelo salvo em: trained_models/resnet34_final.pth
2025-10-05 15:46:43,199 - INFO - Pipeline de treinamento concluído. Modelo salvo em: trained_models/resnet34_final.pth
2025-10-05 15:46:43,199 - INFO - Iniciando pipeline de inferência para avaliação final no conjunto de validação...
2025-10-05 15:46:43,516 - INFO - Iniciando inferência com o modelo ResNet...
2025-10-05 15:47:14,047 - INFO - ==================================================
2025-10-05 15:47:14,047 - INFO - EXPERIMENT RESULTS
2025-10-05 15:47:14,047 - INFO - ==================================================
2025-10-05 15:47:14,047 - INFO - Elapsed Time Seconds     : 30.5082
2025-10-05 15:47:14,047 - INFO - Cpu Usage Percent        : 3.2219
2025-10-05 15:47:14,047 - INFO - Ram Peak Usage Bytes     : 1783083008.0000
2025-10-05 15:47:14,047 - INFO - Vram Peak Usage Bytes    : 2177303552.0000
2025-10-05 15:47:14,048 - INFO - Gpu Power Watts          : 334.6410
2025-10-05 15:47:14,048 - INFO - Gpu Temp Celsius         : 60.0000
2025-10-05 15:47:14,048 - INFO - Gpu Utilization Percent  : 100.0000
2025-10-05 15:47:14,048 - INFO - Disk Read Bytes          : 0.0000
2025-10-05 15:47:14,048 - INFO - Disk Write Bytes         : 331776.0000
2025-10-05 15:47:14,048 - INFO - Accuracy                 : 0.0056
2025-10-05 15:47:14,048 - INFO - Precision                : 1.0000
2025-10-05 15:47:14,048 - INFO - Recall                   : 0.0056
2025-10-05 15:47:14,048 - INFO - F1 Score                 : 0.0111
2025-10-05 15:47:14,048 - INFO - ==================================================
2025-10-05 15:47:14,048 - INFO - Projeto executado com sucesso!
