2025-10-05 15:54:52,637 - INFO - ==================================================
2025-10-05 15:54:52,637 - INFO - EXPERIMENT CONFIGURATION
2025-10-05 15:54:52,637 - INFO - ==================================================
2025-10-05 15:54:52,637 - INFO - Model Name          : resnet34
2025-10-05 15:54:52,637 - INFO - Config File         : configs/pcad_config.yaml
2025-10-05 15:54:52,637 - INFO - Train Data          : /scratch/ehdmenezes//tiny-imagenet-200/train
2025-10-05 15:54:52,637 - INFO - Validation Data     : /scratch/ehdmenezes//tiny-imagenet-200/val
2025-10-05 15:54:52,637 - INFO - model_params        : {'num_classes': 200}
2025-10-05 15:54:52,637 - INFO - train_params        : {'epochs': 10, 'batch_size': 32, 'learning_rate': 0.001}
2025-10-05 15:54:52,638 - INFO - inference_params    : {'batch_size': 32}
2025-10-05 15:54:52,638 - INFO - ==================================================
2025-10-05 15:54:52,661 - INFO - Semente aleatória para esta execução foi fixada em: 72
2025-10-05 15:54:53,463 - INFO - Iniciando treinamento do modelo resnet34 no dispositivo cuda.
2025-10-05 16:18:32,877 - INFO - Época 1 concluída. Loss média: 4.8540
2025-10-05 16:18:32,881 - INFO - Iniciando inferência com o modelo ResNet...
2025-10-05 16:19:03,892 - INFO - ==================================================
2025-10-05 16:19:03,893 - INFO - EXPERIMENT RESULTS
2025-10-05 16:19:03,893 - INFO - ==================================================
2025-10-05 16:19:03,893 - INFO - Elapsed Time Seconds     : 30.9850
2025-10-05 16:19:03,893 - INFO - Cpu Usage Percent        : 3.2687
2025-10-05 16:19:03,893 - INFO - Ram Peak Usage Bytes     : 1626595328.0000
2025-10-05 16:19:03,893 - INFO - Vram Peak Usage Bytes    : 2453165056.0000
2025-10-05 16:19:03,893 - INFO - Gpu Power Watts          : 335.4380
2025-10-05 16:19:03,893 - INFO - Gpu Temp Celsius         : 59.0000
2025-10-05 16:19:03,893 - INFO - Gpu Utilization Percent  : 99.0000
2025-10-05 16:19:03,893 - INFO - Disk Read Bytes          : 0.0000
2025-10-05 16:19:03,893 - INFO - Disk Write Bytes         : 196608.0000
2025-10-05 16:19:03,893 - INFO - Accuracy                 : 0.0018
2025-10-05 16:19:03,893 - INFO - Precision                : 1.0000
2025-10-05 16:19:03,893 - INFO - Recall                   : 0.0018
2025-10-05 16:19:03,893 - INFO - F1 Score                 : 0.0036
2025-10-05 16:19:03,893 - INFO - ==================================================
2025-10-05 16:42:18,125 - INFO - Época 2 concluída. Loss média: 4.0169
2025-10-05 16:42:18,126 - INFO - Iniciando inferência com o modelo ResNet...
2025-10-05 16:42:49,160 - INFO - ==================================================
2025-10-05 16:42:49,160 - INFO - EXPERIMENT RESULTS
2025-10-05 16:42:49,160 - INFO - ==================================================
2025-10-05 16:42:49,160 - INFO - Elapsed Time Seconds     : 31.0066
2025-10-05 16:42:49,160 - INFO - Cpu Usage Percent        : 3.2656
2025-10-05 16:42:49,160 - INFO - Ram Peak Usage Bytes     : 1629167616.0000
2025-10-05 16:42:49,160 - INFO - Vram Peak Usage Bytes    : 2453165056.0000
2025-10-05 16:42:49,160 - INFO - Gpu Power Watts          : 334.9720
2025-10-05 16:42:49,160 - INFO - Gpu Temp Celsius         : 57.0000
2025-10-05 16:42:49,160 - INFO - Gpu Utilization Percent  : 100.0000
2025-10-05 16:42:49,160 - INFO - Disk Read Bytes          : 0.0000
2025-10-05 16:42:49,160 - INFO - Disk Write Bytes         : 102400.0000
2025-10-05 16:42:49,160 - INFO - Accuracy                 : 0.0061
2025-10-05 16:42:49,160 - INFO - Precision                : 1.0000
2025-10-05 16:42:49,160 - INFO - Recall                   : 0.0061
2025-10-05 16:42:49,160 - INFO - F1 Score                 : 0.0121
2025-10-05 16:42:49,160 - INFO - ==================================================
2025-10-05 17:06:02,686 - INFO - Época 3 concluída. Loss média: 3.4436
2025-10-05 17:06:02,688 - INFO - Iniciando inferência com o modelo ResNet...
2025-10-05 17:06:33,718 - INFO - ==================================================
2025-10-05 17:06:33,718 - INFO - EXPERIMENT RESULTS
2025-10-05 17:06:33,718 - INFO - ==================================================
2025-10-05 17:06:33,718 - INFO - Elapsed Time Seconds     : 31.0037
2025-10-05 17:06:33,718 - INFO - Cpu Usage Percent        : 3.2687
2025-10-05 17:06:33,718 - INFO - Ram Peak Usage Bytes     : 1629196288.0000
2025-10-05 17:06:33,718 - INFO - Vram Peak Usage Bytes    : 2453165056.0000
2025-10-05 17:06:33,718 - INFO - Gpu Power Watts          : 335.4250
2025-10-05 17:06:33,718 - INFO - Gpu Temp Celsius         : 57.0000
2025-10-05 17:06:33,718 - INFO - Gpu Utilization Percent  : 100.0000
2025-10-05 17:06:33,718 - INFO - Disk Read Bytes          : 0.0000
2025-10-05 17:06:33,718 - INFO - Disk Write Bytes         : 237568.0000
2025-10-05 17:06:33,718 - INFO - Accuracy                 : 0.0037
2025-10-05 17:06:33,718 - INFO - Precision                : 1.0000
2025-10-05 17:06:33,718 - INFO - Recall                   : 0.0037
2025-10-05 17:06:33,718 - INFO - F1 Score                 : 0.0074
2025-10-05 17:06:33,718 - INFO - ==================================================
2025-10-05 17:29:47,499 - INFO - Época 4 concluída. Loss média: 3.0367
2025-10-05 17:29:47,501 - INFO - Iniciando inferência com o modelo ResNet...
2025-10-05 17:30:18,560 - INFO - ==================================================
2025-10-05 17:30:18,560 - INFO - EXPERIMENT RESULTS
2025-10-05 17:30:18,560 - INFO - ==================================================
2025-10-05 17:30:18,560 - INFO - Elapsed Time Seconds     : 31.0206
2025-10-05 17:30:18,560 - INFO - Cpu Usage Percent        : 3.2687
2025-10-05 17:30:18,560 - INFO - Ram Peak Usage Bytes     : 1629212672.0000
2025-10-05 17:30:18,560 - INFO - Vram Peak Usage Bytes    : 2453165056.0000
2025-10-05 17:30:18,560 - INFO - Gpu Power Watts          : 333.4820
2025-10-05 17:30:18,560 - INFO - Gpu Temp Celsius         : 59.0000
2025-10-05 17:30:18,560 - INFO - Gpu Utilization Percent  : 100.0000
2025-10-05 17:30:18,560 - INFO - Disk Read Bytes          : 0.0000
2025-10-05 17:30:18,560 - INFO - Disk Write Bytes         : 282624.0000
2025-10-05 17:30:18,560 - INFO - Accuracy                 : 0.0049
2025-10-05 17:30:18,560 - INFO - Precision                : 1.0000
2025-10-05 17:30:18,560 - INFO - Recall                   : 0.0049
2025-10-05 17:30:18,561 - INFO - F1 Score                 : 0.0098
2025-10-05 17:30:18,561 - INFO - ==================================================
2025-10-05 17:53:32,387 - INFO - Época 5 concluída. Loss média: 2.7403
2025-10-05 17:53:32,389 - INFO - Iniciando inferência com o modelo ResNet...
2025-10-05 17:54:03,464 - INFO - ==================================================
2025-10-05 17:54:03,464 - INFO - EXPERIMENT RESULTS
2025-10-05 17:54:03,464 - INFO - ==================================================
2025-10-05 17:54:03,464 - INFO - Elapsed Time Seconds     : 31.0373
2025-10-05 17:54:03,464 - INFO - Cpu Usage Percent        : 3.2687
2025-10-05 17:54:03,464 - INFO - Ram Peak Usage Bytes     : 1629204480.0000
2025-10-05 17:54:03,464 - INFO - Vram Peak Usage Bytes    : 2453165056.0000
2025-10-05 17:54:03,464 - INFO - Gpu Power Watts          : 327.7560
2025-10-05 17:54:03,464 - INFO - Gpu Temp Celsius         : 59.0000
2025-10-05 17:54:03,464 - INFO - Gpu Utilization Percent  : 100.0000
2025-10-05 17:54:03,464 - INFO - Disk Read Bytes          : 0.0000
2025-10-05 17:54:03,465 - INFO - Disk Write Bytes         : 102400.0000
2025-10-05 17:54:03,465 - INFO - Accuracy                 : 0.0041
2025-10-05 17:54:03,465 - INFO - Precision                : 1.0000
2025-10-05 17:54:03,465 - INFO - Recall                   : 0.0041
2025-10-05 17:54:03,465 - INFO - F1 Score                 : 0.0082
2025-10-05 17:54:03,465 - INFO - ==================================================
2025-10-05 18:17:47,164 - INFO - Época 6 concluída. Loss média: 2.5055
2025-10-05 18:17:47,168 - INFO - Iniciando inferência com o modelo ResNet...
2025-10-05 18:18:18,259 - INFO - ==================================================
2025-10-05 18:18:18,259 - INFO - EXPERIMENT RESULTS
2025-10-05 18:18:18,259 - INFO - ==================================================
2025-10-05 18:18:18,259 - INFO - Elapsed Time Seconds     : 31.0522
2025-10-05 18:18:18,259 - INFO - Cpu Usage Percent        : 3.2687
2025-10-05 18:18:18,259 - INFO - Ram Peak Usage Bytes     : 1629204480.0000
2025-10-05 18:18:18,259 - INFO - Vram Peak Usage Bytes    : 2453165056.0000
2025-10-05 18:18:18,259 - INFO - Gpu Power Watts          : 333.7420
2025-10-05 18:18:18,259 - INFO - Gpu Temp Celsius         : 59.0000
2025-10-05 18:18:18,259 - INFO - Gpu Utilization Percent  : 100.0000
2025-10-05 18:18:18,259 - INFO - Disk Read Bytes          : 0.0000
2025-10-05 18:18:18,259 - INFO - Disk Write Bytes         : 167936.0000
2025-10-05 18:18:18,260 - INFO - Accuracy                 : 0.0056
2025-10-05 18:18:18,260 - INFO - Precision                : 1.0000
2025-10-05 18:18:18,260 - INFO - Recall                   : 0.0056
2025-10-05 18:18:18,260 - INFO - F1 Score                 : 0.0111
2025-10-05 18:18:18,260 - INFO - ==================================================
2025-10-05 18:41:59,038 - INFO - Época 7 concluída. Loss média: 2.3054
2025-10-05 18:41:59,042 - INFO - Iniciando inferência com o modelo ResNet...
2025-10-05 18:42:30,131 - INFO - ==================================================
2025-10-05 18:42:30,131 - INFO - EXPERIMENT RESULTS
2025-10-05 18:42:30,131 - INFO - ==================================================
2025-10-05 18:42:30,131 - INFO - Elapsed Time Seconds     : 31.0505
2025-10-05 18:42:30,131 - INFO - Cpu Usage Percent        : 3.2687
2025-10-05 18:42:30,131 - INFO - Ram Peak Usage Bytes     : 1629245440.0000
2025-10-05 18:42:30,131 - INFO - Vram Peak Usage Bytes    : 2453165056.0000
2025-10-05 18:42:30,131 - INFO - Gpu Power Watts          : 332.3920
2025-10-05 18:42:30,131 - INFO - Gpu Temp Celsius         : 59.0000
2025-10-05 18:42:30,131 - INFO - Gpu Utilization Percent  : 100.0000
2025-10-05 18:42:30,131 - INFO - Disk Read Bytes          : 0.0000
2025-10-05 18:42:30,131 - INFO - Disk Write Bytes         : 278528.0000
2025-10-05 18:42:30,132 - INFO - Accuracy                 : 0.0062
2025-10-05 18:42:30,132 - INFO - Precision                : 1.0000
2025-10-05 18:42:30,132 - INFO - Recall                   : 0.0062
2025-10-05 18:42:30,132 - INFO - F1 Score                 : 0.0123
2025-10-05 18:42:30,132 - INFO - ==================================================
2025-10-05 19:06:13,900 - INFO - Época 8 concluída. Loss média: 2.1182
2025-10-05 19:06:13,904 - INFO - Iniciando inferência com o modelo ResNet...
2025-10-05 19:06:44,997 - INFO - ==================================================
2025-10-05 19:06:44,997 - INFO - EXPERIMENT RESULTS
2025-10-05 19:06:44,997 - INFO - ==================================================
2025-10-05 19:06:44,997 - INFO - Elapsed Time Seconds     : 31.0536
2025-10-05 19:06:44,997 - INFO - Cpu Usage Percent        : 3.2687
2025-10-05 19:06:44,997 - INFO - Ram Peak Usage Bytes     : 1629282304.0000
2025-10-05 19:06:44,997 - INFO - Vram Peak Usage Bytes    : 2453165056.0000
2025-10-05 19:06:44,997 - INFO - Gpu Power Watts          : 331.6900
2025-10-05 19:06:44,997 - INFO - Gpu Temp Celsius         : 59.0000
2025-10-05 19:06:44,997 - INFO - Gpu Utilization Percent  : 100.0000
2025-10-05 19:06:44,998 - INFO - Disk Read Bytes          : 0.0000
2025-10-05 19:06:44,998 - INFO - Disk Write Bytes         : 249856.0000
2025-10-05 19:06:44,998 - INFO - Accuracy                 : 0.0048
2025-10-05 19:06:44,998 - INFO - Precision                : 1.0000
2025-10-05 19:06:44,998 - INFO - Recall                   : 0.0048
2025-10-05 19:06:44,998 - INFO - F1 Score                 : 0.0096
2025-10-05 19:06:44,998 - INFO - ==================================================
2025-10-05 19:30:28,703 - INFO - Época 9 concluída. Loss média: 1.9425
2025-10-05 19:30:28,707 - INFO - Iniciando inferência com o modelo ResNet...
2025-10-05 19:30:59,775 - INFO - ==================================================
2025-10-05 19:30:59,775 - INFO - EXPERIMENT RESULTS
2025-10-05 19:30:59,775 - INFO - ==================================================
2025-10-05 19:30:59,775 - INFO - Elapsed Time Seconds     : 31.0288
2025-10-05 19:30:59,775 - INFO - Cpu Usage Percent        : 3.2687
2025-10-05 19:30:59,775 - INFO - Ram Peak Usage Bytes     : 1629245440.0000
2025-10-05 19:30:59,775 - INFO - Vram Peak Usage Bytes    : 2453165056.0000
2025-10-05 19:30:59,775 - INFO - Gpu Power Watts          : 330.2950
2025-10-05 19:30:59,775 - INFO - Gpu Temp Celsius         : 59.0000
2025-10-05 19:30:59,775 - INFO - Gpu Utilization Percent  : 100.0000
2025-10-05 19:30:59,775 - INFO - Disk Read Bytes          : 0.0000
2025-10-05 19:30:59,775 - INFO - Disk Write Bytes         : 262144.0000
2025-10-05 19:30:59,775 - INFO - Accuracy                 : 0.0064
2025-10-05 19:30:59,775 - INFO - Precision                : 1.0000
2025-10-05 19:30:59,776 - INFO - Recall                   : 0.0064
2025-10-05 19:30:59,776 - INFO - F1 Score                 : 0.0127
2025-10-05 19:30:59,776 - INFO - ==================================================
2025-10-05 19:54:29,609 - INFO - Época 10 concluída. Loss média: 1.7697
2025-10-05 19:54:29,611 - INFO - Iniciando inferência com o modelo ResNet...
2025-10-05 19:55:00,651 - INFO - ==================================================
2025-10-05 19:55:00,651 - INFO - EXPERIMENT RESULTS
2025-10-05 19:55:00,651 - INFO - ==================================================
2025-10-05 19:55:00,651 - INFO - Elapsed Time Seconds     : 31.0142
2025-10-05 19:55:00,651 - INFO - Cpu Usage Percent        : 3.3687
2025-10-05 19:55:00,651 - INFO - Ram Peak Usage Bytes     : 1629249536.0000
2025-10-05 19:55:00,651 - INFO - Vram Peak Usage Bytes    : 2453165056.0000
2025-10-05 19:55:00,651 - INFO - Gpu Power Watts          : 331.4750
2025-10-05 19:55:00,651 - INFO - Gpu Temp Celsius         : 57.0000
2025-10-05 19:55:00,651 - INFO - Gpu Utilization Percent  : 100.0000
2025-10-05 19:55:00,651 - INFO - Disk Read Bytes          : 0.0000
2025-10-05 19:55:00,651 - INFO - Disk Write Bytes         : 167936.0000
2025-10-05 19:55:00,651 - INFO - Accuracy                 : 0.0037
2025-10-05 19:55:00,651 - INFO - Precision                : 1.0000
2025-10-05 19:55:00,651 - INFO - Recall                   : 0.0037
2025-10-05 19:55:00,651 - INFO - F1 Score                 : 0.0074
2025-10-05 19:55:00,651 - INFO - ==================================================
2025-10-05 19:55:00,652 - INFO - Métricas de performance do treinamento:
2025-10-05 19:55:00,652 - INFO - ==================================================
2025-10-05 19:55:00,652 - INFO - EXPERIMENT RESULTS
2025-10-05 19:55:00,652 - INFO - ==================================================
2025-10-05 19:55:00,652 - INFO - Elapsed Time Seconds     : 14407.1873
2025-10-05 19:55:00,652 - INFO - Cpu Usage Percent        : 3.1688
2025-10-05 19:55:00,652 - INFO - Ram Peak Usage Bytes     : 1629249536.0000
2025-10-05 19:55:00,652 - INFO - Vram Peak Usage Bytes    : 2453165056.0000
2025-10-05 19:55:00,652 - INFO - Gpu Power Watts          : 331.4750
2025-10-05 19:55:00,652 - INFO - Gpu Temp Celsius         : 56.0000
2025-10-05 19:55:00,652 - INFO - Gpu Utilization Percent  : 100.0000
2025-10-05 19:55:00,652 - INFO - Disk Read Bytes          : 270336.0000
2025-10-05 19:55:00,653 - INFO - Disk Write Bytes         : 66220032.0000
2025-10-05 19:55:00,653 - INFO - ==================================================
2025-10-05 19:55:01,654 - INFO - Modelo salvo em: trained_models/resnet34_final.pth
2025-10-05 19:55:01,663 - INFO - Pipeline de treinamento concluído. Modelo salvo em: trained_models/resnet34_final.pth
2025-10-05 19:55:01,663 - INFO - Iniciando pipeline de inferência para avaliação final no conjunto de validação...
2025-10-05 19:55:01,933 - INFO - Iniciando inferência com o modelo ResNet...
2025-10-05 19:55:33,019 - INFO - ==================================================
2025-10-05 19:55:33,019 - INFO - EXPERIMENT RESULTS
2025-10-05 19:55:33,019 - INFO - ==================================================
2025-10-05 19:55:33,019 - INFO - Elapsed Time Seconds     : 31.0603
2025-10-05 19:55:33,019 - INFO - Cpu Usage Percent        : 3.3656
2025-10-05 19:55:33,019 - INFO - Ram Peak Usage Bytes     : 1779191808.0000
2025-10-05 19:55:33,019 - INFO - Vram Peak Usage Bytes    : 2177303552.0000
2025-10-05 19:55:33,019 - INFO - Gpu Power Watts          : 332.3530
2025-10-05 19:55:33,019 - INFO - Gpu Temp Celsius         : 59.0000
2025-10-05 19:55:33,019 - INFO - Gpu Utilization Percent  : 100.0000
2025-10-05 19:55:33,019 - INFO - Disk Read Bytes          : 0.0000
2025-10-05 19:55:33,019 - INFO - Disk Write Bytes         : 217088.0000
2025-10-05 19:55:33,019 - INFO - Accuracy                 : 0.0037
2025-10-05 19:55:33,019 - INFO - Precision                : 1.0000
2025-10-05 19:55:33,019 - INFO - Recall                   : 0.0037
2025-10-05 19:55:33,019 - INFO - F1 Score                 : 0.0074
2025-10-05 19:55:33,020 - INFO - ==================================================
2025-10-05 19:55:33,020 - INFO - Projeto executado com sucesso!
