2025-10-05 11:49:02,270 - INFO - ==================================================
2025-10-05 11:49:02,270 - INFO - EXPERIMENT CONFIGURATION
2025-10-05 11:49:02,270 - INFO - ==================================================
2025-10-05 11:49:02,270 - INFO - Model Name          : resnet34
2025-10-05 11:49:02,270 - INFO - Config File         : configs/pcad_config.yaml
2025-10-05 11:49:02,270 - INFO - Train Data          : /scratch/ehdmenezes//tiny-imagenet-200/train
2025-10-05 11:49:02,270 - INFO - Validation Data     : /scratch/ehdmenezes//tiny-imagenet-200/val
2025-10-05 11:49:02,270 - INFO - model_params        : {'num_classes': 200}
2025-10-05 11:49:02,271 - INFO - train_params        : {'epochs': 10, 'batch_size': 32, 'learning_rate': 0.001}
2025-10-05 11:49:02,271 - INFO - inference_params    : {'batch_size': 32}
2025-10-05 11:49:02,271 - INFO - ==================================================
2025-10-05 11:49:02,294 - INFO - Semente aleatória para esta execução foi fixada em: 42
2025-10-05 11:49:03,216 - INFO - Iniciando treinamento do modelo resnet34 no dispositivo cuda.
2025-10-05 12:12:50,908 - INFO - Época 1 concluída. Loss média: 4.8891
2025-10-05 12:12:50,911 - INFO - Iniciando inferência com o modelo ResNet...
2025-10-05 12:13:21,735 - INFO - ==================================================
2025-10-05 12:13:21,736 - INFO - EXPERIMENT RESULTS
2025-10-05 12:13:21,736 - INFO - ==================================================
2025-10-05 12:13:21,736 - INFO - Elapsed Time Seconds     : 30.7742
2025-10-05 12:13:21,736 - INFO - Cpu Usage Percent        : 6.8187
2025-10-05 12:13:21,736 - INFO - Ram Peak Usage Bytes     : 1616302080.0000
2025-10-05 12:13:21,736 - INFO - Vram Peak Usage Bytes    : 2453165056.0000
2025-10-05 12:13:21,736 - INFO - Gpu Power Watts          : 346.0380
2025-10-05 12:13:21,736 - INFO - Gpu Temp Celsius         : 46.0000
2025-10-05 12:13:21,736 - INFO - Gpu Utilization Percent  : 98.0000
2025-10-05 12:13:21,736 - INFO - Disk Read Bytes          : 0.0000
2025-10-05 12:13:21,736 - INFO - Disk Write Bytes         : 466944.0000
2025-10-05 12:13:21,736 - INFO - Accuracy                 : 0.0013
2025-10-05 12:13:21,736 - INFO - Precision                : 1.0000
2025-10-05 12:13:21,737 - INFO - Recall                   : 0.0013
2025-10-05 12:13:21,737 - INFO - F1 Score                 : 0.0026
2025-10-05 12:13:21,737 - INFO - ==================================================
2025-10-05 12:37:55,620 - INFO - Época 2 concluída. Loss média: 4.1009
2025-10-05 12:37:55,623 - INFO - Iniciando inferência com o modelo ResNet...
2025-10-05 12:38:26,415 - INFO - ==================================================
2025-10-05 12:38:26,415 - INFO - EXPERIMENT RESULTS
2025-10-05 12:38:26,415 - INFO - ==================================================
2025-10-05 12:38:26,415 - INFO - Elapsed Time Seconds     : 30.7441
2025-10-05 12:38:26,415 - INFO - Cpu Usage Percent        : 6.8187
2025-10-05 12:38:26,415 - INFO - Ram Peak Usage Bytes     : 1620074496.0000
2025-10-05 12:38:26,415 - INFO - Vram Peak Usage Bytes    : 2453165056.0000
2025-10-05 12:38:26,415 - INFO - Gpu Power Watts          : 346.7800
2025-10-05 12:38:26,415 - INFO - Gpu Temp Celsius         : 46.0000
2025-10-05 12:38:26,415 - INFO - Gpu Utilization Percent  : 100.0000
2025-10-05 12:38:26,415 - INFO - Disk Read Bytes          : 0.0000
2025-10-05 12:38:26,415 - INFO - Disk Write Bytes         : 2445312.0000
2025-10-05 12:38:26,415 - INFO - Accuracy                 : 0.0074
2025-10-05 12:38:26,415 - INFO - Precision                : 1.0000
2025-10-05 12:38:26,415 - INFO - Recall                   : 0.0074
2025-10-05 12:38:26,416 - INFO - F1 Score                 : 0.0147
2025-10-05 12:38:26,416 - INFO - ==================================================
2025-10-05 13:02:59,544 - INFO - Época 3 concluída. Loss média: 3.4992
2025-10-05 13:02:59,548 - INFO - Iniciando inferência com o modelo ResNet...
2025-10-05 13:03:30,345 - INFO - ==================================================
2025-10-05 13:03:30,345 - INFO - EXPERIMENT RESULTS
2025-10-05 13:03:30,346 - INFO - ==================================================
2025-10-05 13:03:30,346 - INFO - Elapsed Time Seconds     : 30.7503
2025-10-05 13:03:30,346 - INFO - Cpu Usage Percent        : 6.8125
2025-10-05 13:03:30,346 - INFO - Ram Peak Usage Bytes     : 1620107264.0000
2025-10-05 13:03:30,346 - INFO - Vram Peak Usage Bytes    : 2453165056.0000
2025-10-05 13:03:30,346 - INFO - Gpu Power Watts          : 347.4350
2025-10-05 13:03:30,346 - INFO - Gpu Temp Celsius         : 45.0000
2025-10-05 13:03:30,346 - INFO - Gpu Utilization Percent  : 100.0000
2025-10-05 13:03:30,346 - INFO - Disk Read Bytes          : 0.0000
2025-10-05 13:03:30,346 - INFO - Disk Write Bytes         : 3047424.0000
2025-10-05 13:03:30,346 - INFO - Accuracy                 : 0.0074
2025-10-05 13:03:30,346 - INFO - Precision                : 1.0000
2025-10-05 13:03:30,346 - INFO - Recall                   : 0.0074
2025-10-05 13:03:30,346 - INFO - F1 Score                 : 0.0147
2025-10-05 13:03:30,346 - INFO - ==================================================
2025-10-05 13:28:03,106 - INFO - Época 4 concluída. Loss média: 3.0930
2025-10-05 13:28:03,109 - INFO - Iniciando inferência com o modelo ResNet...
2025-10-05 13:28:33,942 - INFO - ==================================================
2025-10-05 13:28:33,942 - INFO - EXPERIMENT RESULTS
2025-10-05 13:28:33,942 - INFO - ==================================================
2025-10-05 13:28:33,942 - INFO - Elapsed Time Seconds     : 30.7792
2025-10-05 13:28:33,942 - INFO - Cpu Usage Percent        : 6.8063
2025-10-05 13:28:33,943 - INFO - Ram Peak Usage Bytes     : 1620115456.0000
2025-10-05 13:28:33,943 - INFO - Vram Peak Usage Bytes    : 2453165056.0000
2025-10-05 13:28:33,943 - INFO - Gpu Power Watts          : 344.6120
2025-10-05 13:28:33,943 - INFO - Gpu Temp Celsius         : 45.0000
2025-10-05 13:28:33,943 - INFO - Gpu Utilization Percent  : 100.0000
2025-10-05 13:28:33,943 - INFO - Disk Read Bytes          : 0.0000
2025-10-05 13:28:33,943 - INFO - Disk Write Bytes         : 2985984.0000
2025-10-05 13:28:33,943 - INFO - Accuracy                 : 0.0073
2025-10-05 13:28:33,943 - INFO - Precision                : 1.0000
2025-10-05 13:28:33,943 - INFO - Recall                   : 0.0073
2025-10-05 13:28:33,943 - INFO - F1 Score                 : 0.0145
2025-10-05 13:28:33,943 - INFO - ==================================================
2025-10-05 13:53:06,132 - INFO - Época 5 concluída. Loss média: 2.7814
2025-10-05 13:53:06,135 - INFO - Iniciando inferência com o modelo ResNet...
2025-10-05 13:53:36,927 - INFO - ==================================================
2025-10-05 13:53:36,927 - INFO - EXPERIMENT RESULTS
2025-10-05 13:53:36,927 - INFO - ==================================================
2025-10-05 13:53:36,927 - INFO - Elapsed Time Seconds     : 30.7437
2025-10-05 13:53:36,927 - INFO - Cpu Usage Percent        : 6.9250
2025-10-05 13:53:36,927 - INFO - Ram Peak Usage Bytes     : 1620160512.0000
2025-10-05 13:53:36,927 - INFO - Vram Peak Usage Bytes    : 2453165056.0000
2025-10-05 13:53:36,927 - INFO - Gpu Power Watts          : 344.8310
2025-10-05 13:53:36,927 - INFO - Gpu Temp Celsius         : 45.0000
2025-10-05 13:53:36,927 - INFO - Gpu Utilization Percent  : 100.0000
2025-10-05 13:53:36,927 - INFO - Disk Read Bytes          : 0.0000
2025-10-05 13:53:36,927 - INFO - Disk Write Bytes         : 2039808.0000
2025-10-05 13:53:36,927 - INFO - Accuracy                 : 0.0037
2025-10-05 13:53:36,927 - INFO - Precision                : 1.0000
2025-10-05 13:53:36,927 - INFO - Recall                   : 0.0037
2025-10-05 13:53:36,928 - INFO - F1 Score                 : 0.0074
2025-10-05 13:53:36,928 - INFO - ==================================================
2025-10-05 14:18:09,770 - INFO - Época 6 concluída. Loss média: 2.5395
2025-10-05 14:18:09,773 - INFO - Iniciando inferência com o modelo ResNet...
2025-10-05 14:18:40,595 - INFO - ==================================================
2025-10-05 14:18:40,595 - INFO - EXPERIMENT RESULTS
2025-10-05 14:18:40,595 - INFO - ==================================================
2025-10-05 14:18:40,595 - INFO - Elapsed Time Seconds     : 30.7744
2025-10-05 14:18:40,595 - INFO - Cpu Usage Percent        : 6.8125
2025-10-05 14:18:40,595 - INFO - Ram Peak Usage Bytes     : 1620160512.0000
2025-10-05 14:18:40,595 - INFO - Vram Peak Usage Bytes    : 2453165056.0000
2025-10-05 14:18:40,595 - INFO - Gpu Power Watts          : 344.2290
2025-10-05 14:18:40,595 - INFO - Gpu Temp Celsius         : 46.0000
2025-10-05 14:18:40,596 - INFO - Gpu Utilization Percent  : 99.0000
2025-10-05 14:18:40,596 - INFO - Disk Read Bytes          : 0.0000
2025-10-05 14:18:40,596 - INFO - Disk Write Bytes         : 3096576.0000
2025-10-05 14:18:40,596 - INFO - Accuracy                 : 0.0051
2025-10-05 14:18:40,596 - INFO - Precision                : 1.0000
2025-10-05 14:18:40,596 - INFO - Recall                   : 0.0051
2025-10-05 14:18:40,596 - INFO - F1 Score                 : 0.0101
2025-10-05 14:18:40,596 - INFO - ==================================================
2025-10-05 14:43:09,825 - INFO - Época 7 concluída. Loss média: 2.3312
2025-10-05 14:43:09,828 - INFO - Iniciando inferência com o modelo ResNet...
2025-10-05 14:43:40,654 - INFO - ==================================================
2025-10-05 14:43:40,654 - INFO - EXPERIMENT RESULTS
2025-10-05 14:43:40,655 - INFO - ==================================================
2025-10-05 14:43:40,655 - INFO - Elapsed Time Seconds     : 30.7782
2025-10-05 14:43:40,655 - INFO - Cpu Usage Percent        : 6.8250
2025-10-05 14:43:40,655 - INFO - Ram Peak Usage Bytes     : 1620197376.0000
2025-10-05 14:43:40,655 - INFO - Vram Peak Usage Bytes    : 2453165056.0000
2025-10-05 14:43:40,655 - INFO - Gpu Power Watts          : 344.2570
2025-10-05 14:43:40,655 - INFO - Gpu Temp Celsius         : 46.0000
2025-10-05 14:43:40,655 - INFO - Gpu Utilization Percent  : 100.0000
2025-10-05 14:43:40,655 - INFO - Disk Read Bytes          : 0.0000
2025-10-05 14:43:40,655 - INFO - Disk Write Bytes         : 2412544.0000
2025-10-05 14:43:40,655 - INFO - Accuracy                 : 0.0053
2025-10-05 14:43:40,655 - INFO - Precision                : 1.0000
2025-10-05 14:43:40,655 - INFO - Recall                   : 0.0053
2025-10-05 14:43:40,655 - INFO - F1 Score                 : 0.0105
2025-10-05 14:43:40,655 - INFO - ==================================================
2025-10-05 15:08:11,187 - INFO - Época 8 concluída. Loss média: 2.1434
2025-10-05 15:08:11,190 - INFO - Iniciando inferência com o modelo ResNet...
2025-10-05 15:08:42,018 - INFO - ==================================================
2025-10-05 15:08:42,019 - INFO - EXPERIMENT RESULTS
2025-10-05 15:08:42,019 - INFO - ==================================================
2025-10-05 15:08:42,019 - INFO - Elapsed Time Seconds     : 30.7803
2025-10-05 15:08:42,019 - INFO - Cpu Usage Percent        : 6.8063
2025-10-05 15:08:42,019 - INFO - Ram Peak Usage Bytes     : 1620201472.0000
2025-10-05 15:08:42,019 - INFO - Vram Peak Usage Bytes    : 2453165056.0000
2025-10-05 15:08:42,019 - INFO - Gpu Power Watts          : 344.3850
2025-10-05 15:08:42,019 - INFO - Gpu Temp Celsius         : 45.0000
2025-10-05 15:08:42,019 - INFO - Gpu Utilization Percent  : 100.0000
2025-10-05 15:08:42,019 - INFO - Disk Read Bytes          : 0.0000
2025-10-05 15:08:42,019 - INFO - Disk Write Bytes         : 1675264.0000
2025-10-05 15:08:42,019 - INFO - Accuracy                 : 0.0041
2025-10-05 15:08:42,019 - INFO - Precision                : 1.0000
2025-10-05 15:08:42,019 - INFO - Recall                   : 0.0041
2025-10-05 15:08:42,019 - INFO - F1 Score                 : 0.0082
2025-10-05 15:08:42,019 - INFO - ==================================================
2025-10-05 15:33:12,585 - INFO - Época 9 concluída. Loss média: 1.9684
2025-10-05 15:33:12,588 - INFO - Iniciando inferência com o modelo ResNet...
2025-10-05 15:33:43,393 - INFO - ==================================================
2025-10-05 15:33:43,393 - INFO - EXPERIMENT RESULTS
2025-10-05 15:33:43,393 - INFO - ==================================================
2025-10-05 15:33:43,393 - INFO - Elapsed Time Seconds     : 30.7569
2025-10-05 15:33:43,393 - INFO - Cpu Usage Percent        : 6.8250
2025-10-05 15:33:43,393 - INFO - Ram Peak Usage Bytes     : 1620201472.0000
2025-10-05 15:33:43,394 - INFO - Vram Peak Usage Bytes    : 2453165056.0000
2025-10-05 15:33:43,394 - INFO - Gpu Power Watts          : 343.6150
2025-10-05 15:33:43,394 - INFO - Gpu Temp Celsius         : 46.0000
2025-10-05 15:33:43,394 - INFO - Gpu Utilization Percent  : 100.0000
2025-10-05 15:33:43,394 - INFO - Disk Read Bytes          : 0.0000
2025-10-05 15:33:43,394 - INFO - Disk Write Bytes         : 2273280.0000
2025-10-05 15:33:43,394 - INFO - Accuracy                 : 0.0067
2025-10-05 15:33:43,394 - INFO - Precision                : 1.0000
2025-10-05 15:33:43,394 - INFO - Recall                   : 0.0067
2025-10-05 15:33:43,394 - INFO - F1 Score                 : 0.0133
2025-10-05 15:33:43,394 - INFO - ==================================================
2025-10-05 15:58:15,749 - INFO - Época 10 concluída. Loss média: 1.7936
2025-10-05 15:58:15,753 - INFO - Iniciando inferência com o modelo ResNet...
2025-10-05 15:58:46,543 - INFO - ==================================================
2025-10-05 15:58:46,543 - INFO - EXPERIMENT RESULTS
2025-10-05 15:58:46,544 - INFO - ==================================================
2025-10-05 15:58:46,544 - INFO - Elapsed Time Seconds     : 30.7427
2025-10-05 15:58:46,544 - INFO - Cpu Usage Percent        : 6.8187
2025-10-05 15:58:46,544 - INFO - Ram Peak Usage Bytes     : 1620205568.0000
2025-10-05 15:58:46,544 - INFO - Vram Peak Usage Bytes    : 2453165056.0000
2025-10-05 15:58:46,544 - INFO - Gpu Power Watts          : 342.9440
2025-10-05 15:58:46,544 - INFO - Gpu Temp Celsius         : 45.0000
2025-10-05 15:58:46,544 - INFO - Gpu Utilization Percent  : 100.0000
2025-10-05 15:58:46,544 - INFO - Disk Read Bytes          : 0.0000
2025-10-05 15:58:46,544 - INFO - Disk Write Bytes         : 3158016.0000
2025-10-05 15:58:46,544 - INFO - Accuracy                 : 0.0069
2025-10-05 15:58:46,544 - INFO - Precision                : 1.0000
2025-10-05 15:58:46,544 - INFO - Recall                   : 0.0069
2025-10-05 15:58:46,544 - INFO - F1 Score                 : 0.0137
2025-10-05 15:58:46,544 - INFO - ==================================================
2025-10-05 15:58:46,545 - INFO - Métricas de performance do treinamento:
2025-10-05 15:58:46,545 - INFO - ==================================================
2025-10-05 15:58:46,545 - INFO - EXPERIMENT RESULTS
2025-10-05 15:58:46,545 - INFO - ==================================================
2025-10-05 15:58:46,546 - INFO - Elapsed Time Seconds     : 14983.3266
2025-10-05 15:58:46,546 - INFO - Cpu Usage Percent        : 6.3750
2025-10-05 15:58:46,546 - INFO - Ram Peak Usage Bytes     : 1620205568.0000
2025-10-05 15:58:46,546 - INFO - Vram Peak Usage Bytes    : 2453165056.0000
2025-10-05 15:58:46,546 - INFO - Gpu Power Watts          : 343.2370
2025-10-05 15:58:46,546 - INFO - Gpu Temp Celsius         : 44.0000
2025-10-05 15:58:46,546 - INFO - Gpu Utilization Percent  : 100.0000
2025-10-05 15:58:46,546 - INFO - Disk Read Bytes          : 86016.0000
2025-10-05 15:58:46,546 - INFO - Disk Write Bytes         : 1006243840.0000
2025-10-05 15:58:46,546 - INFO - ==================================================
2025-10-05 15:58:47,598 - INFO - Modelo salvo em: trained_models/resnet34_final.pth
2025-10-05 15:58:47,616 - INFO - Pipeline de treinamento concluído. Modelo salvo em: trained_models/resnet34_final.pth
2025-10-05 15:58:47,617 - INFO - Iniciando pipeline de inferência para avaliação final no conjunto de validação...
2025-10-05 15:58:48,180 - INFO - Iniciando inferência com o modelo ResNet...
2025-10-05 15:59:18,993 - INFO - ==================================================
2025-10-05 15:59:18,993 - INFO - EXPERIMENT RESULTS
2025-10-05 15:59:18,994 - INFO - ==================================================
2025-10-05 15:59:18,994 - INFO - Elapsed Time Seconds     : 30.7660
2025-10-05 15:59:18,994 - INFO - Cpu Usage Percent        : 6.8250
2025-10-05 15:59:18,994 - INFO - Ram Peak Usage Bytes     : 1769279488.0000
2025-10-05 15:59:18,994 - INFO - Vram Peak Usage Bytes    : 2177303552.0000
2025-10-05 15:59:18,994 - INFO - Gpu Power Watts          : 343.8660
2025-10-05 15:59:18,994 - INFO - Gpu Temp Celsius         : 45.0000
2025-10-05 15:59:18,994 - INFO - Gpu Utilization Percent  : 100.0000
2025-10-05 15:59:18,994 - INFO - Disk Read Bytes          : 0.0000
2025-10-05 15:59:18,994 - INFO - Disk Write Bytes         : 2547712.0000
2025-10-05 15:59:18,994 - INFO - Accuracy                 : 0.0069
2025-10-05 15:59:18,994 - INFO - Precision                : 1.0000
2025-10-05 15:59:18,994 - INFO - Recall                   : 0.0069
2025-10-05 15:59:18,994 - INFO - F1 Score                 : 0.0137
2025-10-05 15:59:18,994 - INFO - ==================================================
2025-10-05 15:59:18,995 - INFO - Projeto executado com sucesso!
