2025-10-05 03:33:22,389 - INFO - ==================================================
2025-10-05 03:33:22,389 - INFO - EXPERIMENT CONFIGURATION
2025-10-05 03:33:22,389 - INFO - ==================================================
2025-10-05 03:33:22,389 - INFO - Model Name          : resnet101
2025-10-05 03:33:22,389 - INFO - Config File         : configs/pcad_config.yaml
2025-10-05 03:33:22,389 - INFO - Train Data          : /scratch/ehdmenezes//tiny-imagenet-200/train
2025-10-05 03:33:22,389 - INFO - Validation Data     : /scratch/ehdmenezes//tiny-imagenet-200/val
2025-10-05 03:33:22,390 - INFO - model_params        : {'num_classes': 200}
2025-10-05 03:33:22,390 - INFO - train_params        : {'epochs': 10, 'batch_size': 64, 'learning_rate': 0.001}
2025-10-05 03:33:22,390 - INFO - inference_params    : {'batch_size': 128}
2025-10-05 03:33:22,390 - INFO - ==================================================
2025-10-05 03:33:22,411 - INFO - Semente aleatória para esta execução foi fixada em: 72
2025-10-05 03:33:23,767 - INFO - Iniciando treinamento do modelo resnet101 no dispositivo cuda.
2025-10-05 03:33:24,718 - ERROR - Ocorreu um erro fatal durante a execução do projeto: CUDA out of memory. Tried to allocate 784.00 MiB. GPU 0 has a total capacity of 23.65 GiB of which 22.94 MiB is free. Including non-PyTorch memory, this process has 23.62 GiB memory in use. Of the allocated memory 23.17 GiB is allocated by PyTorch, and 10.87 MiB is reserved by PyTorch but unallocated. If reserved but unallocated memory is large try setting PYTORCH_CUDA_ALLOC_CONF=expandable_segments:True to avoid fragmentation.  See documentation for Memory Management  (https://pytorch.org/docs/stable/notes/cuda.html#environment-variables)
Traceback (most recent call last):
  File "/home/users/ehdmenezes/CNNs-Performance-Analysis/src/main.py", line 64, in main
    trained_model_path = train_pipeline.run_training(
                         ^^^^^^^^^^^^^^^^^^^^^^^^^^^^
  File "/home/users/ehdmenezes/CNNs-Performance-Analysis/src/pipelines/train_pipeline.py", line 105, in run_training
    outputs = model(inputs)
              ^^^^^^^^^^^^^
  File "/scratch/ehdmenezes/venv_cnn_perf/lib/python3.11/site-packages/torch/nn/modules/module.py", line 1751, in _wrapped_call_impl
    return self._call_impl(*args, **kwargs)
           ^^^^^^^^^^^^^^^^^^^^^^^^^^^^^^^^
  File "/scratch/ehdmenezes/venv_cnn_perf/lib/python3.11/site-packages/torch/nn/modules/module.py", line 1762, in _call_impl
    return forward_call(*args, **kwargs)
           ^^^^^^^^^^^^^^^^^^^^^^^^^^^^^
  File "/home/users/ehdmenezes/CNNs-Performance-Analysis/src/models/resnet101.py", line 102, in forward
    x = self.layer1(x)
        ^^^^^^^^^^^^^^
  File "/scratch/ehdmenezes/venv_cnn_perf/lib/python3.11/site-packages/torch/nn/modules/module.py", line 1751, in _wrapped_call_impl
    return self._call_impl(*args, **kwargs)
           ^^^^^^^^^^^^^^^^^^^^^^^^^^^^^^^^
  File "/scratch/ehdmenezes/venv_cnn_perf/lib/python3.11/site-packages/torch/nn/modules/module.py", line 1762, in _call_impl
    return forward_call(*args, **kwargs)
           ^^^^^^^^^^^^^^^^^^^^^^^^^^^^^
  File "/scratch/ehdmenezes/venv_cnn_perf/lib/python3.11/site-packages/torch/nn/modules/container.py", line 240, in forward
    input = module(input)
            ^^^^^^^^^^^^^
  File "/scratch/ehdmenezes/venv_cnn_perf/lib/python3.11/site-packages/torch/nn/modules/module.py", line 1751, in _wrapped_call_impl
    return self._call_impl(*args, **kwargs)
           ^^^^^^^^^^^^^^^^^^^^^^^^^^^^^^^^
  File "/scratch/ehdmenezes/venv_cnn_perf/lib/python3.11/site-packages/torch/nn/modules/module.py", line 1762, in _call_impl
    return forward_call(*args, **kwargs)
           ^^^^^^^^^^^^^^^^^^^^^^^^^^^^^
  File "/home/users/ehdmenezes/CNNs-Performance-Analysis/src/models/resnet101.py", line 31, in forward
    out = self.conv1(x)
          ^^^^^^^^^^^^^
  File "/scratch/ehdmenezes/venv_cnn_perf/lib/python3.11/site-packages/torch/nn/modules/module.py", line 1751, in _wrapped_call_impl
    return self._call_impl(*args, **kwargs)
           ^^^^^^^^^^^^^^^^^^^^^^^^^^^^^^^^
  File "/scratch/ehdmenezes/venv_cnn_perf/lib/python3.11/site-packages/torch/nn/modules/module.py", line 1762, in _call_impl
    return forward_call(*args, **kwargs)
           ^^^^^^^^^^^^^^^^^^^^^^^^^^^^^
  File "/scratch/ehdmenezes/venv_cnn_perf/lib/python3.11/site-packages/torch/nn/modules/conv.py", line 554, in forward
    return self._conv_forward(input, self.weight, self.bias)
           ^^^^^^^^^^^^^^^^^^^^^^^^^^^^^^^^^^^^^^^^^^^^^^^^^
  File "/scratch/ehdmenezes/venv_cnn_perf/lib/python3.11/site-packages/torch/nn/modules/conv.py", line 549, in _conv_forward
    return F.conv2d(
           ^^^^^^^^^
torch.OutOfMemoryError: CUDA out of memory. Tried to allocate 784.00 MiB. GPU 0 has a total capacity of 23.65 GiB of which 22.94 MiB is free. Including non-PyTorch memory, this process has 23.62 GiB memory in use. Of the allocated memory 23.17 GiB is allocated by PyTorch, and 10.87 MiB is reserved by PyTorch but unallocated. If reserved but unallocated memory is large try setting PYTORCH_CUDA_ALLOC_CONF=expandable_segments:True to avoid fragmentation.  See documentation for Memory Management  (https://pytorch.org/docs/stable/notes/cuda.html#environment-variables)
