2025-10-04 09:22:43,600 - INFO - ==================================================
2025-10-04 09:22:43,601 - INFO - EXPERIMENT CONFIGURATION
2025-10-04 09:22:43,601 - INFO - ==================================================
2025-10-04 09:22:43,601 - INFO - Model Name          : resnet101
2025-10-04 09:22:43,601 - INFO - Config File         : configs/pcad_test_config.yaml
2025-10-04 09:22:43,601 - INFO - Train Data          : /scratch/ehdmenezes//tiny-imagenet-200/train
2025-10-04 09:22:43,601 - INFO - Validation Data     : /scratch/ehdmenezes//tiny-imagenet-200/val
2025-10-04 09:22:43,601 - INFO - model_params        : {'num_classes': 200}
2025-10-04 09:22:43,602 - INFO - train_params        : {'epochs': 1, 'batch_size': 8, 'learning_rate': 0.001}
2025-10-04 09:22:43,602 - INFO - inference_params    : {'batch_size': 16}
2025-10-04 09:22:43,602 - INFO - ==================================================
2025-10-04 09:22:43,633 - INFO - Semente aleatória para esta execução foi fixada em: 42
2025-10-04 09:22:44,117 - ERROR - Ocorreu um erro fatal durante a execução do projeto: Modelo 'resnet101' não encontrado ou o módulo/classe está incorreto. Erro: module 'src.models.resnet101' has no attribute 'ResNet101'
Traceback (most recent call last):
  File "/home/users/ehdmenezes/CNNs-Performance-Analysis/src/pipelines/train_pipeline.py", line 48, in get_model
    model_class = getattr(model_module, class_name)
                  ^^^^^^^^^^^^^^^^^^^^^^^^^^^^^^^^^
AttributeError: module 'src.models.resnet101' has no attribute 'ResNet101'

During handling of the above exception, another exception occurred:

Traceback (most recent call last):
  File "/home/users/ehdmenezes/CNNs-Performance-Analysis/src/main.py", line 64, in main
    trained_model_path = train_pipeline.run_training(
                         ^^^^^^^^^^^^^^^^^^^^^^^^^^^^
  File "/home/users/ehdmenezes/CNNs-Performance-Analysis/src/pipelines/train_pipeline.py", line 88, in run_training
    model = get_model(model_name, config['num_classes']).to(device)
            ^^^^^^^^^^^^^^^^^^^^^^^^^^^^^^^^^^^^^^^^^^^^
  File "/home/users/ehdmenezes/CNNs-Performance-Analysis/src/pipelines/train_pipeline.py", line 54, in get_model
    raise ValueError(f"Modelo '{model_name}' não encontrado ou o módulo/classe está incorreto. Erro: {e}")
ValueError: Modelo 'resnet101' não encontrado ou o módulo/classe está incorreto. Erro: module 'src.models.resnet101' has no attribute 'ResNet101'
