2025-10-05 11:54:02,330 - INFO - ==================================================
2025-10-05 11:54:02,330 - INFO - EXPERIMENT CONFIGURATION
2025-10-05 11:54:02,330 - INFO - ==================================================
2025-10-05 11:54:02,330 - INFO - Model Name          : resnet34
2025-10-05 11:54:02,330 - INFO - Config File         : configs/pcad_config.yaml
2025-10-05 11:54:02,330 - INFO - Train Data          : /scratch/ehdmenezes//tiny-imagenet-200/train
2025-10-05 11:54:02,330 - INFO - Validation Data     : /scratch/ehdmenezes//tiny-imagenet-200/val
2025-10-05 11:54:02,330 - INFO - model_params        : {'num_classes': 200}
2025-10-05 11:54:02,330 - INFO - train_params        : {'epochs': 10, 'batch_size': 32, 'learning_rate': 0.001}
2025-10-05 11:54:02,330 - INFO - inference_params    : {'batch_size': 32}
2025-10-05 11:54:02,330 - INFO - ==================================================
2025-10-05 11:54:02,346 - INFO - Semente aleatória para esta execução foi fixada em: 62
2025-10-05 11:54:02,788 - INFO - Iniciando treinamento do modelo resnet34 no dispositivo cuda.
2025-10-05 12:17:46,147 - INFO - Época 1 concluída. Loss média: 4.8291
2025-10-05 12:17:46,151 - INFO - Iniciando inferência com o modelo ResNet...
2025-10-05 12:18:17,225 - INFO - ==================================================
2025-10-05 12:18:17,226 - INFO - EXPERIMENT RESULTS
2025-10-05 12:18:17,226 - INFO - ==================================================
2025-10-05 12:18:17,226 - INFO - Elapsed Time Seconds     : 31.0473
2025-10-05 12:18:17,226 - INFO - Cpu Usage Percent        : 3.3656
2025-10-05 12:18:17,226 - INFO - Ram Peak Usage Bytes     : 1625481216.0000
2025-10-05 12:18:17,226 - INFO - Vram Peak Usage Bytes    : 2453165056.0000
2025-10-05 12:18:17,226 - INFO - Gpu Power Watts          : 334.5750
2025-10-05 12:18:17,226 - INFO - Gpu Temp Celsius         : 60.0000
2025-10-05 12:18:17,226 - INFO - Gpu Utilization Percent  : 100.0000
2025-10-05 12:18:17,226 - INFO - Disk Read Bytes          : 1441792.0000
2025-10-05 12:18:17,226 - INFO - Disk Write Bytes         : 307200.0000
2025-10-05 12:18:17,226 - INFO - Accuracy                 : 0.0005
2025-10-05 12:18:17,226 - INFO - Precision                : 1.0000
2025-10-05 12:18:17,226 - INFO - Recall                   : 0.0005
2025-10-05 12:18:17,226 - INFO - F1 Score                 : 0.0010
2025-10-05 12:18:17,226 - INFO - ==================================================
2025-10-05 12:42:00,914 - INFO - Época 2 concluída. Loss média: 4.0074
2025-10-05 12:42:00,919 - INFO - Iniciando inferência com o modelo ResNet...
2025-10-05 12:42:31,959 - INFO - ==================================================
2025-10-05 12:42:31,959 - INFO - EXPERIMENT RESULTS
2025-10-05 12:42:31,959 - INFO - ==================================================
2025-10-05 12:42:31,959 - INFO - Elapsed Time Seconds     : 31.0138
2025-10-05 12:42:31,959 - INFO - Cpu Usage Percent        : 3.2687
2025-10-05 12:42:31,959 - INFO - Ram Peak Usage Bytes     : 1629003776.0000
2025-10-05 12:42:31,959 - INFO - Vram Peak Usage Bytes    : 2453165056.0000
2025-10-05 12:42:31,959 - INFO - Gpu Power Watts          : 333.1320
2025-10-05 12:42:31,959 - INFO - Gpu Temp Celsius         : 59.0000
2025-10-05 12:42:31,959 - INFO - Gpu Utilization Percent  : 100.0000
2025-10-05 12:42:31,959 - INFO - Disk Read Bytes          : 0.0000
2025-10-05 12:42:31,959 - INFO - Disk Write Bytes         : 258048.0000
2025-10-05 12:42:31,960 - INFO - Accuracy                 : 0.0085
2025-10-05 12:42:31,960 - INFO - Precision                : 1.0000
2025-10-05 12:42:31,960 - INFO - Recall                   : 0.0085
2025-10-05 12:42:31,960 - INFO - F1 Score                 : 0.0169
2025-10-05 12:42:31,960 - INFO - ==================================================
2025-10-05 13:06:15,687 - INFO - Época 3 concluída. Loss média: 3.4297
2025-10-05 13:06:15,690 - INFO - Iniciando inferência com o modelo ResNet...
2025-10-05 13:06:46,711 - INFO - ==================================================
2025-10-05 13:06:46,712 - INFO - EXPERIMENT RESULTS
2025-10-05 13:06:46,712 - INFO - ==================================================
2025-10-05 13:06:46,712 - INFO - Elapsed Time Seconds     : 30.9946
2025-10-05 13:06:46,712 - INFO - Cpu Usage Percent        : 3.2687
2025-10-05 13:06:46,712 - INFO - Ram Peak Usage Bytes     : 1629073408.0000
2025-10-05 13:06:46,712 - INFO - Vram Peak Usage Bytes    : 2453165056.0000
2025-10-05 13:06:46,712 - INFO - Gpu Power Watts          : 333.4180
2025-10-05 13:06:46,712 - INFO - Gpu Temp Celsius         : 59.0000
2025-10-05 13:06:46,712 - INFO - Gpu Utilization Percent  : 100.0000
2025-10-05 13:06:46,712 - INFO - Disk Read Bytes          : 0.0000
2025-10-05 13:06:46,712 - INFO - Disk Write Bytes         : 200704.0000
2025-10-05 13:06:46,712 - INFO - Accuracy                 : 0.0023
2025-10-05 13:06:46,712 - INFO - Precision                : 1.0000
2025-10-05 13:06:46,712 - INFO - Recall                   : 0.0023
2025-10-05 13:06:46,712 - INFO - F1 Score                 : 0.0046
2025-10-05 13:06:46,712 - INFO - ==================================================
2025-10-05 13:30:00,720 - INFO - Época 4 concluída. Loss média: 3.0382
2025-10-05 13:30:00,722 - INFO - Iniciando inferência com o modelo ResNet...
2025-10-05 13:30:31,790 - INFO - ==================================================
2025-10-05 13:30:31,790 - INFO - EXPERIMENT RESULTS
2025-10-05 13:30:31,790 - INFO - ==================================================
2025-10-05 13:30:31,790 - INFO - Elapsed Time Seconds     : 31.0296
2025-10-05 13:30:31,790 - INFO - Cpu Usage Percent        : 3.2687
2025-10-05 13:30:31,790 - INFO - Ram Peak Usage Bytes     : 1629143040.0000
2025-10-05 13:30:31,791 - INFO - Vram Peak Usage Bytes    : 2453165056.0000
2025-10-05 13:30:31,791 - INFO - Gpu Power Watts          : 332.4900
2025-10-05 13:30:31,791 - INFO - Gpu Temp Celsius         : 58.0000
2025-10-05 13:30:31,791 - INFO - Gpu Utilization Percent  : 93.0000
2025-10-05 13:30:31,791 - INFO - Disk Read Bytes          : 0.0000
2025-10-05 13:30:31,791 - INFO - Disk Write Bytes         : 262144.0000
2025-10-05 13:30:31,791 - INFO - Accuracy                 : 0.0053
2025-10-05 13:30:31,791 - INFO - Precision                : 1.0000
2025-10-05 13:30:31,791 - INFO - Recall                   : 0.0053
2025-10-05 13:30:31,791 - INFO - F1 Score                 : 0.0105
2025-10-05 13:30:31,791 - INFO - ==================================================
2025-10-05 13:53:45,583 - INFO - Época 5 concluída. Loss média: 2.7385
2025-10-05 13:53:45,585 - INFO - Iniciando inferência com o modelo ResNet...
2025-10-05 13:54:16,645 - INFO - ==================================================
2025-10-05 13:54:16,645 - INFO - EXPERIMENT RESULTS
2025-10-05 13:54:16,645 - INFO - ==================================================
2025-10-05 13:54:16,645 - INFO - Elapsed Time Seconds     : 31.0226
2025-10-05 13:54:16,645 - INFO - Cpu Usage Percent        : 3.2719
2025-10-05 13:54:16,645 - INFO - Ram Peak Usage Bytes     : 1630183424.0000
2025-10-05 13:54:16,645 - INFO - Vram Peak Usage Bytes    : 2453165056.0000
2025-10-05 13:54:16,645 - INFO - Gpu Power Watts          : 333.5550
2025-10-05 13:54:16,645 - INFO - Gpu Temp Celsius         : 59.0000
2025-10-05 13:54:16,645 - INFO - Gpu Utilization Percent  : 100.0000
2025-10-05 13:54:16,645 - INFO - Disk Read Bytes          : 0.0000
2025-10-05 13:54:16,645 - INFO - Disk Write Bytes         : 278528.0000
2025-10-05 13:54:16,645 - INFO - Accuracy                 : 0.0033
2025-10-05 13:54:16,645 - INFO - Precision                : 1.0000
2025-10-05 13:54:16,645 - INFO - Recall                   : 0.0033
2025-10-05 13:54:16,645 - INFO - F1 Score                 : 0.0066
2025-10-05 13:54:16,646 - INFO - ==================================================
2025-10-05 14:17:37,396 - INFO - Época 6 concluída. Loss média: 2.4948
2025-10-05 14:17:37,400 - INFO - Iniciando inferência com o modelo ResNet...
2025-10-05 14:18:08,428 - INFO - ==================================================
2025-10-05 14:18:08,428 - INFO - EXPERIMENT RESULTS
2025-10-05 14:18:08,428 - INFO - ==================================================
2025-10-05 14:18:08,428 - INFO - Elapsed Time Seconds     : 31.0009
2025-10-05 14:18:08,428 - INFO - Cpu Usage Percent        : 3.2750
2025-10-05 14:18:08,428 - INFO - Ram Peak Usage Bytes     : 1630195712.0000
2025-10-05 14:18:08,428 - INFO - Vram Peak Usage Bytes    : 2453165056.0000
2025-10-05 14:18:08,428 - INFO - Gpu Power Watts          : 333.5790
2025-10-05 14:18:08,428 - INFO - Gpu Temp Celsius         : 59.0000
2025-10-05 14:18:08,428 - INFO - Gpu Utilization Percent  : 100.0000
2025-10-05 14:18:08,428 - INFO - Disk Read Bytes          : 0.0000
2025-10-05 14:18:08,428 - INFO - Disk Write Bytes         : 253952.0000
2025-10-05 14:18:08,428 - INFO - Accuracy                 : 0.0050
2025-10-05 14:18:08,428 - INFO - Precision                : 1.0000
2025-10-05 14:18:08,428 - INFO - Recall                   : 0.0050
2025-10-05 14:18:08,428 - INFO - F1 Score                 : 0.0100
2025-10-05 14:18:08,428 - INFO - ==================================================
2025-10-05 14:41:51,904 - INFO - Época 7 concluída. Loss média: 2.2856
2025-10-05 14:41:51,908 - INFO - Iniciando inferência com o modelo ResNet...
2025-10-05 14:42:22,968 - INFO - ==================================================
2025-10-05 14:42:22,968 - INFO - EXPERIMENT RESULTS
2025-10-05 14:42:22,968 - INFO - ==================================================
2025-10-05 14:42:22,968 - INFO - Elapsed Time Seconds     : 31.0332
2025-10-05 14:42:22,968 - INFO - Cpu Usage Percent        : 3.3219
2025-10-05 14:42:22,968 - INFO - Ram Peak Usage Bytes     : 1630195712.0000
2025-10-05 14:42:22,968 - INFO - Vram Peak Usage Bytes    : 2453165056.0000
2025-10-05 14:42:22,968 - INFO - Gpu Power Watts          : 332.3720
2025-10-05 14:42:22,968 - INFO - Gpu Temp Celsius         : 57.0000
2025-10-05 14:42:22,968 - INFO - Gpu Utilization Percent  : 100.0000
2025-10-05 14:42:22,968 - INFO - Disk Read Bytes          : 0.0000
2025-10-05 14:42:22,968 - INFO - Disk Write Bytes         : 262144.0000
2025-10-05 14:42:22,968 - INFO - Accuracy                 : 0.0080
2025-10-05 14:42:22,968 - INFO - Precision                : 1.0000
2025-10-05 14:42:22,968 - INFO - Recall                   : 0.0080
2025-10-05 14:42:22,968 - INFO - F1 Score                 : 0.0159
2025-10-05 14:42:22,968 - INFO - ==================================================
2025-10-05 15:05:50,100 - INFO - Época 8 concluída. Loss média: 2.0883
2025-10-05 15:05:50,102 - INFO - Iniciando inferência com o modelo ResNet...
2025-10-05 15:06:21,152 - INFO - ==================================================
2025-10-05 15:06:21,152 - INFO - EXPERIMENT RESULTS
2025-10-05 15:06:21,152 - INFO - ==================================================
2025-10-05 15:06:21,152 - INFO - Elapsed Time Seconds     : 31.0245
2025-10-05 15:06:21,152 - INFO - Cpu Usage Percent        : 3.3687
2025-10-05 15:06:21,152 - INFO - Ram Peak Usage Bytes     : 1630199808.0000
2025-10-05 15:06:21,152 - INFO - Vram Peak Usage Bytes    : 2453165056.0000
2025-10-05 15:06:21,152 - INFO - Gpu Power Watts          : 331.5280
2025-10-05 15:06:21,153 - INFO - Gpu Temp Celsius         : 59.0000
2025-10-05 15:06:21,153 - INFO - Gpu Utilization Percent  : 100.0000
2025-10-05 15:06:21,153 - INFO - Disk Read Bytes          : 0.0000
2025-10-05 15:06:21,153 - INFO - Disk Write Bytes         : 262144.0000
2025-10-05 15:06:21,153 - INFO - Accuracy                 : 0.0045
2025-10-05 15:06:21,153 - INFO - Precision                : 1.0000
2025-10-05 15:06:21,153 - INFO - Recall                   : 0.0045
2025-10-05 15:06:21,153 - INFO - F1 Score                 : 0.0090
2025-10-05 15:06:21,153 - INFO - ==================================================
2025-10-05 15:29:34,632 - INFO - Época 9 concluída. Loss média: 1.8978
2025-10-05 15:29:34,634 - INFO - Iniciando inferência com o modelo ResNet...
2025-10-05 15:30:05,630 - INFO - ==================================================
2025-10-05 15:30:05,630 - INFO - EXPERIMENT RESULTS
2025-10-05 15:30:05,630 - INFO - ==================================================
2025-10-05 15:30:05,631 - INFO - Elapsed Time Seconds     : 30.9704
2025-10-05 15:30:05,631 - INFO - Cpu Usage Percent        : 3.2719
2025-10-05 15:30:05,631 - INFO - Ram Peak Usage Bytes     : 1630203904.0000
2025-10-05 15:30:05,631 - INFO - Vram Peak Usage Bytes    : 2453165056.0000
2025-10-05 15:30:05,631 - INFO - Gpu Power Watts          : 331.6470
2025-10-05 15:30:05,631 - INFO - Gpu Temp Celsius         : 59.0000
2025-10-05 15:30:05,631 - INFO - Gpu Utilization Percent  : 100.0000
2025-10-05 15:30:05,631 - INFO - Disk Read Bytes          : 0.0000
2025-10-05 15:30:05,631 - INFO - Disk Write Bytes         : 159744.0000
2025-10-05 15:30:05,631 - INFO - Accuracy                 : 0.0056
2025-10-05 15:30:05,631 - INFO - Precision                : 1.0000
2025-10-05 15:30:05,631 - INFO - Recall                   : 0.0056
2025-10-05 15:30:05,631 - INFO - F1 Score                 : 0.0111
2025-10-05 15:30:05,631 - INFO - ==================================================
2025-10-05 15:53:19,500 - INFO - Época 10 concluída. Loss média: 1.7057
2025-10-05 15:53:19,502 - INFO - Iniciando inferência com o modelo ResNet...
2025-10-05 15:53:50,519 - INFO - ==================================================
2025-10-05 15:53:50,519 - INFO - EXPERIMENT RESULTS
2025-10-05 15:53:50,519 - INFO - ==================================================
2025-10-05 15:53:50,519 - INFO - Elapsed Time Seconds     : 30.9905
2025-10-05 15:53:50,519 - INFO - Cpu Usage Percent        : 3.2687
2025-10-05 15:53:50,519 - INFO - Ram Peak Usage Bytes     : 1630212096.0000
2025-10-05 15:53:50,519 - INFO - Vram Peak Usage Bytes    : 2453165056.0000
2025-10-05 15:53:50,519 - INFO - Gpu Power Watts          : 331.5270
2025-10-05 15:53:50,519 - INFO - Gpu Temp Celsius         : 59.0000
2025-10-05 15:53:50,519 - INFO - Gpu Utilization Percent  : 100.0000
2025-10-05 15:53:50,519 - INFO - Disk Read Bytes          : 0.0000
2025-10-05 15:53:50,519 - INFO - Disk Write Bytes         : 114688.0000
2025-10-05 15:53:50,519 - INFO - Accuracy                 : 0.0058
2025-10-05 15:53:50,519 - INFO - Precision                : 1.0000
2025-10-05 15:53:50,519 - INFO - Recall                   : 0.0058
2025-10-05 15:53:50,519 - INFO - F1 Score                 : 0.0115
2025-10-05 15:53:50,519 - INFO - ==================================================
2025-10-05 15:53:50,520 - INFO - Métricas de performance do treinamento:
2025-10-05 15:53:50,520 - INFO - ==================================================
2025-10-05 15:53:50,520 - INFO - EXPERIMENT RESULTS
2025-10-05 15:53:50,520 - INFO - ==================================================
2025-10-05 15:53:50,520 - INFO - Elapsed Time Seconds     : 14387.7305
2025-10-05 15:53:50,520 - INFO - Cpu Usage Percent        : 3.1719
2025-10-05 15:53:50,520 - INFO - Ram Peak Usage Bytes     : 1630212096.0000
2025-10-05 15:53:50,520 - INFO - Vram Peak Usage Bytes    : 2453165056.0000
2025-10-05 15:53:50,520 - INFO - Gpu Power Watts          : 331.5270
2025-10-05 15:53:50,520 - INFO - Gpu Temp Celsius         : 57.0000
2025-10-05 15:53:50,520 - INFO - Gpu Utilization Percent  : 100.0000
2025-10-05 15:53:50,521 - INFO - Disk Read Bytes          : 1814528.0000
2025-10-05 15:53:50,521 - INFO - Disk Write Bytes         : 64425984.0000
2025-10-05 15:53:50,521 - INFO - ==================================================
2025-10-05 15:53:51,505 - INFO - Modelo salvo em: trained_models/resnet34_final.pth
2025-10-05 15:53:51,514 - INFO - Pipeline de treinamento concluído. Modelo salvo em: trained_models/resnet34_final.pth
2025-10-05 15:53:51,515 - INFO - Iniciando pipeline de inferência para avaliação final no conjunto de validação...
2025-10-05 15:53:51,787 - INFO - Iniciando inferência com o modelo ResNet...
2025-10-05 15:54:22,807 - INFO - ==================================================
2025-10-05 15:54:22,807 - INFO - EXPERIMENT RESULTS
2025-10-05 15:54:22,807 - INFO - ==================================================
2025-10-05 15:54:22,807 - INFO - Elapsed Time Seconds     : 30.9934
2025-10-05 15:54:22,807 - INFO - Cpu Usage Percent        : 3.2687
2025-10-05 15:54:22,807 - INFO - Ram Peak Usage Bytes     : 1781145600.0000
2025-10-05 15:54:22,807 - INFO - Vram Peak Usage Bytes    : 2177303552.0000
2025-10-05 15:54:22,807 - INFO - Gpu Power Watts          : 332.2320
2025-10-05 15:54:22,807 - INFO - Gpu Temp Celsius         : 59.0000
2025-10-05 15:54:22,807 - INFO - Gpu Utilization Percent  : 100.0000
2025-10-05 15:54:22,807 - INFO - Disk Read Bytes          : 0.0000
2025-10-05 15:54:22,807 - INFO - Disk Write Bytes         : 282624.0000
2025-10-05 15:54:22,807 - INFO - Accuracy                 : 0.0058
2025-10-05 15:54:22,807 - INFO - Precision                : 1.0000
2025-10-05 15:54:22,807 - INFO - Recall                   : 0.0058
2025-10-05 15:54:22,807 - INFO - F1 Score                 : 0.0115
2025-10-05 15:54:22,807 - INFO - ==================================================
2025-10-05 15:54:22,807 - INFO - Projeto executado com sucesso!
