2025-10-05 16:00:01,983 - INFO - ==================================================
2025-10-05 16:00:01,983 - INFO - EXPERIMENT CONFIGURATION
2025-10-05 16:00:01,983 - INFO - ==================================================
2025-10-05 16:00:01,983 - INFO - Model Name          : resnet34
2025-10-05 16:00:01,983 - INFO - Config File         : configs/pcad_config.yaml
2025-10-05 16:00:01,983 - INFO - Train Data          : /scratch/ehdmenezes//tiny-imagenet-200/train
2025-10-05 16:00:01,983 - INFO - Validation Data     : /scratch/ehdmenezes//tiny-imagenet-200/val
2025-10-05 16:00:01,983 - INFO - model_params        : {'num_classes': 200}
2025-10-05 16:00:01,983 - INFO - train_params        : {'epochs': 10, 'batch_size': 32, 'learning_rate': 0.001}
2025-10-05 16:00:01,983 - INFO - inference_params    : {'batch_size': 32}
2025-10-05 16:00:01,983 - INFO - ==================================================
2025-10-05 16:00:02,005 - INFO - Semente aleatória para esta execução foi fixada em: 82
2025-10-05 16:00:02,914 - INFO - Iniciando treinamento do modelo resnet34 no dispositivo cuda.
2025-10-05 16:23:50,043 - INFO - Época 1 concluída. Loss média: 4.9057
2025-10-05 16:23:50,046 - INFO - Iniciando inferência com o modelo ResNet...
2025-10-05 16:24:20,917 - INFO - ==================================================
2025-10-05 16:24:20,917 - INFO - EXPERIMENT RESULTS
2025-10-05 16:24:20,917 - INFO - ==================================================
2025-10-05 16:24:20,917 - INFO - Elapsed Time Seconds     : 30.7742
2025-10-05 16:24:20,917 - INFO - Cpu Usage Percent        : 6.8125
2025-10-05 16:24:20,917 - INFO - Ram Peak Usage Bytes     : 1498845184.0000
2025-10-05 16:24:20,917 - INFO - Vram Peak Usage Bytes    : 2453165056.0000
2025-10-05 16:24:20,917 - INFO - Gpu Power Watts          : 345.9610
2025-10-05 16:24:20,917 - INFO - Gpu Temp Celsius         : 44.0000
2025-10-05 16:24:20,917 - INFO - Gpu Utilization Percent  : 100.0000
2025-10-05 16:24:20,918 - INFO - Disk Read Bytes          : 0.0000
2025-10-05 16:24:20,918 - INFO - Disk Write Bytes         : 1417216.0000
2025-10-05 16:24:20,918 - INFO - Accuracy                 : 0.0002
2025-10-05 16:24:20,918 - INFO - Precision                : 1.0000
2025-10-05 16:24:20,918 - INFO - Recall                   : 0.0002
2025-10-05 16:24:20,918 - INFO - F1 Score                 : 0.0004
2025-10-05 16:24:20,918 - INFO - ==================================================
2025-10-05 16:48:50,507 - INFO - Época 2 concluída. Loss média: 4.1214
2025-10-05 16:48:50,510 - INFO - Iniciando inferência com o modelo ResNet...
2025-10-05 16:49:21,326 - INFO - ==================================================
2025-10-05 16:49:21,327 - INFO - EXPERIMENT RESULTS
2025-10-05 16:49:21,327 - INFO - ==================================================
2025-10-05 16:49:21,327 - INFO - Elapsed Time Seconds     : 30.7688
2025-10-05 16:49:21,327 - INFO - Cpu Usage Percent        : 6.8187
2025-10-05 16:49:21,327 - INFO - Ram Peak Usage Bytes     : 1502060544.0000
2025-10-05 16:49:21,327 - INFO - Vram Peak Usage Bytes    : 2453165056.0000
2025-10-05 16:49:21,327 - INFO - Gpu Power Watts          : 346.7540
2025-10-05 16:49:21,327 - INFO - Gpu Temp Celsius         : 46.0000
2025-10-05 16:49:21,327 - INFO - Gpu Utilization Percent  : 99.0000
2025-10-05 16:49:21,327 - INFO - Disk Read Bytes          : 0.0000
2025-10-05 16:49:21,327 - INFO - Disk Write Bytes         : 3903488.0000
2025-10-05 16:49:21,327 - INFO - Accuracy                 : 0.0093
2025-10-05 16:49:21,327 - INFO - Precision                : 1.0000
2025-10-05 16:49:21,327 - INFO - Recall                   : 0.0093
2025-10-05 16:49:21,327 - INFO - F1 Score                 : 0.0184
2025-10-05 16:49:21,328 - INFO - ==================================================
2025-10-05 17:13:52,996 - INFO - Época 3 concluída. Loss média: 3.5170
2025-10-05 17:13:52,999 - INFO - Iniciando inferência com o modelo ResNet...
2025-10-05 17:14:23,800 - INFO - ==================================================
2025-10-05 17:14:23,800 - INFO - EXPERIMENT RESULTS
2025-10-05 17:14:23,800 - INFO - ==================================================
2025-10-05 17:14:23,800 - INFO - Elapsed Time Seconds     : 30.7523
2025-10-05 17:14:23,800 - INFO - Cpu Usage Percent        : 6.8125
2025-10-05 17:14:23,800 - INFO - Ram Peak Usage Bytes     : 1502908416.0000
2025-10-05 17:14:23,800 - INFO - Vram Peak Usage Bytes    : 2453165056.0000
2025-10-05 17:14:23,800 - INFO - Gpu Power Watts          : 346.2420
2025-10-05 17:14:23,800 - INFO - Gpu Temp Celsius         : 46.0000
2025-10-05 17:14:23,800 - INFO - Gpu Utilization Percent  : 100.0000
2025-10-05 17:14:23,800 - INFO - Disk Read Bytes          : 0.0000
2025-10-05 17:14:23,800 - INFO - Disk Write Bytes         : 2699264.0000
2025-10-05 17:14:23,800 - INFO - Accuracy                 : 0.0046
2025-10-05 17:14:23,800 - INFO - Precision                : 1.0000
2025-10-05 17:14:23,801 - INFO - Recall                   : 0.0046
2025-10-05 17:14:23,801 - INFO - F1 Score                 : 0.0092
2025-10-05 17:14:23,801 - INFO - ==================================================
2025-10-05 17:38:52,044 - INFO - Época 4 concluída. Loss média: 3.1196
2025-10-05 17:38:52,047 - INFO - Iniciando inferência com o modelo ResNet...
2025-10-05 17:39:22,897 - INFO - ==================================================
2025-10-05 17:39:22,897 - INFO - EXPERIMENT RESULTS
2025-10-05 17:39:22,897 - INFO - ==================================================
2025-10-05 17:39:22,897 - INFO - Elapsed Time Seconds     : 30.7879
2025-10-05 17:39:22,897 - INFO - Cpu Usage Percent        : 6.8063
2025-10-05 17:39:22,898 - INFO - Ram Peak Usage Bytes     : 1502924800.0000
2025-10-05 17:39:22,898 - INFO - Vram Peak Usage Bytes    : 2453165056.0000
2025-10-05 17:39:22,898 - INFO - Gpu Power Watts          : 344.8080
2025-10-05 17:39:22,898 - INFO - Gpu Temp Celsius         : 46.0000
2025-10-05 17:39:22,898 - INFO - Gpu Utilization Percent  : 100.0000
2025-10-05 17:39:22,898 - INFO - Disk Read Bytes          : 0.0000
2025-10-05 17:39:22,898 - INFO - Disk Write Bytes         : 2433024.0000
2025-10-05 17:39:22,898 - INFO - Accuracy                 : 0.0078
2025-10-05 17:39:22,898 - INFO - Precision                : 1.0000
2025-10-05 17:39:22,898 - INFO - Recall                   : 0.0078
2025-10-05 17:39:22,898 - INFO - F1 Score                 : 0.0155
2025-10-05 17:39:22,898 - INFO - ==================================================
2025-10-05 18:03:52,674 - INFO - Época 5 concluída. Loss média: 2.8110
2025-10-05 18:03:52,678 - INFO - Iniciando inferência com o modelo ResNet...
2025-10-05 18:04:23,496 - INFO - ==================================================
2025-10-05 18:04:23,496 - INFO - EXPERIMENT RESULTS
2025-10-05 18:04:23,496 - INFO - ==================================================
2025-10-05 18:04:23,496 - INFO - Elapsed Time Seconds     : 30.7696
2025-10-05 18:04:23,496 - INFO - Cpu Usage Percent        : 6.8125
2025-10-05 18:04:23,496 - INFO - Ram Peak Usage Bytes     : 1502969856.0000
2025-10-05 18:04:23,496 - INFO - Vram Peak Usage Bytes    : 2453165056.0000
2025-10-05 18:04:23,496 - INFO - Gpu Power Watts          : 344.7130
2025-10-05 18:04:23,497 - INFO - Gpu Temp Celsius         : 45.0000
2025-10-05 18:04:23,497 - INFO - Gpu Utilization Percent  : 100.0000
2025-10-05 18:04:23,497 - INFO - Disk Read Bytes          : 0.0000
2025-10-05 18:04:23,497 - INFO - Disk Write Bytes         : 2924544.0000
2025-10-05 18:04:23,497 - INFO - Accuracy                 : 0.0034
2025-10-05 18:04:23,497 - INFO - Precision                : 1.0000
2025-10-05 18:04:23,497 - INFO - Recall                   : 0.0034
2025-10-05 18:04:23,497 - INFO - F1 Score                 : 0.0068
2025-10-05 18:04:23,497 - INFO - ==================================================
2025-10-05 18:28:54,477 - INFO - Época 6 concluída. Loss média: 2.5735
2025-10-05 18:28:54,480 - INFO - Iniciando inferência com o modelo ResNet...
2025-10-05 18:29:25,281 - INFO - ==================================================
2025-10-05 18:29:25,281 - INFO - EXPERIMENT RESULTS
2025-10-05 18:29:25,282 - INFO - ==================================================
2025-10-05 18:29:25,282 - INFO - Elapsed Time Seconds     : 30.7524
2025-10-05 18:29:25,282 - INFO - Cpu Usage Percent        : 6.8187
2025-10-05 18:29:25,282 - INFO - Ram Peak Usage Bytes     : 1502969856.0000
2025-10-05 18:29:25,282 - INFO - Vram Peak Usage Bytes    : 2453165056.0000
2025-10-05 18:29:25,282 - INFO - Gpu Power Watts          : 343.9280
2025-10-05 18:29:25,282 - INFO - Gpu Temp Celsius         : 45.0000
2025-10-05 18:29:25,282 - INFO - Gpu Utilization Percent  : 100.0000
2025-10-05 18:29:25,282 - INFO - Disk Read Bytes          : 0.0000
2025-10-05 18:29:25,282 - INFO - Disk Write Bytes         : 4050944.0000
2025-10-05 18:29:25,282 - INFO - Accuracy                 : 0.0056
2025-10-05 18:29:25,282 - INFO - Precision                : 1.0000
2025-10-05 18:29:25,282 - INFO - Recall                   : 0.0056
2025-10-05 18:29:25,282 - INFO - F1 Score                 : 0.0111
2025-10-05 18:29:25,282 - INFO - ==================================================
2025-10-05 18:53:55,230 - INFO - Época 7 concluída. Loss média: 2.3633
2025-10-05 18:53:55,233 - INFO - Iniciando inferência com o modelo ResNet...
2025-10-05 18:54:26,039 - INFO - ==================================================
2025-10-05 18:54:26,039 - INFO - EXPERIMENT RESULTS
2025-10-05 18:54:26,039 - INFO - ==================================================
2025-10-05 18:54:26,039 - INFO - Elapsed Time Seconds     : 30.7573
2025-10-05 18:54:26,039 - INFO - Cpu Usage Percent        : 6.9000
2025-10-05 18:54:26,039 - INFO - Ram Peak Usage Bytes     : 1502978048.0000
2025-10-05 18:54:26,039 - INFO - Vram Peak Usage Bytes    : 2453165056.0000
2025-10-05 18:54:26,039 - INFO - Gpu Power Watts          : 344.2730
2025-10-05 18:54:26,039 - INFO - Gpu Temp Celsius         : 45.0000
2025-10-05 18:54:26,039 - INFO - Gpu Utilization Percent  : 100.0000
2025-10-05 18:54:26,039 - INFO - Disk Read Bytes          : 0.0000
2025-10-05 18:54:26,039 - INFO - Disk Write Bytes         : 5111808.0000
2025-10-05 18:54:26,039 - INFO - Accuracy                 : 0.0062
2025-10-05 18:54:26,039 - INFO - Precision                : 1.0000
2025-10-05 18:54:26,039 - INFO - Recall                   : 0.0062
2025-10-05 18:54:26,039 - INFO - F1 Score                 : 0.0123
2025-10-05 18:54:26,040 - INFO - ==================================================
2025-10-05 19:18:58,791 - INFO - Época 8 concluída. Loss média: 2.1725
2025-10-05 19:18:58,794 - INFO - Iniciando inferência com o modelo ResNet...
2025-10-05 19:19:29,604 - INFO - ==================================================
2025-10-05 19:19:29,604 - INFO - EXPERIMENT RESULTS
2025-10-05 19:19:29,604 - INFO - ==================================================
2025-10-05 19:19:29,604 - INFO - Elapsed Time Seconds     : 30.7608
2025-10-05 19:19:29,604 - INFO - Cpu Usage Percent        : 6.8125
2025-10-05 19:19:29,604 - INFO - Ram Peak Usage Bytes     : 1502982144.0000
2025-10-05 19:19:29,604 - INFO - Vram Peak Usage Bytes    : 2453165056.0000
2025-10-05 19:19:29,604 - INFO - Gpu Power Watts          : 340.9300
2025-10-05 19:19:29,604 - INFO - Gpu Temp Celsius         : 46.0000
2025-10-05 19:19:29,604 - INFO - Gpu Utilization Percent  : 100.0000
2025-10-05 19:19:29,604 - INFO - Disk Read Bytes          : 0.0000
2025-10-05 19:19:29,604 - INFO - Disk Write Bytes         : 3604480.0000
2025-10-05 19:19:29,604 - INFO - Accuracy                 : 0.0059
2025-10-05 19:19:29,605 - INFO - Precision                : 1.0000
2025-10-05 19:19:29,605 - INFO - Recall                   : 0.0059
2025-10-05 19:19:29,605 - INFO - F1 Score                 : 0.0117
2025-10-05 19:19:29,605 - INFO - ==================================================
2025-10-05 19:43:58,184 - INFO - Época 9 concluída. Loss média: 1.9944
2025-10-05 19:43:58,187 - INFO - Iniciando inferência com o modelo ResNet...
2025-10-05 19:44:29,009 - INFO - ==================================================
2025-10-05 19:44:29,009 - INFO - EXPERIMENT RESULTS
2025-10-05 19:44:29,009 - INFO - ==================================================
2025-10-05 19:44:29,009 - INFO - Elapsed Time Seconds     : 30.7735
2025-10-05 19:44:29,009 - INFO - Cpu Usage Percent        : 6.8125
2025-10-05 19:44:29,009 - INFO - Ram Peak Usage Bytes     : 1502982144.0000
2025-10-05 19:44:29,009 - INFO - Vram Peak Usage Bytes    : 2453165056.0000
2025-10-05 19:44:29,010 - INFO - Gpu Power Watts          : 344.4520
2025-10-05 19:44:29,010 - INFO - Gpu Temp Celsius         : 46.0000
2025-10-05 19:44:29,010 - INFO - Gpu Utilization Percent  : 100.0000
2025-10-05 19:44:29,010 - INFO - Disk Read Bytes          : 0.0000
2025-10-05 19:44:29,010 - INFO - Disk Write Bytes         : 3256320.0000
2025-10-05 19:44:29,010 - INFO - Accuracy                 : 0.0053
2025-10-05 19:44:29,010 - INFO - Precision                : 1.0000
2025-10-05 19:44:29,010 - INFO - Recall                   : 0.0053
2025-10-05 19:44:29,010 - INFO - F1 Score                 : 0.0105
2025-10-05 19:44:29,010 - INFO - ==================================================
2025-10-05 20:08:59,612 - INFO - Época 10 concluída. Loss média: 1.8168
2025-10-05 20:08:59,616 - INFO - Iniciando inferência com o modelo ResNet...
2025-10-05 20:09:30,453 - INFO - ==================================================
2025-10-05 20:09:30,453 - INFO - EXPERIMENT RESULTS
2025-10-05 20:09:30,453 - INFO - ==================================================
2025-10-05 20:09:30,453 - INFO - Elapsed Time Seconds     : 30.7885
2025-10-05 20:09:30,453 - INFO - Cpu Usage Percent        : 6.8125
2025-10-05 20:09:30,453 - INFO - Ram Peak Usage Bytes     : 1502990336.0000
2025-10-05 20:09:30,453 - INFO - Vram Peak Usage Bytes    : 2453165056.0000
2025-10-05 20:09:30,453 - INFO - Gpu Power Watts          : 343.7260
2025-10-05 20:09:30,454 - INFO - Gpu Temp Celsius         : 46.0000
2025-10-05 20:09:30,454 - INFO - Gpu Utilization Percent  : 88.0000
2025-10-05 20:09:30,454 - INFO - Disk Read Bytes          : 0.0000
2025-10-05 20:09:30,454 - INFO - Disk Write Bytes         : 3129344.0000
2025-10-05 20:09:30,454 - INFO - Accuracy                 : 0.0050
2025-10-05 20:09:30,454 - INFO - Precision                : 1.0000
2025-10-05 20:09:30,454 - INFO - Recall                   : 0.0050
2025-10-05 20:09:30,454 - INFO - F1 Score                 : 0.0100
2025-10-05 20:09:30,454 - INFO - ==================================================
2025-10-05 20:09:30,455 - INFO - Métricas de performance do treinamento:
2025-10-05 20:09:30,455 - INFO - ==================================================
2025-10-05 20:09:30,455 - INFO - EXPERIMENT RESULTS
2025-10-05 20:09:30,455 - INFO - ==================================================
2025-10-05 20:09:30,455 - INFO - Elapsed Time Seconds     : 14967.5383
2025-10-05 20:09:30,455 - INFO - Cpu Usage Percent        : 6.3812
2025-10-05 20:09:30,455 - INFO - Ram Peak Usage Bytes     : 1502990336.0000
2025-10-05 20:09:30,455 - INFO - Vram Peak Usage Bytes    : 2453165056.0000
2025-10-05 20:09:30,455 - INFO - Gpu Power Watts          : 343.7260
2025-10-05 20:09:30,456 - INFO - Gpu Temp Celsius         : 44.0000
2025-10-05 20:09:30,456 - INFO - Gpu Utilization Percent  : 88.0000
2025-10-05 20:09:30,456 - INFO - Disk Read Bytes          : 303104.0000
2025-10-05 20:09:30,456 - INFO - Disk Write Bytes         : 1393233920.0000
2025-10-05 20:09:30,456 - INFO - ==================================================
2025-10-05 20:09:31,487 - INFO - Modelo salvo em: trained_models/resnet34_final.pth
2025-10-05 20:09:31,503 - INFO - Pipeline de treinamento concluído. Modelo salvo em: trained_models/resnet34_final.pth
2025-10-05 20:09:31,503 - INFO - Iniciando pipeline de inferência para avaliação final no conjunto de validação...
2025-10-05 20:09:32,070 - INFO - Iniciando inferência com o modelo ResNet...
2025-10-05 20:10:02,912 - INFO - ==================================================
2025-10-05 20:10:02,912 - INFO - EXPERIMENT RESULTS
2025-10-05 20:10:02,912 - INFO - ==================================================
2025-10-05 20:10:02,912 - INFO - Elapsed Time Seconds     : 30.7942
2025-10-05 20:10:02,912 - INFO - Cpu Usage Percent        : 6.8000
2025-10-05 20:10:02,912 - INFO - Ram Peak Usage Bytes     : 1651986432.0000
2025-10-05 20:10:02,912 - INFO - Vram Peak Usage Bytes    : 2177303552.0000
2025-10-05 20:10:02,912 - INFO - Gpu Power Watts          : 344.6770
2025-10-05 20:10:02,912 - INFO - Gpu Temp Celsius         : 46.0000
2025-10-05 20:10:02,912 - INFO - Gpu Utilization Percent  : 100.0000
2025-10-05 20:10:02,913 - INFO - Disk Read Bytes          : 0.0000
2025-10-05 20:10:02,913 - INFO - Disk Write Bytes         : 3162112.0000
2025-10-05 20:10:02,913 - INFO - Accuracy                 : 0.0050
2025-10-05 20:10:02,913 - INFO - Precision                : 1.0000
2025-10-05 20:10:02,913 - INFO - Recall                   : 0.0050
2025-10-05 20:10:02,913 - INFO - F1 Score                 : 0.0100
2025-10-05 20:10:02,913 - INFO - ==================================================
2025-10-05 20:10:02,913 - INFO - Projeto executado com sucesso!
