2025-10-04 09:30:52,343 - INFO - ==================================================
2025-10-04 09:30:52,343 - INFO - EXPERIMENT CONFIGURATION
2025-10-04 09:30:52,343 - INFO - ==================================================
2025-10-04 09:30:52,343 - INFO - Model Name          : resnet101
2025-10-04 09:30:52,343 - INFO - Config File         : configs/pcad_test_config.yaml
2025-10-04 09:30:52,343 - INFO - Train Data          : /scratch/ehdmenezes//tiny-imagenet-200/train
2025-10-04 09:30:52,343 - INFO - Validation Data     : /scratch/ehdmenezes//tiny-imagenet-200/val
2025-10-04 09:30:52,343 - INFO - model_params        : {'num_classes': 200}
2025-10-04 09:30:52,343 - INFO - train_params        : {'epochs': 1, 'batch_size': 8, 'learning_rate': 0.001}
2025-10-04 09:30:52,344 - INFO - inference_params    : {'batch_size': 16}
2025-10-04 09:30:52,344 - INFO - ==================================================
2025-10-04 09:30:52,354 - INFO - Semente aleatória para esta execução foi fixada em: 42
2025-10-04 09:30:52,689 - ERROR - Ocorreu um erro fatal durante a execução do projeto: ResNet.__init__() missing 2 required positional arguments: 'block' and 'layers'
Traceback (most recent call last):
  File "/home/users/ehdmenezes/CNNs-Performance-Analysis/src/main.py", line 64, in main
    trained_model_path = train_pipeline.run_training(
                         ^^^^^^^^^^^^^^^^^^^^^^^^^^^^
  File "/home/users/ehdmenezes/CNNs-Performance-Analysis/src/pipelines/train_pipeline.py", line 88, in run_training
    model = get_model(model_name, config['num_classes']).to(device)
            ^^^^^^^^^^^^^^^^^^^^^^^^^^^^^^^^^^^^^^^^^^^^
  File "/home/users/ehdmenezes/CNNs-Performance-Analysis/src/pipelines/train_pipeline.py", line 51, in get_model
    return model_class(num_classes=num_classes)
           ^^^^^^^^^^^^^^^^^^^^^^^^^^^^^^^^^^^^
TypeError: ResNet.__init__() missing 2 required positional arguments: 'block' and 'layers'
