2025-10-05 22:13:48,193 - INFO - ==================================================
2025-10-05 22:13:48,193 - INFO - EXPERIMENT CONFIGURATION
2025-10-05 22:13:48,193 - INFO - ==================================================
2025-10-05 22:13:48,193 - INFO - Model Name          : squeezenet
2025-10-05 22:13:48,193 - INFO - Config File         : configs/pcad_config.yaml
2025-10-05 22:13:48,193 - INFO - Train Data          : /scratch/ehdmenezes//tiny-imagenet-200/train
2025-10-05 22:13:48,193 - INFO - Validation Data     : /scratch/ehdmenezes//tiny-imagenet-200/val
2025-10-05 22:13:48,193 - INFO - model_params        : {'num_classes': 200}
2025-10-05 22:13:48,193 - INFO - train_params        : {'epochs': 10, 'batch_size': 32, 'learning_rate': 0.001}
2025-10-05 22:13:48,193 - INFO - inference_params    : {'batch_size': 32}
2025-10-05 22:13:48,193 - INFO - ==================================================
2025-10-05 22:13:48,206 - INFO - Semente aleatória para esta execução foi fixada em: 62
2025-10-05 22:13:48,431 - INFO - Iniciando treinamento do modelo squeezenet no dispositivo cuda.
2025-10-05 22:14:14,970 - INFO - Época 1 concluída. Loss média: 5.2997
2025-10-05 22:14:14,971 - INFO - Iniciando inferência com o modelo SqueezeNet...
2025-10-05 22:14:18,555 - INFO - ==================================================
2025-10-05 22:14:18,555 - INFO - EXPERIMENT RESULTS
2025-10-05 22:14:18,555 - INFO - ==================================================
2025-10-05 22:14:18,555 - INFO - Elapsed Time Seconds     : 3.5703
2025-10-05 22:14:18,555 - INFO - Cpu Usage Percent        : 1.8469
2025-10-05 22:14:18,555 - INFO - Ram Peak Usage Bytes     : 1452027904.0000
2025-10-05 22:14:18,555 - INFO - Vram Peak Usage Bytes    : 227088896.0000
2025-10-05 22:14:18,555 - INFO - Gpu Power Watts          : 108.3750
2025-10-05 22:14:18,555 - INFO - Gpu Temp Celsius         : 52.0000
2025-10-05 22:14:18,555 - INFO - Gpu Utilization Percent  : 24.0000
2025-10-05 22:14:18,555 - INFO - Disk Read Bytes          : 0.0000
2025-10-05 22:14:18,555 - INFO - Disk Write Bytes         : 16384.0000
2025-10-05 22:14:18,555 - INFO - Accuracy                 : 0.0000
2025-10-05 22:14:18,555 - INFO - Precision                : 0.0000
2025-10-05 22:14:18,555 - INFO - Recall                   : 0.0000
2025-10-05 22:14:18,555 - INFO - F1 Score                 : 0.0000
2025-10-05 22:14:18,555 - INFO - ==================================================
2025-10-05 22:14:52,559 - INFO - Época 2 concluída. Loss média: 5.2994
2025-10-05 22:14:52,561 - INFO - Iniciando inferência com o modelo SqueezeNet...
2025-10-05 22:14:56,031 - INFO - ==================================================
2025-10-05 22:14:56,031 - INFO - EXPERIMENT RESULTS
2025-10-05 22:14:56,031 - INFO - ==================================================
2025-10-05 22:14:56,031 - INFO - Elapsed Time Seconds     : 3.4499
2025-10-05 22:14:56,031 - INFO - Cpu Usage Percent        : 1.8562
2025-10-05 22:14:56,031 - INFO - Ram Peak Usage Bytes     : 1454559232.0000
2025-10-05 22:14:56,031 - INFO - Vram Peak Usage Bytes    : 227088896.0000
2025-10-05 22:14:56,031 - INFO - Gpu Power Watts          : 109.6850
2025-10-05 22:14:56,031 - INFO - Gpu Temp Celsius         : 53.0000
2025-10-05 22:14:56,031 - INFO - Gpu Utilization Percent  : 26.0000
2025-10-05 22:14:56,031 - INFO - Disk Read Bytes          : 0.0000
2025-10-05 22:14:56,031 - INFO - Disk Write Bytes         : 0.0000
2025-10-05 22:14:56,031 - INFO - Accuracy                 : 0.0000
2025-10-05 22:14:56,031 - INFO - Precision                : 0.0000
2025-10-05 22:14:56,031 - INFO - Recall                   : 0.0000
2025-10-05 22:14:56,031 - INFO - F1 Score                 : 0.0000
2025-10-05 22:14:56,031 - INFO - ==================================================
2025-10-05 22:15:22,342 - INFO - Época 3 concluída. Loss média: 5.2993
2025-10-05 22:15:22,343 - INFO - Iniciando inferência com o modelo SqueezeNet...
2025-10-05 22:15:25,843 - INFO - ==================================================
2025-10-05 22:15:25,843 - INFO - EXPERIMENT RESULTS
2025-10-05 22:15:25,843 - INFO - ==================================================
2025-10-05 22:15:25,843 - INFO - Elapsed Time Seconds     : 3.4798
2025-10-05 22:15:25,843 - INFO - Cpu Usage Percent        : 1.8844
2025-10-05 22:15:25,843 - INFO - Ram Peak Usage Bytes     : 1454600192.0000
2025-10-05 22:15:25,843 - INFO - Vram Peak Usage Bytes    : 227088896.0000
2025-10-05 22:15:25,843 - INFO - Gpu Power Watts          : 110.1640
2025-10-05 22:15:25,843 - INFO - Gpu Temp Celsius         : 54.0000
2025-10-05 22:15:25,843 - INFO - Gpu Utilization Percent  : 24.0000
2025-10-05 22:15:25,843 - INFO - Disk Read Bytes          : 0.0000
2025-10-05 22:15:25,843 - INFO - Disk Write Bytes         : 0.0000
2025-10-05 22:15:25,843 - INFO - Accuracy                 : 0.0000
2025-10-05 22:15:25,843 - INFO - Precision                : 0.0000
2025-10-05 22:15:25,843 - INFO - Recall                   : 0.0000
2025-10-05 22:15:25,843 - INFO - F1 Score                 : 0.0000
2025-10-05 22:15:25,843 - INFO - ==================================================
2025-10-05 22:15:59,525 - INFO - Época 4 concluída. Loss média: 5.2993
2025-10-05 22:15:59,526 - INFO - Iniciando inferência com o modelo SqueezeNet...
2025-10-05 22:16:02,993 - INFO - ==================================================
2025-10-05 22:16:02,993 - INFO - EXPERIMENT RESULTS
2025-10-05 22:16:02,993 - INFO - ==================================================
2025-10-05 22:16:02,994 - INFO - Elapsed Time Seconds     : 3.4474
2025-10-05 22:16:02,994 - INFO - Cpu Usage Percent        : 1.9031
2025-10-05 22:16:02,994 - INFO - Ram Peak Usage Bytes     : 1454612480.0000
2025-10-05 22:16:02,994 - INFO - Vram Peak Usage Bytes    : 227088896.0000
2025-10-05 22:16:02,994 - INFO - Gpu Power Watts          : 110.6390
2025-10-05 22:16:02,994 - INFO - Gpu Temp Celsius         : 53.0000
2025-10-05 22:16:02,994 - INFO - Gpu Utilization Percent  : 30.0000
2025-10-05 22:16:02,994 - INFO - Disk Read Bytes          : 0.0000
2025-10-05 22:16:02,994 - INFO - Disk Write Bytes         : 0.0000
2025-10-05 22:16:02,994 - INFO - Accuracy                 : 0.0000
2025-10-05 22:16:02,994 - INFO - Precision                : 0.0000
2025-10-05 22:16:02,994 - INFO - Recall                   : 0.0000
2025-10-05 22:16:02,994 - INFO - F1 Score                 : 0.0000
2025-10-05 22:16:02,994 - INFO - ==================================================
2025-10-05 22:16:36,915 - INFO - Época 5 concluída. Loss média: 5.2994
2025-10-05 22:16:36,916 - INFO - Iniciando inferência com o modelo SqueezeNet...
2025-10-05 22:16:38,961 - INFO - ==================================================
2025-10-05 22:16:38,961 - INFO - EXPERIMENT RESULTS
2025-10-05 22:16:38,961 - INFO - ==================================================
2025-10-05 22:16:38,961 - INFO - Elapsed Time Seconds     : 2.0258
2025-10-05 22:16:38,961 - INFO - Cpu Usage Percent        : 3.4406
2025-10-05 22:16:38,961 - INFO - Ram Peak Usage Bytes     : 1454612480.0000
2025-10-05 22:16:38,961 - INFO - Vram Peak Usage Bytes    : 227088896.0000
2025-10-05 22:16:38,962 - INFO - Gpu Power Watts          : 165.7610
2025-10-05 22:16:38,962 - INFO - Gpu Temp Celsius         : 56.0000
2025-10-05 22:16:38,962 - INFO - Gpu Utilization Percent  : 47.0000
2025-10-05 22:16:38,962 - INFO - Disk Read Bytes          : 0.0000
2025-10-05 22:16:38,962 - INFO - Disk Write Bytes         : 0.0000
2025-10-05 22:16:38,962 - INFO - Accuracy                 : 0.0000
2025-10-05 22:16:38,962 - INFO - Precision                : 0.0000
2025-10-05 22:16:38,962 - INFO - Recall                   : 0.0000
2025-10-05 22:16:38,962 - INFO - F1 Score                 : 0.0000
2025-10-05 22:16:38,962 - INFO - ==================================================
2025-10-05 22:17:12,912 - INFO - Época 6 concluída. Loss média: 5.2993
2025-10-05 22:17:12,913 - INFO - Iniciando inferência com o modelo SqueezeNet...
2025-10-05 22:17:16,464 - INFO - ==================================================
2025-10-05 22:17:16,464 - INFO - EXPERIMENT RESULTS
2025-10-05 22:17:16,464 - INFO - ==================================================
2025-10-05 22:17:16,464 - INFO - Elapsed Time Seconds     : 3.5307
2025-10-05 22:17:16,464 - INFO - Cpu Usage Percent        : 2.7781
2025-10-05 22:17:16,464 - INFO - Ram Peak Usage Bytes     : 1454616576.0000
2025-10-05 22:17:16,464 - INFO - Vram Peak Usage Bytes    : 227088896.0000
2025-10-05 22:17:16,464 - INFO - Gpu Power Watts          : 109.5430
2025-10-05 22:17:16,464 - INFO - Gpu Temp Celsius         : 53.0000
2025-10-05 22:17:16,464 - INFO - Gpu Utilization Percent  : 28.0000
2025-10-05 22:17:16,464 - INFO - Disk Read Bytes          : 0.0000
2025-10-05 22:17:16,464 - INFO - Disk Write Bytes         : 249856.0000
2025-10-05 22:17:16,464 - INFO - Accuracy                 : 0.0000
2025-10-05 22:17:16,464 - INFO - Precision                : 0.0000
2025-10-05 22:17:16,464 - INFO - Recall                   : 0.0000
2025-10-05 22:17:16,464 - INFO - F1 Score                 : 0.0000
2025-10-05 22:17:16,464 - INFO - ==================================================
2025-10-05 22:17:50,414 - INFO - Época 7 concluída. Loss média: 5.2994
2025-10-05 22:17:50,415 - INFO - Iniciando inferência com o modelo SqueezeNet...
2025-10-05 22:17:52,437 - INFO - ==================================================
2025-10-05 22:17:52,437 - INFO - EXPERIMENT RESULTS
2025-10-05 22:17:52,437 - INFO - ==================================================
2025-10-05 22:17:52,437 - INFO - Elapsed Time Seconds     : 2.0017
2025-10-05 22:17:52,437 - INFO - Cpu Usage Percent        : 3.4188
2025-10-05 22:17:52,437 - INFO - Ram Peak Usage Bytes     : 1454616576.0000
2025-10-05 22:17:52,437 - INFO - Vram Peak Usage Bytes    : 227088896.0000
2025-10-05 22:17:52,437 - INFO - Gpu Power Watts          : 165.2120
2025-10-05 22:17:52,437 - INFO - Gpu Temp Celsius         : 56.0000
2025-10-05 22:17:52,437 - INFO - Gpu Utilization Percent  : 48.0000
2025-10-05 22:17:52,437 - INFO - Disk Read Bytes          : 0.0000
2025-10-05 22:17:52,437 - INFO - Disk Write Bytes         : 0.0000
2025-10-05 22:17:52,437 - INFO - Accuracy                 : 0.0000
2025-10-05 22:17:52,437 - INFO - Precision                : 0.0000
2025-10-05 22:17:52,437 - INFO - Recall                   : 0.0000
2025-10-05 22:17:52,437 - INFO - F1 Score                 : 0.0000
2025-10-05 22:17:52,437 - INFO - ==================================================
2025-10-05 22:18:18,630 - INFO - Época 8 concluída. Loss média: 5.2994
2025-10-05 22:18:18,632 - INFO - Iniciando inferência com o modelo SqueezeNet...
2025-10-05 22:18:22,102 - INFO - ==================================================
2025-10-05 22:18:22,102 - INFO - EXPERIMENT RESULTS
2025-10-05 22:18:22,102 - INFO - ==================================================
2025-10-05 22:18:22,102 - INFO - Elapsed Time Seconds     : 3.4510
2025-10-05 22:18:22,102 - INFO - Cpu Usage Percent        : 1.9031
2025-10-05 22:18:22,102 - INFO - Ram Peak Usage Bytes     : 1454620672.0000
2025-10-05 22:18:22,102 - INFO - Vram Peak Usage Bytes    : 227088896.0000
2025-10-05 22:18:22,102 - INFO - Gpu Power Watts          : 111.4510
2025-10-05 22:18:22,102 - INFO - Gpu Temp Celsius         : 54.0000
2025-10-05 22:18:22,102 - INFO - Gpu Utilization Percent  : 28.0000
2025-10-05 22:18:22,102 - INFO - Disk Read Bytes          : 0.0000
2025-10-05 22:18:22,102 - INFO - Disk Write Bytes         : 114688.0000
2025-10-05 22:18:22,102 - INFO - Accuracy                 : 0.0000
2025-10-05 22:18:22,102 - INFO - Precision                : 0.0000
2025-10-05 22:18:22,102 - INFO - Recall                   : 0.0000
2025-10-05 22:18:22,102 - INFO - F1 Score                 : 0.0000
2025-10-05 22:18:22,102 - INFO - ==================================================
2025-10-05 22:18:56,141 - INFO - Época 9 concluída. Loss média: 5.2994
2025-10-05 22:18:56,143 - INFO - Iniciando inferência com o modelo SqueezeNet...
2025-10-05 22:18:59,608 - INFO - ==================================================
2025-10-05 22:18:59,608 - INFO - EXPERIMENT RESULTS
2025-10-05 22:18:59,608 - INFO - ==================================================
2025-10-05 22:18:59,608 - INFO - Elapsed Time Seconds     : 3.4462
2025-10-05 22:18:59,608 - INFO - Cpu Usage Percent        : 1.9031
2025-10-05 22:18:59,608 - INFO - Ram Peak Usage Bytes     : 1454620672.0000
2025-10-05 22:18:59,609 - INFO - Vram Peak Usage Bytes    : 227088896.0000
2025-10-05 22:18:59,609 - INFO - Gpu Power Watts          : 110.0740
2025-10-05 22:18:59,609 - INFO - Gpu Temp Celsius         : 54.0000
2025-10-05 22:18:59,609 - INFO - Gpu Utilization Percent  : 28.0000
2025-10-05 22:18:59,609 - INFO - Disk Read Bytes          : 0.0000
2025-10-05 22:18:59,609 - INFO - Disk Write Bytes         : 0.0000
2025-10-05 22:18:59,609 - INFO - Accuracy                 : 0.0000
2025-10-05 22:18:59,609 - INFO - Precision                : 0.0000
2025-10-05 22:18:59,609 - INFO - Recall                   : 0.0000
2025-10-05 22:18:59,609 - INFO - F1 Score                 : 0.0000
2025-10-05 22:18:59,609 - INFO - ==================================================
2025-10-05 22:19:33,349 - INFO - Época 10 concluída. Loss média: 5.2994
2025-10-05 22:19:33,351 - INFO - Iniciando inferência com o modelo SqueezeNet...
2025-10-05 22:19:36,814 - INFO - ==================================================
2025-10-05 22:19:36,814 - INFO - EXPERIMENT RESULTS
2025-10-05 22:19:36,814 - INFO - ==================================================
2025-10-05 22:19:36,814 - INFO - Elapsed Time Seconds     : 3.4441
2025-10-05 22:19:36,815 - INFO - Cpu Usage Percent        : 1.9156
2025-10-05 22:19:36,815 - INFO - Ram Peak Usage Bytes     : 1454657536.0000
2025-10-05 22:19:36,815 - INFO - Vram Peak Usage Bytes    : 227088896.0000
2025-10-05 22:19:36,815 - INFO - Gpu Power Watts          : 109.2650
2025-10-05 22:19:36,815 - INFO - Gpu Temp Celsius         : 53.0000
2025-10-05 22:19:36,815 - INFO - Gpu Utilization Percent  : 26.0000
2025-10-05 22:19:36,815 - INFO - Disk Read Bytes          : 0.0000
2025-10-05 22:19:36,815 - INFO - Disk Write Bytes         : 0.0000
2025-10-05 22:19:36,815 - INFO - Accuracy                 : 0.0000
2025-10-05 22:19:36,815 - INFO - Precision                : 0.0000
2025-10-05 22:19:36,815 - INFO - Recall                   : 0.0000
2025-10-05 22:19:36,815 - INFO - F1 Score                 : 0.0000
2025-10-05 22:19:36,815 - INFO - ==================================================
2025-10-05 22:19:36,816 - INFO - Métricas de performance do treinamento:
2025-10-05 22:19:36,816 - INFO - ==================================================
2025-10-05 22:19:36,816 - INFO - EXPERIMENT RESULTS
2025-10-05 22:19:36,816 - INFO - ==================================================
2025-10-05 22:19:36,816 - INFO - Elapsed Time Seconds     : 348.3833
2025-10-05 22:19:36,816 - INFO - Cpu Usage Percent        : 3.8250
2025-10-05 22:19:36,816 - INFO - Ram Peak Usage Bytes     : 1454657536.0000
2025-10-05 22:19:36,816 - INFO - Vram Peak Usage Bytes    : 227088896.0000
2025-10-05 22:19:36,816 - INFO - Gpu Power Watts          : 109.2650
2025-10-05 22:19:36,816 - INFO - Gpu Temp Celsius         : 53.0000
2025-10-05 22:19:36,816 - INFO - Gpu Utilization Percent  : 26.0000
2025-10-05 22:19:36,816 - INFO - Disk Read Bytes          : 0.0000
2025-10-05 22:19:36,816 - INFO - Disk Write Bytes         : 4816896.0000
2025-10-05 22:19:36,816 - INFO - ==================================================
2025-10-05 22:19:36,885 - INFO - Modelo salvo em: trained_models/squeezenet_final.pth
2025-10-05 22:19:36,893 - INFO - Pipeline de treinamento concluído. Modelo salvo em: trained_models/squeezenet_final.pth
2025-10-05 22:19:36,893 - INFO - Iniciando pipeline de inferência para avaliação final no conjunto de validação...
2025-10-05 22:19:36,927 - INFO - Iniciando inferência com o modelo SqueezeNet...
2025-10-05 22:19:40,395 - INFO - ==================================================
2025-10-05 22:19:40,395 - INFO - EXPERIMENT RESULTS
2025-10-05 22:19:40,395 - INFO - ==================================================
2025-10-05 22:19:40,395 - INFO - Elapsed Time Seconds     : 3.4488
2025-10-05 22:19:40,395 - INFO - Cpu Usage Percent        : 1.9125
2025-10-05 22:19:40,395 - INFO - Ram Peak Usage Bytes     : 1437073408.0000
2025-10-05 22:19:40,395 - INFO - Vram Peak Usage Bytes    : 197876736.0000
2025-10-05 22:19:40,395 - INFO - Gpu Power Watts          : 111.6960
2025-10-05 22:19:40,395 - INFO - Gpu Temp Celsius         : 53.0000
2025-10-05 22:19:40,395 - INFO - Gpu Utilization Percent  : 29.0000
2025-10-05 22:19:40,395 - INFO - Disk Read Bytes          : 0.0000
2025-10-05 22:19:40,395 - INFO - Disk Write Bytes         : 139264.0000
2025-10-05 22:19:40,395 - INFO - Accuracy                 : 0.0000
2025-10-05 22:19:40,395 - INFO - Precision                : 0.0000
2025-10-05 22:19:40,395 - INFO - Recall                   : 0.0000
2025-10-05 22:19:40,395 - INFO - F1 Score                 : 0.0000
2025-10-05 22:19:40,395 - INFO - ==================================================
2025-10-05 22:19:40,396 - INFO - Projeto executado com sucesso!
