2025-10-05 22:20:05,730 - INFO - ==================================================
2025-10-05 22:20:05,730 - INFO - EXPERIMENT CONFIGURATION
2025-10-05 22:20:05,730 - INFO - ==================================================
2025-10-05 22:20:05,730 - INFO - Model Name          : squeezenet
2025-10-05 22:20:05,730 - INFO - Config File         : configs/pcad_config.yaml
2025-10-05 22:20:05,730 - INFO - Train Data          : /scratch/ehdmenezes//tiny-imagenet-200/train
2025-10-05 22:20:05,730 - INFO - Validation Data     : /scratch/ehdmenezes//tiny-imagenet-200/val
2025-10-05 22:20:05,730 - INFO - model_params        : {'num_classes': 200}
2025-10-05 22:20:05,731 - INFO - train_params        : {'epochs': 10, 'batch_size': 32, 'learning_rate': 0.001}
2025-10-05 22:20:05,731 - INFO - inference_params    : {'batch_size': 32}
2025-10-05 22:20:05,731 - INFO - ==================================================
2025-10-05 22:20:05,742 - INFO - Semente aleatória para esta execução foi fixada em: 82
2025-10-05 22:20:05,911 - INFO - Iniciando treinamento do modelo squeezenet no dispositivo cuda.
2025-10-05 22:20:32,225 - INFO - Época 1 concluída. Loss média: 5.2995
2025-10-05 22:20:32,226 - INFO - Iniciando inferência com o modelo SqueezeNet...
2025-10-05 22:20:35,747 - INFO - ==================================================
2025-10-05 22:20:35,747 - INFO - EXPERIMENT RESULTS
2025-10-05 22:20:35,747 - INFO - ==================================================
2025-10-05 22:20:35,747 - INFO - Elapsed Time Seconds     : 3.5087
2025-10-05 22:20:35,747 - INFO - Cpu Usage Percent        : 2.5844
2025-10-05 22:20:35,747 - INFO - Ram Peak Usage Bytes     : 1454247936.0000
2025-10-05 22:20:35,747 - INFO - Vram Peak Usage Bytes    : 227088896.0000
2025-10-05 22:20:35,747 - INFO - Gpu Power Watts          : 109.4970
2025-10-05 22:20:35,747 - INFO - Gpu Temp Celsius         : 53.0000
2025-10-05 22:20:35,747 - INFO - Gpu Utilization Percent  : 27.0000
2025-10-05 22:20:35,747 - INFO - Disk Read Bytes          : 0.0000
2025-10-05 22:20:35,747 - INFO - Disk Write Bytes         : 0.0000
2025-10-05 22:20:35,747 - INFO - Accuracy                 : 0.0000
2025-10-05 22:20:35,747 - INFO - Precision                : 0.0000
2025-10-05 22:20:35,747 - INFO - Recall                   : 0.0000
2025-10-05 22:20:35,747 - INFO - F1 Score                 : 0.0000
2025-10-05 22:20:35,747 - INFO - ==================================================
2025-10-05 22:21:01,978 - INFO - Época 2 concluída. Loss média: 5.2994
2025-10-05 22:21:01,979 - INFO - Iniciando inferência com o modelo SqueezeNet...
2025-10-05 22:21:05,374 - INFO - ==================================================
2025-10-05 22:21:05,374 - INFO - EXPERIMENT RESULTS
2025-10-05 22:21:05,374 - INFO - ==================================================
2025-10-05 22:21:05,374 - INFO - Elapsed Time Seconds     : 3.3820
2025-10-05 22:21:05,374 - INFO - Cpu Usage Percent        : 1.9219
2025-10-05 22:21:05,374 - INFO - Ram Peak Usage Bytes     : 1455398912.0000
2025-10-05 22:21:05,374 - INFO - Vram Peak Usage Bytes    : 227088896.0000
2025-10-05 22:21:05,374 - INFO - Gpu Power Watts          : 111.0260
2025-10-05 22:21:05,374 - INFO - Gpu Temp Celsius         : 54.0000
2025-10-05 22:21:05,374 - INFO - Gpu Utilization Percent  : 30.0000
2025-10-05 22:21:05,374 - INFO - Disk Read Bytes          : 0.0000
2025-10-05 22:21:05,374 - INFO - Disk Write Bytes         : 0.0000
2025-10-05 22:21:05,374 - INFO - Accuracy                 : 0.0000
2025-10-05 22:21:05,374 - INFO - Precision                : 0.0000
2025-10-05 22:21:05,374 - INFO - Recall                   : 0.0000
2025-10-05 22:21:05,374 - INFO - F1 Score                 : 0.0000
2025-10-05 22:21:05,374 - INFO - ==================================================
2025-10-05 22:21:35,965 - INFO - Época 3 concluída. Loss média: 5.2994
2025-10-05 22:21:35,966 - INFO - Iniciando inferência com o modelo SqueezeNet...
2025-10-05 22:21:38,045 - INFO - ==================================================
2025-10-05 22:21:38,045 - INFO - EXPERIMENT RESULTS
2025-10-05 22:21:38,045 - INFO - ==================================================
2025-10-05 22:21:38,045 - INFO - Elapsed Time Seconds     : 2.0676
2025-10-05 22:21:38,045 - INFO - Cpu Usage Percent        : 3.4156
2025-10-05 22:21:38,045 - INFO - Ram Peak Usage Bytes     : 1455452160.0000
2025-10-05 22:21:38,045 - INFO - Vram Peak Usage Bytes    : 227088896.0000
2025-10-05 22:21:38,045 - INFO - Gpu Power Watts          : 157.3980
2025-10-05 22:21:38,045 - INFO - Gpu Temp Celsius         : 54.0000
2025-10-05 22:21:38,045 - INFO - Gpu Utilization Percent  : 27.0000
2025-10-05 22:21:38,045 - INFO - Disk Read Bytes          : 0.0000
2025-10-05 22:21:38,045 - INFO - Disk Write Bytes         : 0.0000
2025-10-05 22:21:38,045 - INFO - Accuracy                 : 0.0000
2025-10-05 22:21:38,045 - INFO - Precision                : 0.0000
2025-10-05 22:21:38,045 - INFO - Recall                   : 0.0000
2025-10-05 22:21:38,045 - INFO - F1 Score                 : 0.0000
2025-10-05 22:21:38,045 - INFO - ==================================================
2025-10-05 22:22:03,666 - INFO - Época 4 concluída. Loss média: 5.2994
2025-10-05 22:22:03,667 - INFO - Iniciando inferência com o modelo SqueezeNet...
2025-10-05 22:22:06,697 - INFO - ==================================================
2025-10-05 22:22:06,697 - INFO - EXPERIMENT RESULTS
2025-10-05 22:22:06,697 - INFO - ==================================================
2025-10-05 22:22:06,697 - INFO - Elapsed Time Seconds     : 3.0175
2025-10-05 22:22:06,697 - INFO - Cpu Usage Percent        : 2.1750
2025-10-05 22:22:06,697 - INFO - Ram Peak Usage Bytes     : 1455505408.0000
2025-10-05 22:22:06,697 - INFO - Vram Peak Usage Bytes    : 227088896.0000
2025-10-05 22:22:06,697 - INFO - Gpu Power Watts          : 118.5400
2025-10-05 22:22:06,697 - INFO - Gpu Temp Celsius         : 55.0000
2025-10-05 22:22:06,697 - INFO - Gpu Utilization Percent  : 27.0000
2025-10-05 22:22:06,697 - INFO - Disk Read Bytes          : 0.0000
2025-10-05 22:22:06,697 - INFO - Disk Write Bytes         : 0.0000
2025-10-05 22:22:06,697 - INFO - Accuracy                 : 0.0000
2025-10-05 22:22:06,697 - INFO - Precision                : 0.0000
2025-10-05 22:22:06,697 - INFO - Recall                   : 0.0000
2025-10-05 22:22:06,697 - INFO - F1 Score                 : 0.0000
2025-10-05 22:22:06,697 - INFO - ==================================================
2025-10-05 22:22:39,516 - INFO - Época 5 concluída. Loss média: 5.2993
2025-10-05 22:22:39,517 - INFO - Iniciando inferência com o modelo SqueezeNet...
2025-10-05 22:22:42,861 - INFO - ==================================================
2025-10-05 22:22:42,861 - INFO - EXPERIMENT RESULTS
2025-10-05 22:22:42,861 - INFO - ==================================================
2025-10-05 22:22:42,861 - INFO - Elapsed Time Seconds     : 3.3319
2025-10-05 22:22:42,861 - INFO - Cpu Usage Percent        : 1.9406
2025-10-05 22:22:42,861 - INFO - Ram Peak Usage Bytes     : 1455505408.0000
2025-10-05 22:22:42,861 - INFO - Vram Peak Usage Bytes    : 227088896.0000
2025-10-05 22:22:42,861 - INFO - Gpu Power Watts          : 110.8770
2025-10-05 22:22:42,861 - INFO - Gpu Temp Celsius         : 54.0000
2025-10-05 22:22:42,861 - INFO - Gpu Utilization Percent  : 30.0000
2025-10-05 22:22:42,861 - INFO - Disk Read Bytes          : 0.0000
2025-10-05 22:22:42,861 - INFO - Disk Write Bytes         : 221184.0000
2025-10-05 22:22:42,861 - INFO - Accuracy                 : 0.0000
2025-10-05 22:22:42,861 - INFO - Precision                : 0.0000
2025-10-05 22:22:42,861 - INFO - Recall                   : 0.0000
2025-10-05 22:22:42,861 - INFO - F1 Score                 : 0.0000
2025-10-05 22:22:42,861 - INFO - ==================================================
2025-10-05 22:23:16,362 - INFO - Época 6 concluída. Loss média: 5.2994
2025-10-05 22:23:16,363 - INFO - Iniciando inferência com o modelo SqueezeNet...
2025-10-05 22:23:19,736 - INFO - ==================================================
2025-10-05 22:23:19,736 - INFO - EXPERIMENT RESULTS
2025-10-05 22:23:19,736 - INFO - ==================================================
2025-10-05 22:23:19,736 - INFO - Elapsed Time Seconds     : 3.3610
2025-10-05 22:23:19,736 - INFO - Cpu Usage Percent        : 1.9344
2025-10-05 22:23:19,736 - INFO - Ram Peak Usage Bytes     : 1455521792.0000
2025-10-05 22:23:19,736 - INFO - Vram Peak Usage Bytes    : 227088896.0000
2025-10-05 22:23:19,736 - INFO - Gpu Power Watts          : 110.3360
2025-10-05 22:23:19,736 - INFO - Gpu Temp Celsius         : 54.0000
2025-10-05 22:23:19,736 - INFO - Gpu Utilization Percent  : 30.0000
2025-10-05 22:23:19,736 - INFO - Disk Read Bytes          : 0.0000
2025-10-05 22:23:19,736 - INFO - Disk Write Bytes         : 0.0000
2025-10-05 22:23:19,736 - INFO - Accuracy                 : 0.0000
2025-10-05 22:23:19,736 - INFO - Precision                : 0.0000
2025-10-05 22:23:19,736 - INFO - Recall                   : 0.0000
2025-10-05 22:23:19,736 - INFO - F1 Score                 : 0.0000
2025-10-05 22:23:19,736 - INFO - ==================================================
2025-10-05 22:23:50,377 - INFO - Época 7 concluída. Loss média: 5.2994
2025-10-05 22:23:50,378 - INFO - Iniciando inferência com o modelo SqueezeNet...
2025-10-05 22:23:53,746 - INFO - ==================================================
2025-10-05 22:23:53,746 - INFO - EXPERIMENT RESULTS
2025-10-05 22:23:53,746 - INFO - ==================================================
2025-10-05 22:23:53,746 - INFO - Elapsed Time Seconds     : 3.3562
2025-10-05 22:23:53,746 - INFO - Cpu Usage Percent        : 2.0031
2025-10-05 22:23:53,746 - INFO - Ram Peak Usage Bytes     : 1455521792.0000
2025-10-05 22:23:53,746 - INFO - Vram Peak Usage Bytes    : 227088896.0000
2025-10-05 22:23:53,746 - INFO - Gpu Power Watts          : 110.4520
2025-10-05 22:23:53,746 - INFO - Gpu Temp Celsius         : 54.0000
2025-10-05 22:23:53,746 - INFO - Gpu Utilization Percent  : 26.0000
2025-10-05 22:23:53,746 - INFO - Disk Read Bytes          : 0.0000
2025-10-05 22:23:53,746 - INFO - Disk Write Bytes         : 0.0000
2025-10-05 22:23:53,746 - INFO - Accuracy                 : 0.0000
2025-10-05 22:23:53,746 - INFO - Precision                : 0.0000
2025-10-05 22:23:53,746 - INFO - Recall                   : 0.0000
2025-10-05 22:23:53,746 - INFO - F1 Score                 : 0.0000
2025-10-05 22:23:53,746 - INFO - ==================================================
2025-10-05 22:24:19,234 - INFO - Época 8 concluída. Loss média: 5.2994
2025-10-05 22:24:19,234 - INFO - Iniciando inferência com o modelo SqueezeNet...
2025-10-05 22:24:21,230 - INFO - ==================================================
2025-10-05 22:24:21,230 - INFO - EXPERIMENT RESULTS
2025-10-05 22:24:21,230 - INFO - ==================================================
2025-10-05 22:24:21,231 - INFO - Elapsed Time Seconds     : 1.9766
2025-10-05 22:24:21,231 - INFO - Cpu Usage Percent        : 3.4312
2025-10-05 22:24:21,231 - INFO - Ram Peak Usage Bytes     : 1455505408.0000
2025-10-05 22:24:21,231 - INFO - Vram Peak Usage Bytes    : 227088896.0000
2025-10-05 22:24:21,231 - INFO - Gpu Power Watts          : 165.8920
2025-10-05 22:24:21,231 - INFO - Gpu Temp Celsius         : 56.0000
2025-10-05 22:24:21,231 - INFO - Gpu Utilization Percent  : 49.0000
2025-10-05 22:24:21,231 - INFO - Disk Read Bytes          : 0.0000
2025-10-05 22:24:21,231 - INFO - Disk Write Bytes         : 0.0000
2025-10-05 22:24:21,231 - INFO - Accuracy                 : 0.0000
2025-10-05 22:24:21,231 - INFO - Precision                : 0.0000
2025-10-05 22:24:21,231 - INFO - Recall                   : 0.0000
2025-10-05 22:24:21,231 - INFO - F1 Score                 : 0.0000
2025-10-05 22:24:21,231 - INFO - ==================================================
2025-10-05 22:24:53,364 - INFO - Época 9 concluída. Loss média: 5.2994
2025-10-05 22:24:53,365 - INFO - Iniciando inferência com o modelo SqueezeNet...
2025-10-05 22:24:55,770 - INFO - ==================================================
2025-10-05 22:24:55,770 - INFO - EXPERIMENT RESULTS
2025-10-05 22:24:55,771 - INFO - ==================================================
2025-10-05 22:24:55,771 - INFO - Elapsed Time Seconds     : 2.3857
2025-10-05 22:24:55,771 - INFO - Cpu Usage Percent        : 4.3625
2025-10-05 22:24:55,771 - INFO - Ram Peak Usage Bytes     : 1455521792.0000
2025-10-05 22:24:55,771 - INFO - Vram Peak Usage Bytes    : 227088896.0000
2025-10-05 22:24:55,771 - INFO - Gpu Power Watts          : 149.5660
2025-10-05 22:24:55,771 - INFO - Gpu Temp Celsius         : 55.0000
2025-10-05 22:24:55,771 - INFO - Gpu Utilization Percent  : 40.0000
2025-10-05 22:24:55,771 - INFO - Disk Read Bytes          : 0.0000
2025-10-05 22:24:55,771 - INFO - Disk Write Bytes         : 0.0000
2025-10-05 22:24:55,771 - INFO - Accuracy                 : 0.0000
2025-10-05 22:24:55,771 - INFO - Precision                : 0.0000
2025-10-05 22:24:55,771 - INFO - Recall                   : 0.0000
2025-10-05 22:24:55,771 - INFO - F1 Score                 : 0.0000
2025-10-05 22:24:55,771 - INFO - ==================================================
2025-10-05 22:25:29,273 - INFO - Época 10 concluída. Loss média: 5.2994
2025-10-05 22:25:29,275 - INFO - Iniciando inferência com o modelo SqueezeNet...
2025-10-05 22:25:32,655 - INFO - ==================================================
2025-10-05 22:25:32,655 - INFO - EXPERIMENT RESULTS
2025-10-05 22:25:32,655 - INFO - ==================================================
2025-10-05 22:25:32,655 - INFO - Elapsed Time Seconds     : 3.3605
2025-10-05 22:25:32,655 - INFO - Cpu Usage Percent        : 1.9625
2025-10-05 22:25:32,655 - INFO - Ram Peak Usage Bytes     : 1455505408.0000
2025-10-05 22:25:32,655 - INFO - Vram Peak Usage Bytes    : 227088896.0000
2025-10-05 22:25:32,655 - INFO - Gpu Power Watts          : 109.9340
2025-10-05 22:25:32,655 - INFO - Gpu Temp Celsius         : 54.0000
2025-10-05 22:25:32,655 - INFO - Gpu Utilization Percent  : 30.0000
2025-10-05 22:25:32,655 - INFO - Disk Read Bytes          : 0.0000
2025-10-05 22:25:32,655 - INFO - Disk Write Bytes         : 131072.0000
2025-10-05 22:25:32,655 - INFO - Accuracy                 : 0.0000
2025-10-05 22:25:32,655 - INFO - Precision                : 0.0000
2025-10-05 22:25:32,655 - INFO - Recall                   : 0.0000
2025-10-05 22:25:32,656 - INFO - F1 Score                 : 0.0000
2025-10-05 22:25:32,656 - INFO - ==================================================
2025-10-05 22:25:32,657 - INFO - Métricas de performance do treinamento:
2025-10-05 22:25:32,657 - INFO - ==================================================
2025-10-05 22:25:32,657 - INFO - EXPERIMENT RESULTS
2025-10-05 22:25:32,657 - INFO - ==================================================
2025-10-05 22:25:32,657 - INFO - Elapsed Time Seconds     : 326.7438
2025-10-05 22:25:32,657 - INFO - Cpu Usage Percent        : 3.9156
2025-10-05 22:25:32,657 - INFO - Ram Peak Usage Bytes     : 1455505408.0000
2025-10-05 22:25:32,657 - INFO - Vram Peak Usage Bytes    : 227088896.0000
2025-10-05 22:25:32,657 - INFO - Gpu Power Watts          : 109.3030
2025-10-05 22:25:32,657 - INFO - Gpu Temp Celsius         : 53.0000
2025-10-05 22:25:32,657 - INFO - Gpu Utilization Percent  : 30.0000
2025-10-05 22:25:32,657 - INFO - Disk Read Bytes          : 0.0000
2025-10-05 22:25:32,657 - INFO - Disk Write Bytes         : 4005888.0000
2025-10-05 22:25:32,657 - INFO - ==================================================
2025-10-05 22:25:32,733 - INFO - Modelo salvo em: trained_models/squeezenet_final.pth
2025-10-05 22:25:32,740 - INFO - Pipeline de treinamento concluído. Modelo salvo em: trained_models/squeezenet_final.pth
2025-10-05 22:25:32,741 - INFO - Iniciando pipeline de inferência para avaliação final no conjunto de validação...
2025-10-05 22:25:32,775 - INFO - Iniciando inferência com o modelo SqueezeNet...
2025-10-05 22:25:36,336 - INFO - ==================================================
2025-10-05 22:25:36,336 - INFO - EXPERIMENT RESULTS
2025-10-05 22:25:36,336 - INFO - ==================================================
2025-10-05 22:25:36,336 - INFO - Elapsed Time Seconds     : 3.5409
2025-10-05 22:25:36,336 - INFO - Cpu Usage Percent        : 2.7719
2025-10-05 22:25:36,336 - INFO - Ram Peak Usage Bytes     : 1440292864.0000
2025-10-05 22:25:36,336 - INFO - Vram Peak Usage Bytes    : 197876736.0000
2025-10-05 22:25:36,336 - INFO - Gpu Power Watts          : 110.4980
2025-10-05 22:25:36,336 - INFO - Gpu Temp Celsius         : 53.0000
2025-10-05 22:25:36,336 - INFO - Gpu Utilization Percent  : 25.0000
2025-10-05 22:25:36,336 - INFO - Disk Read Bytes          : 0.0000
2025-10-05 22:25:36,336 - INFO - Disk Write Bytes         : 0.0000
2025-10-05 22:25:36,336 - INFO - Accuracy                 : 0.0000
2025-10-05 22:25:36,336 - INFO - Precision                : 0.0000
2025-10-05 22:25:36,337 - INFO - Recall                   : 0.0000
2025-10-05 22:25:36,337 - INFO - F1 Score                 : 0.0000
2025-10-05 22:25:36,337 - INFO - ==================================================
2025-10-05 22:25:36,337 - INFO - Projeto executado com sucesso!
