2025-10-05 21:58:28,899 - INFO - ==================================================
2025-10-05 21:58:28,899 - INFO - EXPERIMENT CONFIGURATION
2025-10-05 21:58:28,899 - INFO - ==================================================
2025-10-05 21:58:28,899 - INFO - Model Name          : squeezenet
2025-10-05 21:58:28,899 - INFO - Config File         : configs/pcad_config.yaml
2025-10-05 21:58:28,899 - INFO - Train Data          : /scratch/ehdmenezes//tiny-imagenet-200/train
2025-10-05 21:58:28,899 - INFO - Validation Data     : /scratch/ehdmenezes//tiny-imagenet-200/val
2025-10-05 21:58:28,899 - INFO - model_params        : {'num_classes': 200}
2025-10-05 21:58:28,899 - INFO - train_params        : {'epochs': 10, 'batch_size': 32, 'learning_rate': 0.001}
2025-10-05 21:58:28,899 - INFO - inference_params    : {'batch_size': 32}
2025-10-05 21:58:28,899 - INFO - ==================================================
2025-10-05 21:58:28,915 - INFO - Semente aleatória para esta execução foi fixada em: 42
2025-10-05 21:58:29,171 - INFO - Iniciando treinamento do modelo squeezenet no dispositivo cuda.
2025-10-05 21:58:59,629 - INFO - Época 1 concluída. Loss média: 5.3002
2025-10-05 21:58:59,630 - INFO - Iniciando inferência com o modelo SqueezeNet...
2025-10-05 21:59:02,686 - INFO - ==================================================
2025-10-05 21:59:02,686 - INFO - EXPERIMENT RESULTS
2025-10-05 21:59:02,686 - INFO - ==================================================
2025-10-05 21:59:02,686 - INFO - Elapsed Time Seconds     : 3.0235
2025-10-05 21:59:02,686 - INFO - Cpu Usage Percent        : 3.0812
2025-10-05 21:59:02,686 - INFO - Ram Peak Usage Bytes     : 1450377216.0000
2025-10-05 21:59:02,686 - INFO - Vram Peak Usage Bytes    : 227088896.0000
2025-10-05 21:59:02,686 - INFO - Gpu Power Watts          : 110.7910
2025-10-05 21:59:02,686 - INFO - Gpu Temp Celsius         : 42.0000
2025-10-05 21:59:02,686 - INFO - Gpu Utilization Percent  : 31.0000
2025-10-05 21:59:02,686 - INFO - Disk Read Bytes          : 0.0000
2025-10-05 21:59:02,686 - INFO - Disk Write Bytes         : 0.0000
2025-10-05 21:59:02,686 - INFO - Accuracy                 : 0.0000
2025-10-05 21:59:02,686 - INFO - Precision                : 0.0000
2025-10-05 21:59:02,686 - INFO - Recall                   : 0.0000
2025-10-05 21:59:02,686 - INFO - F1 Score                 : 0.0000
2025-10-05 21:59:02,686 - INFO - ==================================================
2025-10-05 21:59:46,327 - INFO - Época 2 concluída. Loss média: 5.2994
2025-10-05 21:59:46,329 - INFO - Iniciando inferência com o modelo SqueezeNet...
2025-10-05 21:59:50,824 - INFO - ==================================================
2025-10-05 21:59:50,824 - INFO - EXPERIMENT RESULTS
2025-10-05 21:59:50,824 - INFO - ==================================================
2025-10-05 21:59:50,824 - INFO - Elapsed Time Seconds     : 4.4619
2025-10-05 21:59:50,824 - INFO - Cpu Usage Percent        : 1.8281
2025-10-05 21:59:50,824 - INFO - Ram Peak Usage Bytes     : 1451544576.0000
2025-10-05 21:59:50,824 - INFO - Vram Peak Usage Bytes    : 227088896.0000
2025-10-05 21:59:50,824 - INFO - Gpu Power Watts          : 90.2170
2025-10-05 21:59:50,824 - INFO - Gpu Temp Celsius         : 41.0000
2025-10-05 21:59:50,824 - INFO - Gpu Utilization Percent  : 23.0000
2025-10-05 21:59:50,824 - INFO - Disk Read Bytes          : 0.0000
2025-10-05 21:59:50,824 - INFO - Disk Write Bytes         : 0.0000
2025-10-05 21:59:50,824 - INFO - Accuracy                 : 0.0000
2025-10-05 21:59:50,824 - INFO - Precision                : 0.0000
2025-10-05 21:59:50,824 - INFO - Recall                   : 0.0000
2025-10-05 21:59:50,825 - INFO - F1 Score                 : 0.0000
2025-10-05 21:59:50,825 - INFO - ==================================================
2025-10-05 22:00:33,145 - INFO - Época 3 concluída. Loss média: 5.2994
2025-10-05 22:00:33,147 - INFO - Iniciando inferência com o modelo SqueezeNet...
2025-10-05 22:00:37,576 - INFO - ==================================================
2025-10-05 22:00:37,576 - INFO - EXPERIMENT RESULTS
2025-10-05 22:00:37,576 - INFO - ==================================================
2025-10-05 22:00:37,576 - INFO - Elapsed Time Seconds     : 4.3973
2025-10-05 22:00:37,576 - INFO - Cpu Usage Percent        : 1.8188
2025-10-05 22:00:37,576 - INFO - Ram Peak Usage Bytes     : 1451634688.0000
2025-10-05 22:00:37,576 - INFO - Vram Peak Usage Bytes    : 227088896.0000
2025-10-05 22:00:37,576 - INFO - Gpu Power Watts          : 92.0080
2025-10-05 22:00:37,576 - INFO - Gpu Temp Celsius         : 42.0000
2025-10-05 22:00:37,576 - INFO - Gpu Utilization Percent  : 19.0000
2025-10-05 22:00:37,577 - INFO - Disk Read Bytes          : 0.0000
2025-10-05 22:00:37,577 - INFO - Disk Write Bytes         : 0.0000
2025-10-05 22:00:37,577 - INFO - Accuracy                 : 0.0000
2025-10-05 22:00:37,577 - INFO - Precision                : 0.0000
2025-10-05 22:00:37,577 - INFO - Recall                   : 0.0000
2025-10-05 22:00:37,577 - INFO - F1 Score                 : 0.0000
2025-10-05 22:00:37,577 - INFO - ==================================================
2025-10-05 22:01:20,883 - INFO - Época 4 concluída. Loss média: 5.2999
2025-10-05 22:01:20,885 - INFO - Iniciando inferência com o modelo SqueezeNet...
2025-10-05 22:01:25,380 - INFO - ==================================================
2025-10-05 22:01:25,380 - INFO - EXPERIMENT RESULTS
2025-10-05 22:01:25,380 - INFO - ==================================================
2025-10-05 22:01:25,381 - INFO - Elapsed Time Seconds     : 4.4628
2025-10-05 22:01:25,381 - INFO - Cpu Usage Percent        : 1.8062
2025-10-05 22:01:25,381 - INFO - Ram Peak Usage Bytes     : 1451671552.0000
2025-10-05 22:01:25,381 - INFO - Vram Peak Usage Bytes    : 227088896.0000
2025-10-05 22:01:25,381 - INFO - Gpu Power Watts          : 90.4710
2025-10-05 22:01:25,381 - INFO - Gpu Temp Celsius         : 41.0000
2025-10-05 22:01:25,381 - INFO - Gpu Utilization Percent  : 21.0000
2025-10-05 22:01:25,381 - INFO - Disk Read Bytes          : 0.0000
2025-10-05 22:01:25,381 - INFO - Disk Write Bytes         : 0.0000
2025-10-05 22:01:25,381 - INFO - Accuracy                 : 0.0000
2025-10-05 22:01:25,381 - INFO - Precision                : 0.0000
2025-10-05 22:01:25,381 - INFO - Recall                   : 0.0000
2025-10-05 22:01:25,381 - INFO - F1 Score                 : 0.0000
2025-10-05 22:01:25,381 - INFO - ==================================================
2025-10-05 22:02:09,029 - INFO - Época 5 concluída. Loss média: 5.2994
2025-10-05 22:02:09,032 - INFO - Iniciando inferência com o modelo SqueezeNet...
2025-10-05 22:02:13,474 - INFO - ==================================================
2025-10-05 22:02:13,475 - INFO - EXPERIMENT RESULTS
2025-10-05 22:02:13,475 - INFO - ==================================================
2025-10-05 22:02:13,475 - INFO - Elapsed Time Seconds     : 4.4102
2025-10-05 22:02:13,475 - INFO - Cpu Usage Percent        : 1.8219
2025-10-05 22:02:13,475 - INFO - Ram Peak Usage Bytes     : 1451671552.0000
2025-10-05 22:02:13,475 - INFO - Vram Peak Usage Bytes    : 227088896.0000
2025-10-05 22:02:13,475 - INFO - Gpu Power Watts          : 89.6110
2025-10-05 22:02:13,475 - INFO - Gpu Temp Celsius         : 42.0000
2025-10-05 22:02:13,475 - INFO - Gpu Utilization Percent  : 18.0000
2025-10-05 22:02:13,475 - INFO - Disk Read Bytes          : 0.0000
2025-10-05 22:02:13,475 - INFO - Disk Write Bytes         : 90112.0000
2025-10-05 22:02:13,475 - INFO - Accuracy                 : 0.0000
2025-10-05 22:02:13,475 - INFO - Precision                : 0.0000
2025-10-05 22:02:13,475 - INFO - Recall                   : 0.0000
2025-10-05 22:02:13,475 - INFO - F1 Score                 : 0.0000
2025-10-05 22:02:13,476 - INFO - ==================================================
2025-10-05 22:02:56,773 - INFO - Época 6 concluída. Loss média: 5.2994
2025-10-05 22:02:56,774 - INFO - Iniciando inferência com o modelo SqueezeNet...
2025-10-05 22:02:59,892 - INFO - ==================================================
2025-10-05 22:02:59,892 - INFO - EXPERIMENT RESULTS
2025-10-05 22:02:59,892 - INFO - ==================================================
2025-10-05 22:02:59,892 - INFO - Elapsed Time Seconds     : 3.0851
2025-10-05 22:02:59,892 - INFO - Cpu Usage Percent        : 3.7969
2025-10-05 22:02:59,892 - INFO - Ram Peak Usage Bytes     : 1451704320.0000
2025-10-05 22:02:59,892 - INFO - Vram Peak Usage Bytes    : 227088896.0000
2025-10-05 22:02:59,892 - INFO - Gpu Power Watts          : 109.0480
2025-10-05 22:02:59,893 - INFO - Gpu Temp Celsius         : 42.0000
2025-10-05 22:02:59,893 - INFO - Gpu Utilization Percent  : 32.0000
2025-10-05 22:02:59,893 - INFO - Disk Read Bytes          : 0.0000
2025-10-05 22:02:59,893 - INFO - Disk Write Bytes         : 0.0000
2025-10-05 22:02:59,893 - INFO - Accuracy                 : 0.0000
2025-10-05 22:02:59,893 - INFO - Precision                : 0.0000
2025-10-05 22:02:59,893 - INFO - Recall                   : 0.0000
2025-10-05 22:02:59,893 - INFO - F1 Score                 : 0.0000
2025-10-05 22:02:59,893 - INFO - ==================================================
2025-10-05 22:03:43,282 - INFO - Época 7 concluída. Loss média: 5.2994
2025-10-05 22:03:43,284 - INFO - Iniciando inferência com o modelo SqueezeNet...
2025-10-05 22:03:47,790 - INFO - ==================================================
2025-10-05 22:03:47,790 - INFO - EXPERIMENT RESULTS
2025-10-05 22:03:47,790 - INFO - ==================================================
2025-10-05 22:03:47,790 - INFO - Elapsed Time Seconds     : 4.4737
2025-10-05 22:03:47,790 - INFO - Cpu Usage Percent        : 1.8094
2025-10-05 22:03:47,791 - INFO - Ram Peak Usage Bytes     : 1451704320.0000
2025-10-05 22:03:47,791 - INFO - Vram Peak Usage Bytes    : 227088896.0000
2025-10-05 22:03:47,791 - INFO - Gpu Power Watts          : 90.9520
2025-10-05 22:03:47,791 - INFO - Gpu Temp Celsius         : 42.0000
2025-10-05 22:03:47,791 - INFO - Gpu Utilization Percent  : 23.0000
2025-10-05 22:03:47,791 - INFO - Disk Read Bytes          : 0.0000
2025-10-05 22:03:47,791 - INFO - Disk Write Bytes         : 32768.0000
2025-10-05 22:03:47,791 - INFO - Accuracy                 : 0.0000
2025-10-05 22:03:47,791 - INFO - Precision                : 0.0000
2025-10-05 22:03:47,791 - INFO - Recall                   : 0.0000
2025-10-05 22:03:47,791 - INFO - F1 Score                 : 0.0000
2025-10-05 22:03:47,791 - INFO - ==================================================
2025-10-05 22:04:31,317 - INFO - Época 8 concluída. Loss média: 5.2994
2025-10-05 22:04:31,320 - INFO - Iniciando inferência com o modelo SqueezeNet...
2025-10-05 22:04:35,822 - INFO - ==================================================
2025-10-05 22:04:35,822 - INFO - EXPERIMENT RESULTS
2025-10-05 22:04:35,822 - INFO - ==================================================
2025-10-05 22:04:35,822 - INFO - Elapsed Time Seconds     : 4.4704
2025-10-05 22:04:35,822 - INFO - Cpu Usage Percent        : 1.8188
2025-10-05 22:04:35,822 - INFO - Ram Peak Usage Bytes     : 1451704320.0000
2025-10-05 22:04:35,822 - INFO - Vram Peak Usage Bytes    : 227088896.0000
2025-10-05 22:04:35,822 - INFO - Gpu Power Watts          : 90.3020
2025-10-05 22:04:35,822 - INFO - Gpu Temp Celsius         : 42.0000
2025-10-05 22:04:35,822 - INFO - Gpu Utilization Percent  : 21.0000
2025-10-05 22:04:35,822 - INFO - Disk Read Bytes          : 0.0000
2025-10-05 22:04:35,822 - INFO - Disk Write Bytes         : 0.0000
2025-10-05 22:04:35,822 - INFO - Accuracy                 : 0.0000
2025-10-05 22:04:35,822 - INFO - Precision                : 0.0000
2025-10-05 22:04:35,822 - INFO - Recall                   : 0.0000
2025-10-05 22:04:35,822 - INFO - F1 Score                 : 0.0000
2025-10-05 22:04:35,823 - INFO - ==================================================
2025-10-05 22:05:19,332 - INFO - Época 9 concluída. Loss média: 5.2994
2025-10-05 22:05:19,334 - INFO - Iniciando inferência com o modelo SqueezeNet...
2025-10-05 22:05:23,782 - INFO - ==================================================
2025-10-05 22:05:23,782 - INFO - EXPERIMENT RESULTS
2025-10-05 22:05:23,782 - INFO - ==================================================
2025-10-05 22:05:23,782 - INFO - Elapsed Time Seconds     : 4.4158
2025-10-05 22:05:23,782 - INFO - Cpu Usage Percent        : 1.8406
2025-10-05 22:05:23,782 - INFO - Ram Peak Usage Bytes     : 1451704320.0000
2025-10-05 22:05:23,782 - INFO - Vram Peak Usage Bytes    : 227088896.0000
2025-10-05 22:05:23,783 - INFO - Gpu Power Watts          : 90.5310
2025-10-05 22:05:23,783 - INFO - Gpu Temp Celsius         : 42.0000
2025-10-05 22:05:23,783 - INFO - Gpu Utilization Percent  : 19.0000
2025-10-05 22:05:23,783 - INFO - Disk Read Bytes          : 0.0000
2025-10-05 22:05:23,783 - INFO - Disk Write Bytes         : 0.0000
2025-10-05 22:05:23,783 - INFO - Accuracy                 : 0.0000
2025-10-05 22:05:23,783 - INFO - Precision                : 0.0000
2025-10-05 22:05:23,783 - INFO - Recall                   : 0.0000
2025-10-05 22:05:23,783 - INFO - F1 Score                 : 0.0000
2025-10-05 22:05:23,783 - INFO - ==================================================
2025-10-05 22:06:06,952 - INFO - Época 10 concluída. Loss média: 5.2994
2025-10-05 22:06:06,954 - INFO - Iniciando inferência com o modelo SqueezeNet...
2025-10-05 22:06:11,390 - INFO - ==================================================
2025-10-05 22:06:11,390 - INFO - EXPERIMENT RESULTS
2025-10-05 22:06:11,391 - INFO - ==================================================
2025-10-05 22:06:11,391 - INFO - Elapsed Time Seconds     : 4.4037
2025-10-05 22:06:11,391 - INFO - Cpu Usage Percent        : 1.8531
2025-10-05 22:06:11,391 - INFO - Ram Peak Usage Bytes     : 1451708416.0000
2025-10-05 22:06:11,391 - INFO - Vram Peak Usage Bytes    : 227088896.0000
2025-10-05 22:06:11,391 - INFO - Gpu Power Watts          : 90.9060
2025-10-05 22:06:11,391 - INFO - Gpu Temp Celsius         : 42.0000
2025-10-05 22:06:11,391 - INFO - Gpu Utilization Percent  : 21.0000
2025-10-05 22:06:11,391 - INFO - Disk Read Bytes          : 0.0000
2025-10-05 22:06:11,391 - INFO - Disk Write Bytes         : 155648.0000
2025-10-05 22:06:11,391 - INFO - Accuracy                 : 0.0000
2025-10-05 22:06:11,391 - INFO - Precision                : 0.0000
2025-10-05 22:06:11,391 - INFO - Recall                   : 0.0000
2025-10-05 22:06:11,391 - INFO - F1 Score                 : 0.0000
2025-10-05 22:06:11,391 - INFO - ==================================================
2025-10-05 22:06:11,393 - INFO - Métricas de performance do treinamento:
2025-10-05 22:06:11,393 - INFO - ==================================================
2025-10-05 22:06:11,393 - INFO - EXPERIMENT RESULTS
2025-10-05 22:06:11,393 - INFO - ==================================================
2025-10-05 22:06:11,393 - INFO - Elapsed Time Seconds     : 462.2199
2025-10-05 22:06:11,393 - INFO - Cpu Usage Percent        : 3.2500
2025-10-05 22:06:11,393 - INFO - Ram Peak Usage Bytes     : 1451708416.0000
2025-10-05 22:06:11,393 - INFO - Vram Peak Usage Bytes    : 227088896.0000
2025-10-05 22:06:11,393 - INFO - Gpu Power Watts          : 90.9060
2025-10-05 22:06:11,393 - INFO - Gpu Temp Celsius         : 41.0000
2025-10-05 22:06:11,393 - INFO - Gpu Utilization Percent  : 21.0000
2025-10-05 22:06:11,393 - INFO - Disk Read Bytes          : 0.0000
2025-10-05 22:06:11,393 - INFO - Disk Write Bytes         : 4075520.0000
2025-10-05 22:06:11,393 - INFO - ==================================================
2025-10-05 22:06:11,467 - INFO - Modelo salvo em: trained_models/squeezenet_final.pth
2025-10-05 22:06:11,478 - INFO - Pipeline de treinamento concluído. Modelo salvo em: trained_models/squeezenet_final.pth
2025-10-05 22:06:11,478 - INFO - Iniciando pipeline de inferência para avaliação final no conjunto de validação...
2025-10-05 22:06:11,536 - INFO - Iniciando inferência com o modelo SqueezeNet...
2025-10-05 22:06:16,236 - INFO - ==================================================
2025-10-05 22:06:16,236 - INFO - EXPERIMENT RESULTS
2025-10-05 22:06:16,236 - INFO - ==================================================
2025-10-05 22:06:16,236 - INFO - Elapsed Time Seconds     : 4.6673
2025-10-05 22:06:16,236 - INFO - Cpu Usage Percent        : 2.5906
2025-10-05 22:06:16,236 - INFO - Ram Peak Usage Bytes     : 1434365952.0000
2025-10-05 22:06:16,236 - INFO - Vram Peak Usage Bytes    : 197876736.0000
2025-10-05 22:06:16,236 - INFO - Gpu Power Watts          : 90.0280
2025-10-05 22:06:16,236 - INFO - Gpu Temp Celsius         : 41.0000
2025-10-05 22:06:16,237 - INFO - Gpu Utilization Percent  : 23.0000
2025-10-05 22:06:16,237 - INFO - Disk Read Bytes          : 0.0000
2025-10-05 22:06:16,237 - INFO - Disk Write Bytes         : 0.0000
2025-10-05 22:06:16,237 - INFO - Accuracy                 : 0.0000
2025-10-05 22:06:16,237 - INFO - Precision                : 0.0000
2025-10-05 22:06:16,237 - INFO - Recall                   : 0.0000
2025-10-05 22:06:16,237 - INFO - F1 Score                 : 0.0000
2025-10-05 22:06:16,237 - INFO - ==================================================
2025-10-05 22:06:16,237 - INFO - Projeto executado com sucesso!
