2025-10-05 22:06:44,522 - INFO - ==================================================
2025-10-05 22:06:44,522 - INFO - EXPERIMENT CONFIGURATION
2025-10-05 22:06:44,522 - INFO - ==================================================
2025-10-05 22:06:44,522 - INFO - Model Name          : squeezenet
2025-10-05 22:06:44,522 - INFO - Config File         : configs/pcad_config.yaml
2025-10-05 22:06:44,522 - INFO - Train Data          : /scratch/ehdmenezes//tiny-imagenet-200/train
2025-10-05 22:06:44,522 - INFO - Validation Data     : /scratch/ehdmenezes//tiny-imagenet-200/val
2025-10-05 22:06:44,522 - INFO - model_params        : {'num_classes': 200}
2025-10-05 22:06:44,522 - INFO - train_params        : {'epochs': 10, 'batch_size': 32, 'learning_rate': 0.001}
2025-10-05 22:06:44,522 - INFO - inference_params    : {'batch_size': 32}
2025-10-05 22:06:44,522 - INFO - ==================================================
2025-10-05 22:06:44,539 - INFO - Semente aleatória para esta execução foi fixada em: 52
2025-10-05 22:06:44,809 - INFO - Iniciando treinamento do modelo squeezenet no dispositivo cuda.
2025-10-05 22:07:21,672 - INFO - Época 1 concluída. Loss média: 5.2994
2025-10-05 22:07:21,674 - INFO - Iniciando inferência com o modelo SqueezeNet...
2025-10-05 22:07:26,260 - INFO - ==================================================
2025-10-05 22:07:26,260 - INFO - EXPERIMENT RESULTS
2025-10-05 22:07:26,260 - INFO - ==================================================
2025-10-05 22:07:26,260 - INFO - Elapsed Time Seconds     : 4.5655
2025-10-05 22:07:26,260 - INFO - Cpu Usage Percent        : 1.7375
2025-10-05 22:07:26,260 - INFO - Ram Peak Usage Bytes     : 1450065920.0000
2025-10-05 22:07:26,261 - INFO - Vram Peak Usage Bytes    : 227088896.0000
2025-10-05 22:07:26,261 - INFO - Gpu Power Watts          : 89.5820
2025-10-05 22:07:26,261 - INFO - Gpu Temp Celsius         : 41.0000
2025-10-05 22:07:26,261 - INFO - Gpu Utilization Percent  : 22.0000
2025-10-05 22:07:26,261 - INFO - Disk Read Bytes          : 0.0000
2025-10-05 22:07:26,261 - INFO - Disk Write Bytes         : 0.0000
2025-10-05 22:07:26,261 - INFO - Accuracy                 : 0.0000
2025-10-05 22:07:26,261 - INFO - Precision                : 0.0000
2025-10-05 22:07:26,261 - INFO - Recall                   : 0.0000
2025-10-05 22:07:26,261 - INFO - F1 Score                 : 0.0000
2025-10-05 22:07:26,261 - INFO - ==================================================
2025-10-05 22:08:10,356 - INFO - Época 2 concluída. Loss média: 5.2994
2025-10-05 22:08:10,357 - INFO - Iniciando inferência com o modelo SqueezeNet...
2025-10-05 22:08:15,205 - INFO - ==================================================
2025-10-05 22:08:15,205 - INFO - EXPERIMENT RESULTS
2025-10-05 22:08:15,205 - INFO - ==================================================
2025-10-05 22:08:15,205 - INFO - Elapsed Time Seconds     : 4.8272
2025-10-05 22:08:15,205 - INFO - Cpu Usage Percent        : 2.4281
2025-10-05 22:08:15,205 - INFO - Ram Peak Usage Bytes     : 1451204608.0000
2025-10-05 22:08:15,205 - INFO - Vram Peak Usage Bytes    : 227088896.0000
2025-10-05 22:08:15,205 - INFO - Gpu Power Watts          : 88.8490
2025-10-05 22:08:15,205 - INFO - Gpu Temp Celsius         : 41.0000
2025-10-05 22:08:15,205 - INFO - Gpu Utilization Percent  : 22.0000
2025-10-05 22:08:15,205 - INFO - Disk Read Bytes          : 0.0000
2025-10-05 22:08:15,205 - INFO - Disk Write Bytes         : 69632.0000
2025-10-05 22:08:15,205 - INFO - Accuracy                 : 0.0000
2025-10-05 22:08:15,205 - INFO - Precision                : 0.0000
2025-10-05 22:08:15,205 - INFO - Recall                   : 0.0000
2025-10-05 22:08:15,205 - INFO - F1 Score                 : 0.0000
2025-10-05 22:08:15,205 - INFO - ==================================================
2025-10-05 22:08:45,852 - INFO - Época 3 concluída. Loss média: 5.2994
2025-10-05 22:08:45,854 - INFO - Iniciando inferência com o modelo SqueezeNet...
2025-10-05 22:08:50,475 - INFO - ==================================================
2025-10-05 22:08:50,476 - INFO - EXPERIMENT RESULTS
2025-10-05 22:08:50,476 - INFO - ==================================================
2025-10-05 22:08:50,476 - INFO - Elapsed Time Seconds     : 4.5891
2025-10-05 22:08:50,476 - INFO - Cpu Usage Percent        : 1.7563
2025-10-05 22:08:50,476 - INFO - Ram Peak Usage Bytes     : 1451266048.0000
2025-10-05 22:08:50,476 - INFO - Vram Peak Usage Bytes    : 227088896.0000
2025-10-05 22:08:50,476 - INFO - Gpu Power Watts          : 90.6670
2025-10-05 22:08:50,476 - INFO - Gpu Temp Celsius         : 43.0000
2025-10-05 22:08:50,476 - INFO - Gpu Utilization Percent  : 18.0000
2025-10-05 22:08:50,476 - INFO - Disk Read Bytes          : 0.0000
2025-10-05 22:08:50,476 - INFO - Disk Write Bytes         : 0.0000
2025-10-05 22:08:50,476 - INFO - Accuracy                 : 0.0000
2025-10-05 22:08:50,476 - INFO - Precision                : 0.0000
2025-10-05 22:08:50,476 - INFO - Recall                   : 0.0000
2025-10-05 22:08:50,476 - INFO - F1 Score                 : 0.0000
2025-10-05 22:08:50,477 - INFO - ==================================================
2025-10-05 22:09:34,964 - INFO - Época 4 concluída. Loss média: 5.2994
2025-10-05 22:09:34,965 - INFO - Iniciando inferência com o modelo SqueezeNet...
2025-10-05 22:09:38,085 - INFO - ==================================================
2025-10-05 22:09:38,085 - INFO - EXPERIMENT RESULTS
2025-10-05 22:09:38,085 - INFO - ==================================================
2025-10-05 22:09:38,085 - INFO - Elapsed Time Seconds     : 3.0872
2025-10-05 22:09:38,085 - INFO - Cpu Usage Percent        : 3.1594
2025-10-05 22:09:38,085 - INFO - Ram Peak Usage Bytes     : 1451286528.0000
2025-10-05 22:09:38,086 - INFO - Vram Peak Usage Bytes    : 227088896.0000
2025-10-05 22:09:38,086 - INFO - Gpu Power Watts          : 108.2180
2025-10-05 22:09:38,086 - INFO - Gpu Temp Celsius         : 43.0000
2025-10-05 22:09:38,086 - INFO - Gpu Utilization Percent  : 33.0000
2025-10-05 22:09:38,086 - INFO - Disk Read Bytes          : 0.0000
2025-10-05 22:09:38,086 - INFO - Disk Write Bytes         : 0.0000
2025-10-05 22:09:38,086 - INFO - Accuracy                 : 0.0000
2025-10-05 22:09:38,086 - INFO - Precision                : 0.0000
2025-10-05 22:09:38,086 - INFO - Recall                   : 0.0000
2025-10-05 22:09:38,086 - INFO - F1 Score                 : 0.0000
2025-10-05 22:09:38,086 - INFO - ==================================================
2025-10-05 22:10:22,414 - INFO - Época 5 concluída. Loss média: 5.2994
2025-10-05 22:10:22,417 - INFO - Iniciando inferência com o modelo SqueezeNet...
2025-10-05 22:10:27,087 - INFO - ==================================================
2025-10-05 22:10:27,088 - INFO - EXPERIMENT RESULTS
2025-10-05 22:10:27,088 - INFO - ==================================================
2025-10-05 22:10:27,088 - INFO - Elapsed Time Seconds     : 4.6385
2025-10-05 22:10:27,088 - INFO - Cpu Usage Percent        : 1.7375
2025-10-05 22:10:27,088 - INFO - Ram Peak Usage Bytes     : 1451323392.0000
2025-10-05 22:10:27,088 - INFO - Vram Peak Usage Bytes    : 227088896.0000
2025-10-05 22:10:27,088 - INFO - Gpu Power Watts          : 87.9800
2025-10-05 22:10:27,088 - INFO - Gpu Temp Celsius         : 42.0000
2025-10-05 22:10:27,088 - INFO - Gpu Utilization Percent  : 18.0000
2025-10-05 22:10:27,088 - INFO - Disk Read Bytes          : 0.0000
2025-10-05 22:10:27,088 - INFO - Disk Write Bytes         : 0.0000
2025-10-05 22:10:27,088 - INFO - Accuracy                 : 0.0000
2025-10-05 22:10:27,088 - INFO - Precision                : 0.0000
2025-10-05 22:10:27,088 - INFO - Recall                   : 0.0000
2025-10-05 22:10:27,088 - INFO - F1 Score                 : 0.0000
2025-10-05 22:10:27,089 - INFO - ==================================================
2025-10-05 22:11:11,550 - INFO - Época 6 concluída. Loss média: 5.2994
2025-10-05 22:11:11,552 - INFO - Iniciando inferência com o modelo SqueezeNet...
2025-10-05 22:11:16,171 - INFO - ==================================================
2025-10-05 22:11:16,171 - INFO - EXPERIMENT RESULTS
2025-10-05 22:11:16,171 - INFO - ==================================================
2025-10-05 22:11:16,171 - INFO - Elapsed Time Seconds     : 4.5867
2025-10-05 22:11:16,172 - INFO - Cpu Usage Percent        : 1.8750
2025-10-05 22:11:16,172 - INFO - Ram Peak Usage Bytes     : 1451360256.0000
2025-10-05 22:11:16,172 - INFO - Vram Peak Usage Bytes    : 227088896.0000
2025-10-05 22:11:16,172 - INFO - Gpu Power Watts          : 89.6410
2025-10-05 22:11:16,172 - INFO - Gpu Temp Celsius         : 42.0000
2025-10-05 22:11:16,172 - INFO - Gpu Utilization Percent  : 18.0000
2025-10-05 22:11:16,172 - INFO - Disk Read Bytes          : 0.0000
2025-10-05 22:11:16,172 - INFO - Disk Write Bytes         : 49152.0000
2025-10-05 22:11:16,172 - INFO - Accuracy                 : 0.0000
2025-10-05 22:11:16,172 - INFO - Precision                : 0.0000
2025-10-05 22:11:16,172 - INFO - Recall                   : 0.0000
2025-10-05 22:11:16,172 - INFO - F1 Score                 : 0.0000
2025-10-05 22:11:16,172 - INFO - ==================================================
2025-10-05 22:12:01,022 - INFO - Época 7 concluída. Loss média: 5.2994
2025-10-05 22:12:01,024 - INFO - Iniciando inferência com o modelo SqueezeNet...
2025-10-05 22:12:05,648 - INFO - ==================================================
2025-10-05 22:12:05,648 - INFO - EXPERIMENT RESULTS
2025-10-05 22:12:05,648 - INFO - ==================================================
2025-10-05 22:12:05,649 - INFO - Elapsed Time Seconds     : 4.5913
2025-10-05 22:12:05,649 - INFO - Cpu Usage Percent        : 1.7563
2025-10-05 22:12:05,649 - INFO - Ram Peak Usage Bytes     : 1451364352.0000
2025-10-05 22:12:05,649 - INFO - Vram Peak Usage Bytes    : 227088896.0000
2025-10-05 22:12:05,649 - INFO - Gpu Power Watts          : 91.5280
2025-10-05 22:12:05,649 - INFO - Gpu Temp Celsius         : 42.0000
2025-10-05 22:12:05,649 - INFO - Gpu Utilization Percent  : 23.0000
2025-10-05 22:12:05,649 - INFO - Disk Read Bytes          : 0.0000
2025-10-05 22:12:05,649 - INFO - Disk Write Bytes         : 0.0000
2025-10-05 22:12:05,649 - INFO - Accuracy                 : 0.0000
2025-10-05 22:12:05,649 - INFO - Precision                : 0.0000
2025-10-05 22:12:05,649 - INFO - Recall                   : 0.0000
2025-10-05 22:12:05,649 - INFO - F1 Score                 : 0.0000
2025-10-05 22:12:05,649 - INFO - ==================================================
2025-10-05 22:12:50,522 - INFO - Época 8 concluída. Loss média: 5.2994
2025-10-05 22:12:50,524 - INFO - Iniciando inferência com o modelo SqueezeNet...
2025-10-05 22:12:55,032 - INFO - ==================================================
2025-10-05 22:12:55,032 - INFO - EXPERIMENT RESULTS
2025-10-05 22:12:55,032 - INFO - ==================================================
2025-10-05 22:12:55,033 - INFO - Elapsed Time Seconds     : 4.4757
2025-10-05 22:12:55,033 - INFO - Cpu Usage Percent        : 1.8000
2025-10-05 22:12:55,033 - INFO - Ram Peak Usage Bytes     : 1451372544.0000
2025-10-05 22:12:55,033 - INFO - Vram Peak Usage Bytes    : 227088896.0000
2025-10-05 22:12:55,033 - INFO - Gpu Power Watts          : 91.6590
2025-10-05 22:12:55,033 - INFO - Gpu Temp Celsius         : 42.0000
2025-10-05 22:12:55,033 - INFO - Gpu Utilization Percent  : 23.0000
2025-10-05 22:12:55,033 - INFO - Disk Read Bytes          : 0.0000
2025-10-05 22:12:55,033 - INFO - Disk Write Bytes         : 0.0000
2025-10-05 22:12:55,033 - INFO - Accuracy                 : 0.0000
2025-10-05 22:12:55,033 - INFO - Precision                : 0.0000
2025-10-05 22:12:55,033 - INFO - Recall                   : 0.0000
2025-10-05 22:12:55,033 - INFO - F1 Score                 : 0.0000
2025-10-05 22:12:55,033 - INFO - ==================================================
2025-10-05 22:13:25,472 - INFO - Época 9 concluída. Loss média: 5.2994
2025-10-05 22:13:25,474 - INFO - Iniciando inferência com o modelo SqueezeNet...
2025-10-05 22:13:30,133 - INFO - ==================================================
2025-10-05 22:13:30,133 - INFO - EXPERIMENT RESULTS
2025-10-05 22:13:30,133 - INFO - ==================================================
2025-10-05 22:13:30,133 - INFO - Elapsed Time Seconds     : 4.6259
2025-10-05 22:13:30,133 - INFO - Cpu Usage Percent        : 1.7500
2025-10-05 22:13:30,133 - INFO - Ram Peak Usage Bytes     : 1451372544.0000
2025-10-05 22:13:30,133 - INFO - Vram Peak Usage Bytes    : 227088896.0000
2025-10-05 22:13:30,133 - INFO - Gpu Power Watts          : 88.4340
2025-10-05 22:13:30,133 - INFO - Gpu Temp Celsius         : 42.0000
2025-10-05 22:13:30,133 - INFO - Gpu Utilization Percent  : 23.0000
2025-10-05 22:13:30,133 - INFO - Disk Read Bytes          : 0.0000
2025-10-05 22:13:30,134 - INFO - Disk Write Bytes         : 172032.0000
2025-10-05 22:13:30,134 - INFO - Accuracy                 : 0.0000
2025-10-05 22:13:30,134 - INFO - Precision                : 0.0000
2025-10-05 22:13:30,134 - INFO - Recall                   : 0.0000
2025-10-05 22:13:30,134 - INFO - F1 Score                 : 0.0000
2025-10-05 22:13:30,134 - INFO - ==================================================
2025-10-05 22:14:14,976 - INFO - Época 10 concluída. Loss média: 5.2993
2025-10-05 22:14:14,977 - INFO - Iniciando inferência com o modelo SqueezeNet...
2025-10-05 22:14:18,081 - INFO - ==================================================
2025-10-05 22:14:18,081 - INFO - EXPERIMENT RESULTS
2025-10-05 22:14:18,081 - INFO - ==================================================
2025-10-05 22:14:18,081 - INFO - Elapsed Time Seconds     : 3.0729
2025-10-05 22:14:18,081 - INFO - Cpu Usage Percent        : 2.6844
2025-10-05 22:14:18,081 - INFO - Ram Peak Usage Bytes     : 1451384832.0000
2025-10-05 22:14:18,081 - INFO - Vram Peak Usage Bytes    : 227088896.0000
2025-10-05 22:14:18,082 - INFO - Gpu Power Watts          : 109.2840
2025-10-05 22:14:18,082 - INFO - Gpu Temp Celsius         : 43.0000
2025-10-05 22:14:18,082 - INFO - Gpu Utilization Percent  : 29.0000
2025-10-05 22:14:18,082 - INFO - Disk Read Bytes          : 0.0000
2025-10-05 22:14:18,082 - INFO - Disk Write Bytes         : 0.0000
2025-10-05 22:14:18,082 - INFO - Accuracy                 : 0.0000
2025-10-05 22:14:18,082 - INFO - Precision                : 0.0000
2025-10-05 22:14:18,082 - INFO - Recall                   : 0.0000
2025-10-05 22:14:18,082 - INFO - F1 Score                 : 0.0000
2025-10-05 22:14:18,082 - INFO - ==================================================
2025-10-05 22:14:18,083 - INFO - Métricas de performance do treinamento:
2025-10-05 22:14:18,083 - INFO - ==================================================
2025-10-05 22:14:18,083 - INFO - EXPERIMENT RESULTS
2025-10-05 22:14:18,083 - INFO - ==================================================
2025-10-05 22:14:18,083 - INFO - Elapsed Time Seconds     : 453.2722
2025-10-05 22:14:18,083 - INFO - Cpu Usage Percent        : 3.3031
2025-10-05 22:14:18,084 - INFO - Ram Peak Usage Bytes     : 1451384832.0000
2025-10-05 22:14:18,084 - INFO - Vram Peak Usage Bytes    : 227088896.0000
2025-10-05 22:14:18,084 - INFO - Gpu Power Watts          : 109.2840
2025-10-05 22:14:18,084 - INFO - Gpu Temp Celsius         : 43.0000
2025-10-05 22:14:18,084 - INFO - Gpu Utilization Percent  : 29.0000
2025-10-05 22:14:18,084 - INFO - Disk Read Bytes          : 0.0000
2025-10-05 22:14:18,084 - INFO - Disk Write Bytes         : 4206592.0000
2025-10-05 22:14:18,084 - INFO - ==================================================
2025-10-05 22:14:18,160 - INFO - Modelo salvo em: trained_models/squeezenet_final.pth
2025-10-05 22:14:18,170 - INFO - Pipeline de treinamento concluído. Modelo salvo em: trained_models/squeezenet_final.pth
2025-10-05 22:14:18,170 - INFO - Iniciando pipeline de inferência para avaliação final no conjunto de validação...
2025-10-05 22:14:18,228 - INFO - Iniciando inferência com o modelo SqueezeNet...
2025-10-05 22:14:22,869 - INFO - ==================================================
2025-10-05 22:14:22,869 - INFO - EXPERIMENT RESULTS
2025-10-05 22:14:22,869 - INFO - ==================================================
2025-10-05 22:14:22,869 - INFO - Elapsed Time Seconds     : 4.6098
2025-10-05 22:14:22,869 - INFO - Cpu Usage Percent        : 1.7688
2025-10-05 22:14:22,869 - INFO - Ram Peak Usage Bytes     : 1433014272.0000
2025-10-05 22:14:22,869 - INFO - Vram Peak Usage Bytes    : 197876736.0000
2025-10-05 22:14:22,869 - INFO - Gpu Power Watts          : 92.3070
2025-10-05 22:14:22,869 - INFO - Gpu Temp Celsius         : 42.0000
2025-10-05 22:14:22,869 - INFO - Gpu Utilization Percent  : 23.0000
2025-10-05 22:14:22,869 - INFO - Disk Read Bytes          : 0.0000
2025-10-05 22:14:22,869 - INFO - Disk Write Bytes         : 77824.0000
2025-10-05 22:14:22,869 - INFO - Accuracy                 : 0.0000
2025-10-05 22:14:22,869 - INFO - Precision                : 0.0000
2025-10-05 22:14:22,869 - INFO - Recall                   : 0.0000
2025-10-05 22:14:22,869 - INFO - F1 Score                 : 0.0000
2025-10-05 22:14:22,870 - INFO - ==================================================
2025-10-05 22:14:22,870 - INFO - Projeto executado com sucesso!
