2025-10-05 22:14:53,102 - INFO - ==================================================
2025-10-05 22:14:53,102 - INFO - EXPERIMENT CONFIGURATION
2025-10-05 22:14:53,102 - INFO - ==================================================
2025-10-05 22:14:53,102 - INFO - Model Name          : squeezenet
2025-10-05 22:14:53,102 - INFO - Config File         : configs/pcad_config.yaml
2025-10-05 22:14:53,102 - INFO - Train Data          : /scratch/ehdmenezes//tiny-imagenet-200/train
2025-10-05 22:14:53,102 - INFO - Validation Data     : /scratch/ehdmenezes//tiny-imagenet-200/val
2025-10-05 22:14:53,102 - INFO - model_params        : {'num_classes': 200}
2025-10-05 22:14:53,102 - INFO - train_params        : {'epochs': 10, 'batch_size': 32, 'learning_rate': 0.001}
2025-10-05 22:14:53,102 - INFO - inference_params    : {'batch_size': 32}
2025-10-05 22:14:53,102 - INFO - ==================================================
2025-10-05 22:14:53,118 - INFO - Semente aleatória para esta execução foi fixada em: 72
2025-10-05 22:14:53,423 - INFO - Iniciando treinamento do modelo squeezenet no dispositivo cuda.
2025-10-05 22:15:24,246 - INFO - Época 1 concluída. Loss média: 5.2999
2025-10-05 22:15:24,247 - INFO - Iniciando inferência com o modelo SqueezeNet...
2025-10-05 22:15:28,813 - INFO - ==================================================
2025-10-05 22:15:28,813 - INFO - EXPERIMENT RESULTS
2025-10-05 22:15:28,813 - INFO - ==================================================
2025-10-05 22:15:28,813 - INFO - Elapsed Time Seconds     : 4.5332
2025-10-05 22:15:28,813 - INFO - Cpu Usage Percent        : 1.8125
2025-10-05 22:15:28,813 - INFO - Ram Peak Usage Bytes     : 1450622976.0000
2025-10-05 22:15:28,813 - INFO - Vram Peak Usage Bytes    : 227088896.0000
2025-10-05 22:15:28,813 - INFO - Gpu Power Watts          : 89.6940
2025-10-05 22:15:28,813 - INFO - Gpu Temp Celsius         : 42.0000
2025-10-05 22:15:28,813 - INFO - Gpu Utilization Percent  : 15.0000
2025-10-05 22:15:28,813 - INFO - Disk Read Bytes          : 0.0000
2025-10-05 22:15:28,813 - INFO - Disk Write Bytes         : 0.0000
2025-10-05 22:15:28,813 - INFO - Accuracy                 : 0.0000
2025-10-05 22:15:28,813 - INFO - Precision                : 0.0000
2025-10-05 22:15:28,813 - INFO - Recall                   : 0.0000
2025-10-05 22:15:28,813 - INFO - F1 Score                 : 0.0000
2025-10-05 22:15:28,813 - INFO - ==================================================
2025-10-05 22:16:07,558 - INFO - Época 2 concluída. Loss média: 5.2994
2025-10-05 22:16:07,560 - INFO - Iniciando inferência com o modelo SqueezeNet...
2025-10-05 22:16:11,932 - INFO - ==================================================
2025-10-05 22:16:11,933 - INFO - EXPERIMENT RESULTS
2025-10-05 22:16:11,933 - INFO - ==================================================
2025-10-05 22:16:11,933 - INFO - Elapsed Time Seconds     : 4.3524
2025-10-05 22:16:11,933 - INFO - Cpu Usage Percent        : 1.8313
2025-10-05 22:16:11,933 - INFO - Ram Peak Usage Bytes     : 1451728896.0000
2025-10-05 22:16:11,933 - INFO - Vram Peak Usage Bytes    : 227088896.0000
2025-10-05 22:16:11,933 - INFO - Gpu Power Watts          : 92.7810
2025-10-05 22:16:11,933 - INFO - Gpu Temp Celsius         : 43.0000
2025-10-05 22:16:11,933 - INFO - Gpu Utilization Percent  : 23.0000
2025-10-05 22:16:11,933 - INFO - Disk Read Bytes          : 0.0000
2025-10-05 22:16:11,933 - INFO - Disk Write Bytes         : 163840.0000
2025-10-05 22:16:11,933 - INFO - Accuracy                 : 0.0000
2025-10-05 22:16:11,933 - INFO - Precision                : 0.0000
2025-10-05 22:16:11,933 - INFO - Recall                   : 0.0000
2025-10-05 22:16:11,933 - INFO - F1 Score                 : 0.0000
2025-10-05 22:16:11,933 - INFO - ==================================================
2025-10-05 22:16:47,651 - INFO - Época 3 concluída. Loss média: 5.2994
2025-10-05 22:16:47,653 - INFO - Iniciando inferência com o modelo SqueezeNet...
2025-10-05 22:16:52,037 - INFO - ==================================================
2025-10-05 22:16:52,037 - INFO - EXPERIMENT RESULTS
2025-10-05 22:16:52,037 - INFO - ==================================================
2025-10-05 22:16:52,037 - INFO - Elapsed Time Seconds     : 4.3643
2025-10-05 22:16:52,037 - INFO - Cpu Usage Percent        : 1.8125
2025-10-05 22:16:52,037 - INFO - Ram Peak Usage Bytes     : 1451835392.0000
2025-10-05 22:16:52,037 - INFO - Vram Peak Usage Bytes    : 227088896.0000
2025-10-05 22:16:52,038 - INFO - Gpu Power Watts          : 93.6680
2025-10-05 22:16:52,038 - INFO - Gpu Temp Celsius         : 43.0000
2025-10-05 22:16:52,038 - INFO - Gpu Utilization Percent  : 23.0000
2025-10-05 22:16:52,038 - INFO - Disk Read Bytes          : 0.0000
2025-10-05 22:16:52,038 - INFO - Disk Write Bytes         : 0.0000
2025-10-05 22:16:52,038 - INFO - Accuracy                 : 0.0000
2025-10-05 22:16:52,038 - INFO - Precision                : 0.0000
2025-10-05 22:16:52,038 - INFO - Recall                   : 0.0000
2025-10-05 22:16:52,038 - INFO - F1 Score                 : 0.0000
2025-10-05 22:16:52,038 - INFO - ==================================================
2025-10-05 22:17:35,044 - INFO - Época 4 concluída. Loss média: 5.2994
2025-10-05 22:17:35,046 - INFO - Iniciando inferência com o modelo SqueezeNet...
2025-10-05 22:17:39,491 - INFO - ==================================================
2025-10-05 22:17:39,491 - INFO - EXPERIMENT RESULTS
2025-10-05 22:17:39,491 - INFO - ==================================================
2025-10-05 22:17:39,491 - INFO - Elapsed Time Seconds     : 4.4245
2025-10-05 22:17:39,491 - INFO - Cpu Usage Percent        : 1.7875
2025-10-05 22:17:39,491 - INFO - Ram Peak Usage Bytes     : 1451851776.0000
2025-10-05 22:17:39,491 - INFO - Vram Peak Usage Bytes    : 227088896.0000
2025-10-05 22:17:39,491 - INFO - Gpu Power Watts          : 91.6550
2025-10-05 22:17:39,491 - INFO - Gpu Temp Celsius         : 42.0000
2025-10-05 22:17:39,491 - INFO - Gpu Utilization Percent  : 20.0000
2025-10-05 22:17:39,491 - INFO - Disk Read Bytes          : 0.0000
2025-10-05 22:17:39,491 - INFO - Disk Write Bytes         : 0.0000
2025-10-05 22:17:39,491 - INFO - Accuracy                 : 0.0000
2025-10-05 22:17:39,491 - INFO - Precision                : 0.0000
2025-10-05 22:17:39,491 - INFO - Recall                   : 0.0000
2025-10-05 22:17:39,491 - INFO - F1 Score                 : 0.0000
2025-10-05 22:17:39,492 - INFO - ==================================================
2025-10-05 22:18:08,789 - INFO - Época 5 concluída. Loss média: 5.2994
2025-10-05 22:18:08,791 - INFO - Iniciando inferência com o modelo SqueezeNet...
2025-10-05 22:18:11,799 - INFO - ==================================================
2025-10-05 22:18:11,799 - INFO - EXPERIMENT RESULTS
2025-10-05 22:18:11,799 - INFO - ==================================================
2025-10-05 22:18:11,799 - INFO - Elapsed Time Seconds     : 2.9870
2025-10-05 22:18:11,799 - INFO - Cpu Usage Percent        : 2.7188
2025-10-05 22:18:11,799 - INFO - Ram Peak Usage Bytes     : 1451843584.0000
2025-10-05 22:18:11,799 - INFO - Vram Peak Usage Bytes    : 227088896.0000
2025-10-05 22:18:11,799 - INFO - Gpu Power Watts          : 110.6790
2025-10-05 22:18:11,799 - INFO - Gpu Temp Celsius         : 44.0000
2025-10-05 22:18:11,799 - INFO - Gpu Utilization Percent  : 30.0000
2025-10-05 22:18:11,799 - INFO - Disk Read Bytes          : 0.0000
2025-10-05 22:18:11,799 - INFO - Disk Write Bytes         : 155648.0000
2025-10-05 22:18:11,799 - INFO - Accuracy                 : 0.0000
2025-10-05 22:18:11,799 - INFO - Precision                : 0.0000
2025-10-05 22:18:11,799 - INFO - Recall                   : 0.0000
2025-10-05 22:18:11,799 - INFO - F1 Score                 : 0.0000
2025-10-05 22:18:11,799 - INFO - ==================================================
2025-10-05 22:18:42,227 - INFO - Época 6 concluída. Loss média: 5.2994
2025-10-05 22:18:42,228 - INFO - Iniciando inferência com o modelo SqueezeNet...
2025-10-05 22:18:45,322 - INFO - ==================================================
2025-10-05 22:18:45,322 - INFO - EXPERIMENT RESULTS
2025-10-05 22:18:45,322 - INFO - ==================================================
2025-10-05 22:18:45,322 - INFO - Elapsed Time Seconds     : 3.0626
2025-10-05 22:18:45,322 - INFO - Cpu Usage Percent        : 2.6719
2025-10-05 22:18:45,322 - INFO - Ram Peak Usage Bytes     : 1451876352.0000
2025-10-05 22:18:45,322 - INFO - Vram Peak Usage Bytes    : 227088896.0000
2025-10-05 22:18:45,322 - INFO - Gpu Power Watts          : 109.5330
2025-10-05 22:18:45,322 - INFO - Gpu Temp Celsius         : 45.0000
2025-10-05 22:18:45,322 - INFO - Gpu Utilization Percent  : 31.0000
2025-10-05 22:18:45,322 - INFO - Disk Read Bytes          : 0.0000
2025-10-05 22:18:45,323 - INFO - Disk Write Bytes         : 0.0000
2025-10-05 22:18:45,323 - INFO - Accuracy                 : 0.0000
2025-10-05 22:18:45,323 - INFO - Precision                : 0.0000
2025-10-05 22:18:45,323 - INFO - Recall                   : 0.0000
2025-10-05 22:18:45,323 - INFO - F1 Score                 : 0.0000
2025-10-05 22:18:45,323 - INFO - ==================================================
2025-10-05 22:19:28,393 - INFO - Época 7 concluída. Loss média: 5.2994
2025-10-05 22:19:28,394 - INFO - Iniciando inferência com o modelo SqueezeNet...
2025-10-05 22:19:31,434 - INFO - ==================================================
2025-10-05 22:19:31,434 - INFO - EXPERIMENT RESULTS
2025-10-05 22:19:31,434 - INFO - ==================================================
2025-10-05 22:19:31,434 - INFO - Elapsed Time Seconds     : 3.0208
2025-10-05 22:19:31,434 - INFO - Cpu Usage Percent        : 2.7000
2025-10-05 22:19:31,435 - INFO - Ram Peak Usage Bytes     : 1451876352.0000
2025-10-05 22:19:31,435 - INFO - Vram Peak Usage Bytes    : 227088896.0000
2025-10-05 22:19:31,435 - INFO - Gpu Power Watts          : 109.4930
2025-10-05 22:19:31,435 - INFO - Gpu Temp Celsius         : 44.0000
2025-10-05 22:19:31,435 - INFO - Gpu Utilization Percent  : 33.0000
2025-10-05 22:19:31,435 - INFO - Disk Read Bytes          : 0.0000
2025-10-05 22:19:31,435 - INFO - Disk Write Bytes         : 0.0000
2025-10-05 22:19:31,435 - INFO - Accuracy                 : 0.0000
2025-10-05 22:19:31,435 - INFO - Precision                : 0.0000
2025-10-05 22:19:31,435 - INFO - Recall                   : 0.0000
2025-10-05 22:19:31,435 - INFO - F1 Score                 : 0.0000
2025-10-05 22:19:31,435 - INFO - ==================================================
2025-10-05 22:20:12,088 - INFO - Época 8 concluída. Loss média: 5.2994
2025-10-05 22:20:12,089 - INFO - Iniciando inferência com o modelo SqueezeNet...
2025-10-05 22:20:16,502 - INFO - ==================================================
2025-10-05 22:20:16,502 - INFO - EXPERIMENT RESULTS
2025-10-05 22:20:16,502 - INFO - ==================================================
2025-10-05 22:20:16,502 - INFO - Elapsed Time Seconds     : 4.3922
2025-10-05 22:20:16,502 - INFO - Cpu Usage Percent        : 1.8000
2025-10-05 22:20:16,502 - INFO - Ram Peak Usage Bytes     : 1454329856.0000
2025-10-05 22:20:16,502 - INFO - Vram Peak Usage Bytes    : 227088896.0000
2025-10-05 22:20:16,502 - INFO - Gpu Power Watts          : 90.7480
2025-10-05 22:20:16,502 - INFO - Gpu Temp Celsius         : 43.0000
2025-10-05 22:20:16,502 - INFO - Gpu Utilization Percent  : 20.0000
2025-10-05 22:20:16,502 - INFO - Disk Read Bytes          : 0.0000
2025-10-05 22:20:16,502 - INFO - Disk Write Bytes         : 98304.0000
2025-10-05 22:20:16,502 - INFO - Accuracy                 : 0.0000
2025-10-05 22:20:16,502 - INFO - Precision                : 0.0000
2025-10-05 22:20:16,502 - INFO - Recall                   : 0.0000
2025-10-05 22:20:16,502 - INFO - F1 Score                 : 0.0000
2025-10-05 22:20:16,502 - INFO - ==================================================
2025-10-05 22:20:46,480 - INFO - Época 9 concluída. Loss média: 5.2994
2025-10-05 22:20:46,482 - INFO - Iniciando inferência com o modelo SqueezeNet...
2025-10-05 22:20:49,519 - INFO - ==================================================
2025-10-05 22:20:49,519 - INFO - EXPERIMENT RESULTS
2025-10-05 22:20:49,519 - INFO - ==================================================
2025-10-05 22:20:49,519 - INFO - Elapsed Time Seconds     : 3.0050
2025-10-05 22:20:49,519 - INFO - Cpu Usage Percent        : 2.7437
2025-10-05 22:20:49,519 - INFO - Ram Peak Usage Bytes     : 1455984640.0000
2025-10-05 22:20:49,519 - INFO - Vram Peak Usage Bytes    : 227088896.0000
2025-10-05 22:20:49,520 - INFO - Gpu Power Watts          : 110.1670
2025-10-05 22:20:49,520 - INFO - Gpu Temp Celsius         : 45.0000
2025-10-05 22:20:49,520 - INFO - Gpu Utilization Percent  : 35.0000
2025-10-05 22:20:49,520 - INFO - Disk Read Bytes          : 0.0000
2025-10-05 22:20:49,520 - INFO - Disk Write Bytes         : 0.0000
2025-10-05 22:20:49,520 - INFO - Accuracy                 : 0.0000
2025-10-05 22:20:49,520 - INFO - Precision                : 0.0000
2025-10-05 22:20:49,520 - INFO - Recall                   : 0.0000
2025-10-05 22:20:49,520 - INFO - F1 Score                 : 0.0000
2025-10-05 22:20:49,520 - INFO - ==================================================
2025-10-05 22:21:33,589 - INFO - Época 10 concluída. Loss média: 5.2993
2025-10-05 22:21:33,590 - INFO - Iniciando inferência com o modelo SqueezeNet...
2025-10-05 22:21:38,061 - INFO - ==================================================
2025-10-05 22:21:38,061 - INFO - EXPERIMENT RESULTS
2025-10-05 22:21:38,062 - INFO - ==================================================
2025-10-05 22:21:38,062 - INFO - Elapsed Time Seconds     : 4.4501
2025-10-05 22:21:38,062 - INFO - Cpu Usage Percent        : 1.7781
2025-10-05 22:21:38,062 - INFO - Ram Peak Usage Bytes     : 1456001024.0000
2025-10-05 22:21:38,062 - INFO - Vram Peak Usage Bytes    : 227088896.0000
2025-10-05 22:21:38,062 - INFO - Gpu Power Watts          : 91.4680
2025-10-05 22:21:38,062 - INFO - Gpu Temp Celsius         : 43.0000
2025-10-05 22:21:38,062 - INFO - Gpu Utilization Percent  : 19.0000
2025-10-05 22:21:38,062 - INFO - Disk Read Bytes          : 0.0000
2025-10-05 22:21:38,062 - INFO - Disk Write Bytes         : 0.0000
2025-10-05 22:21:38,062 - INFO - Accuracy                 : 0.0000
2025-10-05 22:21:38,062 - INFO - Precision                : 0.0000
2025-10-05 22:21:38,062 - INFO - Recall                   : 0.0000
2025-10-05 22:21:38,062 - INFO - F1 Score                 : 0.0000
2025-10-05 22:21:38,062 - INFO - ==================================================
2025-10-05 22:21:38,063 - INFO - Métricas de performance do treinamento:
2025-10-05 22:21:38,063 - INFO - ==================================================
2025-10-05 22:21:38,063 - INFO - EXPERIMENT RESULTS
2025-10-05 22:21:38,063 - INFO - ==================================================
2025-10-05 22:21:38,063 - INFO - Elapsed Time Seconds     : 404.6384
2025-10-05 22:21:38,063 - INFO - Cpu Usage Percent        : 3.7406
2025-10-05 22:21:38,063 - INFO - Ram Peak Usage Bytes     : 1455988736.0000
2025-10-05 22:21:38,063 - INFO - Vram Peak Usage Bytes    : 227088896.0000
2025-10-05 22:21:38,063 - INFO - Gpu Power Watts          : 89.3410
2025-10-05 22:21:38,063 - INFO - Gpu Temp Celsius         : 42.0000
2025-10-05 22:21:38,063 - INFO - Gpu Utilization Percent  : 17.0000
2025-10-05 22:21:38,063 - INFO - Disk Read Bytes          : 0.0000
2025-10-05 22:21:38,063 - INFO - Disk Write Bytes         : 3538944.0000
2025-10-05 22:21:38,063 - INFO - ==================================================
2025-10-05 22:21:38,131 - INFO - Modelo salvo em: trained_models/squeezenet_final.pth
2025-10-05 22:21:38,137 - INFO - Pipeline de treinamento concluído. Modelo salvo em: trained_models/squeezenet_final.pth
2025-10-05 22:21:38,137 - INFO - Iniciando pipeline de inferência para avaliação final no conjunto de validação...
2025-10-05 22:21:38,171 - INFO - Iniciando inferência com o modelo SqueezeNet...
2025-10-05 22:21:42,683 - INFO - ==================================================
2025-10-05 22:21:42,683 - INFO - EXPERIMENT RESULTS
2025-10-05 22:21:42,683 - INFO - ==================================================
2025-10-05 22:21:42,683 - INFO - Elapsed Time Seconds     : 4.4924
2025-10-05 22:21:42,683 - INFO - Cpu Usage Percent        : 1.8094
2025-10-05 22:21:42,683 - INFO - Ram Peak Usage Bytes     : 1438654464.0000
2025-10-05 22:21:42,683 - INFO - Vram Peak Usage Bytes    : 197876736.0000
2025-10-05 22:21:42,683 - INFO - Gpu Power Watts          : 91.2600
2025-10-05 22:21:42,683 - INFO - Gpu Temp Celsius         : 42.0000
2025-10-05 22:21:42,683 - INFO - Gpu Utilization Percent  : 20.0000
2025-10-05 22:21:42,683 - INFO - Disk Read Bytes          : 0.0000
2025-10-05 22:21:42,683 - INFO - Disk Write Bytes         : 172032.0000
2025-10-05 22:21:42,683 - INFO - Accuracy                 : 0.0000
2025-10-05 22:21:42,683 - INFO - Precision                : 0.0000
2025-10-05 22:21:42,683 - INFO - Recall                   : 0.0000
2025-10-05 22:21:42,683 - INFO - F1 Score                 : 0.0000
2025-10-05 22:21:42,684 - INFO - ==================================================
2025-10-05 22:21:42,684 - INFO - Projeto executado com sucesso!
