2025-11-26 17:28:10,453 - INFO - ==================================================
2025-11-26 17:28:10,453 - INFO - EXPERIMENT CONFIGURATION
2025-11-26 17:28:10,453 - INFO - ==================================================
2025-11-26 17:28:10,453 - INFO - Model Name          : vgg16
2025-11-26 17:28:10,454 - INFO - Config File         : configs/vgg16_config.yaml
2025-11-26 17:28:10,454 - INFO - Train Data          : /scratch/ehdmenezes//tiny-imagenet-200/train
2025-11-26 17:28:10,454 - INFO - Validation Data     : /scratch/ehdmenezes//tiny-imagenet-200/val
2025-11-26 17:28:10,454 - INFO - model_params        : {'num_classes': 200}
2025-11-26 17:28:10,454 - INFO - train_params        : {'epochs': 100, 'batch_size': 128, 'learning_rate': 0.01}
2025-11-26 17:28:10,454 - INFO - inference_params    : {'batch_size': 128}
2025-11-26 17:28:10,454 - INFO - scheduler_params    : {'type': 'StepLR', 'step_size': 30, 'gamma': 0.1}
2025-11-26 17:28:10,454 - INFO - ==================================================
2025-11-26 17:28:10,504 - INFO - Semente aleatória para esta execução foi fixada em: 62
2025-11-26 17:28:10,504 - INFO - Configuração de treinamento: {'model_params': {'num_classes': 200}, 'train_params': {'epochs': 100, 'batch_size': 128, 'learning_rate': 0.01}, 'inference_params': {'batch_size': 128}, 'scheduler_params': {'type': 'StepLR', 'step_size': 30, 'gamma': 0.1}}
2025-11-26 17:28:12,369 - INFO - Usando otimizador SGD com momento e weight decay.
2025-11-26 17:28:12,379 - INFO - Usando StepLR scheduler com step_size=30 e gamma=0.1.
2025-11-26 17:28:12,379 - INFO - AMP (Automatic Mixed Precision) desativado.
2025-11-26 17:28:12,379 - INFO - Iniciando treinamento do modelo vgg16 no dispositivo cuda.
2025-11-26 17:32:30,753 - INFO - Época 1 concluída. Loss média: 5.2487
2025-11-26 17:32:30,753 - INFO - Taxa de aprendizado ajustada para: 0.010000
2025-11-26 17:32:30,754 - INFO - Iniciando inferência com o modelo VGG16...
2025-11-26 17:32:37,365 - INFO - ==================================================
2025-11-26 17:32:37,365 - INFO - EXPERIMENT RESULTS
2025-11-26 17:32:37,365 - INFO - ==================================================
2025-11-26 17:32:37,365 - INFO - Elapsed Time Seconds     : 6.5657
2025-11-26 17:32:37,365 - INFO - Cpu Usage Percent        : 8.0125
2025-11-26 17:32:37,365 - INFO - Ram Peak Usage Bytes     : 5978218496.0000
2025-11-26 17:32:37,365 - INFO - Disk Read Bytes          : 0.0000
2025-11-26 17:32:37,365 - INFO - Disk Write Bytes         : 3743744.0000
2025-11-26 17:32:37,365 - INFO - Vram Peak Usage Bytes    : 5292983940.0000
2025-11-26 17:32:37,365 - INFO - Gpu Power Watts Avg      : 260.8717
2025-11-26 17:32:37,365 - INFO - Gpu Power Watts Peak     : 330.1270
2025-11-26 17:32:37,365 - INFO - Gpu Temp Celsius Avg     : 45.8154
2025-11-26 17:32:37,365 - INFO - Gpu Temp Celsius Peak    : 50.0000
2025-11-26 17:32:37,365 - INFO - Gpu Utilization Percent Avg: 74.0923
2025-11-26 17:32:37,365 - INFO - Gpu Utilization Percent Peak: 100.0000
2025-11-26 17:32:37,365 - INFO - Gpu Mem Used Bytes Avg   : 22270367901.5385
2025-11-26 17:32:37,366 - INFO - Gpu Mem Used Bytes Peak  : 22271819776.0000
2025-11-26 17:32:37,366 - INFO - Gpu Vram Used Bytes      : 22271819776.0000
2025-11-26 17:32:37,366 - INFO - Accuracy                 : 0.0141
2025-11-26 17:32:37,366 - INFO - Precision                : 0.0018
2025-11-26 17:32:37,366 - INFO - Recall                   : 0.0141
2025-11-26 17:32:37,366 - INFO - F1 Score                 : 0.0022
2025-11-26 17:32:37,366 - INFO - ==================================================
2025-11-26 17:36:53,062 - INFO - Época 2 concluída. Loss média: 5.1948
2025-11-26 17:36:53,063 - INFO - Taxa de aprendizado ajustada para: 0.010000
2025-11-26 17:36:53,064 - INFO - Iniciando inferência com o modelo VGG16...
2025-11-26 17:36:59,587 - INFO - ==================================================
2025-11-26 17:36:59,587 - INFO - EXPERIMENT RESULTS
2025-11-26 17:36:59,587 - INFO - ==================================================
2025-11-26 17:36:59,587 - INFO - Elapsed Time Seconds     : 6.4767
2025-11-26 17:36:59,587 - INFO - Cpu Usage Percent        : 8.0375
2025-11-26 17:36:59,587 - INFO - Ram Peak Usage Bytes     : 6002044928.0000
2025-11-26 17:36:59,587 - INFO - Disk Read Bytes          : 0.0000
2025-11-26 17:36:59,587 - INFO - Disk Write Bytes         : 532480.0000
2025-11-26 17:36:59,587 - INFO - Vram Peak Usage Bytes    : 5292983940.0000
2025-11-26 17:36:59,587 - INFO - Gpu Power Watts Avg      : 265.6585
2025-11-26 17:36:59,587 - INFO - Gpu Power Watts Peak     : 334.2450
2025-11-26 17:36:59,587 - INFO - Gpu Temp Celsius Avg     : 48.6406
2025-11-26 17:36:59,587 - INFO - Gpu Temp Celsius Peak    : 53.0000
2025-11-26 17:36:59,587 - INFO - Gpu Utilization Percent Avg: 74.7656
2025-11-26 17:36:59,587 - INFO - Gpu Utilization Percent Peak: 100.0000
2025-11-26 17:36:59,587 - INFO - Gpu Mem Used Bytes Avg   : 22271819776.0000
2025-11-26 17:36:59,588 - INFO - Gpu Mem Used Bytes Peak  : 22271819776.0000
2025-11-26 17:36:59,588 - INFO - Gpu Vram Used Bytes      : 22271819776.0000
2025-11-26 17:36:59,588 - INFO - Accuracy                 : 0.0275
2025-11-26 17:36:59,588 - INFO - Precision                : 0.0071
2025-11-26 17:36:59,588 - INFO - Recall                   : 0.0275
2025-11-26 17:36:59,588 - INFO - F1 Score                 : 0.0068
2025-11-26 17:36:59,588 - INFO - ==================================================
2025-11-26 17:41:15,304 - INFO - Época 3 concluída. Loss média: 5.0256
2025-11-26 17:41:15,304 - INFO - Taxa de aprendizado ajustada para: 0.010000
2025-11-26 17:41:15,305 - INFO - Iniciando inferência com o modelo VGG16...
2025-11-26 17:41:21,933 - INFO - ==================================================
2025-11-26 17:41:21,933 - INFO - EXPERIMENT RESULTS
2025-11-26 17:41:21,933 - INFO - ==================================================
2025-11-26 17:41:21,933 - INFO - Elapsed Time Seconds     : 6.5813
2025-11-26 17:41:21,933 - INFO - Cpu Usage Percent        : 7.8750
2025-11-26 17:41:21,933 - INFO - Ram Peak Usage Bytes     : 6003392512.0000
2025-11-26 17:41:21,933 - INFO - Disk Read Bytes          : 0.0000
2025-11-26 17:41:21,933 - INFO - Disk Write Bytes         : 126976.0000
2025-11-26 17:41:21,933 - INFO - Vram Peak Usage Bytes    : 5292983940.0000
2025-11-26 17:41:21,933 - INFO - Gpu Power Watts Avg      : 261.2760
2025-11-26 17:41:21,933 - INFO - Gpu Power Watts Peak     : 333.9340
2025-11-26 17:41:21,934 - INFO - Gpu Temp Celsius Avg     : 49.3231
2025-11-26 17:41:21,934 - INFO - Gpu Temp Celsius Peak    : 53.0000
2025-11-26 17:41:21,934 - INFO - Gpu Utilization Percent Avg: 72.7692
2025-11-26 17:41:21,934 - INFO - Gpu Utilization Percent Peak: 100.0000
2025-11-26 17:41:21,934 - INFO - Gpu Mem Used Bytes Avg   : 22271819776.0000
2025-11-26 17:41:21,934 - INFO - Gpu Mem Used Bytes Peak  : 22271819776.0000
2025-11-26 17:41:21,934 - INFO - Gpu Vram Used Bytes      : 22271819776.0000
2025-11-26 17:41:21,934 - INFO - Accuracy                 : 0.0462
2025-11-26 17:41:21,934 - INFO - Precision                : 0.0284
2025-11-26 17:41:21,934 - INFO - Recall                   : 0.0462
2025-11-26 17:41:21,934 - INFO - F1 Score                 : 0.0228
2025-11-26 17:41:21,934 - INFO - ==================================================
2025-11-26 17:45:37,583 - INFO - Época 4 concluída. Loss média: 4.8648
2025-11-26 17:45:37,583 - INFO - Taxa de aprendizado ajustada para: 0.010000
2025-11-26 17:45:37,584 - INFO - Iniciando inferência com o modelo VGG16...
2025-11-26 17:45:44,324 - INFO - ==================================================
2025-11-26 17:45:44,324 - INFO - EXPERIMENT RESULTS
2025-11-26 17:45:44,324 - INFO - ==================================================
2025-11-26 17:45:44,324 - INFO - Elapsed Time Seconds     : 6.6926
2025-11-26 17:45:44,325 - INFO - Cpu Usage Percent        : 7.7438
2025-11-26 17:45:44,325 - INFO - Ram Peak Usage Bytes     : 6003576832.0000
2025-11-26 17:45:44,325 - INFO - Disk Read Bytes          : 0.0000
2025-11-26 17:45:44,325 - INFO - Disk Write Bytes         : 184320.0000
2025-11-26 17:45:44,325 - INFO - Vram Peak Usage Bytes    : 5292983940.0000
2025-11-26 17:45:44,325 - INFO - Gpu Power Watts Avg      : 258.5555
2025-11-26 17:45:44,325 - INFO - Gpu Power Watts Peak     : 332.9690
2025-11-26 17:45:44,325 - INFO - Gpu Temp Celsius Avg     : 49.5909
2025-11-26 17:45:44,325 - INFO - Gpu Temp Celsius Peak    : 54.0000
2025-11-26 17:45:44,325 - INFO - Gpu Utilization Percent Avg: 73.6212
2025-11-26 17:45:44,325 - INFO - Gpu Utilization Percent Peak: 100.0000
2025-11-26 17:45:44,325 - INFO - Gpu Mem Used Bytes Avg   : 22271819776.0000
2025-11-26 17:45:44,325 - INFO - Gpu Mem Used Bytes Peak  : 22271819776.0000
2025-11-26 17:45:44,325 - INFO - Gpu Vram Used Bytes      : 22271819776.0000
2025-11-26 17:45:44,325 - INFO - Accuracy                 : 0.0699
2025-11-26 17:45:44,325 - INFO - Precision                : 0.0531
2025-11-26 17:45:44,325 - INFO - Recall                   : 0.0699
2025-11-26 17:45:44,325 - INFO - F1 Score                 : 0.0433
2025-11-26 17:45:44,325 - INFO - ==================================================
2025-11-26 17:49:59,839 - INFO - Época 5 concluída. Loss média: 4.7518
2025-11-26 17:49:59,842 - INFO - Taxa de aprendizado ajustada para: 0.010000
2025-11-26 17:49:59,843 - INFO - Iniciando inferência com o modelo VGG16...
2025-11-26 17:50:06,792 - INFO - ==================================================
2025-11-26 17:50:06,792 - INFO - EXPERIMENT RESULTS
2025-11-26 17:50:06,792 - INFO - ==================================================
2025-11-26 17:50:06,792 - INFO - Elapsed Time Seconds     : 6.8991
2025-11-26 17:50:06,793 - INFO - Cpu Usage Percent        : 7.4938
2025-11-26 17:50:06,793 - INFO - Ram Peak Usage Bytes     : 6003822592.0000
2025-11-26 17:50:06,793 - INFO - Disk Read Bytes          : 0.0000
2025-11-26 17:50:06,793 - INFO - Disk Write Bytes         : 126976.0000
2025-11-26 17:50:06,793 - INFO - Vram Peak Usage Bytes    : 5292983940.0000
2025-11-26 17:50:06,793 - INFO - Gpu Power Watts Avg      : 260.4651
2025-11-26 17:50:06,793 - INFO - Gpu Power Watts Peak     : 332.7070
2025-11-26 17:50:06,793 - INFO - Gpu Temp Celsius Avg     : 49.8088
2025-11-26 17:50:06,793 - INFO - Gpu Temp Celsius Peak    : 54.0000
2025-11-26 17:50:06,793 - INFO - Gpu Utilization Percent Avg: 70.3971
2025-11-26 17:50:06,793 - INFO - Gpu Utilization Percent Peak: 100.0000
2025-11-26 17:50:06,793 - INFO - Gpu Mem Used Bytes Avg   : 22271819776.0000
2025-11-26 17:50:06,793 - INFO - Gpu Mem Used Bytes Peak  : 22271819776.0000
2025-11-26 17:50:06,793 - INFO - Gpu Vram Used Bytes      : 22271819776.0000
2025-11-26 17:50:06,793 - INFO - Accuracy                 : 0.0892
2025-11-26 17:50:06,793 - INFO - Precision                : 0.0675
2025-11-26 17:50:06,793 - INFO - Recall                   : 0.0892
2025-11-26 17:50:06,793 - INFO - F1 Score                 : 0.0564
2025-11-26 17:50:06,793 - INFO - ==================================================
2025-11-26 17:54:22,762 - INFO - Época 6 concluída. Loss média: 4.6465
2025-11-26 17:54:22,763 - INFO - Taxa de aprendizado ajustada para: 0.010000
2025-11-26 17:54:22,764 - INFO - Iniciando inferência com o modelo VGG16...
2025-11-26 17:54:29,289 - INFO - ==================================================
2025-11-26 17:54:29,289 - INFO - EXPERIMENT RESULTS
2025-11-26 17:54:29,289 - INFO - ==================================================
2025-11-26 17:54:29,289 - INFO - Elapsed Time Seconds     : 6.4765
2025-11-26 17:54:29,289 - INFO - Cpu Usage Percent        : 7.9813
2025-11-26 17:54:29,289 - INFO - Ram Peak Usage Bytes     : 6004031488.0000
2025-11-26 17:54:29,289 - INFO - Disk Read Bytes          : 0.0000
2025-11-26 17:54:29,289 - INFO - Disk Write Bytes         : 163840.0000
2025-11-26 17:54:29,290 - INFO - Vram Peak Usage Bytes    : 5292983940.0000
2025-11-26 17:54:29,290 - INFO - Gpu Power Watts Avg      : 260.0412
2025-11-26 17:54:29,290 - INFO - Gpu Power Watts Peak     : 332.5140
2025-11-26 17:54:29,290 - INFO - Gpu Temp Celsius Avg     : 50.0000
2025-11-26 17:54:29,290 - INFO - Gpu Temp Celsius Peak    : 54.0000
2025-11-26 17:54:29,290 - INFO - Gpu Utilization Percent Avg: 73.3750
2025-11-26 17:54:29,290 - INFO - Gpu Utilization Percent Peak: 100.0000
2025-11-26 17:54:29,290 - INFO - Gpu Mem Used Bytes Avg   : 22406037504.0000
2025-11-26 17:54:29,290 - INFO - Gpu Mem Used Bytes Peak  : 22406037504.0000
2025-11-26 17:54:29,290 - INFO - Gpu Vram Used Bytes      : 22406037504.0000
2025-11-26 17:54:29,290 - INFO - Accuracy                 : 0.1218
2025-11-26 17:54:29,290 - INFO - Precision                : 0.1097
2025-11-26 17:54:29,290 - INFO - Recall                   : 0.1218
2025-11-26 17:54:29,290 - INFO - F1 Score                 : 0.0885
2025-11-26 17:54:29,290 - INFO - ==================================================
