2025-10-04 09:18:51,965 - INFO - ==================================================
2025-10-04 09:18:51,965 - INFO - EXPERIMENT CONFIGURATION
2025-10-04 09:18:51,965 - INFO - ==================================================
2025-10-04 09:18:51,965 - INFO - Model Name          : vgg16
2025-10-04 09:18:51,965 - INFO - Config File         : configs/pcad_test_config.yaml
2025-10-04 09:18:51,965 - INFO - Train Data          : /scratch/ehdmenezes//tiny-imagenet-200/train
2025-10-04 09:18:51,966 - INFO - Validation Data     : /scratch/ehdmenezes//tiny-imagenet-200/val
2025-10-04 09:18:51,966 - INFO - model_params        : {'num_classes': 200}
2025-10-04 09:18:51,966 - INFO - train_params        : {'epochs': 1, 'batch_size': 8, 'learning_rate': 0.001}
2025-10-04 09:18:51,966 - INFO - inference_params    : {'batch_size': 16}
2025-10-04 09:18:51,966 - INFO - ==================================================
2025-10-04 09:18:51,979 - INFO - Semente aleatória para esta execução foi fixada em: 42
2025-10-04 09:18:52,757 - INFO - Iniciando treinamento do modelo vgg16 no dispositivo cpu.
2025-10-04 09:18:54,421 - ERROR - Ocorreu um erro fatal durante a execução do projeto: mat1 and mat2 shapes cannot be multiplied (8x25088 and 2048x4096)
Traceback (most recent call last):
  File "/home/users/ehdmenezes/CNNs-Performance-Analysis/src/main.py", line 64, in main
    trained_model_path = train_pipeline.run_training(
                         ^^^^^^^^^^^^^^^^^^^^^^^^^^^^
  File "/home/users/ehdmenezes/CNNs-Performance-Analysis/src/pipelines/train_pipeline.py", line 105, in run_training
    outputs = model(inputs)
              ^^^^^^^^^^^^^
  File "/scratch/ehdmenezes/venv_cnn_perf/lib/python3.11/site-packages/torch/nn/modules/module.py", line 1751, in _wrapped_call_impl
    return self._call_impl(*args, **kwargs)
           ^^^^^^^^^^^^^^^^^^^^^^^^^^^^^^^^
  File "/scratch/ehdmenezes/venv_cnn_perf/lib/python3.11/site-packages/torch/nn/modules/module.py", line 1762, in _call_impl
    return forward_call(*args, **kwargs)
           ^^^^^^^^^^^^^^^^^^^^^^^^^^^^^
  File "/home/users/ehdmenezes/CNNs-Performance-Analysis/src/models/vgg16.py", line 77, in forward
    x = self.classifier(x)
        ^^^^^^^^^^^^^^^^^^
  File "/scratch/ehdmenezes/venv_cnn_perf/lib/python3.11/site-packages/torch/nn/modules/module.py", line 1751, in _wrapped_call_impl
    return self._call_impl(*args, **kwargs)
           ^^^^^^^^^^^^^^^^^^^^^^^^^^^^^^^^
  File "/scratch/ehdmenezes/venv_cnn_perf/lib/python3.11/site-packages/torch/nn/modules/module.py", line 1762, in _call_impl
    return forward_call(*args, **kwargs)
           ^^^^^^^^^^^^^^^^^^^^^^^^^^^^^
  File "/scratch/ehdmenezes/venv_cnn_perf/lib/python3.11/site-packages/torch/nn/modules/container.py", line 240, in forward
    input = module(input)
            ^^^^^^^^^^^^^
  File "/scratch/ehdmenezes/venv_cnn_perf/lib/python3.11/site-packages/torch/nn/modules/module.py", line 1751, in _wrapped_call_impl
    return self._call_impl(*args, **kwargs)
           ^^^^^^^^^^^^^^^^^^^^^^^^^^^^^^^^
  File "/scratch/ehdmenezes/venv_cnn_perf/lib/python3.11/site-packages/torch/nn/modules/module.py", line 1762, in _call_impl
    return forward_call(*args, **kwargs)
           ^^^^^^^^^^^^^^^^^^^^^^^^^^^^^
  File "/scratch/ehdmenezes/venv_cnn_perf/lib/python3.11/site-packages/torch/nn/modules/linear.py", line 125, in forward
    return F.linear(input, self.weight, self.bias)
           ^^^^^^^^^^^^^^^^^^^^^^^^^^^^^^^^^^^^^^^
RuntimeError: mat1 and mat2 shapes cannot be multiplied (8x25088 and 2048x4096)
